Modules list:
-------------
ext-hello.c.14600.0.o:
    CODE              Offs=000000  Size=0000BD  Align=00001  Fill=0000
    RODATA            Offs=000000  Size=000072  Align=00001  Fill=0000
crt0_cmd.s.14600.1.o:
    STARTUP           Offs=000000  Size=00001B  Align=00001  Fill=0000
write_stub.c.14600.2.o:
    CODE              Offs=0000BD  Size=00004C  Align=00001  Fill=0000
initmainargs.s.14600.3.o:
    STARTUP           Offs=00001B  Size=000001  Align=00001  Fill=0000
C:\@prg\cc65\lib/rp6502.lib(_file.o):
    DATA              Offs=000000  Size=00001E  Align=00001  Fill=0000
C:\@prg\cc65\lib/rp6502.lib(_hextab.o):
    RODATA            Offs=000072  Size=000010  Align=00001  Fill=0000
C:\@prg\cc65\lib/rp6502.lib(_longminstr.o):
    RODATA            Offs=000082  Size=00000C  Align=00001  Fill=0000
C:\@prg\cc65\lib/rp6502.lib(_printf.o):
    CODE              Offs=000109  Size=0003A1  Align=00001  Fill=0000
    BSS               Offs=000000  Size=00002B  Align=00001  Fill=0000
    DATA              Offs=00001E  Size=000003  Align=00001  Fill=0000
C:\@prg\cc65\lib/rp6502.lib(_seterrno.o):
    CODE              Offs=0004AA  Size=000009  Align=00001  Fill=0000
C:\@prg\cc65\lib/rp6502.lib(addeqsp.o):
    CODE              Offs=0004B3  Size=000011  Align=00001  Fill=0000
C:\@prg\cc65\lib/rp6502.lib(addysp.o):
    CODE              Offs=0004C4  Size=00000E  Align=00001  Fill=0000
C:\@prg\cc65\lib/rp6502.lib(axlong.o):
    CODE              Offs=0004D2  Size=00000D  Align=00001  Fill=0000
C:\@prg\cc65\lib/rp6502.lib(condes.o):
    CODE              Offs=0004DF  Size=00000C  Align=00001  Fill=0000
    DATA              Offs=000021  Size=000025  Align=00001  Fill=0000
    ONCE              Offs=000000  Size=00000C  Align=00001  Fill=0000
C:\@prg\cc65\lib/rp6502.lib(ctype.o):
    RODATA            Offs=00008E  Size=00008B  Align=00001  Fill=0000
C:\@prg\cc65\lib/rp6502.lib(ctypemask.o):
    CODE              Offs=0004EB  Size=00001E  Align=00001  Fill=0000
C:\@prg\cc65\lib/rp6502.lib(decsp2.o):
    CODE              Offs=000509  Size=00000D  Align=00001  Fill=0000
C:\@prg\cc65\lib/rp6502.lib(decsp4.o):
    CODE              Offs=000516  Size=00000D  Align=00001  Fill=0000
C:\@prg\cc65\lib/rp6502.lib(decsp6.o):
    CODE              Offs=000523  Size=00000D  Align=00001  Fill=0000
C:\@prg\cc65\lib/rp6502.lib(errno.o):
    CODE              Offs=000530  Size=00000A  Align=00001  Fill=0000
C:\@prg\cc65\lib/rp6502.lib(fwrite.o):
    CODE              Offs=00053A  Size=000077  Align=00001  Fill=0000
    BSS               Offs=00002B  Size=000002  Align=00001  Fill=0000
C:\@prg\cc65\lib/rp6502.lib(incsp2.o):
    CODE              Offs=0005B1  Size=000015  Align=00001  Fill=0000
C:\@prg\cc65\lib/rp6502.lib(incsp6.o):
    CODE              Offs=0005C6  Size=000005  Align=00001  Fill=0000
C:\@prg\cc65\lib/rp6502.lib(ldaxsp.o):
    CODE              Offs=0005CB  Size=000009  Align=00001  Fill=0000
C:\@prg\cc65\lib/rp6502.lib(lneg.o):
    CODE              Offs=0005D4  Size=00001E  Align=00001  Fill=0000
C:\@prg\cc65\lib/rp6502.lib(lpush.o):
    CODE              Offs=0005F2  Size=00001E  Align=00001  Fill=0000
C:\@prg\cc65\lib/rp6502.lib(ltoa.o):
    CODE              Offs=000610  Size=000093  Align=00001  Fill=0000
C:\@prg\cc65\lib/rp6502.lib(mul.o):
    CODE              Offs=0006A3  Size=000045  Align=00001  Fill=0000
C:\@prg\cc65\lib/rp6502.lib(mul8.o):
    CODE              Offs=0006E8  Size=00003A  Align=00001  Fill=0000
C:\@prg\cc65\lib/rp6502.lib(popptr1.o):
    CODE              Offs=000722  Size=00000E  Align=00001  Fill=0000
C:\@prg\cc65\lib/rp6502.lib(printf.o):
    CODE              Offs=000730  Size=000033  Align=00001  Fill=0000
    BSS               Offs=00002D  Size=000001  Align=00001  Fill=0000
C:\@prg\cc65\lib/rp6502.lib(push1.o):
    CODE              Offs=000763  Size=000005  Align=00001  Fill=0000
C:\@prg\cc65\lib/rp6502.lib(pushax.o):
    CODE              Offs=000768  Size=00001A  Align=00001  Fill=0000
C:\@prg\cc65\lib/rp6502.lib(pushwsp.o):
    CODE              Offs=000782  Size=00001C  Align=00001  Fill=0000
C:\@prg\cc65\lib/rp6502.lib(ria.o):
    CODE              Offs=00079E  Size=00004E  Align=00001  Fill=0000
C:\@prg\cc65\lib/rp6502.lib(strlen.o):
    CODE              Offs=0007EC  Size=000016  Align=00001  Fill=0000
C:\@prg\cc65\lib/rp6502.lib(strlower.o):
    CODE              Offs=000802  Size=000027  Align=00001  Fill=0000
C:\@prg\cc65\lib/rp6502.lib(subeqsp.o):
    CODE              Offs=000829  Size=000015  Align=00001  Fill=0000
C:\@prg\cc65\lib/rp6502.lib(udiv.o):
    CODE              Offs=00083E  Size=00004F  Align=00001  Fill=0000
C:\@prg\cc65\lib/rp6502.lib(vfprintf.o):
    CODE              Offs=00088D  Size=000060  Align=00001  Fill=0000
    DATA              Offs=000046  Size=000008  Align=00001  Fill=0000
C:\@prg\cc65\lib/rp6502.lib(zeropage.o):
    ZEROPAGE          Offs=000000  Size=00001A  Align=00001  Fill=0000


Segment list:
-------------
Name                   Start     End    Size  Align
----------------------------------------------------
ZEROPAGE              000000  000019  00001A  00001
STARTUP               009A00  009A1B  00001C  00001
ONCE                  009A1C  009A29  00000E  00001
CODE                  009A2A  00A316  0008ED  00001
RODATA                00A317  00A42F  000119  00001
DATA                  00A430  00A47D  00004E  00001
BSS                   00A47E  00A4AB  00002E  00001


Exports list by name:
---------------------
__CONSTRUCTOR_COUNT__     000001 REA    __CONSTRUCTOR_TABLE__     009A28 RLA    
__DESTRUCTOR_COUNT__      000000 REA    __DESTRUCTOR_TABLE__      00A430 RLA    
__STACKSIZE__             000400 REA    __STARTADDR__             009A00 REA    
__STARTUP__               009A00 RLA    ___errno                  00FFED RLA    
___seterrno               009ED4 RLA    __ctype                   00A3A5 RLA    
__ctypeidx                00A3B0 RLA    __hextab                  00A389 RLA    
__longminstr              00A399 RLA    __printf                  009C24 RLA    
_errno_opt_constructor    009F5A  LAI   _fwrite                   009F64 RLA    
_ltoa                     00A052 RLA    _main                     009A2A RLA    
_printf                   00A15A RLA    _ria_call_int             00A1FF RLA    
_stdout                   00A44A RLA    _strlen                   00A216 RLA    
_strlower                 00A22C RLA    _ultoa                    00A091 RLA    
_vfprintf                 00A2EE RLA    _write                    009AE7 RLA    
addeq0sp                  009EDD RLA    addeqysp                  009EDF RLA    
addysp                    009EEF RLA    axlong                    009EFC RLA    
axulong                   009F02 RLA    c_sp                      000000 RLZ    
ctypemaskdirect           009F19 RLA    decsp2                    009F33 RLA    
decsp4                    009F40 RLA    decsp6                    009F4D RLA    
donelib                   009F09 RLA    incsp2                    009FE2 RLA    
incsp6                    009FF0 RLA    initlib                   009A1C RLA    
initmainargs              009A1B REA    ldaxysp                   009FF7 RLA    
mul8x16                   00A114 RLA    mul8x16a                  00A11E RLA    
negeax                    009FFE RLA    popax                     009FDB RLA    
popptr1                   00A14C RLA    ptr1                      000008 RLZ    
ptr2                      00000A RLZ    ptr3                      00000C RLZ    
ptr4                      00000E RLZ    push1                     00A18D RLA    
pusha0                    00A194 RLA    pushax                    00A196 RLA    
pusheax                   00A023 RLA    pushwysp                  00A1AE RLA    
regbank                   000014 RLZ    sreg                      000002 RLZ    
subeq0sp                  00A253 RLA    tmp1                      000010 RLZ    
tosudivax                 00A26A RLA    tosumulax                 00A0CD RLA    



Exports list by value:
----------------------
c_sp                      000000 RLZ    __DESTRUCTOR_COUNT__      000000 REA    
__CONSTRUCTOR_COUNT__     000001 REA    sreg                      000002 RLZ    
ptr1                      000008 RLZ    ptr2                      00000A RLZ    
ptr3                      00000C RLZ    ptr4                      00000E RLZ    
tmp1                      000010 RLZ    regbank                   000014 RLZ    
__STACKSIZE__             000400 REA    __STARTADDR__             009A00 REA    
__STARTUP__               009A00 RLA    initmainargs              009A1B REA    
initlib                   009A1C RLA    __CONSTRUCTOR_TABLE__     009A28 RLA    
_main                     009A2A RLA    _write                    009AE7 RLA    
__printf                  009C24 RLA    ___seterrno               009ED4 RLA    
addeq0sp                  009EDD RLA    addeqysp                  009EDF RLA    
addysp                    009EEF RLA    axlong                    009EFC RLA    
axulong                   009F02 RLA    donelib                   009F09 RLA    
ctypemaskdirect           009F19 RLA    decsp2                    009F33 RLA    
decsp4                    009F40 RLA    decsp6                    009F4D RLA    
_errno_opt_constructor    009F5A  LAI   _fwrite                   009F64 RLA    
popax                     009FDB RLA    incsp2                    009FE2 RLA    
incsp6                    009FF0 RLA    ldaxysp                   009FF7 RLA    
negeax                    009FFE RLA    pusheax                   00A023 RLA    
_ltoa                     00A052 RLA    _ultoa                    00A091 RLA    
tosumulax                 00A0CD RLA    mul8x16                   00A114 RLA    
mul8x16a                  00A11E RLA    popptr1                   00A14C RLA    
_printf                   00A15A RLA    push1                     00A18D RLA    
pusha0                    00A194 RLA    pushax                    00A196 RLA    
pushwysp                  00A1AE RLA    _ria_call_int             00A1FF RLA    
_strlen                   00A216 RLA    _strlower                 00A22C RLA    
subeq0sp                  00A253 RLA    tosudivax                 00A26A RLA    
_vfprintf                 00A2EE RLA    __hextab                  00A389 RLA    
__longminstr              00A399 RLA    __ctype                   00A3A5 RLA    
__ctypeidx                00A3B0 RLA    __DESTRUCTOR_TABLE__      00A430 RLA    
_stdout                   00A44A RLA    ___errno                  00FFED RLA    



Imports list:
-------------
__CONSTRUCTOR_COUNT__ ([linker generated]):
    condes.o                  runtime/condes.s:18
__CONSTRUCTOR_TABLE__ ([linker generated]):
    condes.o                  runtime/condes.s:18
__DESTRUCTOR_COUNT__ ([linker generated]):
    condes.o                  runtime/condes.s:19
__DESTRUCTOR_TABLE__ ([linker generated]):
    condes.o                  runtime/condes.s:19
__STACKSIZE__ ([linker generated]):
    [linker generated]        ../ext0x9A00.cfg:9
__STARTADDR__ ([linker generated]):
    [linker generated]        ../ext0x9A00.cfg:9
    [linker generated]        ../ext0x9A00.cfg:9
__STARTUP__ (crt0_cmd.s.14600.1.o):
    ext-hello.c.14600.0.o     ext-hello.c.14600.0.s:13
    [linker generated]        ../ext0x9A00.cfg:2
___errno (errno.o):
    _seterrno.o               /home/wojciech/git/WojciechGw/cc65/asminc/errno.inc:7
___seterrno (_seterrno.o):
    fwrite.o                  /home/wojciech/git/WojciechGw/cc65/asminc/errno.inc:9
__ctype (ctype.o):
    ctypemask.o               common/ctypemask.s:23
__ctypeidx (ctype.o):
    ctypemask.o               common/ctypemask.s:24
__hextab (_hextab.o):
    ltoa.o                    common/ltoa.s:10
__longminstr (_longminstr.o):
    ltoa.o                    common/ltoa.s:10
__printf (_printf.o):
    vfprintf.o                common/vfprintf.s:10
_fwrite (fwrite.o):
    vfprintf.o                common/vfprintf.s:10
_ltoa (ltoa.o):
    _printf.o                 common/_printf.s:12
_main (ext-hello.c.14600.0.o):
    crt0_cmd.s.14600.1.o      crt0_cmd.s:2
_printf (printf.o):
    ext-hello.c.14600.0.o     ext-hello.c.14600.0.s:15
_ria_call_int (ria.o):
    errno.o                   rp6502/errno.s:12
_stdout (_file.o):
    printf.o                  common/printf.s:8
_strlen (strlen.o):
    _printf.o                 common/_printf.s:13
_strlower (strlower.o):
    _printf.o                 common/_printf.s:13
_ultoa (ltoa.o):
    _printf.o                 common/_printf.s:12
_vfprintf (vfprintf.o):
    printf.o                  common/printf.s:8
_write (write_stub.c.14600.2.o):
    fwrite.o                  common/fwrite.s:10
addeq0sp (addeqsp.o):
    ext-hello.c.14600.0.o     ext-hello.c.14600.0.s:145
addeqysp (addeqsp.o):
    write_stub.c.14600.2.o    write_stub.c.14600.2.s:64
addysp (addysp.o):
    incsp6.o                  runtime/incsp6.s:8
    fwrite.o                  common/fwrite.s:11
    printf.o                  common/printf.s:8
    write_stub.c.14600.2.o    write_stub.c.14600.2.s:64
axlong (axlong.o):
    _printf.o                 common/_printf.s:11
axulong (axlong.o):
    _printf.o                 common/_printf.s:11
c_sp (zeropage.o):
    decsp4.o                  runtime/decsp4.s:8
    popptr1.o                 runtime/popptr1.s:9
    lpush.o                   runtime/lpush.s:13
    ldaxsp.o                  runtime/ldaxsp.s:8
    incsp2.o                  runtime/incsp2.s:8
    decsp6.o                  runtime/decsp6.s:8
    _printf.o                 /home/wojciech/git/WojciechGw/cc65/asminc/zeropage.inc:11
    vfprintf.o                common/vfprintf.s:11
    subeqsp.o                 runtime/subeqsp.s:8
    pushwsp.o                 runtime/pushwsp.s:8
    pushax.o                  runtime/pushax.s:8
    printf.o                  common/printf.s:9
    decsp2.o                  runtime/decsp2.s:8
    addysp.o                  runtime/addysp.s:8
    addeqsp.o                 runtime/addeqsp.s:8
    write_stub.c.14600.2.o    write_stub.c.14600.2.s:10
    ext-hello.c.14600.0.o     ext-hello.c.14600.0.s:10
ctypemaskdirect (ctypemask.o):
    strlower.o                common/strlower.s:14
decsp2 (decsp2.o):
    ext-hello.c.14600.0.o     ext-hello.c.14600.0.s:145
decsp4 (decsp4.o):
    lpush.o                   runtime/lpush.s:12
decsp6 (decsp6.o):
    _printf.o                 common/_printf.s:11
donelib (condes.o):
    crt0_cmd.s.14600.1.o      crt0_cmd.s:2
incsp2 (incsp2.o):
    popptr1.o                 runtime/popptr1.s:8
incsp6 (incsp6.o):
    fwrite.o                  common/fwrite.s:11
    vfprintf.o                common/vfprintf.s:9
initlib (condes.o):
    crt0_cmd.s.14600.1.o      crt0_cmd.s:2
initmainargs (initmainargs.s.14600.3.o):
    ext-hello.c.14600.0.o     ext-hello.c.14600.0.s:14
ldaxysp (ldaxsp.o):
    fwrite.o                  common/fwrite.s:11
mul8x16 (mul8.o):
    mul.o                     runtime/mul.s:8
mul8x16a (mul8.o):
    mul.o                     runtime/mul.s:8
negeax (lneg.o):
    ltoa.o                    common/ltoa.s:9
popax (incsp2.o):
    ltoa.o                    common/ltoa.s:9
    _printf.o                 common/_printf.s:11
popptr1 (popptr1.o):
    udiv.o                    runtime/udiv.s:9
    mul8.o                    runtime/mul8.s:9
    mul.o                     runtime/mul.s:9
    ltoa.o                    common/ltoa.s:9
ptr1 (zeropage.o):
    udiv.o                    runtime/udiv.s:10
    strlower.o                common/strlower.s:13
    popptr1.o                 runtime/popptr1.s:9
    mul8.o                    runtime/mul8.s:10
    mul.o                     runtime/mul.s:10
    ltoa.o                    common/ltoa.s:11
    fwrite.o                  common/fwrite.s:14
    _printf.o                 /home/wojciech/git/WojciechGw/cc65/asminc/zeropage.inc:12
    vfprintf.o                common/vfprintf.s:11
    printf.o                  common/printf.s:9
    write_stub.c.14600.2.o    write_stub.c.14600.2.s:11
    ext-hello.c.14600.0.o     ext-hello.c.14600.0.s:11
ptr2 (zeropage.o):
    strlower.o                common/strlower.s:13
    ltoa.o                    common/ltoa.s:11
    _printf.o                 /home/wojciech/git/WojciechGw/cc65/asminc/zeropage.inc:12
ptr3 (zeropage.o):
    ltoa.o                    common/ltoa.s:11
ptr4 (zeropage.o):
    udiv.o                    runtime/udiv.s:10
    strlen.o                  common/strlen.s:12
    mul8.o                    runtime/mul8.s:10
    mul.o                     runtime/mul.s:10
push1 (push1.o):
    _printf.o                 common/_printf.s:11
    vfprintf.o                common/vfprintf.s:9
pusha0 (pushax.o):
    push1.o                   runtime/push1.s:8
    fwrite.o                  common/fwrite.s:11
pushax (pushax.o):
    fwrite.o                  common/fwrite.s:11
    _printf.o                 common/_printf.s:11
    printf.o                  common/printf.s:8
    write_stub.c.14600.2.o    write_stub.c.14600.2.s:64
    ext-hello.c.14600.0.o     ext-hello.c.14600.0.s:145
pusheax (lpush.o):
    _printf.o                 common/_printf.s:11
pushwysp (pushwsp.o):
    fwrite.o                  common/fwrite.s:11
    vfprintf.o                common/vfprintf.s:9
    write_stub.c.14600.2.o    write_stub.c.14600.2.s:64
    ext-hello.c.14600.0.o     ext-hello.c.14600.0.s:145
regbank (zeropage.o):
    _printf.o                 /home/wojciech/git/WojciechGw/cc65/asminc/zeropage.inc:14
sreg (zeropage.o):
    ria.o                     rp6502/ria.s:13
    lneg.o                    runtime/lneg.s:11
    udiv.o                    runtime/udiv.s:10
    ltoa.o                    common/ltoa.s:11
    lpush.o                   runtime/lpush.s:13
    axlong.o                  runtime/axlong.s:9
    _printf.o                 /home/wojciech/git/WojciechGw/cc65/asminc/zeropage.inc:11
subeq0sp (subeqsp.o):
    write_stub.c.14600.2.o    write_stub.c.14600.2.s:64
tmp1 (zeropage.o):
    mul.o                     runtime/mul.s:10
    ltoa.o                    common/ltoa.s:11
    _printf.o                 /home/wojciech/git/WojciechGw/cc65/asminc/zeropage.inc:13
    ext-hello.c.14600.0.o     ext-hello.c.14600.0.s:11
tosudivax (udiv.o):
    fwrite.o                  common/fwrite.s:12
tosumulax (mul.o):
    fwrite.o                  common/fwrite.s:12

