Modules list:
-------------
ext-rx.c.30836.0.o:
    CODE              Offs=000000  Size=000267  Align=00001  Fill=0000
    RODATA            Offs=000000  Size=000167  Align=00001  Fill=0000
    BSS               Offs=000000  Size=000100  Align=00001  Fill=0000
    DATA              Offs=000000  Size=000008  Align=00001  Fill=0000
crt0_cmd.s.30836.1.o:
    STARTUP           Offs=000000  Size=00001B  Align=00001  Fill=0000
write_stub.c.30836.2.o:
    CODE              Offs=000267  Size=00004C  Align=00001  Fill=0000
initmainargs.s.30836.3.o:
    STARTUP           Offs=00001B  Size=000001  Align=00001  Fill=0000
C:\@prg\cc65\lib/rp6502.lib(_file.o):
    DATA              Offs=000008  Size=00001E  Align=00001  Fill=0000
C:\@prg\cc65\lib/rp6502.lib(_hextab.o):
    RODATA            Offs=000167  Size=000010  Align=00001  Fill=0000
C:\@prg\cc65\lib/rp6502.lib(_longminstr.o):
    RODATA            Offs=000177  Size=00000C  Align=00001  Fill=0000
C:\@prg\cc65\lib/rp6502.lib(_printf.o):
    CODE              Offs=0002B3  Size=0003A1  Align=00001  Fill=0000
    BSS               Offs=000100  Size=00002B  Align=00001  Fill=0000
    DATA              Offs=000026  Size=000003  Align=00001  Fill=0000
C:\@prg\cc65\lib/rp6502.lib(_seterrno.o):
    CODE              Offs=000654  Size=000009  Align=00001  Fill=0000
C:\@prg\cc65\lib/rp6502.lib(addeqsp.o):
    CODE              Offs=00065D  Size=000011  Align=00001  Fill=0000
C:\@prg\cc65\lib/rp6502.lib(addysp.o):
    CODE              Offs=00066E  Size=00000E  Align=00001  Fill=0000
C:\@prg\cc65\lib/rp6502.lib(axlong.o):
    CODE              Offs=00067C  Size=00000D  Align=00001  Fill=0000
C:\@prg\cc65\lib/rp6502.lib(clock.o):
    CODE              Offs=000689  Size=000005  Align=00001  Fill=0000
C:\@prg\cc65\lib/rp6502.lib(condes.o):
    CODE              Offs=00068E  Size=00000C  Align=00001  Fill=0000
    DATA              Offs=000029  Size=000025  Align=00001  Fill=0000
    ONCE              Offs=000000  Size=00000C  Align=00001  Fill=0000
C:\@prg\cc65\lib/rp6502.lib(copydata.o):
    CODE              Offs=00069A  Size=00002D  Align=00001  Fill=0000
C:\@prg\cc65\lib/rp6502.lib(crt0.o):
    STARTUP           Offs=00001C  Size=00002B  Align=00001  Fill=0000
C:\@prg\cc65\lib/rp6502.lib(ctype.o):
    RODATA            Offs=000183  Size=00008B  Align=00001  Fill=0000
C:\@prg\cc65\lib/rp6502.lib(ctypemask.o):
    CODE              Offs=0006C7  Size=00001E  Align=00001  Fill=0000
C:\@prg\cc65\lib/rp6502.lib(decsp1.o):
    CODE              Offs=0006E5  Size=000009  Align=00001  Fill=0000
C:\@prg\cc65\lib/rp6502.lib(decsp4.o):
    CODE              Offs=0006EE  Size=00000D  Align=00001  Fill=0000
C:\@prg\cc65\lib/rp6502.lib(decsp6.o):
    CODE              Offs=0006FB  Size=00000D  Align=00001  Fill=0000
C:\@prg\cc65\lib/rp6502.lib(errno.o):
    CODE              Offs=000708  Size=00000A  Align=00001  Fill=0000
C:\@prg\cc65\lib/rp6502.lib(fwrite.o):
    CODE              Offs=000712  Size=000077  Align=00001  Fill=0000
    BSS               Offs=00012B  Size=000002  Align=00001  Fill=0000
C:\@prg\cc65\lib/rp6502.lib(incsp1.o):
    CODE              Offs=000789  Size=000007  Align=00001  Fill=0000
C:\@prg\cc65\lib/rp6502.lib(incsp2.o):
    CODE              Offs=000790  Size=000015  Align=00001  Fill=0000
C:\@prg\cc65\lib/rp6502.lib(incsp4.o):
    CODE              Offs=0007A5  Size=000005  Align=00001  Fill=0000
C:\@prg\cc65\lib/rp6502.lib(incsp6.o):
    CODE              Offs=0007AA  Size=000005  Align=00001  Fill=0000
C:\@prg\cc65\lib/rp6502.lib(lcmp.o):
    CODE              Offs=0007AF  Size=00003B  Align=00001  Fill=0000
C:\@prg\cc65\lib/rp6502.lib(ldaxsp.o):
    CODE              Offs=0007EA  Size=000009  Align=00001  Fill=0000
C:\@prg\cc65\lib/rp6502.lib(ldeaxysp.o):
    CODE              Offs=0007F3  Size=000013  Align=00001  Fill=0000
C:\@prg\cc65\lib/rp6502.lib(lneg.o):
    CODE              Offs=000806  Size=00001E  Align=00001  Fill=0000
C:\@prg\cc65\lib/rp6502.lib(lpush.o):
    CODE              Offs=000824  Size=00001E  Align=00001  Fill=0000
C:\@prg\cc65\lib/rp6502.lib(lsub.o):
    CODE              Offs=000842  Size=000024  Align=00001  Fill=0000
C:\@prg\cc65\lib/rp6502.lib(ltoa.o):
    CODE              Offs=000866  Size=000093  Align=00001  Fill=0000
C:\@prg\cc65\lib/rp6502.lib(luge.o):
    CODE              Offs=0008F9  Size=000006  Align=00001  Fill=0000
C:\@prg\cc65\lib/rp6502.lib(makebool.o):
    CODE              Offs=0008FF  Size=00002C  Align=00001  Fill=0000
C:\@prg\cc65\lib/rp6502.lib(mul.o):
    CODE              Offs=00092B  Size=000045  Align=00001  Fill=0000
C:\@prg\cc65\lib/rp6502.lib(mul8.o):
    CODE              Offs=000970  Size=00003A  Align=00001  Fill=0000
C:\@prg\cc65\lib/rp6502.lib(popptr1.o):
    CODE              Offs=0009AA  Size=00000E  Align=00001  Fill=0000
C:\@prg\cc65\lib/rp6502.lib(printf.o):
    CODE              Offs=0009B8  Size=000033  Align=00001  Fill=0000
    BSS               Offs=00012D  Size=000001  Align=00001  Fill=0000
C:\@prg\cc65\lib/rp6502.lib(push1.o):
    CODE              Offs=0009EB  Size=000005  Align=00001  Fill=0000
C:\@prg\cc65\lib/rp6502.lib(pusha.o):
    CODE              Offs=0009F0  Size=000016  Align=00001  Fill=0000
C:\@prg\cc65\lib/rp6502.lib(pushax.o):
    CODE              Offs=000A06  Size=00001A  Align=00001  Fill=0000
C:\@prg\cc65\lib/rp6502.lib(pushwsp.o):
    CODE              Offs=000A20  Size=00001C  Align=00001  Fill=0000
C:\@prg\cc65\lib/rp6502.lib(ria.o):
    CODE              Offs=000A3C  Size=00004E  Align=00001  Fill=0000
C:\@prg\cc65\lib/rp6502.lib(staspidx.o):
    CODE              Offs=000A8A  Size=000016  Align=00001  Fill=0000
C:\@prg\cc65\lib/rp6502.lib(staxsp.o):
    CODE              Offs=000AA0  Size=00000B  Align=00001  Fill=0000
C:\@prg\cc65\lib/rp6502.lib(steaxsp.o):
    CODE              Offs=000AAB  Size=000015  Align=00001  Fill=0000
C:\@prg\cc65\lib/rp6502.lib(strlen.o):
    CODE              Offs=000AC0  Size=000016  Align=00001  Fill=0000
C:\@prg\cc65\lib/rp6502.lib(strlower.o):
    CODE              Offs=000AD6  Size=000027  Align=00001  Fill=0000
C:\@prg\cc65\lib/rp6502.lib(subeqsp.o):
    CODE              Offs=000AFD  Size=000015  Align=00001  Fill=0000
C:\@prg\cc65\lib/rp6502.lib(udiv.o):
    CODE              Offs=000B12  Size=00004F  Align=00001  Fill=0000
C:\@prg\cc65\lib/rp6502.lib(umod.o):
    CODE              Offs=000B61  Size=000011  Align=00001  Fill=0000
C:\@prg\cc65\lib/rp6502.lib(vfprintf.o):
    CODE              Offs=000B72  Size=000060  Align=00001  Fill=0000
    DATA              Offs=00004E  Size=000008  Align=00001  Fill=0000
C:\@prg\cc65\lib/rp6502.lib(zerobss.o):
    CODE              Offs=000BD2  Size=000023  Align=00001  Fill=0000
C:\@prg\cc65\lib/rp6502.lib(zeropage.o):
    ZEROPAGE          Offs=000000  Size=00001A  Align=00001  Fill=0000


Segment list:
-------------
Name                   Start     End    Size  Align
----------------------------------------------------
ZEROPAGE              000000  000019  00001A  00001
STARTUP               009000  009046  000047  00001
ONCE                  009047  009054  00000E  00001
CODE                  009055  009C49  000BF5  00001
RODATA                009C4A  009E57  00020E  00001
DATA                  009E58  009EAD  000056  00001
BSS                   009EAE  009FDB  00012E  00001


Exports list by name:
---------------------
__BSS_RUN__               009EAE RLA    __BSS_SIZE__              00012E REA    
__CONSTRUCTOR_COUNT__     000001 REA    __CONSTRUCTOR_TABLE__     009053 RLA    
__DATA_LOAD__             009E58 RLA    __DATA_RUN__              009E58 RLA    
__DATA_SIZE__             000056 REA    __DESTRUCTOR_COUNT__      000000 REA    
__DESTRUCTOR_TABLE__      009E58 RLA    __RAM_SIZE__              006B00 REA    
__RAM_START__             009000 RLA    __STACKSIZE__             000200 REA    
__STARTADDR__             009000 REA    __STARTUP__               000001 REA    
___errno                  00FFED RLA    ___seterrno               0096A9 RLA    
__ctype                   009DCD RLA    __ctypeidx                009DD8 RLA    
__hextab                  009DB1 RLA    __longminstr              009DC1 RLA    
__printf                  0093F9 RLA    _clock                    0096DE RLA    
_errno_opt_constructor    00975D  LAI   _fwrite                   009767 RLA    
_ltoa                     0098D3 RLA    _main                     009192 RLA    
_printf                   009A0D RLA    _ria_call_int             009AC8 RLA    
_ria_call_long            009ACE RLA    _stdout                   009E7A RLA    
_strlen                   009B15 RLA    _strlower                 009B2B RLA    
_ultoa                    009912 RLA    _vfprintf                 009BFE RLA    
_write                    0092BC RLA    addeq0sp                  0096B2 RLA    
addeqysp                  0096B4 RLA    addysp                    0096C4 RLA    
addysp1                   0096C3 RLA    axlong                    0096D1 RLA    
axulong                   0096D7 RLA    booluge                   00997B RLA    
c_sp                      000000 RLZ    copydata                  0096EF RLA    
ctypemaskdirect           009720 RLA    decsp1                    00973A RLA    
decsp4                    009743 RLA    decsp6                    009750 RLA    
donelib                   0096E3 RLA    incsp1                    0097DE RLA    
incsp2                    0097EC RLA    incsp4                    0097FA RLA    
incsp6                    0097FF RLA    initlib                   009047 RLA    
ldaxysp                   009841 RLA    ldeaxysp                  00984A RLA    
mul8x16                   0099C7 RLA    mul8x16a                  0099D1 RLA    
negeax                    00985B RLA    popax                     0097E5 RLA    
popptr1                   0099FF RLA    ptr1                      000008 RLZ    
ptr2                      00000A RLZ    ptr3                      00000C RLZ    
ptr4                      00000E RLZ    push0                     009A5B RLA    
push0ax                   00987C RLA    push1                     009A40 RLA    
pusha                     009A49 RLA    pusha0                    009A5D RLA    
pushax                    009A5F RLA    pusheax                   009880 RLA    
pushwysp                  009A77 RLA    regbank                   000014 RLZ    
sreg                      000002 RLZ    staspidx                  009ADF RLA    
stax0sp                   009AF5 RLA    staxysp                   009AF7 RLA    
steaxysp                  009B02 RLA    subeq0sp                  009B52 RLA    
tmp1                      000010 RLZ    toslcmp                   009804 RLA    
tossubeax                 00989B RLA    tosudiva0                 009B67 RLA    
tosudivax                 009B69 RLA    tosugeeax                 00994E RLA    
tosumoda0                 009BB6 RLA    tosumulax                 009980 RLA    
udiv16                    009B78 RLA    zerobss                   009C27 RLA    



Exports list by value:
----------------------
__DESTRUCTOR_COUNT__      000000 REA    c_sp                      000000 RLZ    
__CONSTRUCTOR_COUNT__     000001 REA    __STARTUP__               000001 REA    
sreg                      000002 RLZ    ptr1                      000008 RLZ    
ptr2                      00000A RLZ    ptr3                      00000C RLZ    
ptr4                      00000E RLZ    tmp1                      000010 RLZ    
regbank                   000014 RLZ    __DATA_SIZE__             000056 REA    
__BSS_SIZE__              00012E REA    __STACKSIZE__             000200 REA    
__RAM_SIZE__              006B00 REA    __RAM_START__             009000 RLA    
__STARTADDR__             009000 REA    initlib                   009047 RLA    
__CONSTRUCTOR_TABLE__     009053 RLA    _main                     009192 RLA    
_write                    0092BC RLA    __printf                  0093F9 RLA    
___seterrno               0096A9 RLA    addeq0sp                  0096B2 RLA    
addeqysp                  0096B4 RLA    addysp1                   0096C3 RLA    
addysp                    0096C4 RLA    axlong                    0096D1 RLA    
axulong                   0096D7 RLA    _clock                    0096DE RLA    
donelib                   0096E3 RLA    copydata                  0096EF RLA    
ctypemaskdirect           009720 RLA    decsp1                    00973A RLA    
decsp4                    009743 RLA    decsp6                    009750 RLA    
_errno_opt_constructor    00975D  LAI   _fwrite                   009767 RLA    
incsp1                    0097DE RLA    popax                     0097E5 RLA    
incsp2                    0097EC RLA    incsp4                    0097FA RLA    
incsp6                    0097FF RLA    toslcmp                   009804 RLA    
ldaxysp                   009841 RLA    ldeaxysp                  00984A RLA    
negeax                    00985B RLA    push0ax                   00987C RLA    
pusheax                   009880 RLA    tossubeax                 00989B RLA    
_ltoa                     0098D3 RLA    _ultoa                    009912 RLA    
tosugeeax                 00994E RLA    booluge                   00997B RLA    
tosumulax                 009980 RLA    mul8x16                   0099C7 RLA    
mul8x16a                  0099D1 RLA    popptr1                   0099FF RLA    
_printf                   009A0D RLA    push1                     009A40 RLA    
pusha                     009A49 RLA    push0                     009A5B RLA    
pusha0                    009A5D RLA    pushax                    009A5F RLA    
pushwysp                  009A77 RLA    _ria_call_int             009AC8 RLA    
_ria_call_long            009ACE RLA    staspidx                  009ADF RLA    
stax0sp                   009AF5 RLA    staxysp                   009AF7 RLA    
steaxysp                  009B02 RLA    _strlen                   009B15 RLA    
_strlower                 009B2B RLA    subeq0sp                  009B52 RLA    
tosudiva0                 009B67 RLA    tosudivax                 009B69 RLA    
udiv16                    009B78 RLA    tosumoda0                 009BB6 RLA    
_vfprintf                 009BFE RLA    zerobss                   009C27 RLA    
__hextab                  009DB1 RLA    __longminstr              009DC1 RLA    
__ctype                   009DCD RLA    __ctypeidx                009DD8 RLA    
__DATA_RUN__              009E58 RLA    __DATA_LOAD__             009E58 RLA    
__DESTRUCTOR_TABLE__      009E58 RLA    _stdout                   009E7A RLA    
__BSS_RUN__               009EAE RLA    ___errno                  00FFED RLA    



Imports list:
-------------
__BSS_RUN__ ([linker generated]):
    zerobss.o                 common/zerobss.s:8
__BSS_SIZE__ ([linker generated]):
    zerobss.o                 common/zerobss.s:8
__CONSTRUCTOR_COUNT__ ([linker generated]):
    condes.o                  runtime/condes.s:18
__CONSTRUCTOR_TABLE__ ([linker generated]):
    condes.o                  runtime/condes.s:18
__DATA_LOAD__ ([linker generated]):
    copydata.o                common/copydata.s:8
__DATA_RUN__ ([linker generated]):
    copydata.o                common/copydata.s:8
__DATA_SIZE__ ([linker generated]):
    copydata.o                common/copydata.s:8
__DESTRUCTOR_COUNT__ ([linker generated]):
    condes.o                  runtime/condes.s:19
__DESTRUCTOR_TABLE__ ([linker generated]):
    condes.o                  runtime/condes.s:19
__RAM_SIZE__ ([linker generated]):
    crt0.o                    rp6502/crt0.s:10
__RAM_START__ ([linker generated]):
    crt0.o                    rp6502/crt0.s:10
__STACKSIZE__ ([linker generated]):
    [linker generated]        ../ext0x9000.cfg:9
__STARTADDR__ ([linker generated]):
    [linker generated]        ../ext0x9000.cfg:9
    [linker generated]        ../ext0x9000.cfg:9
__STARTUP__ (crt0.o):
    ext-rx.c.30836.0.o        ext-rx.c.30836.0.s:13
    [linker generated]        ../ext0x9000.cfg:3
___errno (errno.o):
    _seterrno.o               /home/wojciech/git/WojciechGw/cc65/asminc/errno.inc:7
___seterrno (_seterrno.o):
    fwrite.o                  /home/wojciech/git/WojciechGw/cc65/asminc/errno.inc:9
__ctype (ctype.o):
    ctypemask.o               common/ctypemask.s:23
__ctypeidx (ctype.o):
    ctypemask.o               common/ctypemask.s:24
__hextab (_hextab.o):
    ltoa.o                    common/ltoa.s:10
__longminstr (_longminstr.o):
    ltoa.o                    common/ltoa.s:10
__printf (_printf.o):
    vfprintf.o                common/vfprintf.s:10
_clock (clock.o):
    ext-rx.c.30836.0.o        ext-rx.c.30836.0.s:15
_fwrite (fwrite.o):
    vfprintf.o                common/vfprintf.s:10
_ltoa (ltoa.o):
    _printf.o                 common/_printf.s:12
_main (ext-rx.c.30836.0.o):
    crt0.o                    rp6502/crt0.s:7
    crt0_cmd.s.30836.1.o      crt0_cmd.s:2
_printf (printf.o):
    ext-rx.c.30836.0.o        ext-rx.c.30836.0.s:14
_ria_call_int (ria.o):
    errno.o                   rp6502/errno.s:12
_ria_call_long (ria.o):
    clock.o                   ../libwrk/rp6502/clock.s:17
_stdout (_file.o):
    printf.o                  common/printf.s:8
_strlen (strlen.o):
    _printf.o                 common/_printf.s:13
_strlower (strlower.o):
    _printf.o                 common/_printf.s:13
_ultoa (ltoa.o):
    _printf.o                 common/_printf.s:12
_vfprintf (vfprintf.o):
    printf.o                  common/printf.s:8
_write (write_stub.c.30836.2.o):
    fwrite.o                  common/fwrite.s:10
addeq0sp (addeqsp.o):
    ext-rx.c.30836.0.o        ext-rx.c.30836.0.s:432
addeqysp (addeqsp.o):
    write_stub.c.30836.2.o    write_stub.c.30836.2.s:64
addysp (addysp.o):
    incsp4.o                  runtime/incsp4.s:8
    incsp6.o                  runtime/incsp6.s:8
    fwrite.o                  common/fwrite.s:11
    printf.o                  common/printf.s:8
    write_stub.c.30836.2.o    write_stub.c.30836.2.s:64
    ext-rx.c.30836.0.o        ext-rx.c.30836.0.s:432
addysp1 (addysp.o):
    lsub.o                    runtime/lsub.s:11
axlong (axlong.o):
    _printf.o                 common/_printf.s:11
axulong (axlong.o):
    _printf.o                 common/_printf.s:11
booluge (makebool.o):
    luge.o                    runtime/luge.s:8
c_sp (zeropage.o):
    popptr1.o                 runtime/popptr1.s:9
    ldaxsp.o                  runtime/ldaxsp.s:8
    lcmp.o                    runtime/lcmp.s:10
    decsp4.o                  runtime/decsp4.s:8
    _printf.o                 /home/wojciech/git/WojciechGw/cc65/asminc/zeropage.inc:11
    vfprintf.o                common/vfprintf.s:11
    subeqsp.o                 runtime/subeqsp.s:8
    steaxsp.o                 runtime/steaxsp.s:8
    staxsp.o                  runtime/staxsp.s:8
    staspidx.o                runtime/staspidx.s:9
    pushwsp.o                 runtime/pushwsp.s:8
    pushax.o                  runtime/pushax.s:8
    pusha.o                   runtime/pusha.s:8
    printf.o                  common/printf.s:9
    lsub.o                    runtime/lsub.s:12
    lpush.o                   runtime/lpush.s:13
    ldeaxysp.o                runtime/ldeaxysp.s:12
    incsp2.o                  runtime/incsp2.s:8
    incsp1.o                  runtime/incsp1.s:8
    decsp6.o                  runtime/decsp6.s:8
    decsp1.o                  runtime/decsp1.s:8
    crt0.o                    /home/wojciech/git/WojciechGw/cc65/asminc/zeropage.inc:11
    addysp.o                  runtime/addysp.s:8
    addeqsp.o                 runtime/addeqsp.s:8
    write_stub.c.30836.2.o    write_stub.c.30836.2.s:10
    ext-rx.c.30836.0.o        ext-rx.c.30836.0.s:10
copydata (copydata.o):
    crt0.o                    rp6502/crt0.s:12
ctypemaskdirect (ctypemask.o):
    strlower.o                common/strlower.s:14
decsp1 (decsp1.o):
    ext-rx.c.30836.0.o        ext-rx.c.30836.0.s:432
decsp4 (decsp4.o):
    lpush.o                   runtime/lpush.s:12
decsp6 (decsp6.o):
    _printf.o                 common/_printf.s:11
    ext-rx.c.30836.0.o        ext-rx.c.30836.0.s:432
donelib (condes.o):
    crt0.o                    rp6502/crt0.s:12
    crt0_cmd.s.30836.1.o      crt0_cmd.s:2
incsp1 (incsp1.o):
    ext-rx.c.30836.0.o        ext-rx.c.30836.0.s:432
    ext-rx.c.30836.0.o        ext-rx.c.30836.0.s:432
    ext-rx.c.30836.0.o        ext-rx.c.30836.0.s:432
    ext-rx.c.30836.0.o        ext-rx.c.30836.0.s:432
incsp2 (incsp2.o):
    popptr1.o                 runtime/popptr1.s:8
    staspidx.o                runtime/staspidx.s:8
    ext-rx.c.30836.0.o        ext-rx.c.30836.0.s:432
incsp4 (incsp4.o):
    lcmp.o                    runtime/lcmp.s:9
incsp6 (incsp6.o):
    fwrite.o                  common/fwrite.s:11
    vfprintf.o                common/vfprintf.s:9
initlib (condes.o):
    crt0.o                    rp6502/crt0.s:12
    crt0_cmd.s.30836.1.o      crt0_cmd.s:2
ldaxysp (ldaxsp.o):
    fwrite.o                  common/fwrite.s:11
ldeaxysp (ldeaxysp.o):
    ext-rx.c.30836.0.o        ext-rx.c.30836.0.s:432
mul8x16 (mul8.o):
    mul.o                     runtime/mul.s:8
mul8x16a (mul8.o):
    mul.o                     runtime/mul.s:8
negeax (lneg.o):
    ltoa.o                    common/ltoa.s:9
popax (incsp2.o):
    ltoa.o                    common/ltoa.s:9
    _printf.o                 common/_printf.s:11
popptr1 (popptr1.o):
    mul8.o                    runtime/mul8.s:9
    mul.o                     runtime/mul.s:9
    ltoa.o                    common/ltoa.s:9
    umod.o                    runtime/umod.s:8
    udiv.o                    runtime/udiv.s:9
ptr1 (zeropage.o):
    strlower.o                common/strlower.s:13
    popptr1.o                 runtime/popptr1.s:9
    mul8.o                    runtime/mul8.s:10
    mul.o                     runtime/mul.s:10
    ltoa.o                    common/ltoa.s:11
    lcmp.o                    runtime/lcmp.s:10
    fwrite.o                  common/fwrite.s:14
    copydata.o                common/copydata.s:9
    _printf.o                 /home/wojciech/git/WojciechGw/cc65/asminc/zeropage.inc:12
    zerobss.o                 common/zerobss.s:9
    vfprintf.o                common/vfprintf.s:11
    udiv.o                    runtime/udiv.s:10
    staspidx.o                runtime/staspidx.s:9
    printf.o                  common/printf.s:9
    write_stub.c.30836.2.o    write_stub.c.30836.2.s:11
    ext-rx.c.30836.0.o        ext-rx.c.30836.0.s:11
ptr2 (zeropage.o):
    strlower.o                common/strlower.s:13
    ltoa.o                    common/ltoa.s:11
    copydata.o                common/copydata.s:9
    _printf.o                 /home/wojciech/git/WojciechGw/cc65/asminc/zeropage.inc:12
ptr3 (zeropage.o):
    ltoa.o                    common/ltoa.s:11
ptr4 (zeropage.o):
    strlen.o                  common/strlen.s:12
    mul8.o                    runtime/mul8.s:10
    mul.o                     runtime/mul.s:10
    umod.o                    runtime/umod.s:9
    udiv.o                    runtime/udiv.s:10
push0 (pushax.o):
    ext-rx.c.30836.0.o        ext-rx.c.30836.0.s:432
push0ax (lpush.o):
    ext-rx.c.30836.0.o        ext-rx.c.30836.0.s:432
push1 (push1.o):
    _printf.o                 common/_printf.s:11
    vfprintf.o                common/vfprintf.s:9
pusha (pusha.o):
    ext-rx.c.30836.0.o        ext-rx.c.30836.0.s:432
    ext-rx.c.30836.0.o        ext-rx.c.30836.0.s:432
    ext-rx.c.30836.0.o        ext-rx.c.30836.0.s:432
    ext-rx.c.30836.0.o        ext-rx.c.30836.0.s:432
pusha0 (pushax.o):
    push1.o                   runtime/push1.s:8
    fwrite.o                  common/fwrite.s:11
pushax (pushax.o):
    fwrite.o                  common/fwrite.s:11
    _printf.o                 common/_printf.s:11
    printf.o                  common/printf.s:8
    write_stub.c.30836.2.o    write_stub.c.30836.2.s:64
    ext-rx.c.30836.0.o        ext-rx.c.30836.0.s:432
    ext-rx.c.30836.0.o        ext-rx.c.30836.0.s:432
    ext-rx.c.30836.0.o        ext-rx.c.30836.0.s:432
pusheax (lpush.o):
    _printf.o                 common/_printf.s:11
    ext-rx.c.30836.0.o        ext-rx.c.30836.0.s:432
pushwysp (pushwsp.o):
    fwrite.o                  common/fwrite.s:11
    vfprintf.o                common/vfprintf.s:9
    write_stub.c.30836.2.o    write_stub.c.30836.2.s:64
    ext-rx.c.30836.0.o        ext-rx.c.30836.0.s:432
regbank (zeropage.o):
    _printf.o                 /home/wojciech/git/WojciechGw/cc65/asminc/zeropage.inc:14
sreg (zeropage.o):
    lneg.o                    runtime/lneg.s:11
    ltoa.o                    common/ltoa.s:11
    lcmp.o                    runtime/lcmp.s:10
    axlong.o                  runtime/axlong.s:9
    _printf.o                 /home/wojciech/git/WojciechGw/cc65/asminc/zeropage.inc:11
    umod.o                    runtime/umod.s:9
    udiv.o                    runtime/udiv.s:10
    steaxsp.o                 runtime/steaxsp.s:8
    ria.o                     rp6502/ria.s:13
    lsub.o                    runtime/lsub.s:12
    lpush.o                   runtime/lpush.s:13
    ldeaxysp.o                runtime/ldeaxysp.s:12
staspidx (staspidx.o):
    ext-rx.c.30836.0.o        ext-rx.c.30836.0.s:432
stax0sp (staxsp.o):
    ext-rx.c.30836.0.o        ext-rx.c.30836.0.s:432
staxysp (staxsp.o):
    ext-rx.c.30836.0.o        ext-rx.c.30836.0.s:432
steaxysp (steaxsp.o):
    ext-rx.c.30836.0.o        ext-rx.c.30836.0.s:432
subeq0sp (subeqsp.o):
    write_stub.c.30836.2.o    write_stub.c.30836.2.s:64
tmp1 (zeropage.o):
    mul.o                     runtime/mul.s:10
    ltoa.o                    common/ltoa.s:11
    copydata.o                common/copydata.s:9
    _printf.o                 /home/wojciech/git/WojciechGw/cc65/asminc/zeropage.inc:13
    staspidx.o                runtime/staspidx.s:9
toslcmp (lcmp.o):
    luge.o                    runtime/luge.s:8
tossubeax (lsub.o):
    ext-rx.c.30836.0.o        ext-rx.c.30836.0.s:432
tosudiva0 (udiv.o):
    ext-rx.c.30836.0.o        ext-rx.c.30836.0.s:432
tosudivax (udiv.o):
    fwrite.o                  common/fwrite.s:12
tosugeeax (luge.o):
    ext-rx.c.30836.0.o        ext-rx.c.30836.0.s:432
tosumoda0 (umod.o):
    ext-rx.c.30836.0.o        ext-rx.c.30836.0.s:432
tosumulax (mul.o):
    fwrite.o                  common/fwrite.s:12
udiv16 (udiv.o):
    umod.o                    runtime/umod.s:8
zerobss (zerobss.o):
    crt0.o                    rp6502/crt0.s:12

