Modules list:
-------------
ext-mass.c.21528.0.o:
    CODE              Offs=000000  Size=00438C  Align=00001  Fill=0000
    RODATA            Offs=000000  Size=000AFB  Align=00001  Fill=0000
    BSS               Offs=000000  Size=0002C0  Align=00001  Fill=0000
    DATA              Offs=000000  Size=000108  Align=00001  Fill=0000
crt0_cmd.s.21528.1.o:
    STARTUP           Offs=000000  Size=00001B  Align=00001  Fill=0000
write_stub.c.21528.2.o:
    CODE              Offs=00438C  Size=00004C  Align=00001  Fill=0000
initmainargs.s.21528.3.o:
    STARTUP           Offs=00001B  Size=000001  Align=00001  Fill=0000
C:\@prg\cc65\lib/rp6502.lib(_directerrno.o):
    CODE              Offs=0043D8  Size=000009  Align=00001  Fill=0000
C:\@prg\cc65\lib/rp6502.lib(_fdesc.o):
    CODE              Offs=0043E1  Size=00001D  Align=00001  Fill=0000
C:\@prg\cc65\lib/rp6502.lib(_file.o):
    DATA              Offs=000108  Size=00001E  Align=00001  Fill=0000
C:\@prg\cc65\lib/rp6502.lib(_fopen.o):
    CODE              Offs=0043FE  Size=00007B  Align=00001  Fill=0000
    BSS               Offs=0002C0  Size=000002  Align=00001  Fill=0000
C:\@prg\cc65\lib/rp6502.lib(_hextab.o):
    RODATA            Offs=000AFB  Size=000010  Align=00001  Fill=0000
C:\@prg\cc65\lib/rp6502.lib(_longminstr.o):
    RODATA            Offs=000B0B  Size=00000C  Align=00001  Fill=0000
C:\@prg\cc65\lib/rp6502.lib(_oserror.o):
    BSS               Offs=0002C2  Size=000001  Align=00001  Fill=0000
C:\@prg\cc65\lib/rp6502.lib(_printf.o):
    CODE              Offs=004479  Size=0003A1  Align=00001  Fill=0000
    BSS               Offs=0002C3  Size=00002B  Align=00001  Fill=0000
    DATA              Offs=000126  Size=000003  Align=00001  Fill=0000
C:\@prg\cc65\lib/rp6502.lib(_seterrno.o):
    CODE              Offs=00481A  Size=000009  Align=00001  Fill=0000
C:\@prg\cc65\lib/rp6502.lib(addeqsp.o):
    CODE              Offs=004823  Size=000011  Align=00001  Fill=0000
C:\@prg\cc65\lib/rp6502.lib(addysp.o):
    CODE              Offs=004834  Size=00000E  Align=00001  Fill=0000
C:\@prg\cc65\lib/rp6502.lib(aslax2.o):
    CODE              Offs=004842  Size=00000B  Align=00001  Fill=0000
C:\@prg\cc65\lib/rp6502.lib(aslax4.o):
    CODE              Offs=00484D  Size=000011  Align=00001  Fill=0000
C:\@prg\cc65\lib/rp6502.lib(axlong.o):
    CODE              Offs=00485E  Size=00000D  Align=00001  Fill=0000
C:\@prg\cc65\lib/rp6502.lib(bneg.o):
    CODE              Offs=00486B  Size=00000E  Align=00001  Fill=0000
C:\@prg\cc65\lib/rp6502.lib(checkferror.o):
    CODE              Offs=004879  Size=00000C  Align=00001  Fill=0000
C:\@prg\cc65\lib/rp6502.lib(close.o):
    CODE              Offs=004885  Size=000011  Align=00001  Fill=0000
C:\@prg\cc65\lib/rp6502.lib(condes.o):
    CODE              Offs=004896  Size=00000C  Align=00001  Fill=0000
    DATA              Offs=000129  Size=000025  Align=00001  Fill=0000
    ONCE              Offs=000000  Size=00000C  Align=00001  Fill=0000
C:\@prg\cc65\lib/rp6502.lib(copydata.o):
    CODE              Offs=0048A2  Size=00002D  Align=00001  Fill=0000
C:\@prg\cc65\lib/rp6502.lib(crt0.o):
    STARTUP           Offs=00001C  Size=00002B  Align=00001  Fill=0000
C:\@prg\cc65\lib/rp6502.lib(ctype.o):
    RODATA            Offs=000B17  Size=00008B  Align=00001  Fill=0000
C:\@prg\cc65\lib/rp6502.lib(ctypemask.o):
    CODE              Offs=0048CF  Size=00001E  Align=00001  Fill=0000
C:\@prg\cc65\lib/rp6502.lib(decax1.o):
    CODE              Offs=0048ED  Size=000007  Align=00001  Fill=0000
C:\@prg\cc65\lib/rp6502.lib(decaxy.o):
    CODE              Offs=0048F4  Size=000009  Align=00001  Fill=0000
C:\@prg\cc65\lib/rp6502.lib(decsp2.o):
    CODE              Offs=0048FD  Size=00000D  Align=00001  Fill=0000
C:\@prg\cc65\lib/rp6502.lib(decsp3.o):
    CODE              Offs=00490A  Size=00000D  Align=00001  Fill=0000
C:\@prg\cc65\lib/rp6502.lib(decsp4.o):
    CODE              Offs=004917  Size=00000D  Align=00001  Fill=0000
C:\@prg\cc65\lib/rp6502.lib(decsp6.o):
    CODE              Offs=004924  Size=00000D  Align=00001  Fill=0000
C:\@prg\cc65\lib/rp6502.lib(decsp8.o):
    CODE              Offs=004931  Size=00000D  Align=00001  Fill=0000
C:\@prg\cc65\lib/rp6502.lib(enter.o):
    CODE              Offs=00493E  Size=00000E  Align=00001  Fill=0000
C:\@prg\cc65\lib/rp6502.lib(errno.o):
    CODE              Offs=00494C  Size=00000A  Align=00001  Fill=0000
C:\@prg\cc65\lib/rp6502.lib(fclose.o):
    CODE              Offs=004956  Size=00001E  Align=00001  Fill=0000
C:\@prg\cc65\lib/rp6502.lib(fgetc.o):
    CODE              Offs=004974  Size=00005D  Align=00001  Fill=0000
    BSS               Offs=0002EE  Size=000001  Align=00001  Fill=0000
C:\@prg\cc65\lib/rp6502.lib(fgets.o):
    CODE              Offs=0049D1  Size=00007F  Align=00001  Fill=0000
    BSS               Offs=0002EF  Size=000006  Align=00001  Fill=0000
C:\@prg\cc65\lib/rp6502.lib(fopen.o):
    CODE              Offs=004A50  Size=000018  Align=00001  Fill=0000
C:\@prg\cc65\lib/rp6502.lib(fwrite.o):
    CODE              Offs=004A68  Size=000077  Align=00001  Fill=0000
    BSS               Offs=0002F5  Size=000002  Align=00001  Fill=0000
C:\@prg\cc65\lib/rp6502.lib(icmp.o):
    CODE              Offs=004ADF  Size=00002E  Align=00001  Fill=0000
C:\@prg\cc65\lib/rp6502.lib(incsp1.o):
    CODE              Offs=004B0D  Size=000007  Align=00001  Fill=0000
C:\@prg\cc65\lib/rp6502.lib(incsp2.o):
    CODE              Offs=004B14  Size=000015  Align=00001  Fill=0000
C:\@prg\cc65\lib/rp6502.lib(incsp3.o):
    CODE              Offs=004B29  Size=000005  Align=00001  Fill=0000
C:\@prg\cc65\lib/rp6502.lib(incsp4.o):
    CODE              Offs=004B2E  Size=000005  Align=00001  Fill=0000
C:\@prg\cc65\lib/rp6502.lib(incsp5.o):
    CODE              Offs=004B33  Size=000005  Align=00001  Fill=0000
C:\@prg\cc65\lib/rp6502.lib(incsp6.o):
    CODE              Offs=004B38  Size=000005  Align=00001  Fill=0000
C:\@prg\cc65\lib/rp6502.lib(incsp7.o):
    CODE              Offs=004B3D  Size=000005  Align=00001  Fill=0000
C:\@prg\cc65\lib/rp6502.lib(incsp8.o):
    CODE              Offs=004B42  Size=000005  Align=00001  Fill=0000
C:\@prg\cc65\lib/rp6502.lib(isalnum.o):
    CODE              Offs=004B47  Size=000008  Align=00001  Fill=0000
C:\@prg\cc65\lib/rp6502.lib(isalpha.o):
    CODE              Offs=004B4F  Size=000008  Align=00001  Fill=0000
C:\@prg\cc65\lib/rp6502.lib(isdigit.o):
    CODE              Offs=004B57  Size=000008  Align=00001  Fill=0000
C:\@prg\cc65\lib/rp6502.lib(islower.o):
    CODE              Offs=004B5F  Size=000008  Align=00001  Fill=0000
C:\@prg\cc65\lib/rp6502.lib(isspace.o):
    CODE              Offs=004B67  Size=000008  Align=00001  Fill=0000
C:\@prg\cc65\lib/rp6502.lib(isupper.o):
    CODE              Offs=004B6F  Size=000008  Align=00001  Fill=0000
C:\@prg\cc65\lib/rp6502.lib(ladd.o):
    CODE              Offs=004B77  Size=000024  Align=00001  Fill=0000
C:\@prg\cc65\lib/rp6502.lib(lcmp.o):
    CODE              Offs=004B9B  Size=00003B  Align=00001  Fill=0000
C:\@prg\cc65\lib/rp6502.lib(ldaxi.o):
    CODE              Offs=004BD6  Size=00000D  Align=00001  Fill=0000
C:\@prg\cc65\lib/rp6502.lib(ldaxsp.o):
    CODE              Offs=004BE3  Size=000009  Align=00001  Fill=0000
C:\@prg\cc65\lib/rp6502.lib(ldeaxysp.o):
    CODE              Offs=004BEC  Size=000013  Align=00001  Fill=0000
C:\@prg\cc65\lib/rp6502.lib(ldptr1sp.o):
    CODE              Offs=004BFF  Size=00000C  Align=00001  Fill=0000
C:\@prg\cc65\lib/rp6502.lib(leaaxsp.o):
    CODE              Offs=004C0B  Size=00000C  Align=00001  Fill=0000
C:\@prg\cc65\lib/rp6502.lib(leave.o):
    CODE              Offs=004C17  Size=00001B  Align=00001  Fill=0000
C:\@prg\cc65\lib/rp6502.lib(leq.o):
    CODE              Offs=004C32  Size=000006  Align=00001  Fill=0000
C:\@prg\cc65\lib/rp6502.lib(lmul.o):
    CODE              Offs=004C38  Size=000059  Align=00001  Fill=0000
C:\@prg\cc65\lib/rp6502.lib(lneg.o):
    CODE              Offs=004C91  Size=00001E  Align=00001  Fill=0000
C:\@prg\cc65\lib/rp6502.lib(lpush.o):
    CODE              Offs=004CAF  Size=00001E  Align=00001  Fill=0000
C:\@prg\cc65\lib/rp6502.lib(ltoa.o):
    CODE              Offs=004CCD  Size=000093  Align=00001  Fill=0000
C:\@prg\cc65\lib/rp6502.lib(ludiv.o):
    CODE              Offs=004D60  Size=000077  Align=00001  Fill=0000
C:\@prg\cc65\lib/rp6502.lib(lugt.o):
    CODE              Offs=004DD7  Size=000006  Align=00001  Fill=0000
C:\@prg\cc65\lib/rp6502.lib(lumod.o):
    CODE              Offs=004DDD  Size=000017  Align=00001  Fill=0000
C:\@prg\cc65\lib/rp6502.lib(makebool.o):
    CODE              Offs=004DF4  Size=00002C  Align=00001  Fill=0000
C:\@prg\cc65\lib/rp6502.lib(memcpy.o):
    CODE              Offs=004E20  Size=00003C  Align=00001  Fill=0000
C:\@prg\cc65\lib/rp6502.lib(memmove.o):
    CODE              Offs=004E5C  Size=000050  Align=00001  Fill=0000
C:\@prg\cc65\lib/rp6502.lib(mul.o):
    CODE              Offs=004EAC  Size=000045  Align=00001  Fill=0000
C:\@prg\cc65\lib/rp6502.lib(mul8.o):
    CODE              Offs=004EF1  Size=00003A  Align=00001  Fill=0000
C:\@prg\cc65\lib/rp6502.lib(open.o):
    CODE              Offs=004F2B  Size=000071  Align=00001  Fill=0000
C:\@prg\cc65\lib/rp6502.lib(popptr1.o):
    CODE              Offs=004F9C  Size=00000E  Align=00001  Fill=0000
C:\@prg\cc65\lib/rp6502.lib(printf.o):
    CODE              Offs=004FAA  Size=000033  Align=00001  Fill=0000
    BSS               Offs=0002F7  Size=000001  Align=00001  Fill=0000
C:\@prg\cc65\lib/rp6502.lib(push1.o):
    CODE              Offs=004FDD  Size=000005  Align=00001  Fill=0000
C:\@prg\cc65\lib/rp6502.lib(pusha.o):
    CODE              Offs=004FE2  Size=000016  Align=00001  Fill=0000
C:\@prg\cc65\lib/rp6502.lib(pushax.o):
    CODE              Offs=004FF8  Size=00001A  Align=00001  Fill=0000
C:\@prg\cc65\lib/rp6502.lib(pushptr1.o):
    CODE              Offs=005012  Size=000007  Align=00001  Fill=0000
C:\@prg\cc65\lib/rp6502.lib(pushwsp.o):
    CODE              Offs=005019  Size=00001C  Align=00001  Fill=0000
C:\@prg\cc65\lib/rp6502.lib(read.o):
    CODE              Offs=005035  Size=000089  Align=00001  Fill=0000
C:\@prg\cc65\lib/rp6502.lib(read_xstack.o):
    CODE              Offs=0050BE  Size=000062  Align=00001  Fill=0000
C:\@prg\cc65\lib/rp6502.lib(return0.o):
    CODE              Offs=005120  Size=000004  Align=00001  Fill=0000
C:\@prg\cc65\lib/rp6502.lib(returnFFFF.o):
    CODE              Offs=005124  Size=000004  Align=00001  Fill=0000
C:\@prg\cc65\lib/rp6502.lib(ria.o):
    CODE              Offs=005128  Size=00004E  Align=00001  Fill=0000
C:\@prg\cc65\lib/rp6502.lib(sprintf.o):
    CODE              Offs=005176  Size=00002B  Align=00001  Fill=0000
    BSS               Offs=0002F8  Size=000001  Align=00001  Fill=0000
C:\@prg\cc65\lib/rp6502.lib(staspidx.o):
    CODE              Offs=0051A1  Size=000016  Align=00001  Fill=0000
C:\@prg\cc65\lib/rp6502.lib(staxsp.o):
    CODE              Offs=0051B7  Size=00000B  Align=00001  Fill=0000
C:\@prg\cc65\lib/rp6502.lib(staxspi.o):
    CODE              Offs=0051C2  Size=00001A  Align=00001  Fill=0000
C:\@prg\cc65\lib/rp6502.lib(steaxsp.o):
    CODE              Offs=0051DC  Size=000015  Align=00001  Fill=0000
C:\@prg\cc65\lib/rp6502.lib(strchr.o):
    CODE              Offs=0051F1  Size=000025  Align=00001  Fill=0000
C:\@prg\cc65\lib/rp6502.lib(strcmp.o):
    CODE              Offs=005216  Size=000021  Align=00001  Fill=0000
C:\@prg\cc65\lib/rp6502.lib(strlen.o):
    CODE              Offs=005237  Size=000016  Align=00001  Fill=0000
C:\@prg\cc65\lib/rp6502.lib(strlower.o):
    CODE              Offs=00524D  Size=000027  Align=00001  Fill=0000
C:\@prg\cc65\lib/rp6502.lib(strncpy.o):
    CODE              Offs=005274  Size=000042  Align=00001  Fill=0000
C:\@prg\cc65\lib/rp6502.lib(strrchr.o):
    CODE              Offs=0052B6  Size=000024  Align=00001  Fill=0000
C:\@prg\cc65\lib/rp6502.lib(strtoul.o):
    CODE              Offs=0052DA  Size=00022E  Align=00001  Fill=0000
C:\@prg\cc65\lib/rp6502.lib(sub.o):
    CODE              Offs=005508  Size=000014  Align=00001  Fill=0000
C:\@prg\cc65\lib/rp6502.lib(subeqsp.o):
    CODE              Offs=00551C  Size=000015  Align=00001  Fill=0000
C:\@prg\cc65\lib/rp6502.lib(subysp.o):
    CODE              Offs=005531  Size=00000D  Align=00001  Fill=0000
C:\@prg\cc65\lib/rp6502.lib(toupper.o):
    CODE              Offs=00553E  Size=000012  Align=00001  Fill=0000
C:\@prg\cc65\lib/rp6502.lib(udiv.o):
    CODE              Offs=005550  Size=00004F  Align=00001  Fill=0000
C:\@prg\cc65\lib/rp6502.lib(vfprintf.o):
    CODE              Offs=00559F  Size=000060  Align=00001  Fill=0000
    DATA              Offs=00014E  Size=000008  Align=00001  Fill=0000
C:\@prg\cc65\lib/rp6502.lib(vsnprintf.o):
    CODE              Offs=0055FF  Size=0000DA  Align=00001  Fill=0000
    DATA              Offs=000156  Size=000008  Align=00001  Fill=0000
C:\@prg\cc65\lib/rp6502.lib(vsprintf.o):
    CODE              Offs=0056D9  Size=000012  Align=00001  Fill=0000
C:\@prg\cc65\lib/rp6502.lib(write_xram.o):
    CODE              Offs=0056EB  Size=000021  Align=00001  Fill=0000
C:\@prg\cc65\lib/rp6502.lib(zerobss.o):
    CODE              Offs=00570C  Size=000023  Align=00001  Fill=0000
C:\@prg\cc65\lib/rp6502.lib(zeropage.o):
    ZEROPAGE          Offs=000000  Size=00001A  Align=00001  Fill=0000


Segment list:
-------------
Name                   Start     End    Size  Align
----------------------------------------------------
ZEROPAGE              000000  000019  00001A  00001
STARTUP               009000  009046  000047  00001
ONCE                  009047  009054  00000E  00001
CODE                  009055  00E783  00572F  00001
RODATA                00E784  00F325  000BA2  00001
DATA                  00F326  00F483  00015E  00001
BSS                   00F484  00F77C  0002F9  00001


Exports list by name:
---------------------
__BSS_RUN__               00F484 RLA    __BSS_SIZE__              0002F9 REA    
__CONSTRUCTOR_COUNT__     000001 REA    __CONSTRUCTOR_TABLE__     009053 RLA    
__DATA_LOAD__             00F326 RLA    __DATA_RUN__              00F326 RLA    
__DATA_SIZE__             00015E REA    __DESTRUCTOR_COUNT__      000000 REA    
__DESTRUCTOR_TABLE__      00F326 RLA    __RAM_SIZE__              006D00 REA    
__RAM_START__             009000 RLA    __STACKSIZE__             000200 REA    
__STARTADDR__             009000 REA    __STARTUP__               000001 REA    
___directerrno            00D42D RLA    ___errno                  00FFED RLA    
___oserror                00F746 RLA    ___seterrno               00D86F RLA    
__ctype                   00F29B RLA    __ctypeidx                00F2A6 RLA    
__fdesc                   00D436 RLA    __filetab                 00F42E RLA    
__fopen                   00D453 RLA    __hextab                  00F27F RLA    
__longminstr              00F28F RLA    __printf                  00D5BF RLA    
_close                    00D8DA RLA    _errno_opt_constructor    00D9A1  LAI   
_exit                     009034 RLA    _fclose                   00D9AB RLA    
_fgetc                    00D9C9 RLA    _fgets                    00DA2C RLA    
_fopen                    00DAA5 RLA    _fwrite                   00DABD RLA    
_isalnum                  00DB9C RLA    _isalpha                  00DBA4 RLA    
_isdigit                  00DBAC RLA    _islower                  00DBB4 RLA    
_isspace                  00DBBC RLA    _isupper                  00DBC4 RLA    
_ltoa                     00DD3A RLA    _main                     00CD49 RLA    
_memcpy                   00DE75 RLA    _memmove                  00DEB1 RLA    
_open                     00DF80 RLA    _printf                   00DFFF RLA    
_read                     00E08A RLA    _read_xstack              00E113 RLA    
_ria_call_int             00E1B4 RLA    _ria_push_int             00E187 RLA    
_ria_set_ax               00E1AD RLA    _sprintf                  00E1CB RLA    
_stdin                    00F446 RLA    _stdout                   00F448 RLA    
_strchr                   00E246 RLA    _strcmp                   00E26B RLA    
_strlen                   00E28C RLA    _strlower                 00E2A2 RLA    
_strncpy                  00E2C9 RLA    _strrchr                  00E30B RLA    
_strtoul                  00E32F RLA    _toupper                  00E593 RLA    
_ultoa                    00DD79 RLA    _vfprintf                 00E62B RLA    
_vsprintf                 00E72E RLA    _write                    00D3E1 RLA    
_write_xram               00E740 RLA    addeq0sp                  00D878 RLA    
addeqysp                  00D87A RLA    addysp                    00D88A RLA    
addysp1                   00D889 RLA    axlong                    00D8B3 RLA    
axulong                   00D8B9 RLA    bnegax                    00D8C0 RLA    
booleq                    00DE4F RLA    boolugt                   00DE6E RLA    
c_sp                      000000 RLZ    checkferror               00D8CE RLA    
copydata                  00D8F7 RLA    ctypemask                 00D924 RLA    
ctypemaskdirect           00D928 RLA    decax1                    00D942 RLA    
decaxy                    00D949 RLA    decsp2                    00D952 RLA    
decsp3                    00D95F RLA    decsp4                    00D96C RLA    
decsp6                    00D979 RLA    decsp8                    00D986 RLA    
donelib                   00D8EB RLA    enter                     00D993 RLA    
getlop                    00DDC4 RLA    incsp1                    00DB62 RLA    
incsp2                    00DB70 RLA    incsp3                    00DB7E RLA    
incsp4                    00DB83 RLA    incsp5                    00DB88 RLA    
incsp6                    00DB8D RLA    incsp7                    00DB92 RLA    
incsp8                    00DB97 RLA    initlib                   009047 RLA    
initmainargs              00901B REA    ldax0sp                   00DC38 RLA    
ldaxi                     00DC2B RLA    ldaxysp                   00DC3A RLA    
ldeaxysp                  00DC43 RLA    ldptr1ysp                 00DC56 RLA    
leaa0sp                   00DC60 RLA    leavey                    00DC76 RLA    
memcpy_getparams          00DE9E RLA    memcpy_upwards            00DE78 RLA    
mul8x16                   00DF48 RLA    mul8x16a                  00DF52 RLA    
negeax                    00DCE6 RLA    popax                     00DB69 RLA    
popptr1                   00DFF1 RLA    ptr1                      000008 RLZ    
ptr2                      00000A RLZ    ptr3                      00000C RLZ    
ptr4                      00000E RLZ    push0                     00E04D RLA    
push1                     00E032 RLA    pusha                     00E03B RLA    
pusha0                    00E04F RLA    pushax                    00E051 RLA    
pusheax                   00DD0B RLA    pushl0                    00DD04 RLA    
pushptr1                  00E067 RLA    pushw0sp                  00E06E RLA    
pushwysp                  00E070 RLA    regbank                   000014 RLZ    
regsave                   000004 RLZ    return0                   00E175 RLA    
returnFFFF                00E179 RLA    shlax2                    00D897 RLA    
shlax4                    00D8A2 RLA    sreg                      000002 RLZ    
staspidx                  00E1F6 RLA    stax0sp                   00E20C RLA    
staxspidx                 00E217 RLA    staxysp                   00E20E RLA    
steax0sp                  00E231 RLA    steaxysp                  00E233 RLA    
subeq0sp                  00E571 RLA    subeqysp                  00E573 RLA    
subysp                    00E586 RLA    tmp1                      000010 RLZ    
tmp2                      000011 RLZ    tmp3                      000012 RLZ    
tmp4                      000013 RLZ    tosaddeax                 00DBD2 RLA    
toseqeax                  00DC87 RLA    tosicmp                   00DB36 RLA    
tosicmp0                  00DB34 RLA    toslcmp                   00DBF0 RLA    
tossubax                  00E55F RLA    tosudivax                 00E5A7 RLA    
tosudiveax                00DDB9 RLA    tosugteax                 00DE2C RLA    
tosumodeax                00DE36 RLA    tosumula0                 00DF46 RLA    
tosumulax                 00DF01 RLA    tosumuleax                00DC91 RLA    
udiv32                    00DDE7 RLA    vsnprintf                 00E657 RLA    
zerobss                   00E761 RLA    


Exports list by value:
----------------------
c_sp                      000000 RLZ    __DESTRUCTOR_COUNT__      000000 REA    
__STARTUP__               000001 REA    __CONSTRUCTOR_COUNT__     000001 REA    
sreg                      000002 RLZ    regsave                   000004 RLZ    
ptr1                      000008 RLZ    ptr2                      00000A RLZ    
ptr3                      00000C RLZ    ptr4                      00000E RLZ    
tmp1                      000010 RLZ    tmp2                      000011 RLZ    
tmp3                      000012 RLZ    tmp4                      000013 RLZ    
regbank                   000014 RLZ    __DATA_SIZE__             00015E REA    
__STACKSIZE__             000200 REA    __BSS_SIZE__              0002F9 REA    
__RAM_SIZE__              006D00 REA    __STARTADDR__             009000 REA    
__RAM_START__             009000 RLA    initmainargs              00901B REA    
_exit                     009034 RLA    initlib                   009047 RLA    
__CONSTRUCTOR_TABLE__     009053 RLA    _main                     00CD49 RLA    
_write                    00D3E1 RLA    ___directerrno            00D42D RLA    
__fdesc                   00D436 RLA    __fopen                   00D453 RLA    
__printf                  00D5BF RLA    ___seterrno               00D86F RLA    
addeq0sp                  00D878 RLA    addeqysp                  00D87A RLA    
addysp1                   00D889 RLA    addysp                    00D88A RLA    
shlax2                    00D897 RLA    shlax4                    00D8A2 RLA    
axlong                    00D8B3 RLA    axulong                   00D8B9 RLA    
bnegax                    00D8C0 RLA    checkferror               00D8CE RLA    
_close                    00D8DA RLA    donelib                   00D8EB RLA    
copydata                  00D8F7 RLA    ctypemask                 00D924 RLA    
ctypemaskdirect           00D928 RLA    decax1                    00D942 RLA    
decaxy                    00D949 RLA    decsp2                    00D952 RLA    
decsp3                    00D95F RLA    decsp4                    00D96C RLA    
decsp6                    00D979 RLA    decsp8                    00D986 RLA    
enter                     00D993 RLA    _errno_opt_constructor    00D9A1  LAI   
_fclose                   00D9AB RLA    _fgetc                    00D9C9 RLA    
_fgets                    00DA2C RLA    _fopen                    00DAA5 RLA    
_fwrite                   00DABD RLA    tosicmp0                  00DB34 RLA    
tosicmp                   00DB36 RLA    incsp1                    00DB62 RLA    
popax                     00DB69 RLA    incsp2                    00DB70 RLA    
incsp3                    00DB7E RLA    incsp4                    00DB83 RLA    
incsp5                    00DB88 RLA    incsp6                    00DB8D RLA    
incsp7                    00DB92 RLA    incsp8                    00DB97 RLA    
_isalnum                  00DB9C RLA    _isalpha                  00DBA4 RLA    
_isdigit                  00DBAC RLA    _islower                  00DBB4 RLA    
_isspace                  00DBBC RLA    _isupper                  00DBC4 RLA    
tosaddeax                 00DBD2 RLA    toslcmp                   00DBF0 RLA    
ldaxi                     00DC2B RLA    ldax0sp                   00DC38 RLA    
ldaxysp                   00DC3A RLA    ldeaxysp                  00DC43 RLA    
ldptr1ysp                 00DC56 RLA    leaa0sp                   00DC60 RLA    
leavey                    00DC76 RLA    toseqeax                  00DC87 RLA    
tosumuleax                00DC91 RLA    negeax                    00DCE6 RLA    
pushl0                    00DD04 RLA    pusheax                   00DD0B RLA    
_ltoa                     00DD3A RLA    _ultoa                    00DD79 RLA    
tosudiveax                00DDB9 RLA    getlop                    00DDC4 RLA    
udiv32                    00DDE7 RLA    tosugteax                 00DE2C RLA    
tosumodeax                00DE36 RLA    booleq                    00DE4F RLA    
boolugt                   00DE6E RLA    _memcpy                   00DE75 RLA    
memcpy_upwards            00DE78 RLA    memcpy_getparams          00DE9E RLA    
_memmove                  00DEB1 RLA    tosumulax                 00DF01 RLA    
tosumula0                 00DF46 RLA    mul8x16                   00DF48 RLA    
mul8x16a                  00DF52 RLA    _open                     00DF80 RLA    
popptr1                   00DFF1 RLA    _printf                   00DFFF RLA    
push1                     00E032 RLA    pusha                     00E03B RLA    
push0                     00E04D RLA    pusha0                    00E04F RLA    
pushax                    00E051 RLA    pushptr1                  00E067 RLA    
pushw0sp                  00E06E RLA    pushwysp                  00E070 RLA    
_read                     00E08A RLA    _read_xstack              00E113 RLA    
return0                   00E175 RLA    returnFFFF                00E179 RLA    
_ria_push_int             00E187 RLA    _ria_set_ax               00E1AD RLA    
_ria_call_int             00E1B4 RLA    _sprintf                  00E1CB RLA    
staspidx                  00E1F6 RLA    stax0sp                   00E20C RLA    
staxysp                   00E20E RLA    staxspidx                 00E217 RLA    
steax0sp                  00E231 RLA    steaxysp                  00E233 RLA    
_strchr                   00E246 RLA    _strcmp                   00E26B RLA    
_strlen                   00E28C RLA    _strlower                 00E2A2 RLA    
_strncpy                  00E2C9 RLA    _strrchr                  00E30B RLA    
_strtoul                  00E32F RLA    tossubax                  00E55F RLA    
subeq0sp                  00E571 RLA    subeqysp                  00E573 RLA    
subysp                    00E586 RLA    _toupper                  00E593 RLA    
tosudivax                 00E5A7 RLA    _vfprintf                 00E62B RLA    
vsnprintf                 00E657 RLA    _vsprintf                 00E72E RLA    
_write_xram               00E740 RLA    zerobss                   00E761 RLA    
__hextab                  00F27F RLA    __longminstr              00F28F RLA    
__ctype                   00F29B RLA    __ctypeidx                00F2A6 RLA    
__DATA_LOAD__             00F326 RLA    __DATA_RUN__              00F326 RLA    
__DESTRUCTOR_TABLE__      00F326 RLA    __filetab                 00F42E RLA    
_stdin                    00F446 RLA    _stdout                   00F448 RLA    
__BSS_RUN__               00F484 RLA    ___oserror                00F746 RLA    
___errno                  00FFED RLA    


Imports list:
-------------
__BSS_RUN__ ([linker generated]):
    zerobss.o                 common/zerobss.s:8
__BSS_SIZE__ ([linker generated]):
    zerobss.o                 common/zerobss.s:8
__CONSTRUCTOR_COUNT__ ([linker generated]):
    condes.o                  runtime/condes.s:18
__CONSTRUCTOR_TABLE__ ([linker generated]):
    condes.o                  runtime/condes.s:18
__DATA_LOAD__ ([linker generated]):
    copydata.o                common/copydata.s:8
__DATA_RUN__ ([linker generated]):
    copydata.o                common/copydata.s:8
__DATA_SIZE__ ([linker generated]):
    copydata.o                common/copydata.s:8
__DESTRUCTOR_COUNT__ ([linker generated]):
    condes.o                  runtime/condes.s:19
__DESTRUCTOR_TABLE__ ([linker generated]):
    condes.o                  runtime/condes.s:19
__RAM_SIZE__ ([linker generated]):
    crt0.o                    rp6502/crt0.s:10
__RAM_START__ ([linker generated]):
    crt0.o                    rp6502/crt0.s:10
__STACKSIZE__ ([linker generated]):
    [linker generated]        cfg/ext0x9000.cfg:9
__STARTADDR__ ([linker generated]):
    [linker generated]        cfg/ext0x9000.cfg:9
    [linker generated]        cfg/ext0x9000.cfg:9
__STARTUP__ (crt0.o):
    ext-mass.c.21528.0.o      ext-mass.c.21528.0.s:13
    [linker generated]        cfg/ext0x9000.cfg:3
___directerrno (_directerrno.o):
    vsnprintf.o               /home/wojciech/git/WojciechGw/cc65/asminc/errno.inc:10
    fclose.o                  common/fclose.s:10
___errno (errno.o):
    _seterrno.o               /home/wojciech/git/WojciechGw/cc65/asminc/errno.inc:7
    open.o                    ../libwrk/rp6502/open.s:22
    fgets.o                   common/fgets.s:8
___oserror (_oserror.o):
    _directerrno.o            /home/wojciech/git/WojciechGw/cc65/asminc/errno.inc:7
___seterrno (_seterrno.o):
    fwrite.o                  /home/wojciech/git/WojciechGw/cc65/asminc/errno.inc:9
    _fopen.o                  /home/wojciech/git/WojciechGw/cc65/asminc/errno.inc:9
    _directerrno.o            /home/wojciech/git/WojciechGw/cc65/asminc/errno.inc:9
    strtoul.o                 ../libwrk/rp6502/strtoul.s:22
    fopen.o                   /home/wojciech/git/WojciechGw/cc65/asminc/errno.inc:9
__ctype (ctype.o):
    ctypemask.o               common/ctypemask.s:23
__ctypeidx (ctype.o):
    ctypemask.o               common/ctypemask.s:24
__fdesc (_fdesc.o):
    fopen.o                   common/fopen.s:10
__filetab (_file.o):
    _fdesc.o                  /home/wojciech/git/WojciechGw/cc65/asminc/_file.inc:25
__fopen (_fopen.o):
    fopen.o                   common/fopen.s:10
__hextab (_hextab.o):
    ltoa.o                    common/ltoa.s:10
__longminstr (_longminstr.o):
    ltoa.o                    common/ltoa.s:10
__printf (_printf.o):
    vsnprintf.o               common/vsnprintf.s:10
    vfprintf.o                common/vfprintf.s:10
_close (close.o):
    fclose.o                  common/fclose.s:10
    ext-mass.c.21528.0.o      ext-mass.c.21528.0.s:37
_exit (crt0.o):
    ext-mass.c.21528.0.o      ext-mass.c.21528.0.s:22
_fclose (fclose.o):
    ext-mass.c.21528.0.o      ext-mass.c.21528.0.s:17
_fgetc (fgetc.o):
    fgets.o                   common/fgets.s:8
_fgets (fgets.o):
    ext-mass.c.21528.0.o      ext-mass.c.21528.0.s:18
_fopen (fopen.o):
    ext-mass.c.21528.0.o      ext-mass.c.21528.0.s:19
_fwrite (fwrite.o):
    vfprintf.o                common/vfprintf.s:10
_isalnum (isalnum.o):
    ext-mass.c.21528.0.o      ext-mass.c.21528.0.s:24
_isalpha (isalpha.o):
    ext-mass.c.21528.0.o      ext-mass.c.21528.0.s:25
_isdigit (isdigit.o):
    strtoul.o                 ../libwrk/rp6502/strtoul.s:18
    ext-mass.c.21528.0.o      ext-mass.c.21528.0.s:26
_islower (islower.o):
    strtoul.o                 ../libwrk/rp6502/strtoul.s:19
_isspace (isspace.o):
    strtoul.o                 ../libwrk/rp6502/strtoul.s:20
    ext-mass.c.21528.0.o      ext-mass.c.21528.0.s:27
_isupper (isupper.o):
    strtoul.o                 ../libwrk/rp6502/strtoul.s:21
_ltoa (ltoa.o):
    _printf.o                 common/_printf.s:12
_main (ext-mass.c.21528.0.o):
    crt0.o                    rp6502/crt0.s:7
    crt0_cmd.s.21528.1.o      crt0_cmd.s:2
_memcpy (memcpy.o):
    vsnprintf.o               common/vsnprintf.s:10
    ext-mass.c.21528.0.o      ext-mass.c.21528.0.s:34
_memmove (memmove.o):
    ext-mass.c.21528.0.o      ext-mass.c.21528.0.s:35
_open (open.o):
    _fopen.o                  common/_fopen.s:10
    ext-mass.c.21528.0.o      ext-mass.c.21528.0.s:36
_printf (printf.o):
    ext-mass.c.21528.0.o      ext-mass.c.21528.0.s:20
_read (read.o):
    fgetc.o                   common/fgetc.s:8
_read_xstack (read_xstack.o):
    read.o                    ../libwrk/rp6502/read.s:17
_ria_call_int (ria.o):
    read_xstack.o             ../libwrk/rp6502/read_xstack.s:18
    errno.o                   rp6502/errno.s:12
    write_xram.o              ../libwrk/rp6502/write_xram.s:18
    open.o                    ../libwrk/rp6502/open.s:21
    close.o                   ../libwrk/rp6502/close.s:18
_ria_push_int (ria.o):
    read_xstack.o             ../libwrk/rp6502/read_xstack.s:16
    write_xram.o              ../libwrk/rp6502/write_xram.s:16
_ria_set_ax (ria.o):
    read_xstack.o             ../libwrk/rp6502/read_xstack.s:17
    write_xram.o              ../libwrk/rp6502/write_xram.s:17
    open.o                    ../libwrk/rp6502/open.s:20
    close.o                   ../libwrk/rp6502/close.s:17
_sprintf (sprintf.o):
    ext-mass.c.21528.0.o      ext-mass.c.21528.0.s:21
_stdin (_file.o):
    ext-mass.c.21528.0.o      ext-mass.c.21528.0.s:16
_stdout (_file.o):
    printf.o                  common/printf.s:8
_strchr (strchr.o):
    ext-mass.c.21528.0.o      ext-mass.c.21528.0.s:29
_strcmp (strcmp.o):
    ext-mass.c.21528.0.o      ext-mass.c.21528.0.s:30
_strlen (strlen.o):
    _printf.o                 common/_printf.s:13
    open.o                    ../libwrk/rp6502/open.s:23
    ext-mass.c.21528.0.o      ext-mass.c.21528.0.s:31
_strlower (strlower.o):
    _printf.o                 common/_printf.s:13
_strncpy (strncpy.o):
    ext-mass.c.21528.0.o      ext-mass.c.21528.0.s:32
_strrchr (strrchr.o):
    ext-mass.c.21528.0.o      ext-mass.c.21528.0.s:33
_strtoul (strtoul.o):
    ext-mass.c.21528.0.o      ext-mass.c.21528.0.s:23
_toupper (toupper.o):
    ext-mass.c.21528.0.o      ext-mass.c.21528.0.s:28
_ultoa (ltoa.o):
    _printf.o                 common/_printf.s:12
_vfprintf (vfprintf.o):
    printf.o                  common/printf.s:8
_vsprintf (vsprintf.o):
    sprintf.o                 common/sprintf.s:8
_write (write_stub.c.21528.2.o):
    fwrite.o                  common/fwrite.s:10
_write_xram (write_xram.o):
    ext-mass.c.21528.0.o      ext-mass.c.21528.0.s:15
addeq0sp (addeqsp.o):
    ext-mass.c.21528.0.o      ext-mass.c.21528.0.s:10424
    ext-mass.c.21528.0.o      ext-mass.c.21528.0.s:10424
    ext-mass.c.21528.0.o      ext-mass.c.21528.0.s:10424
    ext-mass.c.21528.0.o      ext-mass.c.21528.0.s:10424
    ext-mass.c.21528.0.o      ext-mass.c.21528.0.s:10424
    ext-mass.c.21528.0.o      ext-mass.c.21528.0.s:10424
    ext-mass.c.21528.0.o      ext-mass.c.21528.0.s:10424
    ext-mass.c.21528.0.o      ext-mass.c.21528.0.s:10424
    ext-mass.c.21528.0.o      ext-mass.c.21528.0.s:10424
    ext-mass.c.21528.0.o      ext-mass.c.21528.0.s:10424
    ext-mass.c.21528.0.o      ext-mass.c.21528.0.s:10424
    ext-mass.c.21528.0.o      ext-mass.c.21528.0.s:10424
    ext-mass.c.21528.0.o      ext-mass.c.21528.0.s:10424
    ext-mass.c.21528.0.o      ext-mass.c.21528.0.s:10424
addeqysp (addeqsp.o):
    read_xstack.o             ../libwrk/rp6502/read_xstack.s:94
    read.o                    ../libwrk/rp6502/read.s:116
    strtoul.o                 ../libwrk/rp6502/strtoul.s:369
    write_stub.c.21528.2.o    write_stub.c.21528.2.s:64
    ext-mass.c.21528.0.o      ext-mass.c.21528.0.s:10424
    ext-mass.c.21528.0.o      ext-mass.c.21528.0.s:10424
    ext-mass.c.21528.0.o      ext-mass.c.21528.0.s:10424
    ext-mass.c.21528.0.o      ext-mass.c.21528.0.s:10424
    ext-mass.c.21528.0.o      ext-mass.c.21528.0.s:10424
    ext-mass.c.21528.0.o      ext-mass.c.21528.0.s:10424
    ext-mass.c.21528.0.o      ext-mass.c.21528.0.s:10424
    ext-mass.c.21528.0.o      ext-mass.c.21528.0.s:10424
addysp (addysp.o):
    read_xstack.o             ../libwrk/rp6502/read_xstack.s:94
    read.o                    ../libwrk/rp6502/read.s:116
    leave.o                   runtime/leave.s:14
    fwrite.o                  common/fwrite.s:11
    strtoul.o                 ../libwrk/rp6502/strtoul.s:369
    sprintf.o                 common/sprintf.s:8
    printf.o                  common/printf.s:8
    incsp8.o                  runtime/incsp8.s:8
    incsp7.o                  runtime/incsp7.s:8
    incsp6.o                  runtime/incsp6.s:8
    incsp5.o                  runtime/incsp5.s:8
    incsp4.o                  runtime/incsp4.s:8
    incsp3.o                  runtime/incsp3.s:8
    write_stub.c.21528.2.o    write_stub.c.21528.2.s:64
    ext-mass.c.21528.0.o      ext-mass.c.21528.0.s:10424
    ext-mass.c.21528.0.o      ext-mass.c.21528.0.s:10424
    ext-mass.c.21528.0.o      ext-mass.c.21528.0.s:10424
    ext-mass.c.21528.0.o      ext-mass.c.21528.0.s:10424
    ext-mass.c.21528.0.o      ext-mass.c.21528.0.s:10424
    ext-mass.c.21528.0.o      ext-mass.c.21528.0.s:10424
    ext-mass.c.21528.0.o      ext-mass.c.21528.0.s:10424
    ext-mass.c.21528.0.o      ext-mass.c.21528.0.s:10424
addysp1 (addysp.o):
    ludiv.o                   runtime/ludiv.s:9
    lmul.o                    runtime/lmul.s:9
    ladd.o                    runtime/ladd.s:8
    sub.o                     runtime/sub.s:8
axlong (axlong.o):
    _printf.o                 common/_printf.s:11
    strtoul.o                 ../libwrk/rp6502/strtoul.s:369
axulong (axlong.o):
    _printf.o                 common/_printf.s:11
    strtoul.o                 ../libwrk/rp6502/strtoul.s:369
bnegax (bneg.o):
    ext-mass.c.21528.0.o      ext-mass.c.21528.0.s:10424
    ext-mass.c.21528.0.o      ext-mass.c.21528.0.s:10424
    ext-mass.c.21528.0.o      ext-mass.c.21528.0.s:10424
    ext-mass.c.21528.0.o      ext-mass.c.21528.0.s:10424
booleq (makebool.o):
    leq.o                     runtime/leq.s:8
boolugt (makebool.o):
    lugt.o                    runtime/lugt.s:8
c_sp (zeropage.o):
    lcmp.o                    runtime/lcmp.s:10
    vsnprintf.o               common/vsnprintf.s:11
    read_xstack.o             ../libwrk/rp6502/read_xstack.s:10
    read.o                    ../libwrk/rp6502/read.s:10
    ludiv.o                   runtime/ludiv.s:10
    lpush.o                   runtime/lpush.s:13
    lmul.o                    runtime/lmul.s:10
    leave.o                   runtime/leave.s:15
    leaaxsp.o                 runtime/leaaxsp.s:8
    ldptr1sp.o                runtime/ldptr1sp.s:8
    ldeaxysp.o                runtime/ldeaxysp.s:12
    ladd.o                    runtime/ladd.s:9
    enter.o                   runtime/enter.s:8
    _printf.o                 /home/wojciech/git/WojciechGw/cc65/asminc/zeropage.inc:11
    _fopen.o                  common/_fopen.s:12
    vfprintf.o                common/vfprintf.s:11
    subysp.o                  runtime/subysp.s:9
    subeqsp.o                 runtime/subeqsp.s:8
    sub.o                     runtime/sub.s:9
    strtoul.o                 ../libwrk/rp6502/strtoul.s:10
    steaxsp.o                 runtime/steaxsp.s:8
    staxspi.o                 runtime/staxspi.s:10
    staxsp.o                  runtime/staxsp.s:8
    staspidx.o                runtime/staspidx.s:9
    sprintf.o                 common/sprintf.s:9
    pushwsp.o                 runtime/pushwsp.s:8
    pushax.o                  runtime/pushax.s:8
    pusha.o                   runtime/pusha.s:8
    printf.o                  common/printf.s:9
    popptr1.o                 runtime/popptr1.s:9
    open.o                    ../libwrk/rp6502/open.s:10
    memcpy.o                  common/memcpy.s:15
    ldaxsp.o                  runtime/ldaxsp.s:8
    incsp2.o                  runtime/incsp2.s:8
    incsp1.o                  runtime/incsp1.s:8
    icmp.o                    runtime/icmp.s:9
    decsp8.o                  runtime/decsp8.s:8
    decsp6.o                  runtime/decsp6.s:8
    decsp4.o                  runtime/decsp4.s:8
    decsp3.o                  runtime/decsp3.s:8
    decsp2.o                  runtime/decsp2.s:8
    crt0.o                    /home/wojciech/git/WojciechGw/cc65/asminc/zeropage.inc:11
    addysp.o                  runtime/addysp.s:8
    addeqsp.o                 runtime/addeqsp.s:8
    write_stub.c.21528.2.o    write_stub.c.21528.2.s:10
    ext-mass.c.21528.0.o      ext-mass.c.21528.0.s:10
checkferror (checkferror.o):
    fgetc.o                   common/fgetc.s:8
copydata (copydata.o):
    crt0.o                    rp6502/crt0.s:12
ctypemask (ctypemask.o):
    isupper.o                 common/isupper.s:15
    islower.o                 common/islower.s:15
    isspace.o                 common/isspace.s:15
    isdigit.o                 common/isdigit.s:15
    isalpha.o                 common/isalpha.s:15
    isalnum.o                 common/isalnum.s:15
ctypemaskdirect (ctypemask.o):
    strlower.o                common/strlower.s:14
    toupper.o                 common/toupper.s:15
decax1 (decax1.o):
    open.o                    ../libwrk/rp6502/open.s:105
decaxy (decaxy.o):
    strtoul.o                 ../libwrk/rp6502/strtoul.s:369
decsp2 (decsp2.o):
    ext-mass.c.21528.0.o      ext-mass.c.21528.0.s:10424
    ext-mass.c.21528.0.o      ext-mass.c.21528.0.s:10424
    ext-mass.c.21528.0.o      ext-mass.c.21528.0.s:10424
    ext-mass.c.21528.0.o      ext-mass.c.21528.0.s:10424
    ext-mass.c.21528.0.o      ext-mass.c.21528.0.s:10424
    ext-mass.c.21528.0.o      ext-mass.c.21528.0.s:10424
    ext-mass.c.21528.0.o      ext-mass.c.21528.0.s:10424
    ext-mass.c.21528.0.o      ext-mass.c.21528.0.s:10424
    ext-mass.c.21528.0.o      ext-mass.c.21528.0.s:10424
    ext-mass.c.21528.0.o      ext-mass.c.21528.0.s:10424
    ext-mass.c.21528.0.o      ext-mass.c.21528.0.s:10424
    ext-mass.c.21528.0.o      ext-mass.c.21528.0.s:10424
decsp3 (decsp3.o):
    ext-mass.c.21528.0.o      ext-mass.c.21528.0.s:10424
    ext-mass.c.21528.0.o      ext-mass.c.21528.0.s:10424
decsp4 (decsp4.o):
    read_xstack.o             ../libwrk/rp6502/read_xstack.s:94
    lpush.o                   runtime/lpush.s:12
    sprintf.o                 common/sprintf.s:8
    ext-mass.c.21528.0.o      ext-mass.c.21528.0.s:10424
    ext-mass.c.21528.0.o      ext-mass.c.21528.0.s:10424
    ext-mass.c.21528.0.o      ext-mass.c.21528.0.s:10424
    ext-mass.c.21528.0.o      ext-mass.c.21528.0.s:10424
    ext-mass.c.21528.0.o      ext-mass.c.21528.0.s:10424
    ext-mass.c.21528.0.o      ext-mass.c.21528.0.s:10424
    ext-mass.c.21528.0.o      ext-mass.c.21528.0.s:10424
    ext-mass.c.21528.0.o      ext-mass.c.21528.0.s:10424
    ext-mass.c.21528.0.o      ext-mass.c.21528.0.s:10424
    ext-mass.c.21528.0.o      ext-mass.c.21528.0.s:10424
    ext-mass.c.21528.0.o      ext-mass.c.21528.0.s:10424
    ext-mass.c.21528.0.o      ext-mass.c.21528.0.s:10424
    ext-mass.c.21528.0.o      ext-mass.c.21528.0.s:10424
    ext-mass.c.21528.0.o      ext-mass.c.21528.0.s:10424
    ext-mass.c.21528.0.o      ext-mass.c.21528.0.s:10424
decsp6 (decsp6.o):
    _printf.o                 common/_printf.s:11
    strtoul.o                 ../libwrk/rp6502/strtoul.s:369
    ext-mass.c.21528.0.o      ext-mass.c.21528.0.s:10424
    ext-mass.c.21528.0.o      ext-mass.c.21528.0.s:10424
    ext-mass.c.21528.0.o      ext-mass.c.21528.0.s:10424
decsp8 (decsp8.o):
    ext-mass.c.21528.0.o      ext-mass.c.21528.0.s:10424
    ext-mass.c.21528.0.o      ext-mass.c.21528.0.s:10424
donelib (condes.o):
    crt0.o                    rp6502/crt0.s:12
    crt0_cmd.s.21528.1.o      crt0_cmd.s:2
enter (enter.o):
    open.o                    ../libwrk/rp6502/open.s:105
getlop (ludiv.o):
    lumod.o                   runtime/lumod.s:9
incsp1 (incsp1.o):
    ext-mass.c.21528.0.o      ext-mass.c.21528.0.s:10424
    ext-mass.c.21528.0.o      ext-mass.c.21528.0.s:10424
    ext-mass.c.21528.0.o      ext-mass.c.21528.0.s:10424
incsp2 (incsp2.o):
    vsnprintf.o               common/vsnprintf.s:9
    fgetc.o                   common/fgetc.s:9
    staxspi.o                 runtime/staxspi.s:9
    staspidx.o                runtime/staspidx.s:8
    popptr1.o                 runtime/popptr1.s:8
    close.o                   ../libwrk/rp6502/close.s:47
    ext-mass.c.21528.0.o      ext-mass.c.21528.0.s:10424
    ext-mass.c.21528.0.o      ext-mass.c.21528.0.s:10424
    ext-mass.c.21528.0.o      ext-mass.c.21528.0.s:10424
    ext-mass.c.21528.0.o      ext-mass.c.21528.0.s:10424
    ext-mass.c.21528.0.o      ext-mass.c.21528.0.s:10424
    ext-mass.c.21528.0.o      ext-mass.c.21528.0.s:10424
    ext-mass.c.21528.0.o      ext-mass.c.21528.0.s:10424
    ext-mass.c.21528.0.o      ext-mass.c.21528.0.s:10424
    ext-mass.c.21528.0.o      ext-mass.c.21528.0.s:10424
    ext-mass.c.21528.0.o      ext-mass.c.21528.0.s:10424
    ext-mass.c.21528.0.o      ext-mass.c.21528.0.s:10424
    ext-mass.c.21528.0.o      ext-mass.c.21528.0.s:10424
    ext-mass.c.21528.0.o      ext-mass.c.21528.0.s:10424
    ext-mass.c.21528.0.o      ext-mass.c.21528.0.s:10424
    ext-mass.c.21528.0.o      ext-mass.c.21528.0.s:10424
    ext-mass.c.21528.0.o      ext-mass.c.21528.0.s:10424
    ext-mass.c.21528.0.o      ext-mass.c.21528.0.s:10424
    ext-mass.c.21528.0.o      ext-mass.c.21528.0.s:10424
    ext-mass.c.21528.0.o      ext-mass.c.21528.0.s:10424
incsp3 (incsp3.o):
    ext-mass.c.21528.0.o      ext-mass.c.21528.0.s:10424
    ext-mass.c.21528.0.o      ext-mass.c.21528.0.s:10424
    ext-mass.c.21528.0.o      ext-mass.c.21528.0.s:10424
    ext-mass.c.21528.0.o      ext-mass.c.21528.0.s:10424
incsp4 (incsp4.o):
    lcmp.o                    runtime/lcmp.s:9
    read.o                    ../libwrk/rp6502/read.s:116
    _fopen.o                  common/_fopen.s:11
    ext-mass.c.21528.0.o      ext-mass.c.21528.0.s:10424
    ext-mass.c.21528.0.o      ext-mass.c.21528.0.s:10424
    ext-mass.c.21528.0.o      ext-mass.c.21528.0.s:10424
    ext-mass.c.21528.0.o      ext-mass.c.21528.0.s:10424
    ext-mass.c.21528.0.o      ext-mass.c.21528.0.s:10424
    ext-mass.c.21528.0.o      ext-mass.c.21528.0.s:10424
    ext-mass.c.21528.0.o      ext-mass.c.21528.0.s:10424
    ext-mass.c.21528.0.o      ext-mass.c.21528.0.s:10424
incsp5 (incsp5.o):
    ext-mass.c.21528.0.o      ext-mass.c.21528.0.s:10424
    ext-mass.c.21528.0.o      ext-mass.c.21528.0.s:10424
    ext-mass.c.21528.0.o      ext-mass.c.21528.0.s:10424
incsp6 (incsp6.o):
    vsnprintf.o               common/vsnprintf.s:9
    fwrite.o                  common/fwrite.s:11
    write_xram.o              ../libwrk/rp6502/write_xram.s:57
    vfprintf.o                common/vfprintf.s:9
    ext-mass.c.21528.0.o      ext-mass.c.21528.0.s:10424
    ext-mass.c.21528.0.o      ext-mass.c.21528.0.s:10424
    ext-mass.c.21528.0.o      ext-mass.c.21528.0.s:10424
incsp7 (incsp7.o):
    ext-mass.c.21528.0.o      ext-mass.c.21528.0.s:10424
    ext-mass.c.21528.0.o      ext-mass.c.21528.0.s:10424
incsp8 (incsp8.o):
    read.o                    ../libwrk/rp6502/read.s:116
    ext-mass.c.21528.0.o      ext-mass.c.21528.0.s:10424
    ext-mass.c.21528.0.o      ext-mass.c.21528.0.s:10424
    ext-mass.c.21528.0.o      ext-mass.c.21528.0.s:10424
    ext-mass.c.21528.0.o      ext-mass.c.21528.0.s:10424
    ext-mass.c.21528.0.o      ext-mass.c.21528.0.s:10424
    ext-mass.c.21528.0.o      ext-mass.c.21528.0.s:10424
    ext-mass.c.21528.0.o      ext-mass.c.21528.0.s:10424
    ext-mass.c.21528.0.o      ext-mass.c.21528.0.s:10424
    ext-mass.c.21528.0.o      ext-mass.c.21528.0.s:10424
initlib (condes.o):
    crt0.o                    rp6502/crt0.s:12
    crt0_cmd.s.21528.1.o      crt0_cmd.s:2
initmainargs (initmainargs.s.21528.3.o):
    ext-mass.c.21528.0.o      ext-mass.c.21528.0.s:14
ldax0sp (ldaxsp.o):
    read_xstack.o             ../libwrk/rp6502/read_xstack.s:94
    read.o                    ../libwrk/rp6502/read.s:116
    write_xram.o              ../libwrk/rp6502/write_xram.s:57
    open.o                    ../libwrk/rp6502/open.s:105
    close.o                   ../libwrk/rp6502/close.s:47
ldaxi (ldaxi.o):
    open.o                    ../libwrk/rp6502/open.s:105
ldaxysp (ldaxsp.o):
    vsnprintf.o               common/vsnprintf.s:9
    read_xstack.o             ../libwrk/rp6502/read_xstack.s:94
    read.o                    ../libwrk/rp6502/read.s:116
    fwrite.o                  common/fwrite.s:11
    write_xram.o              ../libwrk/rp6502/write_xram.s:57
    strtoul.o                 ../libwrk/rp6502/strtoul.s:369
ldeaxysp (ldeaxysp.o):
    strtoul.o                 ../libwrk/rp6502/strtoul.s:369
ldptr1ysp (ldptr1sp.o):
    strtoul.o                 ../libwrk/rp6502/strtoul.s:369
leaa0sp (leaaxsp.o):
    open.o                    ../libwrk/rp6502/open.s:105
leavey (leave.o):
    open.o                    ../libwrk/rp6502/open.s:105
memcpy_getparams (memcpy.o):
    memmove.o                 common/memmove.s:12
memcpy_upwards (memcpy.o):
    memmove.o                 common/memmove.s:12
mul8x16 (mul8.o):
    mul.o                     runtime/mul.s:8
mul8x16a (mul8.o):
    mul.o                     runtime/mul.s:8
negeax (lneg.o):
    ltoa.o                    common/ltoa.s:9
    strtoul.o                 ../libwrk/rp6502/strtoul.s:369
popax (incsp2.o):
    vsnprintf.o               common/vsnprintf.s:9
    ltoa.o                    common/ltoa.s:9
    _printf.o                 common/_printf.s:11
    strrchr.o                 common/strrchr.s:9
    strncpy.o                 common/strncpy.s:8
    strchr.o                  common/strchr.s:9
    memmove.o                 common/memmove.s:12
    memcpy.o                  common/memcpy.s:14
    fgets.o                   common/fgets.s:8
popptr1 (popptr1.o):
    udiv.o                    runtime/udiv.s:9
    mul.o                     runtime/mul.s:9
    ltoa.o                    common/ltoa.s:9
    fgetc.o                   common/fgetc.s:9
    strncpy.o                 common/strncpy.s:8
    strcmp.o                  common/strcmp.s:8
    mul8.o                    runtime/mul8.s:9
    memcpy.o                  common/memcpy.s:14
    fgets.o                   common/fgets.s:8
ptr1 (zeropage.o):
    lcmp.o                    runtime/lcmp.s:10
    checkferror.o             common/checkferror.s:12
    vsnprintf.o               common/vsnprintf.s:11
    udiv.o                    runtime/udiv.s:10
    strlower.o                common/strlower.s:13
    read_xstack.o             ../libwrk/rp6502/read_xstack.s:11
    mul.o                     runtime/mul.s:10
    ludiv.o                   runtime/ludiv.s:10
    ltoa.o                    common/ltoa.s:11
    lmul.o                    runtime/lmul.s:10
    ldptr1sp.o                runtime/ldptr1sp.s:8
    ldaxi.o                   runtime/ldaxi.s:8
    fwrite.o                  common/fwrite.s:14
    fgetc.o                   common/fgetc.s:10
    copydata.o                common/copydata.s:9
    _printf.o                 /home/wojciech/git/WojciechGw/cc65/asminc/zeropage.inc:12
    _fopen.o                  common/_fopen.s:12
    zerobss.o                 common/zerobss.s:9
    vfprintf.o                common/vfprintf.s:11
    strtoul.o                 ../libwrk/rp6502/strtoul.s:11
    strrchr.o                 common/strrchr.s:10
    strncpy.o                 common/strncpy.s:9
    strcmp.o                  common/strcmp.s:9
    strchr.o                  common/strchr.s:10
    staxspi.o                 runtime/staxspi.s:10
    staspidx.o                runtime/staspidx.s:9
    sprintf.o                 common/sprintf.s:9
    pushptr1.o                runtime/pushptr1.s:9
    printf.o                  common/printf.s:9
    popptr1.o                 runtime/popptr1.s:9
    open.o                    ../libwrk/rp6502/open.s:11
    mul8.o                    runtime/mul8.s:10
    memmove.o                 common/memmove.s:13
    memcpy.o                  common/memcpy.s:15
    fgets.o                   common/fgets.s:9
    fclose.o                  common/fclose.s:11
    write_stub.c.21528.2.o    write_stub.c.21528.2.s:11
    ext-mass.c.21528.0.o      ext-mass.c.21528.0.s:11
ptr2 (zeropage.o):
    strlower.o                common/strlower.s:13
    lumod.o                   runtime/lumod.s:10
    ludiv.o                   runtime/ludiv.s:10
    ltoa.o                    common/ltoa.s:11
    copydata.o                common/copydata.s:9
    _printf.o                 /home/wojciech/git/WojciechGw/cc65/asminc/zeropage.inc:12
    strncpy.o                 common/strncpy.s:9
    strcmp.o                  common/strcmp.s:9
    memmove.o                 common/memmove.s:13
    memcpy.o                  common/memcpy.s:15
ptr3 (zeropage.o):
    ludiv.o                   runtime/ludiv.s:10
    ltoa.o                    common/ltoa.s:11
    lmul.o                    runtime/lmul.s:10
    memmove.o                 common/memmove.s:13
    memcpy.o                  common/memcpy.s:15
ptr4 (zeropage.o):
    udiv.o                    runtime/udiv.s:10
    mul.o                     runtime/mul.s:10
    ludiv.o                   runtime/ludiv.s:10
    lmul.o                    runtime/lmul.s:10
    strlen.o                  common/strlen.s:12
    mul8.o                    runtime/mul8.s:10
    fgets.o                   common/fgets.s:9
push0 (pushax.o):
    read.o                    ../libwrk/rp6502/read.s:116
    strtoul.o                 ../libwrk/rp6502/strtoul.s:369
    ext-mass.c.21528.0.o      ext-mass.c.21528.0.s:10424
    ext-mass.c.21528.0.o      ext-mass.c.21528.0.s:10424
    ext-mass.c.21528.0.o      ext-mass.c.21528.0.s:10424
    ext-mass.c.21528.0.o      ext-mass.c.21528.0.s:10424
    ext-mass.c.21528.0.o      ext-mass.c.21528.0.s:10424
    ext-mass.c.21528.0.o      ext-mass.c.21528.0.s:10424
    ext-mass.c.21528.0.o      ext-mass.c.21528.0.s:10424
    ext-mass.c.21528.0.o      ext-mass.c.21528.0.s:10424
push1 (push1.o):
    _printf.o                 common/_printf.s:11
    vfprintf.o                common/vfprintf.s:9
pusha (pusha.o):
    strtoul.o                 ../libwrk/rp6502/strtoul.s:369
    ext-mass.c.21528.0.o      ext-mass.c.21528.0.s:10424
    ext-mass.c.21528.0.o      ext-mass.c.21528.0.s:10424
    ext-mass.c.21528.0.o      ext-mass.c.21528.0.s:10424
    ext-mass.c.21528.0.o      ext-mass.c.21528.0.s:10424
    ext-mass.c.21528.0.o      ext-mass.c.21528.0.s:10424
    ext-mass.c.21528.0.o      ext-mass.c.21528.0.s:10424
    ext-mass.c.21528.0.o      ext-mass.c.21528.0.s:10424
    ext-mass.c.21528.0.o      ext-mass.c.21528.0.s:10424
    ext-mass.c.21528.0.o      ext-mass.c.21528.0.s:10424
pusha0 (pushax.o):
    push1.o                   runtime/push1.s:8
    fwrite.o                  common/fwrite.s:11
    fgetc.o                   common/fgetc.s:9
    ext-mass.c.21528.0.o      ext-mass.c.21528.0.s:10424
    ext-mass.c.21528.0.o      ext-mass.c.21528.0.s:10424
pushax (pushax.o):
    read_xstack.o             ../libwrk/rp6502/read_xstack.s:94
    read.o                    ../libwrk/rp6502/read.s:116
    fwrite.o                  common/fwrite.s:11
    fgetc.o                   common/fgetc.s:9
    _printf.o                 common/_printf.s:11
    write_xram.o              ../libwrk/rp6502/write_xram.s:57
    strtoul.o                 ../libwrk/rp6502/strtoul.s:369
    pushptr1.o                runtime/pushptr1.s:8
    printf.o                  common/printf.s:8
    open.o                    ../libwrk/rp6502/open.s:105
    fopen.o                   common/fopen.s:11
    close.o                   ../libwrk/rp6502/close.s:47
    write_stub.c.21528.2.o    write_stub.c.21528.2.s:64
    ext-mass.c.21528.0.o      ext-mass.c.21528.0.s:10424
    ext-mass.c.21528.0.o      ext-mass.c.21528.0.s:10424
    ext-mass.c.21528.0.o      ext-mass.c.21528.0.s:10424
    ext-mass.c.21528.0.o      ext-mass.c.21528.0.s:10424
    ext-mass.c.21528.0.o      ext-mass.c.21528.0.s:10424
    ext-mass.c.21528.0.o      ext-mass.c.21528.0.s:10424
    ext-mass.c.21528.0.o      ext-mass.c.21528.0.s:10424
    ext-mass.c.21528.0.o      ext-mass.c.21528.0.s:10424
    ext-mass.c.21528.0.o      ext-mass.c.21528.0.s:10424
    ext-mass.c.21528.0.o      ext-mass.c.21528.0.s:10424
    ext-mass.c.21528.0.o      ext-mass.c.21528.0.s:10424
    ext-mass.c.21528.0.o      ext-mass.c.21528.0.s:10424
    ext-mass.c.21528.0.o      ext-mass.c.21528.0.s:10424
    ext-mass.c.21528.0.o      ext-mass.c.21528.0.s:10424
    ext-mass.c.21528.0.o      ext-mass.c.21528.0.s:10424
    ext-mass.c.21528.0.o      ext-mass.c.21528.0.s:10424
    ext-mass.c.21528.0.o      ext-mass.c.21528.0.s:10424
    ext-mass.c.21528.0.o      ext-mass.c.21528.0.s:10424
    ext-mass.c.21528.0.o      ext-mass.c.21528.0.s:10424
    ext-mass.c.21528.0.o      ext-mass.c.21528.0.s:10424
    ext-mass.c.21528.0.o      ext-mass.c.21528.0.s:10424
    ext-mass.c.21528.0.o      ext-mass.c.21528.0.s:10424
    ext-mass.c.21528.0.o      ext-mass.c.21528.0.s:10424
    ext-mass.c.21528.0.o      ext-mass.c.21528.0.s:10424
    ext-mass.c.21528.0.o      ext-mass.c.21528.0.s:10424
    ext-mass.c.21528.0.o      ext-mass.c.21528.0.s:10424
    ext-mass.c.21528.0.o      ext-mass.c.21528.0.s:10424
    ext-mass.c.21528.0.o      ext-mass.c.21528.0.s:10424
    ext-mass.c.21528.0.o      ext-mass.c.21528.0.s:10424
    ext-mass.c.21528.0.o      ext-mass.c.21528.0.s:10424
    ext-mass.c.21528.0.o      ext-mass.c.21528.0.s:10424
    ext-mass.c.21528.0.o      ext-mass.c.21528.0.s:10424
    ext-mass.c.21528.0.o      ext-mass.c.21528.0.s:10424
    ext-mass.c.21528.0.o      ext-mass.c.21528.0.s:10424
    ext-mass.c.21528.0.o      ext-mass.c.21528.0.s:10424
    ext-mass.c.21528.0.o      ext-mass.c.21528.0.s:10424
    ext-mass.c.21528.0.o      ext-mass.c.21528.0.s:10424
    ext-mass.c.21528.0.o      ext-mass.c.21528.0.s:10424
    ext-mass.c.21528.0.o      ext-mass.c.21528.0.s:10424
    ext-mass.c.21528.0.o      ext-mass.c.21528.0.s:10424
    ext-mass.c.21528.0.o      ext-mass.c.21528.0.s:10424
    ext-mass.c.21528.0.o      ext-mass.c.21528.0.s:10424
    ext-mass.c.21528.0.o      ext-mass.c.21528.0.s:10424
pusheax (lpush.o):
    _printf.o                 common/_printf.s:11
    strtoul.o                 ../libwrk/rp6502/strtoul.s:369
pushl0 (lpush.o):
    strtoul.o                 ../libwrk/rp6502/strtoul.s:369
pushptr1 (pushptr1.o):
    fgets.o                   common/fgets.s:8
pushw0sp (pushwsp.o):
    vsprintf.o                common/vsprintf.s:8
    ext-mass.c.21528.0.o      ext-mass.c.21528.0.s:10424
    ext-mass.c.21528.0.o      ext-mass.c.21528.0.s:10424
    ext-mass.c.21528.0.o      ext-mass.c.21528.0.s:10424
    ext-mass.c.21528.0.o      ext-mass.c.21528.0.s:10424
    ext-mass.c.21528.0.o      ext-mass.c.21528.0.s:10424
    ext-mass.c.21528.0.o      ext-mass.c.21528.0.s:10424
    ext-mass.c.21528.0.o      ext-mass.c.21528.0.s:10424
    ext-mass.c.21528.0.o      ext-mass.c.21528.0.s:10424
    ext-mass.c.21528.0.o      ext-mass.c.21528.0.s:10424
pushwysp (pushwsp.o):
    read.o                    ../libwrk/rp6502/read.s:116
    fwrite.o                  common/fwrite.s:11
    vfprintf.o                common/vfprintf.s:9
    write_stub.c.21528.2.o    write_stub.c.21528.2.s:64
    ext-mass.c.21528.0.o      ext-mass.c.21528.0.s:10424
    ext-mass.c.21528.0.o      ext-mass.c.21528.0.s:10424
    ext-mass.c.21528.0.o      ext-mass.c.21528.0.s:10424
    ext-mass.c.21528.0.o      ext-mass.c.21528.0.s:10424
    ext-mass.c.21528.0.o      ext-mass.c.21528.0.s:10424
    ext-mass.c.21528.0.o      ext-mass.c.21528.0.s:10424
    ext-mass.c.21528.0.o      ext-mass.c.21528.0.s:10424
    ext-mass.c.21528.0.o      ext-mass.c.21528.0.s:10424
    ext-mass.c.21528.0.o      ext-mass.c.21528.0.s:10424
    ext-mass.c.21528.0.o      ext-mass.c.21528.0.s:10424
    ext-mass.c.21528.0.o      ext-mass.c.21528.0.s:10424
    ext-mass.c.21528.0.o      ext-mass.c.21528.0.s:10424
regbank (zeropage.o):
    _printf.o                 /home/wojciech/git/WojciechGw/cc65/asminc/zeropage.inc:14
    strtoul.o                 ../libwrk/rp6502/strtoul.s:10
regsave (zeropage.o):
    ext-mass.c.21528.0.o      ext-mass.c.21528.0.s:10
return0 (return0.o):
    _fopen.o                  common/_fopen.s:11
    _fdesc.o                  common/_fdesc.s:9
    fgets.o                   common/fgets.s:8
returnFFFF (returnFFFF.o):
    fgetc.o                   common/fgetc.s:9
shlax2 (aslax2.o):
    ext-mass.c.21528.0.o      ext-mass.c.21528.0.s:10424
shlax4 (aslax4.o):
    ext-mass.c.21528.0.o      ext-mass.c.21528.0.s:10424
sreg (zeropage.o):
    lcmp.o                    runtime/lcmp.s:10
    udiv.o                    runtime/udiv.s:10
    lumod.o                   runtime/lumod.s:10
    ludiv.o                   runtime/ludiv.s:10
    ltoa.o                    common/ltoa.s:11
    lpush.o                   runtime/lpush.s:13
    lneg.o                    runtime/lneg.s:11
    lmul.o                    runtime/lmul.s:10
    ldeaxysp.o                runtime/ldeaxysp.s:12
    ladd.o                    runtime/ladd.s:9
    axlong.o                  runtime/axlong.s:9
    _printf.o                 /home/wojciech/git/WojciechGw/cc65/asminc/zeropage.inc:11
    strtoul.o                 ../libwrk/rp6502/strtoul.s:10
    steaxsp.o                 runtime/steaxsp.s:8
    ria.o                     rp6502/ria.s:13
    icmp.o                    runtime/icmp.s:9
    ext-mass.c.21528.0.o      ext-mass.c.21528.0.s:10
staspidx (staspidx.o):
    ext-mass.c.21528.0.o      ext-mass.c.21528.0.s:10424
stax0sp (staxsp.o):
    read_xstack.o             ../libwrk/rp6502/read_xstack.s:94
    ext-mass.c.21528.0.o      ext-mass.c.21528.0.s:10424
    ext-mass.c.21528.0.o      ext-mass.c.21528.0.s:10424
    ext-mass.c.21528.0.o      ext-mass.c.21528.0.s:10424
    ext-mass.c.21528.0.o      ext-mass.c.21528.0.s:10424
    ext-mass.c.21528.0.o      ext-mass.c.21528.0.s:10424
    ext-mass.c.21528.0.o      ext-mass.c.21528.0.s:10424
    ext-mass.c.21528.0.o      ext-mass.c.21528.0.s:10424
    ext-mass.c.21528.0.o      ext-mass.c.21528.0.s:10424
staxspidx (staxspi.o):
    ext-mass.c.21528.0.o      ext-mass.c.21528.0.s:10424
staxysp (staxsp.o):
    read_xstack.o             ../libwrk/rp6502/read_xstack.s:94
    vsprintf.o                common/vsprintf.s:8
    strtoul.o                 ../libwrk/rp6502/strtoul.s:369
    ext-mass.c.21528.0.o      ext-mass.c.21528.0.s:10424
    ext-mass.c.21528.0.o      ext-mass.c.21528.0.s:10424
    ext-mass.c.21528.0.o      ext-mass.c.21528.0.s:10424
    ext-mass.c.21528.0.o      ext-mass.c.21528.0.s:10424
    ext-mass.c.21528.0.o      ext-mass.c.21528.0.s:10424
    ext-mass.c.21528.0.o      ext-mass.c.21528.0.s:10424
    ext-mass.c.21528.0.o      ext-mass.c.21528.0.s:10424
    ext-mass.c.21528.0.o      ext-mass.c.21528.0.s:10424
    ext-mass.c.21528.0.o      ext-mass.c.21528.0.s:10424
    ext-mass.c.21528.0.o      ext-mass.c.21528.0.s:10424
steax0sp (steaxsp.o):
    ext-mass.c.21528.0.o      ext-mass.c.21528.0.s:10424
steaxysp (steaxsp.o):
    strtoul.o                 ../libwrk/rp6502/strtoul.s:369
    ext-mass.c.21528.0.o      ext-mass.c.21528.0.s:10424
subeq0sp (subeqsp.o):
    open.o                    ../libwrk/rp6502/open.s:105
    write_stub.c.21528.2.o    write_stub.c.21528.2.s:64
    ext-mass.c.21528.0.o      ext-mass.c.21528.0.s:10424
    ext-mass.c.21528.0.o      ext-mass.c.21528.0.s:10424
    ext-mass.c.21528.0.o      ext-mass.c.21528.0.s:10424
subeqysp (subeqsp.o):
    read.o                    ../libwrk/rp6502/read.s:116
subysp (subysp.o):
    ext-mass.c.21528.0.o      ext-mass.c.21528.0.s:10424
    ext-mass.c.21528.0.o      ext-mass.c.21528.0.s:10424
    ext-mass.c.21528.0.o      ext-mass.c.21528.0.s:10424
    ext-mass.c.21528.0.o      ext-mass.c.21528.0.s:10424
    ext-mass.c.21528.0.o      ext-mass.c.21528.0.s:10424
    ext-mass.c.21528.0.o      ext-mass.c.21528.0.s:10424
tmp1 (zeropage.o):
    mul.o                     runtime/mul.s:10
    ltoa.o                    common/ltoa.s:11
    ladd.o                    runtime/ladd.s:9
    decaxy.o                  runtime/decaxy.s:8
    copydata.o                common/copydata.s:9
    _printf.o                 /home/wojciech/git/WojciechGw/cc65/asminc/zeropage.inc:13
    strtoul.o                 ../libwrk/rp6502/strtoul.s:11
    strrchr.o                 common/strrchr.s:10
    strncpy.o                 common/strncpy.s:9
    strchr.o                  common/strchr.s:10
    staxspi.o                 runtime/staxspi.s:10
    staspidx.o                runtime/staspidx.s:9
    aslax4.o                  runtime/aslax4.s:8
    aslax2.o                  runtime/aslax2.s:8
    ext-mass.c.21528.0.o      ext-mass.c.21528.0.s:11
tmp2 (zeropage.o):
    lmul.o                    runtime/lmul.s:10
    strrchr.o                 common/strrchr.s:10
    strncpy.o                 common/strncpy.s:9
tmp3 (zeropage.o):
    lumod.o                   runtime/lumod.s:10
    ludiv.o                   runtime/ludiv.s:10
    lmul.o                    runtime/lmul.s:10
    strncpy.o                 common/strncpy.s:9
tmp4 (zeropage.o):
    lumod.o                   runtime/lumod.s:10
    ludiv.o                   runtime/ludiv.s:10
    lmul.o                    runtime/lmul.s:10
tosaddeax (ladd.o):
    strtoul.o                 ../libwrk/rp6502/strtoul.s:369
toseqeax (leq.o):
    strtoul.o                 ../libwrk/rp6502/strtoul.s:369
tosicmp (icmp.o):
    ext-mass.c.21528.0.o      ext-mass.c.21528.0.s:10424
    ext-mass.c.21528.0.o      ext-mass.c.21528.0.s:10424
tosicmp0 (icmp.o):
    ext-mass.c.21528.0.o      ext-mass.c.21528.0.s:10424
toslcmp (lcmp.o):
    lugt.o                    runtime/lugt.s:8
    leq.o                     runtime/leq.s:8
tossubax (sub.o):
    ext-mass.c.21528.0.o      ext-mass.c.21528.0.s:10424
    ext-mass.c.21528.0.o      ext-mass.c.21528.0.s:10424
    ext-mass.c.21528.0.o      ext-mass.c.21528.0.s:10424
    ext-mass.c.21528.0.o      ext-mass.c.21528.0.s:10424
tosudivax (udiv.o):
    fwrite.o                  common/fwrite.s:12
tosudiveax (ludiv.o):
    strtoul.o                 ../libwrk/rp6502/strtoul.s:369
tosugteax (lugt.o):
    strtoul.o                 ../libwrk/rp6502/strtoul.s:369
tosumodeax (lumod.o):
    strtoul.o                 ../libwrk/rp6502/strtoul.s:369
tosumula0 (mul8.o):
    ext-mass.c.21528.0.o      ext-mass.c.21528.0.s:10424
tosumulax (mul.o):
    fwrite.o                  common/fwrite.s:12
tosumuleax (lmul.o):
    strtoul.o                 ../libwrk/rp6502/strtoul.s:369
udiv32 (ludiv.o):
    lumod.o                   runtime/lumod.s:9
vsnprintf (vsnprintf.o):
    vsprintf.o                common/vsprintf.s:9
zerobss (zerobss.o):
    crt0.o                    rp6502/crt0.s:12

