Modules list:
-------------
ext-keyboard.c.20340.0.o:
    CODE              Offs=000000  Size=000587  Align=00001  Fill=0000
    RODATA            Offs=000000  Size=000408  Align=00001  Fill=0000
    BSS               Offs=000000  Size=000467  Align=00001  Fill=0000
    DATA              Offs=000000  Size=000045  Align=00001  Fill=0000
crt0_cmd.s.20340.1.o:
    STARTUP           Offs=000000  Size=00001B  Align=00001  Fill=0000
write_stub.c.20340.2.o:
    CODE              Offs=000587  Size=00004C  Align=00001  Fill=0000
initmainargs.s.20340.3.o:
    STARTUP           Offs=00001B  Size=000001  Align=00001  Fill=0000
C:\@prg\cc65\lib/rp6502.lib(_file.o):
    DATA              Offs=000045  Size=00001E  Align=00001  Fill=0000
C:\@prg\cc65\lib/rp6502.lib(_hextab.o):
    RODATA            Offs=000408  Size=000010  Align=00001  Fill=0000
C:\@prg\cc65\lib/rp6502.lib(_longminstr.o):
    RODATA            Offs=000418  Size=00000C  Align=00001  Fill=0000
C:\@prg\cc65\lib/rp6502.lib(_printf.o):
    CODE              Offs=0005D3  Size=0003A1  Align=00001  Fill=0000
    BSS               Offs=000467  Size=00002B  Align=00001  Fill=0000
    DATA              Offs=000063  Size=000003  Align=00001  Fill=0000
C:\@prg\cc65\lib/rp6502.lib(_seterrno.o):
    CODE              Offs=000974  Size=000009  Align=00001  Fill=0000
C:\@prg\cc65\lib/rp6502.lib(addeqsp.o):
    CODE              Offs=00097D  Size=000011  Align=00001  Fill=0000
C:\@prg\cc65\lib/rp6502.lib(addysp.o):
    CODE              Offs=00098E  Size=00000E  Align=00001  Fill=0000
C:\@prg\cc65\lib/rp6502.lib(asrax1.o):
    CODE              Offs=00099C  Size=00000A  Align=00001  Fill=0000
C:\@prg\cc65\lib/rp6502.lib(axlong.o):
    CODE              Offs=0009A6  Size=00000D  Align=00001  Fill=0000
C:\@prg\cc65\lib/rp6502.lib(bneg.o):
    CODE              Offs=0009B3  Size=00000E  Align=00001  Fill=0000
C:\@prg\cc65\lib/rp6502.lib(checkferror.o):
    CODE              Offs=0009C1  Size=00000C  Align=00001  Fill=0000
C:\@prg\cc65\lib/rp6502.lib(condes.o):
    CODE              Offs=0009CD  Size=00000C  Align=00001  Fill=0000
    DATA              Offs=000066  Size=000025  Align=00001  Fill=0000
    ONCE              Offs=000000  Size=00000C  Align=00001  Fill=0000
C:\@prg\cc65\lib/rp6502.lib(copydata.o):
    CODE              Offs=0009D9  Size=00002D  Align=00001  Fill=0000
C:\@prg\cc65\lib/rp6502.lib(crt0.o):
    STARTUP           Offs=00001C  Size=00002B  Align=00001  Fill=0000
C:\@prg\cc65\lib/rp6502.lib(ctype.o):
    RODATA            Offs=000424  Size=00008B  Align=00001  Fill=0000
C:\@prg\cc65\lib/rp6502.lib(ctypemask.o):
    CODE              Offs=000A06  Size=00001E  Align=00001  Fill=0000
C:\@prg\cc65\lib/rp6502.lib(decax1.o):
    CODE              Offs=000A24  Size=000007  Align=00001  Fill=0000
C:\@prg\cc65\lib/rp6502.lib(decax2.o):
    CODE              Offs=000A2B  Size=000007  Align=00001  Fill=0000
C:\@prg\cc65\lib/rp6502.lib(decsp1.o):
    CODE              Offs=000A32  Size=000009  Align=00001  Fill=0000
C:\@prg\cc65\lib/rp6502.lib(decsp2.o):
    CODE              Offs=000A3B  Size=00000D  Align=00001  Fill=0000
C:\@prg\cc65\lib/rp6502.lib(decsp4.o):
    CODE              Offs=000A48  Size=00000D  Align=00001  Fill=0000
C:\@prg\cc65\lib/rp6502.lib(decsp5.o):
    CODE              Offs=000A55  Size=00000D  Align=00001  Fill=0000
C:\@prg\cc65\lib/rp6502.lib(decsp6.o):
    CODE              Offs=000A62  Size=00000D  Align=00001  Fill=0000
C:\@prg\cc65\lib/rp6502.lib(enter.o):
    CODE              Offs=000A6F  Size=00000E  Align=00001  Fill=0000
C:\@prg\cc65\lib/rp6502.lib(errno.o):
    CODE              Offs=000A7D  Size=00000A  Align=00001  Fill=0000
C:\@prg\cc65\lib/rp6502.lib(fputc.o):
    CODE              Offs=000A87  Size=000047  Align=00001  Fill=0000
    BSS               Offs=000492  Size=000002  Align=00001  Fill=0000
C:\@prg\cc65\lib/rp6502.lib(fwrite.o):
    CODE              Offs=000ACE  Size=000077  Align=00001  Fill=0000
    BSS               Offs=000494  Size=000002  Align=00001  Fill=0000
C:\@prg\cc65\lib/rp6502.lib(incax2.o):
    CODE              Offs=000B45  Size=000007  Align=00001  Fill=0000
C:\@prg\cc65\lib/rp6502.lib(incsp1.o):
    CODE              Offs=000B4C  Size=000007  Align=00001  Fill=0000
C:\@prg\cc65\lib/rp6502.lib(incsp2.o):
    CODE              Offs=000B53  Size=000015  Align=00001  Fill=0000
C:\@prg\cc65\lib/rp6502.lib(incsp5.o):
    CODE              Offs=000B68  Size=000005  Align=00001  Fill=0000
C:\@prg\cc65\lib/rp6502.lib(incsp6.o):
    CODE              Offs=000B6D  Size=000005  Align=00001  Fill=0000
C:\@prg\cc65\lib/rp6502.lib(incsp8.o):
    CODE              Offs=000B72  Size=000005  Align=00001  Fill=0000
C:\@prg\cc65\lib/rp6502.lib(ldaxi.o):
    CODE              Offs=000B77  Size=00000D  Align=00001  Fill=0000
C:\@prg\cc65\lib/rp6502.lib(ldaxsp.o):
    CODE              Offs=000B84  Size=000009  Align=00001  Fill=0000
C:\@prg\cc65\lib/rp6502.lib(leaaxsp.o):
    CODE              Offs=000B8D  Size=00000C  Align=00001  Fill=0000
C:\@prg\cc65\lib/rp6502.lib(leave.o):
    CODE              Offs=000B99  Size=00001B  Align=00001  Fill=0000
C:\@prg\cc65\lib/rp6502.lib(lneg.o):
    CODE              Offs=000BB4  Size=00001E  Align=00001  Fill=0000
C:\@prg\cc65\lib/rp6502.lib(lpush.o):
    CODE              Offs=000BD2  Size=00001E  Align=00001  Fill=0000
C:\@prg\cc65\lib/rp6502.lib(ltoa.o):
    CODE              Offs=000BF0  Size=000093  Align=00001  Fill=0000
C:\@prg\cc65\lib/rp6502.lib(makebool.o):
    CODE              Offs=000C83  Size=00002C  Align=00001  Fill=0000
C:\@prg\cc65\lib/rp6502.lib(memcpy.o):
    CODE              Offs=000CAF  Size=00003C  Align=00001  Fill=0000
C:\@prg\cc65\lib/rp6502.lib(memset.o):
    CODE              Offs=000CEB  Size=00005D  Align=00001  Fill=0000
C:\@prg\cc65\lib/rp6502.lib(mul.o):
    CODE              Offs=000D48  Size=000045  Align=00001  Fill=0000
C:\@prg\cc65\lib/rp6502.lib(mul8.o):
    CODE              Offs=000D8D  Size=00003A  Align=00001  Fill=0000
C:\@prg\cc65\lib/rp6502.lib(mulax6.o):
    CODE              Offs=000DC7  Size=000016  Align=00001  Fill=0000
C:\@prg\cc65\lib/rp6502.lib(popptr1.o):
    CODE              Offs=000DDD  Size=00000E  Align=00001  Fill=0000
C:\@prg\cc65\lib/rp6502.lib(printf.o):
    CODE              Offs=000DEB  Size=000033  Align=00001  Fill=0000
    BSS               Offs=000496  Size=000001  Align=00001  Fill=0000
C:\@prg\cc65\lib/rp6502.lib(push1.o):
    CODE              Offs=000E1E  Size=000005  Align=00001  Fill=0000
C:\@prg\cc65\lib/rp6502.lib(pusha.o):
    CODE              Offs=000E23  Size=000016  Align=00001  Fill=0000
C:\@prg\cc65\lib/rp6502.lib(pushax.o):
    CODE              Offs=000E39  Size=00001A  Align=00001  Fill=0000
C:\@prg\cc65\lib/rp6502.lib(pushptr1.o):
    CODE              Offs=000E53  Size=000007  Align=00001  Fill=0000
C:\@prg\cc65\lib/rp6502.lib(pushw.o):
    CODE              Offs=000E5A  Size=00000F  Align=00001  Fill=0000
C:\@prg\cc65\lib/rp6502.lib(pushwsp.o):
    CODE              Offs=000E69  Size=00001C  Align=00001  Fill=0000
C:\@prg\cc65\lib/rp6502.lib(putchar.o):
    CODE              Offs=000E85  Size=00000C  Align=00001  Fill=0000
C:\@prg\cc65\lib/rp6502.lib(returnFFFF.o):
    CODE              Offs=000E91  Size=000004  Align=00001  Fill=0000
C:\@prg\cc65\lib/rp6502.lib(ria.o):
    CODE              Offs=000E95  Size=00004E  Align=00001  Fill=0000
C:\@prg\cc65\lib/rp6502.lib(staxsp.o):
    CODE              Offs=000EE3  Size=00000B  Align=00001  Fill=0000
C:\@prg\cc65\lib/rp6502.lib(strlen.o):
    CODE              Offs=000EEE  Size=000016  Align=00001  Fill=0000
C:\@prg\cc65\lib/rp6502.lib(strlower.o):
    CODE              Offs=000F04  Size=000027  Align=00001  Fill=0000
C:\@prg\cc65\lib/rp6502.lib(subeqsp.o):
    CODE              Offs=000F2B  Size=000015  Align=00001  Fill=0000
C:\@prg\cc65\lib/rp6502.lib(udiv.o):
    CODE              Offs=000F40  Size=00004F  Align=00001  Fill=0000
C:\@prg\cc65\lib/rp6502.lib(vfprintf.o):
    CODE              Offs=000F8F  Size=000060  Align=00001  Fill=0000
    DATA              Offs=00008B  Size=000008  Align=00001  Fill=0000
C:\@prg\cc65\lib/rp6502.lib(xregn.o):
    CODE              Offs=000FEF  Size=000093  Align=00001  Fill=0000
C:\@prg\cc65\lib/rp6502.lib(zerobss.o):
    CODE              Offs=001082  Size=000023  Align=00001  Fill=0000
C:\@prg\cc65\lib/rp6502.lib(zeropage.o):
    ZEROPAGE          Offs=000000  Size=00001A  Align=00001  Fill=0000


Segment list:
-------------
Name                   Start     End    Size  Align
----------------------------------------------------
ZEROPAGE              000000  000019  00001A  00001
STARTUP               009000  009046  000047  00001
ONCE                  009047  009054  00000E  00001
CODE                  009055  00A0F9  0010A5  00001
RODATA                00A0FA  00A5A8  0004AF  00001
DATA                  00A5A9  00A63B  000093  00001
BSS                   00A63C  00AAD2  000497  00001


Exports list by name:
---------------------
__BSS_RUN__               00A63C RLA    __BSS_SIZE__              000497 REA    
__CONSTRUCTOR_COUNT__     000001 REA    __CONSTRUCTOR_TABLE__     009053 RLA    
__DATA_LOAD__             00A5A9 RLA    __DATA_RUN__              00A5A9 RLA    
__DATA_SIZE__             000093 REA    __DESTRUCTOR_COUNT__      000000 REA    
__DESTRUCTOR_TABLE__      00A5A9 RLA    __RAM_SIZE__              006B00 REA    
__RAM_START__             009000 RLA    __STACKSIZE__             000200 REA    
__STARTADDR__             009000 REA    __STARTUP__               000001 REA    
___errno                  00FFED RLA    ___seterrno               0099C9 RLA    
__ctype                   00A51E RLA    __ctypeidx                00A529 RLA    
__hextab                  00A502 RLA    __longminstr              00A512 RLA    
__printf                  009719 RLA    _errno_opt_constructor    009AD2  LAI   
_fputc                    009ADC RLA    _fwrite                   009B23 RLA    
_ltoa                     009C5D RLA    _main                     00945C RLA    
_memcpy                   009D04 RLA    _memset                   009D48 RLA    
_printf                   009E40 RLA    _putchar                  009EDA RLA    
_ria_call_int             009F21 RLA    _stdout                   00A608 RLA    
_strlen                   009F43 RLA    _strlower                 009F59 RLA    
_ultoa                    009C9C RLA    _vfprintf                 00A01B RLA    
_write                    0095DC RLA    _xregn                    00A044 RLA    
addeqysp                  0099D4 RLA    addysp                    0099E4 RLA    
asrax1                    0099F1 RLA    axlong                    0099FB RLA    
axulong                   009A01 RLA    bnega                     009A0C RLA    
boolult                   009CF7 RLA    c_sp                      000000 RLZ    
checkferror               009A16 RLA    copydata                  009A2E RLA    
ctypemaskdirect           009A5F RLA    decax1                    009A79 RLA    
decax2                    009A80 RLA    decsp1                    009A87 RLA    
decsp2                    009A90 RLA    decsp4                    009A9D RLA    
decsp5                    009AAA RLA    decsp6                    009AB7 RLA    
donelib                   009A22 RLA    enter                     009AC4 RLA    
incax2                    009B9A RLA    incsp1                    009BA1 RLA    
incsp2                    009BAF RLA    incsp5                    009BBD RLA    
incsp6                    009BC2 RLA    incsp8                    009BC7 RLA    
initlib                   009047 RLA    initmainargs              00901B REA    
ldaxi                     009BCC RLA    ldaxysp                   009BDB RLA    
leaa0sp                   009BE2 RLA    leavey                    009BF8 RLA    
mul8x16                   009DE4 RLA    mul8x16a                  009DEE RLA    
mulax6                    009E1C RLA    negeax                    009C09 RLA    
popax                     009BA8 RLA    popptr1                   009E32 RLA    
ptr1                      000008 RLZ    ptr2                      00000A RLZ    
ptr3                      00000C RLZ    ptr4                      00000E RLZ    
push1                     009E73 RLA    pusha                     009E7C RLA    
pusha0                    009E90 RLA    pushax                    009E92 RLA    
pusheax                   009C2E RLA    pushptr1                  009EA8 RLA    
pushw                     009EAF RLA    pushwysp                  009EC0 RLA    
regbank                   000014 RLZ    regsave                   000004 RLZ    
returnFFFF                009EE6 RLA    sreg                      000002 RLZ    
stax0sp                   009F38 RLA    subeq0sp                  009F80 RLA    
tmp1                      000010 RLZ    tosmula0                  009DE2 RLA    
tosudivax                 009F97 RLA    tosumulax                 009D9D RLA    
zerobss                   00A0D7 RLA    


Exports list by value:
----------------------
c_sp                      000000 RLZ    __DESTRUCTOR_COUNT__      000000 REA    
__STARTUP__               000001 REA    __CONSTRUCTOR_COUNT__     000001 REA    
sreg                      000002 RLZ    regsave                   000004 RLZ    
ptr1                      000008 RLZ    ptr2                      00000A RLZ    
ptr3                      00000C RLZ    ptr4                      00000E RLZ    
tmp1                      000010 RLZ    regbank                   000014 RLZ    
__DATA_SIZE__             000093 REA    __STACKSIZE__             000200 REA    
__BSS_SIZE__              000497 REA    __RAM_SIZE__              006B00 REA    
__STARTADDR__             009000 REA    __RAM_START__             009000 RLA    
initmainargs              00901B REA    initlib                   009047 RLA    
__CONSTRUCTOR_TABLE__     009053 RLA    _main                     00945C RLA    
_write                    0095DC RLA    __printf                  009719 RLA    
___seterrno               0099C9 RLA    addeqysp                  0099D4 RLA    
addysp                    0099E4 RLA    asrax1                    0099F1 RLA    
axlong                    0099FB RLA    axulong                   009A01 RLA    
bnega                     009A0C RLA    checkferror               009A16 RLA    
donelib                   009A22 RLA    copydata                  009A2E RLA    
ctypemaskdirect           009A5F RLA    decax1                    009A79 RLA    
decax2                    009A80 RLA    decsp1                    009A87 RLA    
decsp2                    009A90 RLA    decsp4                    009A9D RLA    
decsp5                    009AAA RLA    decsp6                    009AB7 RLA    
enter                     009AC4 RLA    _errno_opt_constructor    009AD2  LAI   
_fputc                    009ADC RLA    _fwrite                   009B23 RLA    
incax2                    009B9A RLA    incsp1                    009BA1 RLA    
popax                     009BA8 RLA    incsp2                    009BAF RLA    
incsp5                    009BBD RLA    incsp6                    009BC2 RLA    
incsp8                    009BC7 RLA    ldaxi                     009BCC RLA    
ldaxysp                   009BDB RLA    leaa0sp                   009BE2 RLA    
leavey                    009BF8 RLA    negeax                    009C09 RLA    
pusheax                   009C2E RLA    _ltoa                     009C5D RLA    
_ultoa                    009C9C RLA    boolult                   009CF7 RLA    
_memcpy                   009D04 RLA    _memset                   009D48 RLA    
tosumulax                 009D9D RLA    tosmula0                  009DE2 RLA    
mul8x16                   009DE4 RLA    mul8x16a                  009DEE RLA    
mulax6                    009E1C RLA    popptr1                   009E32 RLA    
_printf                   009E40 RLA    push1                     009E73 RLA    
pusha                     009E7C RLA    pusha0                    009E90 RLA    
pushax                    009E92 RLA    pushptr1                  009EA8 RLA    
pushw                     009EAF RLA    pushwysp                  009EC0 RLA    
_putchar                  009EDA RLA    returnFFFF                009EE6 RLA    
_ria_call_int             009F21 RLA    stax0sp                   009F38 RLA    
_strlen                   009F43 RLA    _strlower                 009F59 RLA    
subeq0sp                  009F80 RLA    tosudivax                 009F97 RLA    
_vfprintf                 00A01B RLA    _xregn                    00A044 RLA    
zerobss                   00A0D7 RLA    __hextab                  00A502 RLA    
__longminstr              00A512 RLA    __ctype                   00A51E RLA    
__ctypeidx                00A529 RLA    __DESTRUCTOR_TABLE__      00A5A9 RLA    
__DATA_LOAD__             00A5A9 RLA    __DATA_RUN__              00A5A9 RLA    
_stdout                   00A608 RLA    __BSS_RUN__               00A63C RLA    
___errno                  00FFED RLA    


Imports list:
-------------
__BSS_RUN__ ([linker generated]):
    zerobss.o                 common/zerobss.s:8
__BSS_SIZE__ ([linker generated]):
    zerobss.o                 common/zerobss.s:8
__CONSTRUCTOR_COUNT__ ([linker generated]):
    condes.o                  runtime/condes.s:18
__CONSTRUCTOR_TABLE__ ([linker generated]):
    condes.o                  runtime/condes.s:18
__DATA_LOAD__ ([linker generated]):
    copydata.o                common/copydata.s:8
__DATA_RUN__ ([linker generated]):
    copydata.o                common/copydata.s:8
__DATA_SIZE__ ([linker generated]):
    copydata.o                common/copydata.s:8
__DESTRUCTOR_COUNT__ ([linker generated]):
    condes.o                  runtime/condes.s:19
__DESTRUCTOR_TABLE__ ([linker generated]):
    condes.o                  runtime/condes.s:19
__RAM_SIZE__ ([linker generated]):
    crt0.o                    rp6502/crt0.s:10
__RAM_START__ ([linker generated]):
    crt0.o                    rp6502/crt0.s:10
__STACKSIZE__ ([linker generated]):
    [linker generated]        ../ext0x9000.cfg:9
__STARTADDR__ ([linker generated]):
    [linker generated]        ../ext0x9000.cfg:9
    [linker generated]        ../ext0x9000.cfg:9
__STARTUP__ (crt0.o):
    ext-keyboard.c.20340.0.o  ext-keyboard.c.20340.0.s:13
    [linker generated]        ../ext0x9000.cfg:3
___errno (errno.o):
    _seterrno.o               /home/wojciech/git/WojciechGw/cc65/asminc/errno.inc:7
___seterrno (_seterrno.o):
    fwrite.o                  /home/wojciech/git/WojciechGw/cc65/asminc/errno.inc:9
__ctype (ctype.o):
    ctypemask.o               common/ctypemask.s:23
__ctypeidx (ctype.o):
    ctypemask.o               common/ctypemask.s:24
__hextab (_hextab.o):
    ltoa.o                    common/ltoa.s:10
__longminstr (_longminstr.o):
    ltoa.o                    common/ltoa.s:10
__printf (_printf.o):
    vfprintf.o                common/vfprintf.s:10
_fputc (fputc.o):
    putchar.o                 common/putchar.s:10
_fwrite (fwrite.o):
    vfprintf.o                common/vfprintf.s:10
_ltoa (ltoa.o):
    _printf.o                 common/_printf.s:12
_main (ext-keyboard.c.20340.0.o):
    crt0.o                    rp6502/crt0.s:7
    crt0_cmd.s.20340.1.o      crt0_cmd.s:2
_memcpy (memcpy.o):
    ext-keyboard.c.20340.0.o  ext-keyboard.c.20340.0.s:20
_memset (memset.o):
    ext-keyboard.c.20340.0.o  ext-keyboard.c.20340.0.s:21
_printf (printf.o):
    ext-keyboard.c.20340.0.o  ext-keyboard.c.20340.0.s:16
_putchar (putchar.o):
    ext-keyboard.c.20340.0.o  ext-keyboard.c.20340.0.s:17
_ria_call_int (ria.o):
    errno.o                   rp6502/errno.s:12
    xregn.o                   ../libwrk/rp6502/xregn.s:17
_stdout (_file.o):
    putchar.o                 common/putchar.s:9
    printf.o                  common/printf.s:8
_strlen (strlen.o):
    _printf.o                 common/_printf.s:13
    ext-keyboard.c.20340.0.o  ext-keyboard.c.20340.0.s:19
_strlower (strlower.o):
    _printf.o                 common/_printf.s:13
_ultoa (ltoa.o):
    _printf.o                 common/_printf.s:12
_vfprintf (vfprintf.o):
    printf.o                  common/printf.s:8
_write (write_stub.c.20340.2.o):
    fwrite.o                  common/fwrite.s:10
    fputc.o                   common/fputc.s:9
_xregn (xregn.o):
    ext-keyboard.c.20340.0.o  ext-keyboard.c.20340.0.s:15
addeqysp (addeqsp.o):
    write_stub.c.20340.2.o    write_stub.c.20340.2.s:64
addysp (addysp.o):
    leave.o                   runtime/leave.s:14
    incsp6.o                  runtime/incsp6.s:8
    fwrite.o                  common/fwrite.s:11
    printf.o                  common/printf.s:8
    incsp8.o                  runtime/incsp8.s:8
    incsp5.o                  runtime/incsp5.s:8
    write_stub.c.20340.2.o    write_stub.c.20340.2.s:64
asrax1 (asrax1.o):
    ext-keyboard.c.20340.0.o  ext-keyboard.c.20340.0.s:1555
axlong (axlong.o):
    _printf.o                 common/_printf.s:11
axulong (axlong.o):
    _printf.o                 common/_printf.s:11
bnega (bneg.o):
    ext-keyboard.c.20340.0.o  ext-keyboard.c.20340.0.s:1555
boolult (makebool.o):
    ext-keyboard.c.20340.0.o  ext-keyboard.c.20340.0.s:1555
c_sp (zeropage.o):
    lpush.o                   runtime/lpush.s:13
    leave.o                   runtime/leave.s:15
    leaaxsp.o                 runtime/leaaxsp.s:8
    ldaxsp.o                  runtime/ldaxsp.s:8
    enter.o                   runtime/enter.s:8
    decsp6.o                  runtime/decsp6.s:8
    _printf.o                 /home/wojciech/git/WojciechGw/cc65/asminc/zeropage.inc:11
    xregn.o                   ../libwrk/rp6502/xregn.s:10
    vfprintf.o                common/vfprintf.s:11
    subeqsp.o                 runtime/subeqsp.s:8
    staxsp.o                  runtime/staxsp.s:8
    pushwsp.o                 runtime/pushwsp.s:8
    pushax.o                  runtime/pushax.s:8
    pusha.o                   runtime/pusha.s:8
    printf.o                  common/printf.s:9
    popptr1.o                 runtime/popptr1.s:9
    memset.o                  common/memset.s:20
    memcpy.o                  common/memcpy.s:15
    incsp2.o                  runtime/incsp2.s:8
    incsp1.o                  runtime/incsp1.s:8
    decsp5.o                  runtime/decsp5.s:8
    decsp4.o                  runtime/decsp4.s:8
    decsp2.o                  runtime/decsp2.s:8
    decsp1.o                  runtime/decsp1.s:8
    crt0.o                    /home/wojciech/git/WojciechGw/cc65/asminc/zeropage.inc:11
    addysp.o                  runtime/addysp.s:8
    addeqsp.o                 runtime/addeqsp.s:8
    write_stub.c.20340.2.o    write_stub.c.20340.2.s:10
    ext-keyboard.c.20340.0.o  ext-keyboard.c.20340.0.s:10
checkferror (checkferror.o):
    fputc.o                   common/fputc.s:9
copydata (copydata.o):
    crt0.o                    rp6502/crt0.s:12
ctypemaskdirect (ctypemask.o):
    strlower.o                common/strlower.s:14
decax1 (decax1.o):
    xregn.o                   ../libwrk/rp6502/xregn.s:118
decax2 (decax2.o):
    xregn.o                   ../libwrk/rp6502/xregn.s:118
decsp1 (decsp1.o):
    ext-keyboard.c.20340.0.o  ext-keyboard.c.20340.0.s:1555
    ext-keyboard.c.20340.0.o  ext-keyboard.c.20340.0.s:1555
    ext-keyboard.c.20340.0.o  ext-keyboard.c.20340.0.s:1555
decsp2 (decsp2.o):
    xregn.o                   ../libwrk/rp6502/xregn.s:118
    ext-keyboard.c.20340.0.o  ext-keyboard.c.20340.0.s:1555
    ext-keyboard.c.20340.0.o  ext-keyboard.c.20340.0.s:1555
decsp4 (decsp4.o):
    lpush.o                   runtime/lpush.s:12
    ext-keyboard.c.20340.0.o  ext-keyboard.c.20340.0.s:1555
decsp5 (decsp5.o):
    ext-keyboard.c.20340.0.o  ext-keyboard.c.20340.0.s:1555
decsp6 (decsp6.o):
    _printf.o                 common/_printf.s:11
donelib (condes.o):
    crt0.o                    rp6502/crt0.s:12
    crt0_cmd.s.20340.1.o      crt0_cmd.s:2
enter (enter.o):
    xregn.o                   ../libwrk/rp6502/xregn.s:118
incax2 (incax2.o):
    xregn.o                   ../libwrk/rp6502/xregn.s:118
incsp1 (incsp1.o):
    ext-keyboard.c.20340.0.o  ext-keyboard.c.20340.0.s:1555
    ext-keyboard.c.20340.0.o  ext-keyboard.c.20340.0.s:1555
    ext-keyboard.c.20340.0.o  ext-keyboard.c.20340.0.s:1555
incsp2 (incsp2.o):
    fputc.o                   common/fputc.s:10
    xregn.o                   ../libwrk/rp6502/xregn.s:118
    popptr1.o                 runtime/popptr1.s:8
    ext-keyboard.c.20340.0.o  ext-keyboard.c.20340.0.s:1555
incsp5 (incsp5.o):
    ext-keyboard.c.20340.0.o  ext-keyboard.c.20340.0.s:1555
incsp6 (incsp6.o):
    fwrite.o                  common/fwrite.s:11
    vfprintf.o                common/vfprintf.s:9
incsp8 (incsp8.o):
    ext-keyboard.c.20340.0.o  ext-keyboard.c.20340.0.s:1555
initlib (condes.o):
    crt0.o                    rp6502/crt0.s:12
    crt0_cmd.s.20340.1.o      crt0_cmd.s:2
initmainargs (initmainargs.s.20340.3.o):
    ext-keyboard.c.20340.0.o  ext-keyboard.c.20340.0.s:14
ldaxi (ldaxi.o):
    xregn.o                   ../libwrk/rp6502/xregn.s:118
ldaxysp (ldaxsp.o):
    fwrite.o                  common/fwrite.s:11
leaa0sp (leaaxsp.o):
    xregn.o                   ../libwrk/rp6502/xregn.s:118
leavey (leave.o):
    xregn.o                   ../libwrk/rp6502/xregn.s:118
mul8x16 (mul8.o):
    mul.o                     runtime/mul.s:8
mul8x16a (mul8.o):
    mul.o                     runtime/mul.s:8
mulax6 (mulax6.o):
    ext-keyboard.c.20340.0.o  ext-keyboard.c.20340.0.s:1555
negeax (lneg.o):
    ltoa.o                    common/ltoa.s:9
popax (incsp2.o):
    ltoa.o                    common/ltoa.s:9
    fputc.o                   common/fputc.s:10
    _printf.o                 common/_printf.s:11
    memset.o                  common/memset.s:19
    memcpy.o                  common/memcpy.s:14
popptr1 (popptr1.o):
    udiv.o                    runtime/udiv.s:9
    mul.o                     runtime/mul.s:9
    ltoa.o                    common/ltoa.s:9
    fputc.o                   common/fputc.s:11
    mul8.o                    runtime/mul8.s:9
    memcpy.o                  common/memcpy.s:14
ptr1 (zeropage.o):
    checkferror.o             common/checkferror.s:12
    udiv.o                    runtime/udiv.s:10
    strlower.o                common/strlower.s:13
    pushw.o                   runtime/pushw.s:9
    pushptr1.o                runtime/pushptr1.s:9
    mul.o                     runtime/mul.s:10
    ltoa.o                    common/ltoa.s:11
    ldaxi.o                   runtime/ldaxi.s:8
    fwrite.o                  common/fwrite.s:14
    fputc.o                   common/fputc.s:8
    copydata.o                common/copydata.s:9
    _printf.o                 /home/wojciech/git/WojciechGw/cc65/asminc/zeropage.inc:12
    zerobss.o                 common/zerobss.s:9
    xregn.o                   ../libwrk/rp6502/xregn.s:11
    vfprintf.o                common/vfprintf.s:11
    printf.o                  common/printf.s:9
    popptr1.o                 runtime/popptr1.s:9
    mulax6.o                  runtime/mulax6.s:9
    mul8.o                    runtime/mul8.s:10
    memset.o                  common/memset.s:20
    memcpy.o                  common/memcpy.s:15
    write_stub.c.20340.2.o    write_stub.c.20340.2.s:11
    ext-keyboard.c.20340.0.o  ext-keyboard.c.20340.0.s:11
ptr2 (zeropage.o):
    strlower.o                common/strlower.s:13
    ltoa.o                    common/ltoa.s:11
    copydata.o                common/copydata.s:9
    _printf.o                 /home/wojciech/git/WojciechGw/cc65/asminc/zeropage.inc:12
    memset.o                  common/memset.s:20
    memcpy.o                  common/memcpy.s:15
ptr3 (zeropage.o):
    ltoa.o                    common/ltoa.s:11
    memset.o                  common/memset.s:20
    memcpy.o                  common/memcpy.s:15
ptr4 (zeropage.o):
    udiv.o                    runtime/udiv.s:10
    mul.o                     runtime/mul.s:10
    strlen.o                  common/strlen.s:12
    mul8.o                    runtime/mul8.s:10
push1 (push1.o):
    _printf.o                 common/_printf.s:11
    vfprintf.o                common/vfprintf.s:9
pusha (pusha.o):
    ext-keyboard.c.20340.0.o  ext-keyboard.c.20340.0.s:1555
    ext-keyboard.c.20340.0.o  ext-keyboard.c.20340.0.s:1555
    ext-keyboard.c.20340.0.o  ext-keyboard.c.20340.0.s:1555
pusha0 (pushax.o):
    push1.o                   runtime/push1.s:8
    fwrite.o                  common/fwrite.s:11
    fputc.o                   common/fputc.s:10
    ext-keyboard.c.20340.0.o  ext-keyboard.c.20340.0.s:1555
    ext-keyboard.c.20340.0.o  ext-keyboard.c.20340.0.s:1555
    ext-keyboard.c.20340.0.o  ext-keyboard.c.20340.0.s:1555
    ext-keyboard.c.20340.0.o  ext-keyboard.c.20340.0.s:1555
pushax (pushax.o):
    pushw.o                   runtime/pushw.s:8
    pushptr1.o                runtime/pushptr1.s:8
    fwrite.o                  common/fwrite.s:11
    fputc.o                   common/fputc.s:10
    _printf.o                 common/_printf.s:11
    putchar.o                 common/putchar.s:8
    printf.o                  common/printf.s:8
    write_stub.c.20340.2.o    write_stub.c.20340.2.s:64
    ext-keyboard.c.20340.0.o  ext-keyboard.c.20340.0.s:1555
    ext-keyboard.c.20340.0.o  ext-keyboard.c.20340.0.s:1555
    ext-keyboard.c.20340.0.o  ext-keyboard.c.20340.0.s:1555
pusheax (lpush.o):
    _printf.o                 common/_printf.s:11
pushptr1 (pushptr1.o):
    fputc.o                   common/fputc.s:11
pushw (pushw.o):
    xregn.o                   ../libwrk/rp6502/xregn.s:118
pushwysp (pushwsp.o):
    fwrite.o                  common/fwrite.s:11
    vfprintf.o                common/vfprintf.s:9
    write_stub.c.20340.2.o    write_stub.c.20340.2.s:64
regbank (zeropage.o):
    _printf.o                 /home/wojciech/git/WojciechGw/cc65/asminc/zeropage.inc:14
regsave (zeropage.o):
    xregn.o                   ../libwrk/rp6502/xregn.s:10
    ext-keyboard.c.20340.0.o  ext-keyboard.c.20340.0.s:10
returnFFFF (returnFFFF.o):
    fputc.o                   common/fputc.s:11
sreg (zeropage.o):
    lneg.o                    runtime/lneg.s:11
    udiv.o                    runtime/udiv.s:10
    ria.o                     rp6502/ria.s:13
    ltoa.o                    common/ltoa.s:11
    lpush.o                   runtime/lpush.s:13
    axlong.o                  runtime/axlong.s:9
    _printf.o                 /home/wojciech/git/WojciechGw/cc65/asminc/zeropage.inc:11
    xregn.o                   ../libwrk/rp6502/xregn.s:10
    ext-keyboard.c.20340.0.o  ext-keyboard.c.20340.0.s:10
stax0sp (staxsp.o):
    xregn.o                   ../libwrk/rp6502/xregn.s:118
    ext-keyboard.c.20340.0.o  ext-keyboard.c.20340.0.s:1555
subeq0sp (subeqsp.o):
    xregn.o                   ../libwrk/rp6502/xregn.s:118
    write_stub.c.20340.2.o    write_stub.c.20340.2.s:64
tmp1 (zeropage.o):
    mul.o                     runtime/mul.s:10
    ltoa.o                    common/ltoa.s:11
    copydata.o                common/copydata.s:9
    _printf.o                 /home/wojciech/git/WojciechGw/cc65/asminc/zeropage.inc:13
    asrax1.o                  runtime/asrax1.s:8
tosmula0 (mul8.o):
    ext-keyboard.c.20340.0.o  ext-keyboard.c.20340.0.s:1555
    ext-keyboard.c.20340.0.o  ext-keyboard.c.20340.0.s:1555
    ext-keyboard.c.20340.0.o  ext-keyboard.c.20340.0.s:1555
tosudivax (udiv.o):
    fwrite.o                  common/fwrite.s:12
tosumulax (mul.o):
    fwrite.o                  common/fwrite.s:12
zerobss (zerobss.o):
    crt0.o                    rp6502/crt0.s:12

