Modules list:
-------------
ext-hello.c.18200.0.o:
    CODE              Offs=000000  Size=0000BD  Align=00001  Fill=0000
    RODATA            Offs=000000  Size=000072  Align=00001  Fill=0000
crt0_cmd.s.18200.1.o:
    STARTUP           Offs=000000  Size=00001B  Align=00001  Fill=0000
write_stub.c.18200.2.o:
    CODE              Offs=0000BD  Size=00004C  Align=00001  Fill=0000
initmainargs.s.18200.3.o:
    STARTUP           Offs=00001B  Size=000001  Align=00001  Fill=0000
C:\@prg\cc65\lib/rp6502.lib(_file.o):
    DATA              Offs=000000  Size=00001E  Align=00001  Fill=0000
C:\@prg\cc65\lib/rp6502.lib(_hextab.o):
    RODATA            Offs=000072  Size=000010  Align=00001  Fill=0000
C:\@prg\cc65\lib/rp6502.lib(_longminstr.o):
    RODATA            Offs=000082  Size=00000C  Align=00001  Fill=0000
C:\@prg\cc65\lib/rp6502.lib(_printf.o):
    CODE              Offs=000109  Size=0003A1  Align=00001  Fill=0000
    BSS               Offs=000000  Size=00002B  Align=00001  Fill=0000
    DATA              Offs=00001E  Size=000003  Align=00001  Fill=0000
C:\@prg\cc65\lib/rp6502.lib(_seterrno.o):
    CODE              Offs=0004AA  Size=000009  Align=00001  Fill=0000
C:\@prg\cc65\lib/rp6502.lib(addeqsp.o):
    CODE              Offs=0004B3  Size=000011  Align=00001  Fill=0000
C:\@prg\cc65\lib/rp6502.lib(addysp.o):
    CODE              Offs=0004C4  Size=00000E  Align=00001  Fill=0000
C:\@prg\cc65\lib/rp6502.lib(axlong.o):
    CODE              Offs=0004D2  Size=00000D  Align=00001  Fill=0000
C:\@prg\cc65\lib/rp6502.lib(condes.o):
    CODE              Offs=0004DF  Size=00000C  Align=00001  Fill=0000
    DATA              Offs=000021  Size=000025  Align=00001  Fill=0000
    ONCE              Offs=000000  Size=00000C  Align=00001  Fill=0000
C:\@prg\cc65\lib/rp6502.lib(copydata.o):
    CODE              Offs=0004EB  Size=00002D  Align=00001  Fill=0000
C:\@prg\cc65\lib/rp6502.lib(crt0.o):
    STARTUP           Offs=00001C  Size=00002B  Align=00001  Fill=0000
C:\@prg\cc65\lib/rp6502.lib(ctype.o):
    RODATA            Offs=00008E  Size=00008B  Align=00001  Fill=0000
C:\@prg\cc65\lib/rp6502.lib(ctypemask.o):
    CODE              Offs=000518  Size=00001E  Align=00001  Fill=0000
C:\@prg\cc65\lib/rp6502.lib(decsp2.o):
    CODE              Offs=000536  Size=00000D  Align=00001  Fill=0000
C:\@prg\cc65\lib/rp6502.lib(decsp4.o):
    CODE              Offs=000543  Size=00000D  Align=00001  Fill=0000
C:\@prg\cc65\lib/rp6502.lib(decsp6.o):
    CODE              Offs=000550  Size=00000D  Align=00001  Fill=0000
C:\@prg\cc65\lib/rp6502.lib(errno.o):
    CODE              Offs=00055D  Size=00000A  Align=00001  Fill=0000
C:\@prg\cc65\lib/rp6502.lib(fwrite.o):
    CODE              Offs=000567  Size=000077  Align=00001  Fill=0000
    BSS               Offs=00002B  Size=000002  Align=00001  Fill=0000
C:\@prg\cc65\lib/rp6502.lib(incsp2.o):
    CODE              Offs=0005DE  Size=000015  Align=00001  Fill=0000
C:\@prg\cc65\lib/rp6502.lib(incsp6.o):
    CODE              Offs=0005F3  Size=000005  Align=00001  Fill=0000
C:\@prg\cc65\lib/rp6502.lib(ldaxsp.o):
    CODE              Offs=0005F8  Size=000009  Align=00001  Fill=0000
C:\@prg\cc65\lib/rp6502.lib(lneg.o):
    CODE              Offs=000601  Size=00001E  Align=00001  Fill=0000
C:\@prg\cc65\lib/rp6502.lib(lpush.o):
    CODE              Offs=00061F  Size=00001E  Align=00001  Fill=0000
C:\@prg\cc65\lib/rp6502.lib(ltoa.o):
    CODE              Offs=00063D  Size=000093  Align=00001  Fill=0000
C:\@prg\cc65\lib/rp6502.lib(mul.o):
    CODE              Offs=0006D0  Size=000045  Align=00001  Fill=0000
C:\@prg\cc65\lib/rp6502.lib(mul8.o):
    CODE              Offs=000715  Size=00003A  Align=00001  Fill=0000
C:\@prg\cc65\lib/rp6502.lib(popptr1.o):
    CODE              Offs=00074F  Size=00000E  Align=00001  Fill=0000
C:\@prg\cc65\lib/rp6502.lib(printf.o):
    CODE              Offs=00075D  Size=000033  Align=00001  Fill=0000
    BSS               Offs=00002D  Size=000001  Align=00001  Fill=0000
C:\@prg\cc65\lib/rp6502.lib(push1.o):
    CODE              Offs=000790  Size=000005  Align=00001  Fill=0000
C:\@prg\cc65\lib/rp6502.lib(pushax.o):
    CODE              Offs=000795  Size=00001A  Align=00001  Fill=0000
C:\@prg\cc65\lib/rp6502.lib(pushwsp.o):
    CODE              Offs=0007AF  Size=00001C  Align=00001  Fill=0000
C:\@prg\cc65\lib/rp6502.lib(ria.o):
    CODE              Offs=0007CB  Size=00004E  Align=00001  Fill=0000
C:\@prg\cc65\lib/rp6502.lib(strlen.o):
    CODE              Offs=000819  Size=000016  Align=00001  Fill=0000
C:\@prg\cc65\lib/rp6502.lib(strlower.o):
    CODE              Offs=00082F  Size=000027  Align=00001  Fill=0000
C:\@prg\cc65\lib/rp6502.lib(subeqsp.o):
    CODE              Offs=000856  Size=000015  Align=00001  Fill=0000
C:\@prg\cc65\lib/rp6502.lib(udiv.o):
    CODE              Offs=00086B  Size=00004F  Align=00001  Fill=0000
C:\@prg\cc65\lib/rp6502.lib(vfprintf.o):
    CODE              Offs=0008BA  Size=000060  Align=00001  Fill=0000
    DATA              Offs=000046  Size=000008  Align=00001  Fill=0000
C:\@prg\cc65\lib/rp6502.lib(zerobss.o):
    CODE              Offs=00091A  Size=000023  Align=00001  Fill=0000
C:\@prg\cc65\lib/rp6502.lib(zeropage.o):
    ZEROPAGE          Offs=000000  Size=00001A  Align=00001  Fill=0000


Segment list:
-------------
Name                   Start     End    Size  Align
----------------------------------------------------
ZEROPAGE              000000  000019  00001A  00001
STARTUP               00A000  00A046  000047  00001
ONCE                  00A047  00A054  00000E  00001
CODE                  00A055  00A991  00093D  00001
RODATA                00A992  00AAAA  000119  00001
DATA                  00AAAB  00AAF8  00004E  00001
BSS                   00AAF9  00AB26  00002E  00001


Exports list by name:
---------------------
__BSS_RUN__               00AAF9 RLA    __BSS_SIZE__              00002E REA    
__CONSTRUCTOR_COUNT__     000001 REA    __CONSTRUCTOR_TABLE__     00A053 RLA    
__DATA_LOAD__             00AAAB RLA    __DATA_RUN__              00AAAB RLA    
__DATA_SIZE__             00004E REA    __DESTRUCTOR_COUNT__      000000 REA    
__DESTRUCTOR_TABLE__      00AAAB RLA    __RAM_SIZE__              005D00 REA    
__RAM_START__             00A000 RLA    __STACKSIZE__             000200 REA    
__STARTADDR__             00A000 REA    __STARTUP__               000001 REA    
___errno                  00FFED RLA    ___seterrno               00A4FF RLA    
__ctype                   00AA20 RLA    __ctypeidx                00AA2B RLA    
__hextab                  00AA04 RLA    __longminstr              00AA14 RLA    
__printf                  00A24F RLA    _errno_opt_constructor    00A5B2  LAI   
_fwrite                   00A5BC RLA    _ltoa                     00A6AA RLA    
_main                     00A055 RLA    _printf                   00A7B2 RLA    
_ria_call_int             00A857 RLA    _stdout                   00AAC5 RLA    
_strlen                   00A86E RLA    _strlower                 00A884 RLA    
_ultoa                    00A6E9 RLA    _vfprintf                 00A946 RLA    
_write                    00A112 RLA    addeq0sp                  00A508 RLA    
addeqysp                  00A50A RLA    addysp                    00A51A RLA    
axlong                    00A527 RLA    axulong                   00A52D RLA    
c_sp                      000000 RLZ    copydata                  00A540 RLA    
ctypemaskdirect           00A571 RLA    decsp2                    00A58B RLA    
decsp4                    00A598 RLA    decsp6                    00A5A5 RLA    
donelib                   00A534 RLA    incsp2                    00A63A RLA    
incsp6                    00A648 RLA    initlib                   00A047 RLA    
initmainargs              00A01B REA    ldaxysp                   00A64F RLA    
mul8x16                   00A76C RLA    mul8x16a                  00A776 RLA    
negeax                    00A656 RLA    popax                     00A633 RLA    
popptr1                   00A7A4 RLA    ptr1                      000008 RLZ    
ptr2                      00000A RLZ    ptr3                      00000C RLZ    
ptr4                      00000E RLZ    push1                     00A7E5 RLA    
pusha0                    00A7EC RLA    pushax                    00A7EE RLA    
pusheax                   00A67B RLA    pushwysp                  00A806 RLA    
regbank                   000014 RLZ    sreg                      000002 RLZ    
subeq0sp                  00A8AB RLA    tmp1                      000010 RLZ    
tosudivax                 00A8C2 RLA    tosumulax                 00A725 RLA    
zerobss                   00A96F RLA    


Exports list by value:
----------------------
__DESTRUCTOR_COUNT__      000000 REA    c_sp                      000000 RLZ    
__CONSTRUCTOR_COUNT__     000001 REA    __STARTUP__               000001 REA    
sreg                      000002 RLZ    ptr1                      000008 RLZ    
ptr2                      00000A RLZ    ptr3                      00000C RLZ    
ptr4                      00000E RLZ    tmp1                      000010 RLZ    
regbank                   000014 RLZ    __BSS_SIZE__              00002E REA    
__DATA_SIZE__             00004E REA    __STACKSIZE__             000200 REA    
__RAM_SIZE__              005D00 REA    __RAM_START__             00A000 RLA    
__STARTADDR__             00A000 REA    initmainargs              00A01B REA    
initlib                   00A047 RLA    __CONSTRUCTOR_TABLE__     00A053 RLA    
_main                     00A055 RLA    _write                    00A112 RLA    
__printf                  00A24F RLA    ___seterrno               00A4FF RLA    
addeq0sp                  00A508 RLA    addeqysp                  00A50A RLA    
addysp                    00A51A RLA    axlong                    00A527 RLA    
axulong                   00A52D RLA    donelib                   00A534 RLA    
copydata                  00A540 RLA    ctypemaskdirect           00A571 RLA    
decsp2                    00A58B RLA    decsp4                    00A598 RLA    
decsp6                    00A5A5 RLA    _errno_opt_constructor    00A5B2  LAI   
_fwrite                   00A5BC RLA    popax                     00A633 RLA    
incsp2                    00A63A RLA    incsp6                    00A648 RLA    
ldaxysp                   00A64F RLA    negeax                    00A656 RLA    
pusheax                   00A67B RLA    _ltoa                     00A6AA RLA    
_ultoa                    00A6E9 RLA    tosumulax                 00A725 RLA    
mul8x16                   00A76C RLA    mul8x16a                  00A776 RLA    
popptr1                   00A7A4 RLA    _printf                   00A7B2 RLA    
push1                     00A7E5 RLA    pusha0                    00A7EC RLA    
pushax                    00A7EE RLA    pushwysp                  00A806 RLA    
_ria_call_int             00A857 RLA    _strlen                   00A86E RLA    
_strlower                 00A884 RLA    subeq0sp                  00A8AB RLA    
tosudivax                 00A8C2 RLA    _vfprintf                 00A946 RLA    
zerobss                   00A96F RLA    __hextab                  00AA04 RLA    
__longminstr              00AA14 RLA    __ctype                   00AA20 RLA    
__ctypeidx                00AA2B RLA    __DATA_LOAD__             00AAAB RLA    
__DATA_RUN__              00AAAB RLA    __DESTRUCTOR_TABLE__      00AAAB RLA    
_stdout                   00AAC5 RLA    __BSS_RUN__               00AAF9 RLA    
___errno                  00FFED RLA    


Imports list:
-------------
__BSS_RUN__ ([linker generated]):
    zerobss.o                 common/zerobss.s:8
__BSS_SIZE__ ([linker generated]):
    zerobss.o                 common/zerobss.s:8
__CONSTRUCTOR_COUNT__ ([linker generated]):
    condes.o                  runtime/condes.s:18
__CONSTRUCTOR_TABLE__ ([linker generated]):
    condes.o                  runtime/condes.s:18
__DATA_LOAD__ ([linker generated]):
    copydata.o                common/copydata.s:8
__DATA_RUN__ ([linker generated]):
    copydata.o                common/copydata.s:8
__DATA_SIZE__ ([linker generated]):
    copydata.o                common/copydata.s:8
__DESTRUCTOR_COUNT__ ([linker generated]):
    condes.o                  runtime/condes.s:19
__DESTRUCTOR_TABLE__ ([linker generated]):
    condes.o                  runtime/condes.s:19
__RAM_SIZE__ ([linker generated]):
    crt0.o                    rp6502/crt0.s:10
__RAM_START__ ([linker generated]):
    crt0.o                    rp6502/crt0.s:10
__STACKSIZE__ ([linker generated]):
    [linker generated]        ../ext0xA000.cfg:9
__STARTADDR__ ([linker generated]):
    [linker generated]        ../ext0xA000.cfg:9
    [linker generated]        ../ext0xA000.cfg:9
__STARTUP__ (crt0.o):
    ext-hello.c.18200.0.o     ext-hello.c.18200.0.s:13
    [linker generated]        ../ext0xA000.cfg:3
___errno (errno.o):
    _seterrno.o               /home/wojciech/git/WojciechGw/cc65/asminc/errno.inc:7
___seterrno (_seterrno.o):
    fwrite.o                  /home/wojciech/git/WojciechGw/cc65/asminc/errno.inc:9
__ctype (ctype.o):
    ctypemask.o               common/ctypemask.s:23
__ctypeidx (ctype.o):
    ctypemask.o               common/ctypemask.s:24
__hextab (_hextab.o):
    ltoa.o                    common/ltoa.s:10
__longminstr (_longminstr.o):
    ltoa.o                    common/ltoa.s:10
__printf (_printf.o):
    vfprintf.o                common/vfprintf.s:10
_fwrite (fwrite.o):
    vfprintf.o                common/vfprintf.s:10
_ltoa (ltoa.o):
    _printf.o                 common/_printf.s:12
_main (ext-hello.c.18200.0.o):
    crt0.o                    rp6502/crt0.s:7
    crt0_cmd.s.18200.1.o      crt0_cmd.s:2
_printf (printf.o):
    ext-hello.c.18200.0.o     ext-hello.c.18200.0.s:15
_ria_call_int (ria.o):
    errno.o                   rp6502/errno.s:12
_stdout (_file.o):
    printf.o                  common/printf.s:8
_strlen (strlen.o):
    _printf.o                 common/_printf.s:13
_strlower (strlower.o):
    _printf.o                 common/_printf.s:13
_ultoa (ltoa.o):
    _printf.o                 common/_printf.s:12
_vfprintf (vfprintf.o):
    printf.o                  common/printf.s:8
_write (write_stub.c.18200.2.o):
    fwrite.o                  common/fwrite.s:10
addeq0sp (addeqsp.o):
    ext-hello.c.18200.0.o     ext-hello.c.18200.0.s:145
addeqysp (addeqsp.o):
    write_stub.c.18200.2.o    write_stub.c.18200.2.s:64
addysp (addysp.o):
    incsp6.o                  runtime/incsp6.s:8
    fwrite.o                  common/fwrite.s:11
    printf.o                  common/printf.s:8
    write_stub.c.18200.2.o    write_stub.c.18200.2.s:64
axlong (axlong.o):
    _printf.o                 common/_printf.s:11
axulong (axlong.o):
    _printf.o                 common/_printf.s:11
c_sp (zeropage.o):
    decsp4.o                  runtime/decsp4.s:8
    popptr1.o                 runtime/popptr1.s:9
    lpush.o                   runtime/lpush.s:13
    ldaxsp.o                  runtime/ldaxsp.s:8
    incsp2.o                  runtime/incsp2.s:8
    decsp6.o                  runtime/decsp6.s:8
    _printf.o                 /home/wojciech/git/WojciechGw/cc65/asminc/zeropage.inc:11
    vfprintf.o                common/vfprintf.s:11
    subeqsp.o                 runtime/subeqsp.s:8
    pushwsp.o                 runtime/pushwsp.s:8
    pushax.o                  runtime/pushax.s:8
    printf.o                  common/printf.s:9
    decsp2.o                  runtime/decsp2.s:8
    crt0.o                    /home/wojciech/git/WojciechGw/cc65/asminc/zeropage.inc:11
    addysp.o                  runtime/addysp.s:8
    addeqsp.o                 runtime/addeqsp.s:8
    write_stub.c.18200.2.o    write_stub.c.18200.2.s:10
    ext-hello.c.18200.0.o     ext-hello.c.18200.0.s:10
copydata (copydata.o):
    crt0.o                    rp6502/crt0.s:12
ctypemaskdirect (ctypemask.o):
    strlower.o                common/strlower.s:14
decsp2 (decsp2.o):
    ext-hello.c.18200.0.o     ext-hello.c.18200.0.s:145
decsp4 (decsp4.o):
    lpush.o                   runtime/lpush.s:12
decsp6 (decsp6.o):
    _printf.o                 common/_printf.s:11
donelib (condes.o):
    crt0.o                    rp6502/crt0.s:12
    crt0_cmd.s.18200.1.o      crt0_cmd.s:2
incsp2 (incsp2.o):
    popptr1.o                 runtime/popptr1.s:8
incsp6 (incsp6.o):
    fwrite.o                  common/fwrite.s:11
    vfprintf.o                common/vfprintf.s:9
initlib (condes.o):
    crt0.o                    rp6502/crt0.s:12
    crt0_cmd.s.18200.1.o      crt0_cmd.s:2
initmainargs (initmainargs.s.18200.3.o):
    ext-hello.c.18200.0.o     ext-hello.c.18200.0.s:14
ldaxysp (ldaxsp.o):
    fwrite.o                  common/fwrite.s:11
mul8x16 (mul8.o):
    mul.o                     runtime/mul.s:8
mul8x16a (mul8.o):
    mul.o                     runtime/mul.s:8
negeax (lneg.o):
    ltoa.o                    common/ltoa.s:9
popax (incsp2.o):
    ltoa.o                    common/ltoa.s:9
    _printf.o                 common/_printf.s:11
popptr1 (popptr1.o):
    udiv.o                    runtime/udiv.s:9
    mul8.o                    runtime/mul8.s:9
    mul.o                     runtime/mul.s:9
    ltoa.o                    common/ltoa.s:9
ptr1 (zeropage.o):
    udiv.o                    runtime/udiv.s:10
    strlower.o                common/strlower.s:13
    popptr1.o                 runtime/popptr1.s:9
    mul8.o                    runtime/mul8.s:10
    mul.o                     runtime/mul.s:10
    ltoa.o                    common/ltoa.s:11
    fwrite.o                  common/fwrite.s:14
    copydata.o                common/copydata.s:9
    _printf.o                 /home/wojciech/git/WojciechGw/cc65/asminc/zeropage.inc:12
    zerobss.o                 common/zerobss.s:9
    vfprintf.o                common/vfprintf.s:11
    printf.o                  common/printf.s:9
    write_stub.c.18200.2.o    write_stub.c.18200.2.s:11
    ext-hello.c.18200.0.o     ext-hello.c.18200.0.s:11
ptr2 (zeropage.o):
    strlower.o                common/strlower.s:13
    ltoa.o                    common/ltoa.s:11
    copydata.o                common/copydata.s:9
    _printf.o                 /home/wojciech/git/WojciechGw/cc65/asminc/zeropage.inc:12
ptr3 (zeropage.o):
    ltoa.o                    common/ltoa.s:11
ptr4 (zeropage.o):
    udiv.o                    runtime/udiv.s:10
    strlen.o                  common/strlen.s:12
    mul8.o                    runtime/mul8.s:10
    mul.o                     runtime/mul.s:10
push1 (push1.o):
    _printf.o                 common/_printf.s:11
    vfprintf.o                common/vfprintf.s:9
pusha0 (pushax.o):
    push1.o                   runtime/push1.s:8
    fwrite.o                  common/fwrite.s:11
pushax (pushax.o):
    fwrite.o                  common/fwrite.s:11
    _printf.o                 common/_printf.s:11
    printf.o                  common/printf.s:8
    write_stub.c.18200.2.o    write_stub.c.18200.2.s:64
    ext-hello.c.18200.0.o     ext-hello.c.18200.0.s:145
pusheax (lpush.o):
    _printf.o                 common/_printf.s:11
pushwysp (pushwsp.o):
    fwrite.o                  common/fwrite.s:11
    vfprintf.o                common/vfprintf.s:9
    write_stub.c.18200.2.o    write_stub.c.18200.2.s:64
    ext-hello.c.18200.0.o     ext-hello.c.18200.0.s:145
regbank (zeropage.o):
    _printf.o                 /home/wojciech/git/WojciechGw/cc65/asminc/zeropage.inc:14
sreg (zeropage.o):
    ria.o                     rp6502/ria.s:13
    lneg.o                    runtime/lneg.s:11
    udiv.o                    runtime/udiv.s:10
    ltoa.o                    common/ltoa.s:11
    lpush.o                   runtime/lpush.s:13
    axlong.o                  runtime/axlong.s:9
    _printf.o                 /home/wojciech/git/WojciechGw/cc65/asminc/zeropage.inc:11
subeq0sp (subeqsp.o):
    write_stub.c.18200.2.o    write_stub.c.18200.2.s:64
tmp1 (zeropage.o):
    mul.o                     runtime/mul.s:10
    ltoa.o                    common/ltoa.s:11
    copydata.o                common/copydata.s:9
    _printf.o                 /home/wojciech/git/WojciechGw/cc65/asminc/zeropage.inc:13
    ext-hello.c.18200.0.o     ext-hello.c.18200.0.s:11
tosudivax (udiv.o):
    fwrite.o                  common/fwrite.s:12
tosumulax (mul.o):
    fwrite.o                  common/fwrite.s:12
zerobss (zerobss.o):
    crt0.o                    rp6502/crt0.s:12

