Modules list:
-------------
ext-mass.c.20336.0.o:
    CODE              Offs=000000  Size=004254  Align=00001  Fill=0000
    RODATA            Offs=000000  Size=000AFB  Align=00001  Fill=0000
    BSS               Offs=000000  Size=0002A2  Align=00001  Fill=0000
    DATA              Offs=000000  Size=000108  Align=00001  Fill=0000
crt0_cmd.s.20336.1.o:
    STARTUP           Offs=000000  Size=00001B  Align=00001  Fill=0000
write_stub.c.20336.2.o:
    CODE              Offs=004254  Size=00004C  Align=00001  Fill=0000
initmainargs.s.20336.3.o:
    STARTUP           Offs=00001B  Size=000001  Align=00001  Fill=0000
C:\@prg\cc65\lib/rp6502.lib(_directerrno.o):
    CODE              Offs=0042A0  Size=000009  Align=00001  Fill=0000
C:\@prg\cc65\lib/rp6502.lib(_fdesc.o):
    CODE              Offs=0042A9  Size=00001D  Align=00001  Fill=0000
C:\@prg\cc65\lib/rp6502.lib(_file.o):
    DATA              Offs=000108  Size=00001E  Align=00001  Fill=0000
C:\@prg\cc65\lib/rp6502.lib(_fopen.o):
    CODE              Offs=0042C6  Size=00007B  Align=00001  Fill=0000
    BSS               Offs=0002A2  Size=000002  Align=00001  Fill=0000
C:\@prg\cc65\lib/rp6502.lib(_hextab.o):
    RODATA            Offs=000AFB  Size=000010  Align=00001  Fill=0000
C:\@prg\cc65\lib/rp6502.lib(_longminstr.o):
    RODATA            Offs=000B0B  Size=00000C  Align=00001  Fill=0000
C:\@prg\cc65\lib/rp6502.lib(_oserror.o):
    BSS               Offs=0002A4  Size=000001  Align=00001  Fill=0000
C:\@prg\cc65\lib/rp6502.lib(_printf.o):
    CODE              Offs=004341  Size=0003A1  Align=00001  Fill=0000
    BSS               Offs=0002A5  Size=00002B  Align=00001  Fill=0000
    DATA              Offs=000126  Size=000003  Align=00001  Fill=0000
C:\@prg\cc65\lib/rp6502.lib(_seterrno.o):
    CODE              Offs=0046E2  Size=000009  Align=00001  Fill=0000
C:\@prg\cc65\lib/rp6502.lib(addeqsp.o):
    CODE              Offs=0046EB  Size=000011  Align=00001  Fill=0000
C:\@prg\cc65\lib/rp6502.lib(addysp.o):
    CODE              Offs=0046FC  Size=00000E  Align=00001  Fill=0000
C:\@prg\cc65\lib/rp6502.lib(aslax2.o):
    CODE              Offs=00470A  Size=00000B  Align=00001  Fill=0000
C:\@prg\cc65\lib/rp6502.lib(aslax4.o):
    CODE              Offs=004715  Size=000011  Align=00001  Fill=0000
C:\@prg\cc65\lib/rp6502.lib(axlong.o):
    CODE              Offs=004726  Size=00000D  Align=00001  Fill=0000
C:\@prg\cc65\lib/rp6502.lib(bneg.o):
    CODE              Offs=004733  Size=00000E  Align=00001  Fill=0000
C:\@prg\cc65\lib/rp6502.lib(checkferror.o):
    CODE              Offs=004741  Size=00000C  Align=00001  Fill=0000
C:\@prg\cc65\lib/rp6502.lib(close.o):
    CODE              Offs=00474D  Size=000011  Align=00001  Fill=0000
C:\@prg\cc65\lib/rp6502.lib(condes.o):
    CODE              Offs=00475E  Size=00000C  Align=00001  Fill=0000
    DATA              Offs=000129  Size=000025  Align=00001  Fill=0000
    ONCE              Offs=000000  Size=00000C  Align=00001  Fill=0000
C:\@prg\cc65\lib/rp6502.lib(copydata.o):
    CODE              Offs=00476A  Size=00002D  Align=00001  Fill=0000
C:\@prg\cc65\lib/rp6502.lib(crt0.o):
    STARTUP           Offs=00001C  Size=00002B  Align=00001  Fill=0000
C:\@prg\cc65\lib/rp6502.lib(ctype.o):
    RODATA            Offs=000B17  Size=00008B  Align=00001  Fill=0000
C:\@prg\cc65\lib/rp6502.lib(ctypemask.o):
    CODE              Offs=004797  Size=00001E  Align=00001  Fill=0000
C:\@prg\cc65\lib/rp6502.lib(decax1.o):
    CODE              Offs=0047B5  Size=000007  Align=00001  Fill=0000
C:\@prg\cc65\lib/rp6502.lib(decaxy.o):
    CODE              Offs=0047BC  Size=000009  Align=00001  Fill=0000
C:\@prg\cc65\lib/rp6502.lib(decsp2.o):
    CODE              Offs=0047C5  Size=00000D  Align=00001  Fill=0000
C:\@prg\cc65\lib/rp6502.lib(decsp3.o):
    CODE              Offs=0047D2  Size=00000D  Align=00001  Fill=0000
C:\@prg\cc65\lib/rp6502.lib(decsp4.o):
    CODE              Offs=0047DF  Size=00000D  Align=00001  Fill=0000
C:\@prg\cc65\lib/rp6502.lib(decsp6.o):
    CODE              Offs=0047EC  Size=00000D  Align=00001  Fill=0000
C:\@prg\cc65\lib/rp6502.lib(decsp8.o):
    CODE              Offs=0047F9  Size=00000D  Align=00001  Fill=0000
C:\@prg\cc65\lib/rp6502.lib(enter.o):
    CODE              Offs=004806  Size=00000E  Align=00001  Fill=0000
C:\@prg\cc65\lib/rp6502.lib(errno.o):
    CODE              Offs=004814  Size=00000A  Align=00001  Fill=0000
C:\@prg\cc65\lib/rp6502.lib(fclose.o):
    CODE              Offs=00481E  Size=00001E  Align=00001  Fill=0000
C:\@prg\cc65\lib/rp6502.lib(fgetc.o):
    CODE              Offs=00483C  Size=00005D  Align=00001  Fill=0000
    BSS               Offs=0002D0  Size=000001  Align=00001  Fill=0000
C:\@prg\cc65\lib/rp6502.lib(fgets.o):
    CODE              Offs=004899  Size=00007F  Align=00001  Fill=0000
    BSS               Offs=0002D1  Size=000006  Align=00001  Fill=0000
C:\@prg\cc65\lib/rp6502.lib(fopen.o):
    CODE              Offs=004918  Size=000018  Align=00001  Fill=0000
C:\@prg\cc65\lib/rp6502.lib(fwrite.o):
    CODE              Offs=004930  Size=000077  Align=00001  Fill=0000
    BSS               Offs=0002D7  Size=000002  Align=00001  Fill=0000
C:\@prg\cc65\lib/rp6502.lib(icmp.o):
    CODE              Offs=0049A7  Size=00002E  Align=00001  Fill=0000
C:\@prg\cc65\lib/rp6502.lib(incsp1.o):
    CODE              Offs=0049D5  Size=000007  Align=00001  Fill=0000
C:\@prg\cc65\lib/rp6502.lib(incsp2.o):
    CODE              Offs=0049DC  Size=000015  Align=00001  Fill=0000
C:\@prg\cc65\lib/rp6502.lib(incsp3.o):
    CODE              Offs=0049F1  Size=000005  Align=00001  Fill=0000
C:\@prg\cc65\lib/rp6502.lib(incsp4.o):
    CODE              Offs=0049F6  Size=000005  Align=00001  Fill=0000
C:\@prg\cc65\lib/rp6502.lib(incsp5.o):
    CODE              Offs=0049FB  Size=000005  Align=00001  Fill=0000
C:\@prg\cc65\lib/rp6502.lib(incsp6.o):
    CODE              Offs=004A00  Size=000005  Align=00001  Fill=0000
C:\@prg\cc65\lib/rp6502.lib(incsp7.o):
    CODE              Offs=004A05  Size=000005  Align=00001  Fill=0000
C:\@prg\cc65\lib/rp6502.lib(incsp8.o):
    CODE              Offs=004A0A  Size=000005  Align=00001  Fill=0000
C:\@prg\cc65\lib/rp6502.lib(isalnum.o):
    CODE              Offs=004A0F  Size=000008  Align=00001  Fill=0000
C:\@prg\cc65\lib/rp6502.lib(isalpha.o):
    CODE              Offs=004A17  Size=000008  Align=00001  Fill=0000
C:\@prg\cc65\lib/rp6502.lib(isdigit.o):
    CODE              Offs=004A1F  Size=000008  Align=00001  Fill=0000
C:\@prg\cc65\lib/rp6502.lib(islower.o):
    CODE              Offs=004A27  Size=000008  Align=00001  Fill=0000
C:\@prg\cc65\lib/rp6502.lib(isspace.o):
    CODE              Offs=004A2F  Size=000008  Align=00001  Fill=0000
C:\@prg\cc65\lib/rp6502.lib(isupper.o):
    CODE              Offs=004A37  Size=000008  Align=00001  Fill=0000
C:\@prg\cc65\lib/rp6502.lib(ladd.o):
    CODE              Offs=004A3F  Size=000024  Align=00001  Fill=0000
C:\@prg\cc65\lib/rp6502.lib(lcmp.o):
    CODE              Offs=004A63  Size=00003B  Align=00001  Fill=0000
C:\@prg\cc65\lib/rp6502.lib(ldaxi.o):
    CODE              Offs=004A9E  Size=00000D  Align=00001  Fill=0000
C:\@prg\cc65\lib/rp6502.lib(ldaxsp.o):
    CODE              Offs=004AAB  Size=000009  Align=00001  Fill=0000
C:\@prg\cc65\lib/rp6502.lib(ldeaxysp.o):
    CODE              Offs=004AB4  Size=000013  Align=00001  Fill=0000
C:\@prg\cc65\lib/rp6502.lib(ldptr1sp.o):
    CODE              Offs=004AC7  Size=00000C  Align=00001  Fill=0000
C:\@prg\cc65\lib/rp6502.lib(leaaxsp.o):
    CODE              Offs=004AD3  Size=00000C  Align=00001  Fill=0000
C:\@prg\cc65\lib/rp6502.lib(leave.o):
    CODE              Offs=004ADF  Size=00001B  Align=00001  Fill=0000
C:\@prg\cc65\lib/rp6502.lib(leq.o):
    CODE              Offs=004AFA  Size=000006  Align=00001  Fill=0000
C:\@prg\cc65\lib/rp6502.lib(lmul.o):
    CODE              Offs=004B00  Size=000059  Align=00001  Fill=0000
C:\@prg\cc65\lib/rp6502.lib(lneg.o):
    CODE              Offs=004B59  Size=00001E  Align=00001  Fill=0000
C:\@prg\cc65\lib/rp6502.lib(lpush.o):
    CODE              Offs=004B77  Size=00001E  Align=00001  Fill=0000
C:\@prg\cc65\lib/rp6502.lib(ltoa.o):
    CODE              Offs=004B95  Size=000093  Align=00001  Fill=0000
C:\@prg\cc65\lib/rp6502.lib(ludiv.o):
    CODE              Offs=004C28  Size=000077  Align=00001  Fill=0000
C:\@prg\cc65\lib/rp6502.lib(lugt.o):
    CODE              Offs=004C9F  Size=000006  Align=00001  Fill=0000
C:\@prg\cc65\lib/rp6502.lib(lumod.o):
    CODE              Offs=004CA5  Size=000017  Align=00001  Fill=0000
C:\@prg\cc65\lib/rp6502.lib(makebool.o):
    CODE              Offs=004CBC  Size=00002C  Align=00001  Fill=0000
C:\@prg\cc65\lib/rp6502.lib(memcpy.o):
    CODE              Offs=004CE8  Size=00003C  Align=00001  Fill=0000
C:\@prg\cc65\lib/rp6502.lib(memmove.o):
    CODE              Offs=004D24  Size=000050  Align=00001  Fill=0000
C:\@prg\cc65\lib/rp6502.lib(mul.o):
    CODE              Offs=004D74  Size=000045  Align=00001  Fill=0000
C:\@prg\cc65\lib/rp6502.lib(mul8.o):
    CODE              Offs=004DB9  Size=00003A  Align=00001  Fill=0000
C:\@prg\cc65\lib/rp6502.lib(open.o):
    CODE              Offs=004DF3  Size=000071  Align=00001  Fill=0000
C:\@prg\cc65\lib/rp6502.lib(popptr1.o):
    CODE              Offs=004E64  Size=00000E  Align=00001  Fill=0000
C:\@prg\cc65\lib/rp6502.lib(printf.o):
    CODE              Offs=004E72  Size=000033  Align=00001  Fill=0000
    BSS               Offs=0002D9  Size=000001  Align=00001  Fill=0000
C:\@prg\cc65\lib/rp6502.lib(push1.o):
    CODE              Offs=004EA5  Size=000005  Align=00001  Fill=0000
C:\@prg\cc65\lib/rp6502.lib(pusha.o):
    CODE              Offs=004EAA  Size=000016  Align=00001  Fill=0000
C:\@prg\cc65\lib/rp6502.lib(pushax.o):
    CODE              Offs=004EC0  Size=00001A  Align=00001  Fill=0000
C:\@prg\cc65\lib/rp6502.lib(pushptr1.o):
    CODE              Offs=004EDA  Size=000007  Align=00001  Fill=0000
C:\@prg\cc65\lib/rp6502.lib(pushwsp.o):
    CODE              Offs=004EE1  Size=00001C  Align=00001  Fill=0000
C:\@prg\cc65\lib/rp6502.lib(read.o):
    CODE              Offs=004EFD  Size=000089  Align=00001  Fill=0000
C:\@prg\cc65\lib/rp6502.lib(read_xstack.o):
    CODE              Offs=004F86  Size=000062  Align=00001  Fill=0000
C:\@prg\cc65\lib/rp6502.lib(return0.o):
    CODE              Offs=004FE8  Size=000004  Align=00001  Fill=0000
C:\@prg\cc65\lib/rp6502.lib(returnFFFF.o):
    CODE              Offs=004FEC  Size=000004  Align=00001  Fill=0000
C:\@prg\cc65\lib/rp6502.lib(ria.o):
    CODE              Offs=004FF0  Size=00004E  Align=00001  Fill=0000
C:\@prg\cc65\lib/rp6502.lib(sprintf.o):
    CODE              Offs=00503E  Size=00002B  Align=00001  Fill=0000
    BSS               Offs=0002DA  Size=000001  Align=00001  Fill=0000
C:\@prg\cc65\lib/rp6502.lib(staspidx.o):
    CODE              Offs=005069  Size=000016  Align=00001  Fill=0000
C:\@prg\cc65\lib/rp6502.lib(staxsp.o):
    CODE              Offs=00507F  Size=00000B  Align=00001  Fill=0000
C:\@prg\cc65\lib/rp6502.lib(staxspi.o):
    CODE              Offs=00508A  Size=00001A  Align=00001  Fill=0000
C:\@prg\cc65\lib/rp6502.lib(steaxsp.o):
    CODE              Offs=0050A4  Size=000015  Align=00001  Fill=0000
C:\@prg\cc65\lib/rp6502.lib(strchr.o):
    CODE              Offs=0050B9  Size=000025  Align=00001  Fill=0000
C:\@prg\cc65\lib/rp6502.lib(strcmp.o):
    CODE              Offs=0050DE  Size=000021  Align=00001  Fill=0000
C:\@prg\cc65\lib/rp6502.lib(strlen.o):
    CODE              Offs=0050FF  Size=000016  Align=00001  Fill=0000
C:\@prg\cc65\lib/rp6502.lib(strlower.o):
    CODE              Offs=005115  Size=000027  Align=00001  Fill=0000
C:\@prg\cc65\lib/rp6502.lib(strncpy.o):
    CODE              Offs=00513C  Size=000042  Align=00001  Fill=0000
C:\@prg\cc65\lib/rp6502.lib(strrchr.o):
    CODE              Offs=00517E  Size=000024  Align=00001  Fill=0000
C:\@prg\cc65\lib/rp6502.lib(strtoul.o):
    CODE              Offs=0051A2  Size=00022E  Align=00001  Fill=0000
C:\@prg\cc65\lib/rp6502.lib(sub.o):
    CODE              Offs=0053D0  Size=000014  Align=00001  Fill=0000
C:\@prg\cc65\lib/rp6502.lib(subeqsp.o):
    CODE              Offs=0053E4  Size=000015  Align=00001  Fill=0000
C:\@prg\cc65\lib/rp6502.lib(subysp.o):
    CODE              Offs=0053F9  Size=00000D  Align=00001  Fill=0000
C:\@prg\cc65\lib/rp6502.lib(toupper.o):
    CODE              Offs=005406  Size=000012  Align=00001  Fill=0000
C:\@prg\cc65\lib/rp6502.lib(udiv.o):
    CODE              Offs=005418  Size=00004F  Align=00001  Fill=0000
C:\@prg\cc65\lib/rp6502.lib(vfprintf.o):
    CODE              Offs=005467  Size=000060  Align=00001  Fill=0000
    DATA              Offs=00014E  Size=000008  Align=00001  Fill=0000
C:\@prg\cc65\lib/rp6502.lib(vsnprintf.o):
    CODE              Offs=0054C7  Size=0000DA  Align=00001  Fill=0000
    DATA              Offs=000156  Size=000008  Align=00001  Fill=0000
C:\@prg\cc65\lib/rp6502.lib(vsprintf.o):
    CODE              Offs=0055A1  Size=000012  Align=00001  Fill=0000
C:\@prg\cc65\lib/rp6502.lib(write_xram.o):
    CODE              Offs=0055B3  Size=000021  Align=00001  Fill=0000
C:\@prg\cc65\lib/rp6502.lib(zerobss.o):
    CODE              Offs=0055D4  Size=000023  Align=00001  Fill=0000
C:\@prg\cc65\lib/rp6502.lib(zeropage.o):
    ZEROPAGE          Offs=000000  Size=00001A  Align=00001  Fill=0000


Segment list:
-------------
Name                   Start     End    Size  Align
----------------------------------------------------
ZEROPAGE              000000  000019  00001A  00001
STARTUP               009300  009346  000047  00001
ONCE                  009347  009354  00000E  00001
CODE                  009355  00E94B  0055F7  00001
RODATA                00E94C  00F4ED  000BA2  00001
DATA                  00F4EE  00F64B  00015E  00001
BSS                   00F64C  00F926  0002DB  00001


Exports list by name:
---------------------
__BSS_RUN__               00F64C RLA    __BSS_SIZE__              0002DB REA    
__CONSTRUCTOR_COUNT__     000001 REA    __CONSTRUCTOR_TABLE__     009353 RLA    
__DATA_LOAD__             00F4EE RLA    __DATA_RUN__              00F4EE RLA    
__DATA_SIZE__             00015E REA    __DESTRUCTOR_COUNT__      000000 REA    
__DESTRUCTOR_TABLE__      00F4EE RLA    __RAM_SIZE__              006A00 REA    
__RAM_START__             009300 RLA    __STACKSIZE__             000200 REA    
__STARTADDR__             009300 REA    __STARTUP__               000001 REA    
___directerrno            00D5F5 RLA    ___errno                  00FFED RLA    
___oserror                00F8F0 RLA    ___seterrno               00DA37 RLA    
__ctype                   00F463 RLA    __ctypeidx                00F46E RLA    
__fdesc                   00D5FE RLA    __filetab                 00F5F6 RLA    
__fopen                   00D61B RLA    __hextab                  00F447 RLA    
__longminstr              00F457 RLA    __printf                  00D787 RLA    
_close                    00DAA2 RLA    _errno_opt_constructor    00DB69  LAI   
_exit                     009334 RLA    _fclose                   00DB73 RLA    
_fgetc                    00DB91 RLA    _fgets                    00DBF4 RLA    
_fopen                    00DC6D RLA    _fwrite                   00DC85 RLA    
_isalnum                  00DD64 RLA    _isalpha                  00DD6C RLA    
_isdigit                  00DD74 RLA    _islower                  00DD7C RLA    
_isspace                  00DD84 RLA    _isupper                  00DD8C RLA    
_ltoa                     00DF02 RLA    _main                     00CF11 RLA    
_memcpy                   00E03D RLA    _memmove                  00E079 RLA    
_open                     00E148 RLA    _printf                   00E1C7 RLA    
_read                     00E252 RLA    _read_xstack              00E2DB RLA    
_ria_call_int             00E37C RLA    _ria_push_int             00E34F RLA    
_ria_set_ax               00E375 RLA    _sprintf                  00E393 RLA    
_stdin                    00F60E RLA    _stdout                   00F610 RLA    
_strchr                   00E40E RLA    _strcmp                   00E433 RLA    
_strlen                   00E454 RLA    _strlower                 00E46A RLA    
_strncpy                  00E491 RLA    _strrchr                  00E4D3 RLA    
_strtoul                  00E4F7 RLA    _toupper                  00E75B RLA    
_ultoa                    00DF41 RLA    _vfprintf                 00E7F3 RLA    
_vsprintf                 00E8F6 RLA    _write                    00D5A9 RLA    
_write_xram               00E908 RLA    addeq0sp                  00DA40 RLA    
addeqysp                  00DA42 RLA    addysp                    00DA52 RLA    
addysp1                   00DA51 RLA    axlong                    00DA7B RLA    
axulong                   00DA81 RLA    bnegax                    00DA88 RLA    
booleq                    00E017 RLA    boolugt                   00E036 RLA    
c_sp                      000000 RLZ    checkferror               00DA96 RLA    
copydata                  00DABF RLA    ctypemask                 00DAEC RLA    
ctypemaskdirect           00DAF0 RLA    decax1                    00DB0A RLA    
decaxy                    00DB11 RLA    decsp2                    00DB1A RLA    
decsp3                    00DB27 RLA    decsp4                    00DB34 RLA    
decsp6                    00DB41 RLA    decsp8                    00DB4E RLA    
donelib                   00DAB3 RLA    enter                     00DB5B RLA    
getlop                    00DF8C RLA    incsp1                    00DD2A RLA    
incsp2                    00DD38 RLA    incsp3                    00DD46 RLA    
incsp4                    00DD4B RLA    incsp5                    00DD50 RLA    
incsp6                    00DD55 RLA    incsp7                    00DD5A RLA    
incsp8                    00DD5F RLA    initlib                   009347 RLA    
initmainargs              00931B REA    ldax0sp                   00DE00 RLA    
ldaxi                     00DDF3 RLA    ldaxysp                   00DE02 RLA    
ldeaxysp                  00DE0B RLA    ldptr1ysp                 00DE1E RLA    
leaa0sp                   00DE28 RLA    leavey                    00DE3E RLA    
memcpy_getparams          00E066 RLA    memcpy_upwards            00E040 RLA    
mul8x16                   00E110 RLA    mul8x16a                  00E11A RLA    
negeax                    00DEAE RLA    popax                     00DD31 RLA    
popptr1                   00E1B9 RLA    ptr1                      000008 RLZ    
ptr2                      00000A RLZ    ptr3                      00000C RLZ    
ptr4                      00000E RLZ    push0                     00E215 RLA    
push1                     00E1FA RLA    pusha                     00E203 RLA    
pusha0                    00E217 RLA    pushax                    00E219 RLA    
pusheax                   00DED3 RLA    pushl0                    00DECC RLA    
pushptr1                  00E22F RLA    pushw0sp                  00E236 RLA    
pushwysp                  00E238 RLA    regbank                   000014 RLZ    
regsave                   000004 RLZ    return0                   00E33D RLA    
returnFFFF                00E341 RLA    shlax2                    00DA5F RLA    
shlax4                    00DA6A RLA    sreg                      000002 RLZ    
staspidx                  00E3BE RLA    stax0sp                   00E3D4 RLA    
staxspidx                 00E3DF RLA    staxysp                   00E3D6 RLA    
steax0sp                  00E3F9 RLA    steaxysp                  00E3FB RLA    
subeq0sp                  00E739 RLA    subeqysp                  00E73B RLA    
subysp                    00E74E RLA    tmp1                      000010 RLZ    
tmp2                      000011 RLZ    tmp3                      000012 RLZ    
tmp4                      000013 RLZ    tosaddeax                 00DD9A RLA    
toseqeax                  00DE4F RLA    tosicmp                   00DCFE RLA    
tosicmp0                  00DCFC RLA    toslcmp                   00DDB8 RLA    
tossubax                  00E727 RLA    tosudivax                 00E76F RLA    
tosudiveax                00DF81 RLA    tosugteax                 00DFF4 RLA    
tosumodeax                00DFFE RLA    tosumula0                 00E10E RLA    
tosumulax                 00E0C9 RLA    tosumuleax                00DE59 RLA    
udiv32                    00DFAF RLA    vsnprintf                 00E81F RLA    
zerobss                   00E929 RLA    


Exports list by value:
----------------------
c_sp                      000000 RLZ    __DESTRUCTOR_COUNT__      000000 REA    
__STARTUP__               000001 REA    __CONSTRUCTOR_COUNT__     000001 REA    
sreg                      000002 RLZ    regsave                   000004 RLZ    
ptr1                      000008 RLZ    ptr2                      00000A RLZ    
ptr3                      00000C RLZ    ptr4                      00000E RLZ    
tmp1                      000010 RLZ    tmp2                      000011 RLZ    
tmp3                      000012 RLZ    tmp4                      000013 RLZ    
regbank                   000014 RLZ    __DATA_SIZE__             00015E REA    
__STACKSIZE__             000200 REA    __BSS_SIZE__              0002DB REA    
__RAM_SIZE__              006A00 REA    __STARTADDR__             009300 REA    
__RAM_START__             009300 RLA    initmainargs              00931B REA    
_exit                     009334 RLA    initlib                   009347 RLA    
__CONSTRUCTOR_TABLE__     009353 RLA    _main                     00CF11 RLA    
_write                    00D5A9 RLA    ___directerrno            00D5F5 RLA    
__fdesc                   00D5FE RLA    __fopen                   00D61B RLA    
__printf                  00D787 RLA    ___seterrno               00DA37 RLA    
addeq0sp                  00DA40 RLA    addeqysp                  00DA42 RLA    
addysp1                   00DA51 RLA    addysp                    00DA52 RLA    
shlax2                    00DA5F RLA    shlax4                    00DA6A RLA    
axlong                    00DA7B RLA    axulong                   00DA81 RLA    
bnegax                    00DA88 RLA    checkferror               00DA96 RLA    
_close                    00DAA2 RLA    donelib                   00DAB3 RLA    
copydata                  00DABF RLA    ctypemask                 00DAEC RLA    
ctypemaskdirect           00DAF0 RLA    decax1                    00DB0A RLA    
decaxy                    00DB11 RLA    decsp2                    00DB1A RLA    
decsp3                    00DB27 RLA    decsp4                    00DB34 RLA    
decsp6                    00DB41 RLA    decsp8                    00DB4E RLA    
enter                     00DB5B RLA    _errno_opt_constructor    00DB69  LAI   
_fclose                   00DB73 RLA    _fgetc                    00DB91 RLA    
_fgets                    00DBF4 RLA    _fopen                    00DC6D RLA    
_fwrite                   00DC85 RLA    tosicmp0                  00DCFC RLA    
tosicmp                   00DCFE RLA    incsp1                    00DD2A RLA    
popax                     00DD31 RLA    incsp2                    00DD38 RLA    
incsp3                    00DD46 RLA    incsp4                    00DD4B RLA    
incsp5                    00DD50 RLA    incsp6                    00DD55 RLA    
incsp7                    00DD5A RLA    incsp8                    00DD5F RLA    
_isalnum                  00DD64 RLA    _isalpha                  00DD6C RLA    
_isdigit                  00DD74 RLA    _islower                  00DD7C RLA    
_isspace                  00DD84 RLA    _isupper                  00DD8C RLA    
tosaddeax                 00DD9A RLA    toslcmp                   00DDB8 RLA    
ldaxi                     00DDF3 RLA    ldax0sp                   00DE00 RLA    
ldaxysp                   00DE02 RLA    ldeaxysp                  00DE0B RLA    
ldptr1ysp                 00DE1E RLA    leaa0sp                   00DE28 RLA    
leavey                    00DE3E RLA    toseqeax                  00DE4F RLA    
tosumuleax                00DE59 RLA    negeax                    00DEAE RLA    
pushl0                    00DECC RLA    pusheax                   00DED3 RLA    
_ltoa                     00DF02 RLA    _ultoa                    00DF41 RLA    
tosudiveax                00DF81 RLA    getlop                    00DF8C RLA    
udiv32                    00DFAF RLA    tosugteax                 00DFF4 RLA    
tosumodeax                00DFFE RLA    booleq                    00E017 RLA    
boolugt                   00E036 RLA    _memcpy                   00E03D RLA    
memcpy_upwards            00E040 RLA    memcpy_getparams          00E066 RLA    
_memmove                  00E079 RLA    tosumulax                 00E0C9 RLA    
tosumula0                 00E10E RLA    mul8x16                   00E110 RLA    
mul8x16a                  00E11A RLA    _open                     00E148 RLA    
popptr1                   00E1B9 RLA    _printf                   00E1C7 RLA    
push1                     00E1FA RLA    pusha                     00E203 RLA    
push0                     00E215 RLA    pusha0                    00E217 RLA    
pushax                    00E219 RLA    pushptr1                  00E22F RLA    
pushw0sp                  00E236 RLA    pushwysp                  00E238 RLA    
_read                     00E252 RLA    _read_xstack              00E2DB RLA    
return0                   00E33D RLA    returnFFFF                00E341 RLA    
_ria_push_int             00E34F RLA    _ria_set_ax               00E375 RLA    
_ria_call_int             00E37C RLA    _sprintf                  00E393 RLA    
staspidx                  00E3BE RLA    stax0sp                   00E3D4 RLA    
staxysp                   00E3D6 RLA    staxspidx                 00E3DF RLA    
steax0sp                  00E3F9 RLA    steaxysp                  00E3FB RLA    
_strchr                   00E40E RLA    _strcmp                   00E433 RLA    
_strlen                   00E454 RLA    _strlower                 00E46A RLA    
_strncpy                  00E491 RLA    _strrchr                  00E4D3 RLA    
_strtoul                  00E4F7 RLA    tossubax                  00E727 RLA    
subeq0sp                  00E739 RLA    subeqysp                  00E73B RLA    
subysp                    00E74E RLA    _toupper                  00E75B RLA    
tosudivax                 00E76F RLA    _vfprintf                 00E7F3 RLA    
vsnprintf                 00E81F RLA    _vsprintf                 00E8F6 RLA    
_write_xram               00E908 RLA    zerobss                   00E929 RLA    
__hextab                  00F447 RLA    __longminstr              00F457 RLA    
__ctype                   00F463 RLA    __ctypeidx                00F46E RLA    
__DATA_LOAD__             00F4EE RLA    __DATA_RUN__              00F4EE RLA    
__DESTRUCTOR_TABLE__      00F4EE RLA    __filetab                 00F5F6 RLA    
_stdin                    00F60E RLA    _stdout                   00F610 RLA    
__BSS_RUN__               00F64C RLA    ___oserror                00F8F0 RLA    
___errno                  00FFED RLA    


Imports list:
-------------
__BSS_RUN__ ([linker generated]):
    zerobss.o                 common/zerobss.s:8
__BSS_SIZE__ ([linker generated]):
    zerobss.o                 common/zerobss.s:8
__CONSTRUCTOR_COUNT__ ([linker generated]):
    condes.o                  runtime/condes.s:18
__CONSTRUCTOR_TABLE__ ([linker generated]):
    condes.o                  runtime/condes.s:18
__DATA_LOAD__ ([linker generated]):
    copydata.o                common/copydata.s:8
__DATA_RUN__ ([linker generated]):
    copydata.o                common/copydata.s:8
__DATA_SIZE__ ([linker generated]):
    copydata.o                common/copydata.s:8
__DESTRUCTOR_COUNT__ ([linker generated]):
    condes.o                  runtime/condes.s:19
__DESTRUCTOR_TABLE__ ([linker generated]):
    condes.o                  runtime/condes.s:19
__RAM_SIZE__ ([linker generated]):
    crt0.o                    rp6502/crt0.s:10
__RAM_START__ ([linker generated]):
    crt0.o                    rp6502/crt0.s:10
__STACKSIZE__ ([linker generated]):
    [linker generated]        ../ext0x9300.cfg:9
__STARTADDR__ ([linker generated]):
    [linker generated]        ../ext0x9300.cfg:9
    [linker generated]        ../ext0x9300.cfg:9
__STARTUP__ (crt0.o):
    ext-mass.c.20336.0.o      ext-mass.c.20336.0.s:13
    [linker generated]        ../ext0x9300.cfg:3
___directerrno (_directerrno.o):
    vsnprintf.o               /home/wojciech/git/WojciechGw/cc65/asminc/errno.inc:10
    fclose.o                  common/fclose.s:10
___errno (errno.o):
    _seterrno.o               /home/wojciech/git/WojciechGw/cc65/asminc/errno.inc:7
    open.o                    ../libwrk/rp6502/open.s:22
    fgets.o                   common/fgets.s:8
___oserror (_oserror.o):
    _directerrno.o            /home/wojciech/git/WojciechGw/cc65/asminc/errno.inc:7
___seterrno (_seterrno.o):
    fwrite.o                  /home/wojciech/git/WojciechGw/cc65/asminc/errno.inc:9
    _fopen.o                  /home/wojciech/git/WojciechGw/cc65/asminc/errno.inc:9
    _directerrno.o            /home/wojciech/git/WojciechGw/cc65/asminc/errno.inc:9
    strtoul.o                 ../libwrk/rp6502/strtoul.s:22
    fopen.o                   /home/wojciech/git/WojciechGw/cc65/asminc/errno.inc:9
__ctype (ctype.o):
    ctypemask.o               common/ctypemask.s:23
__ctypeidx (ctype.o):
    ctypemask.o               common/ctypemask.s:24
__fdesc (_fdesc.o):
    fopen.o                   common/fopen.s:10
__filetab (_file.o):
    _fdesc.o                  /home/wojciech/git/WojciechGw/cc65/asminc/_file.inc:25
__fopen (_fopen.o):
    fopen.o                   common/fopen.s:10
__hextab (_hextab.o):
    ltoa.o                    common/ltoa.s:10
__longminstr (_longminstr.o):
    ltoa.o                    common/ltoa.s:10
__printf (_printf.o):
    vsnprintf.o               common/vsnprintf.s:10
    vfprintf.o                common/vfprintf.s:10
_close (close.o):
    fclose.o                  common/fclose.s:10
    ext-mass.c.20336.0.o      ext-mass.c.20336.0.s:37
_exit (crt0.o):
    ext-mass.c.20336.0.o      ext-mass.c.20336.0.s:22
_fclose (fclose.o):
    ext-mass.c.20336.0.o      ext-mass.c.20336.0.s:17
_fgetc (fgetc.o):
    fgets.o                   common/fgets.s:8
_fgets (fgets.o):
    ext-mass.c.20336.0.o      ext-mass.c.20336.0.s:18
_fopen (fopen.o):
    ext-mass.c.20336.0.o      ext-mass.c.20336.0.s:19
_fwrite (fwrite.o):
    vfprintf.o                common/vfprintf.s:10
_isalnum (isalnum.o):
    ext-mass.c.20336.0.o      ext-mass.c.20336.0.s:24
_isalpha (isalpha.o):
    ext-mass.c.20336.0.o      ext-mass.c.20336.0.s:25
_isdigit (isdigit.o):
    strtoul.o                 ../libwrk/rp6502/strtoul.s:18
    ext-mass.c.20336.0.o      ext-mass.c.20336.0.s:26
_islower (islower.o):
    strtoul.o                 ../libwrk/rp6502/strtoul.s:19
_isspace (isspace.o):
    strtoul.o                 ../libwrk/rp6502/strtoul.s:20
    ext-mass.c.20336.0.o      ext-mass.c.20336.0.s:27
_isupper (isupper.o):
    strtoul.o                 ../libwrk/rp6502/strtoul.s:21
_ltoa (ltoa.o):
    _printf.o                 common/_printf.s:12
_main (ext-mass.c.20336.0.o):
    crt0.o                    rp6502/crt0.s:7
    crt0_cmd.s.20336.1.o      crt0_cmd.s:2
_memcpy (memcpy.o):
    vsnprintf.o               common/vsnprintf.s:10
    ext-mass.c.20336.0.o      ext-mass.c.20336.0.s:34
_memmove (memmove.o):
    ext-mass.c.20336.0.o      ext-mass.c.20336.0.s:35
_open (open.o):
    _fopen.o                  common/_fopen.s:10
    ext-mass.c.20336.0.o      ext-mass.c.20336.0.s:36
_printf (printf.o):
    ext-mass.c.20336.0.o      ext-mass.c.20336.0.s:20
_read (read.o):
    fgetc.o                   common/fgetc.s:8
_read_xstack (read_xstack.o):
    read.o                    ../libwrk/rp6502/read.s:17
_ria_call_int (ria.o):
    read_xstack.o             ../libwrk/rp6502/read_xstack.s:18
    errno.o                   rp6502/errno.s:12
    write_xram.o              ../libwrk/rp6502/write_xram.s:18
    open.o                    ../libwrk/rp6502/open.s:21
    close.o                   ../libwrk/rp6502/close.s:18
_ria_push_int (ria.o):
    read_xstack.o             ../libwrk/rp6502/read_xstack.s:16
    write_xram.o              ../libwrk/rp6502/write_xram.s:16
_ria_set_ax (ria.o):
    read_xstack.o             ../libwrk/rp6502/read_xstack.s:17
    write_xram.o              ../libwrk/rp6502/write_xram.s:17
    open.o                    ../libwrk/rp6502/open.s:20
    close.o                   ../libwrk/rp6502/close.s:17
_sprintf (sprintf.o):
    ext-mass.c.20336.0.o      ext-mass.c.20336.0.s:21
_stdin (_file.o):
    ext-mass.c.20336.0.o      ext-mass.c.20336.0.s:16
_stdout (_file.o):
    printf.o                  common/printf.s:8
_strchr (strchr.o):
    ext-mass.c.20336.0.o      ext-mass.c.20336.0.s:29
_strcmp (strcmp.o):
    ext-mass.c.20336.0.o      ext-mass.c.20336.0.s:30
_strlen (strlen.o):
    _printf.o                 common/_printf.s:13
    open.o                    ../libwrk/rp6502/open.s:23
    ext-mass.c.20336.0.o      ext-mass.c.20336.0.s:31
_strlower (strlower.o):
    _printf.o                 common/_printf.s:13
_strncpy (strncpy.o):
    ext-mass.c.20336.0.o      ext-mass.c.20336.0.s:32
_strrchr (strrchr.o):
    ext-mass.c.20336.0.o      ext-mass.c.20336.0.s:33
_strtoul (strtoul.o):
    ext-mass.c.20336.0.o      ext-mass.c.20336.0.s:23
_toupper (toupper.o):
    ext-mass.c.20336.0.o      ext-mass.c.20336.0.s:28
_ultoa (ltoa.o):
    _printf.o                 common/_printf.s:12
_vfprintf (vfprintf.o):
    printf.o                  common/printf.s:8
_vsprintf (vsprintf.o):
    sprintf.o                 common/sprintf.s:8
_write (write_stub.c.20336.2.o):
    fwrite.o                  common/fwrite.s:10
_write_xram (write_xram.o):
    ext-mass.c.20336.0.o      ext-mass.c.20336.0.s:15
addeq0sp (addeqsp.o):
    ext-mass.c.20336.0.o      ext-mass.c.20336.0.s:10259
    ext-mass.c.20336.0.o      ext-mass.c.20336.0.s:10259
    ext-mass.c.20336.0.o      ext-mass.c.20336.0.s:10259
    ext-mass.c.20336.0.o      ext-mass.c.20336.0.s:10259
    ext-mass.c.20336.0.o      ext-mass.c.20336.0.s:10259
    ext-mass.c.20336.0.o      ext-mass.c.20336.0.s:10259
    ext-mass.c.20336.0.o      ext-mass.c.20336.0.s:10259
    ext-mass.c.20336.0.o      ext-mass.c.20336.0.s:10259
    ext-mass.c.20336.0.o      ext-mass.c.20336.0.s:10259
    ext-mass.c.20336.0.o      ext-mass.c.20336.0.s:10259
    ext-mass.c.20336.0.o      ext-mass.c.20336.0.s:10259
    ext-mass.c.20336.0.o      ext-mass.c.20336.0.s:10259
    ext-mass.c.20336.0.o      ext-mass.c.20336.0.s:10259
addeqysp (addeqsp.o):
    read_xstack.o             ../libwrk/rp6502/read_xstack.s:94
    read.o                    ../libwrk/rp6502/read.s:116
    strtoul.o                 ../libwrk/rp6502/strtoul.s:369
    write_stub.c.20336.2.o    write_stub.c.20336.2.s:64
    ext-mass.c.20336.0.o      ext-mass.c.20336.0.s:10259
    ext-mass.c.20336.0.o      ext-mass.c.20336.0.s:10259
    ext-mass.c.20336.0.o      ext-mass.c.20336.0.s:10259
    ext-mass.c.20336.0.o      ext-mass.c.20336.0.s:10259
    ext-mass.c.20336.0.o      ext-mass.c.20336.0.s:10259
    ext-mass.c.20336.0.o      ext-mass.c.20336.0.s:10259
    ext-mass.c.20336.0.o      ext-mass.c.20336.0.s:10259
addysp (addysp.o):
    read_xstack.o             ../libwrk/rp6502/read_xstack.s:94
    read.o                    ../libwrk/rp6502/read.s:116
    leave.o                   runtime/leave.s:14
    fwrite.o                  common/fwrite.s:11
    strtoul.o                 ../libwrk/rp6502/strtoul.s:369
    sprintf.o                 common/sprintf.s:8
    printf.o                  common/printf.s:8
    incsp8.o                  runtime/incsp8.s:8
    incsp7.o                  runtime/incsp7.s:8
    incsp6.o                  runtime/incsp6.s:8
    incsp5.o                  runtime/incsp5.s:8
    incsp4.o                  runtime/incsp4.s:8
    incsp3.o                  runtime/incsp3.s:8
    write_stub.c.20336.2.o    write_stub.c.20336.2.s:64
    ext-mass.c.20336.0.o      ext-mass.c.20336.0.s:10259
    ext-mass.c.20336.0.o      ext-mass.c.20336.0.s:10259
    ext-mass.c.20336.0.o      ext-mass.c.20336.0.s:10259
    ext-mass.c.20336.0.o      ext-mass.c.20336.0.s:10259
    ext-mass.c.20336.0.o      ext-mass.c.20336.0.s:10259
    ext-mass.c.20336.0.o      ext-mass.c.20336.0.s:10259
    ext-mass.c.20336.0.o      ext-mass.c.20336.0.s:10259
    ext-mass.c.20336.0.o      ext-mass.c.20336.0.s:10259
addysp1 (addysp.o):
    ludiv.o                   runtime/ludiv.s:9
    lmul.o                    runtime/lmul.s:9
    ladd.o                    runtime/ladd.s:8
    sub.o                     runtime/sub.s:8
axlong (axlong.o):
    _printf.o                 common/_printf.s:11
    strtoul.o                 ../libwrk/rp6502/strtoul.s:369
axulong (axlong.o):
    _printf.o                 common/_printf.s:11
    strtoul.o                 ../libwrk/rp6502/strtoul.s:369
bnegax (bneg.o):
    ext-mass.c.20336.0.o      ext-mass.c.20336.0.s:10259
    ext-mass.c.20336.0.o      ext-mass.c.20336.0.s:10259
    ext-mass.c.20336.0.o      ext-mass.c.20336.0.s:10259
    ext-mass.c.20336.0.o      ext-mass.c.20336.0.s:10259
booleq (makebool.o):
    leq.o                     runtime/leq.s:8
boolugt (makebool.o):
    lugt.o                    runtime/lugt.s:8
c_sp (zeropage.o):
    lcmp.o                    runtime/lcmp.s:10
    vsnprintf.o               common/vsnprintf.s:11
    read_xstack.o             ../libwrk/rp6502/read_xstack.s:10
    read.o                    ../libwrk/rp6502/read.s:10
    ludiv.o                   runtime/ludiv.s:10
    lpush.o                   runtime/lpush.s:13
    lmul.o                    runtime/lmul.s:10
    leave.o                   runtime/leave.s:15
    leaaxsp.o                 runtime/leaaxsp.s:8
    ldptr1sp.o                runtime/ldptr1sp.s:8
    ldeaxysp.o                runtime/ldeaxysp.s:12
    ladd.o                    runtime/ladd.s:9
    enter.o                   runtime/enter.s:8
    _printf.o                 /home/wojciech/git/WojciechGw/cc65/asminc/zeropage.inc:11
    _fopen.o                  common/_fopen.s:12
    vfprintf.o                common/vfprintf.s:11
    subysp.o                  runtime/subysp.s:9
    subeqsp.o                 runtime/subeqsp.s:8
    sub.o                     runtime/sub.s:9
    strtoul.o                 ../libwrk/rp6502/strtoul.s:10
    steaxsp.o                 runtime/steaxsp.s:8
    staxspi.o                 runtime/staxspi.s:10
    staxsp.o                  runtime/staxsp.s:8
    staspidx.o                runtime/staspidx.s:9
    sprintf.o                 common/sprintf.s:9
    pushwsp.o                 runtime/pushwsp.s:8
    pushax.o                  runtime/pushax.s:8
    pusha.o                   runtime/pusha.s:8
    printf.o                  common/printf.s:9
    popptr1.o                 runtime/popptr1.s:9
    open.o                    ../libwrk/rp6502/open.s:10
    memcpy.o                  common/memcpy.s:15
    ldaxsp.o                  runtime/ldaxsp.s:8
    incsp2.o                  runtime/incsp2.s:8
    incsp1.o                  runtime/incsp1.s:8
    icmp.o                    runtime/icmp.s:9
    decsp8.o                  runtime/decsp8.s:8
    decsp6.o                  runtime/decsp6.s:8
    decsp4.o                  runtime/decsp4.s:8
    decsp3.o                  runtime/decsp3.s:8
    decsp2.o                  runtime/decsp2.s:8
    crt0.o                    /home/wojciech/git/WojciechGw/cc65/asminc/zeropage.inc:11
    addysp.o                  runtime/addysp.s:8
    addeqsp.o                 runtime/addeqsp.s:8
    write_stub.c.20336.2.o    write_stub.c.20336.2.s:10
    ext-mass.c.20336.0.o      ext-mass.c.20336.0.s:10
checkferror (checkferror.o):
    fgetc.o                   common/fgetc.s:8
copydata (copydata.o):
    crt0.o                    rp6502/crt0.s:12
ctypemask (ctypemask.o):
    isupper.o                 common/isupper.s:15
    islower.o                 common/islower.s:15
    isspace.o                 common/isspace.s:15
    isdigit.o                 common/isdigit.s:15
    isalpha.o                 common/isalpha.s:15
    isalnum.o                 common/isalnum.s:15
ctypemaskdirect (ctypemask.o):
    strlower.o                common/strlower.s:14
    toupper.o                 common/toupper.s:15
decax1 (decax1.o):
    open.o                    ../libwrk/rp6502/open.s:105
decaxy (decaxy.o):
    strtoul.o                 ../libwrk/rp6502/strtoul.s:369
decsp2 (decsp2.o):
    ext-mass.c.20336.0.o      ext-mass.c.20336.0.s:10259
    ext-mass.c.20336.0.o      ext-mass.c.20336.0.s:10259
    ext-mass.c.20336.0.o      ext-mass.c.20336.0.s:10259
    ext-mass.c.20336.0.o      ext-mass.c.20336.0.s:10259
    ext-mass.c.20336.0.o      ext-mass.c.20336.0.s:10259
    ext-mass.c.20336.0.o      ext-mass.c.20336.0.s:10259
    ext-mass.c.20336.0.o      ext-mass.c.20336.0.s:10259
    ext-mass.c.20336.0.o      ext-mass.c.20336.0.s:10259
    ext-mass.c.20336.0.o      ext-mass.c.20336.0.s:10259
    ext-mass.c.20336.0.o      ext-mass.c.20336.0.s:10259
    ext-mass.c.20336.0.o      ext-mass.c.20336.0.s:10259
    ext-mass.c.20336.0.o      ext-mass.c.20336.0.s:10259
decsp3 (decsp3.o):
    ext-mass.c.20336.0.o      ext-mass.c.20336.0.s:10259
    ext-mass.c.20336.0.o      ext-mass.c.20336.0.s:10259
decsp4 (decsp4.o):
    read_xstack.o             ../libwrk/rp6502/read_xstack.s:94
    lpush.o                   runtime/lpush.s:12
    sprintf.o                 common/sprintf.s:8
    ext-mass.c.20336.0.o      ext-mass.c.20336.0.s:10259
    ext-mass.c.20336.0.o      ext-mass.c.20336.0.s:10259
    ext-mass.c.20336.0.o      ext-mass.c.20336.0.s:10259
    ext-mass.c.20336.0.o      ext-mass.c.20336.0.s:10259
    ext-mass.c.20336.0.o      ext-mass.c.20336.0.s:10259
    ext-mass.c.20336.0.o      ext-mass.c.20336.0.s:10259
    ext-mass.c.20336.0.o      ext-mass.c.20336.0.s:10259
    ext-mass.c.20336.0.o      ext-mass.c.20336.0.s:10259
    ext-mass.c.20336.0.o      ext-mass.c.20336.0.s:10259
    ext-mass.c.20336.0.o      ext-mass.c.20336.0.s:10259
    ext-mass.c.20336.0.o      ext-mass.c.20336.0.s:10259
    ext-mass.c.20336.0.o      ext-mass.c.20336.0.s:10259
    ext-mass.c.20336.0.o      ext-mass.c.20336.0.s:10259
    ext-mass.c.20336.0.o      ext-mass.c.20336.0.s:10259
    ext-mass.c.20336.0.o      ext-mass.c.20336.0.s:10259
decsp6 (decsp6.o):
    _printf.o                 common/_printf.s:11
    strtoul.o                 ../libwrk/rp6502/strtoul.s:369
    ext-mass.c.20336.0.o      ext-mass.c.20336.0.s:10259
    ext-mass.c.20336.0.o      ext-mass.c.20336.0.s:10259
    ext-mass.c.20336.0.o      ext-mass.c.20336.0.s:10259
decsp8 (decsp8.o):
    ext-mass.c.20336.0.o      ext-mass.c.20336.0.s:10259
    ext-mass.c.20336.0.o      ext-mass.c.20336.0.s:10259
donelib (condes.o):
    crt0.o                    rp6502/crt0.s:12
    crt0_cmd.s.20336.1.o      crt0_cmd.s:2
enter (enter.o):
    open.o                    ../libwrk/rp6502/open.s:105
getlop (ludiv.o):
    lumod.o                   runtime/lumod.s:9
incsp1 (incsp1.o):
    ext-mass.c.20336.0.o      ext-mass.c.20336.0.s:10259
    ext-mass.c.20336.0.o      ext-mass.c.20336.0.s:10259
    ext-mass.c.20336.0.o      ext-mass.c.20336.0.s:10259
incsp2 (incsp2.o):
    vsnprintf.o               common/vsnprintf.s:9
    fgetc.o                   common/fgetc.s:9
    staxspi.o                 runtime/staxspi.s:9
    staspidx.o                runtime/staspidx.s:8
    popptr1.o                 runtime/popptr1.s:8
    close.o                   ../libwrk/rp6502/close.s:47
    ext-mass.c.20336.0.o      ext-mass.c.20336.0.s:10259
    ext-mass.c.20336.0.o      ext-mass.c.20336.0.s:10259
    ext-mass.c.20336.0.o      ext-mass.c.20336.0.s:10259
    ext-mass.c.20336.0.o      ext-mass.c.20336.0.s:10259
    ext-mass.c.20336.0.o      ext-mass.c.20336.0.s:10259
    ext-mass.c.20336.0.o      ext-mass.c.20336.0.s:10259
    ext-mass.c.20336.0.o      ext-mass.c.20336.0.s:10259
    ext-mass.c.20336.0.o      ext-mass.c.20336.0.s:10259
    ext-mass.c.20336.0.o      ext-mass.c.20336.0.s:10259
    ext-mass.c.20336.0.o      ext-mass.c.20336.0.s:10259
    ext-mass.c.20336.0.o      ext-mass.c.20336.0.s:10259
    ext-mass.c.20336.0.o      ext-mass.c.20336.0.s:10259
    ext-mass.c.20336.0.o      ext-mass.c.20336.0.s:10259
    ext-mass.c.20336.0.o      ext-mass.c.20336.0.s:10259
    ext-mass.c.20336.0.o      ext-mass.c.20336.0.s:10259
    ext-mass.c.20336.0.o      ext-mass.c.20336.0.s:10259
    ext-mass.c.20336.0.o      ext-mass.c.20336.0.s:10259
    ext-mass.c.20336.0.o      ext-mass.c.20336.0.s:10259
    ext-mass.c.20336.0.o      ext-mass.c.20336.0.s:10259
incsp3 (incsp3.o):
    ext-mass.c.20336.0.o      ext-mass.c.20336.0.s:10259
    ext-mass.c.20336.0.o      ext-mass.c.20336.0.s:10259
    ext-mass.c.20336.0.o      ext-mass.c.20336.0.s:10259
    ext-mass.c.20336.0.o      ext-mass.c.20336.0.s:10259
incsp4 (incsp4.o):
    lcmp.o                    runtime/lcmp.s:9
    read.o                    ../libwrk/rp6502/read.s:116
    _fopen.o                  common/_fopen.s:11
    ext-mass.c.20336.0.o      ext-mass.c.20336.0.s:10259
    ext-mass.c.20336.0.o      ext-mass.c.20336.0.s:10259
    ext-mass.c.20336.0.o      ext-mass.c.20336.0.s:10259
    ext-mass.c.20336.0.o      ext-mass.c.20336.0.s:10259
    ext-mass.c.20336.0.o      ext-mass.c.20336.0.s:10259
    ext-mass.c.20336.0.o      ext-mass.c.20336.0.s:10259
    ext-mass.c.20336.0.o      ext-mass.c.20336.0.s:10259
    ext-mass.c.20336.0.o      ext-mass.c.20336.0.s:10259
incsp5 (incsp5.o):
    ext-mass.c.20336.0.o      ext-mass.c.20336.0.s:10259
    ext-mass.c.20336.0.o      ext-mass.c.20336.0.s:10259
    ext-mass.c.20336.0.o      ext-mass.c.20336.0.s:10259
incsp6 (incsp6.o):
    vsnprintf.o               common/vsnprintf.s:9
    fwrite.o                  common/fwrite.s:11
    write_xram.o              ../libwrk/rp6502/write_xram.s:57
    vfprintf.o                common/vfprintf.s:9
    ext-mass.c.20336.0.o      ext-mass.c.20336.0.s:10259
    ext-mass.c.20336.0.o      ext-mass.c.20336.0.s:10259
    ext-mass.c.20336.0.o      ext-mass.c.20336.0.s:10259
incsp7 (incsp7.o):
    ext-mass.c.20336.0.o      ext-mass.c.20336.0.s:10259
    ext-mass.c.20336.0.o      ext-mass.c.20336.0.s:10259
incsp8 (incsp8.o):
    read.o                    ../libwrk/rp6502/read.s:116
    ext-mass.c.20336.0.o      ext-mass.c.20336.0.s:10259
    ext-mass.c.20336.0.o      ext-mass.c.20336.0.s:10259
    ext-mass.c.20336.0.o      ext-mass.c.20336.0.s:10259
    ext-mass.c.20336.0.o      ext-mass.c.20336.0.s:10259
    ext-mass.c.20336.0.o      ext-mass.c.20336.0.s:10259
    ext-mass.c.20336.0.o      ext-mass.c.20336.0.s:10259
    ext-mass.c.20336.0.o      ext-mass.c.20336.0.s:10259
    ext-mass.c.20336.0.o      ext-mass.c.20336.0.s:10259
    ext-mass.c.20336.0.o      ext-mass.c.20336.0.s:10259
initlib (condes.o):
    crt0.o                    rp6502/crt0.s:12
    crt0_cmd.s.20336.1.o      crt0_cmd.s:2
initmainargs (initmainargs.s.20336.3.o):
    ext-mass.c.20336.0.o      ext-mass.c.20336.0.s:14
ldax0sp (ldaxsp.o):
    read_xstack.o             ../libwrk/rp6502/read_xstack.s:94
    read.o                    ../libwrk/rp6502/read.s:116
    write_xram.o              ../libwrk/rp6502/write_xram.s:57
    open.o                    ../libwrk/rp6502/open.s:105
    close.o                   ../libwrk/rp6502/close.s:47
ldaxi (ldaxi.o):
    open.o                    ../libwrk/rp6502/open.s:105
ldaxysp (ldaxsp.o):
    vsnprintf.o               common/vsnprintf.s:9
    read_xstack.o             ../libwrk/rp6502/read_xstack.s:94
    read.o                    ../libwrk/rp6502/read.s:116
    fwrite.o                  common/fwrite.s:11
    write_xram.o              ../libwrk/rp6502/write_xram.s:57
    strtoul.o                 ../libwrk/rp6502/strtoul.s:369
ldeaxysp (ldeaxysp.o):
    strtoul.o                 ../libwrk/rp6502/strtoul.s:369
ldptr1ysp (ldptr1sp.o):
    strtoul.o                 ../libwrk/rp6502/strtoul.s:369
leaa0sp (leaaxsp.o):
    open.o                    ../libwrk/rp6502/open.s:105
leavey (leave.o):
    open.o                    ../libwrk/rp6502/open.s:105
memcpy_getparams (memcpy.o):
    memmove.o                 common/memmove.s:12
memcpy_upwards (memcpy.o):
    memmove.o                 common/memmove.s:12
mul8x16 (mul8.o):
    mul.o                     runtime/mul.s:8
mul8x16a (mul8.o):
    mul.o                     runtime/mul.s:8
negeax (lneg.o):
    ltoa.o                    common/ltoa.s:9
    strtoul.o                 ../libwrk/rp6502/strtoul.s:369
popax (incsp2.o):
    vsnprintf.o               common/vsnprintf.s:9
    ltoa.o                    common/ltoa.s:9
    _printf.o                 common/_printf.s:11
    strrchr.o                 common/strrchr.s:9
    strncpy.o                 common/strncpy.s:8
    strchr.o                  common/strchr.s:9
    memmove.o                 common/memmove.s:12
    memcpy.o                  common/memcpy.s:14
    fgets.o                   common/fgets.s:8
popptr1 (popptr1.o):
    udiv.o                    runtime/udiv.s:9
    mul.o                     runtime/mul.s:9
    ltoa.o                    common/ltoa.s:9
    fgetc.o                   common/fgetc.s:9
    strncpy.o                 common/strncpy.s:8
    strcmp.o                  common/strcmp.s:8
    mul8.o                    runtime/mul8.s:9
    memcpy.o                  common/memcpy.s:14
    fgets.o                   common/fgets.s:8
ptr1 (zeropage.o):
    lcmp.o                    runtime/lcmp.s:10
    checkferror.o             common/checkferror.s:12
    vsnprintf.o               common/vsnprintf.s:11
    udiv.o                    runtime/udiv.s:10
    strlower.o                common/strlower.s:13
    read_xstack.o             ../libwrk/rp6502/read_xstack.s:11
    mul.o                     runtime/mul.s:10
    ludiv.o                   runtime/ludiv.s:10
    ltoa.o                    common/ltoa.s:11
    lmul.o                    runtime/lmul.s:10
    ldptr1sp.o                runtime/ldptr1sp.s:8
    ldaxi.o                   runtime/ldaxi.s:8
    fwrite.o                  common/fwrite.s:14
    fgetc.o                   common/fgetc.s:10
    copydata.o                common/copydata.s:9
    _printf.o                 /home/wojciech/git/WojciechGw/cc65/asminc/zeropage.inc:12
    _fopen.o                  common/_fopen.s:12
    zerobss.o                 common/zerobss.s:9
    vfprintf.o                common/vfprintf.s:11
    strtoul.o                 ../libwrk/rp6502/strtoul.s:11
    strrchr.o                 common/strrchr.s:10
    strncpy.o                 common/strncpy.s:9
    strcmp.o                  common/strcmp.s:9
    strchr.o                  common/strchr.s:10
    staxspi.o                 runtime/staxspi.s:10
    staspidx.o                runtime/staspidx.s:9
    sprintf.o                 common/sprintf.s:9
    pushptr1.o                runtime/pushptr1.s:9
    printf.o                  common/printf.s:9
    popptr1.o                 runtime/popptr1.s:9
    open.o                    ../libwrk/rp6502/open.s:11
    mul8.o                    runtime/mul8.s:10
    memmove.o                 common/memmove.s:13
    memcpy.o                  common/memcpy.s:15
    fgets.o                   common/fgets.s:9
    fclose.o                  common/fclose.s:11
    write_stub.c.20336.2.o    write_stub.c.20336.2.s:11
    ext-mass.c.20336.0.o      ext-mass.c.20336.0.s:11
ptr2 (zeropage.o):
    strlower.o                common/strlower.s:13
    lumod.o                   runtime/lumod.s:10
    ludiv.o                   runtime/ludiv.s:10
    ltoa.o                    common/ltoa.s:11
    copydata.o                common/copydata.s:9
    _printf.o                 /home/wojciech/git/WojciechGw/cc65/asminc/zeropage.inc:12
    strncpy.o                 common/strncpy.s:9
    strcmp.o                  common/strcmp.s:9
    memmove.o                 common/memmove.s:13
    memcpy.o                  common/memcpy.s:15
ptr3 (zeropage.o):
    ludiv.o                   runtime/ludiv.s:10
    ltoa.o                    common/ltoa.s:11
    lmul.o                    runtime/lmul.s:10
    memmove.o                 common/memmove.s:13
    memcpy.o                  common/memcpy.s:15
ptr4 (zeropage.o):
    udiv.o                    runtime/udiv.s:10
    mul.o                     runtime/mul.s:10
    ludiv.o                   runtime/ludiv.s:10
    lmul.o                    runtime/lmul.s:10
    strlen.o                  common/strlen.s:12
    mul8.o                    runtime/mul8.s:10
    fgets.o                   common/fgets.s:9
push0 (pushax.o):
    read.o                    ../libwrk/rp6502/read.s:116
    strtoul.o                 ../libwrk/rp6502/strtoul.s:369
    ext-mass.c.20336.0.o      ext-mass.c.20336.0.s:10259
    ext-mass.c.20336.0.o      ext-mass.c.20336.0.s:10259
    ext-mass.c.20336.0.o      ext-mass.c.20336.0.s:10259
    ext-mass.c.20336.0.o      ext-mass.c.20336.0.s:10259
    ext-mass.c.20336.0.o      ext-mass.c.20336.0.s:10259
    ext-mass.c.20336.0.o      ext-mass.c.20336.0.s:10259
    ext-mass.c.20336.0.o      ext-mass.c.20336.0.s:10259
push1 (push1.o):
    _printf.o                 common/_printf.s:11
    vfprintf.o                common/vfprintf.s:9
pusha (pusha.o):
    strtoul.o                 ../libwrk/rp6502/strtoul.s:369
    ext-mass.c.20336.0.o      ext-mass.c.20336.0.s:10259
    ext-mass.c.20336.0.o      ext-mass.c.20336.0.s:10259
    ext-mass.c.20336.0.o      ext-mass.c.20336.0.s:10259
    ext-mass.c.20336.0.o      ext-mass.c.20336.0.s:10259
    ext-mass.c.20336.0.o      ext-mass.c.20336.0.s:10259
    ext-mass.c.20336.0.o      ext-mass.c.20336.0.s:10259
    ext-mass.c.20336.0.o      ext-mass.c.20336.0.s:10259
    ext-mass.c.20336.0.o      ext-mass.c.20336.0.s:10259
    ext-mass.c.20336.0.o      ext-mass.c.20336.0.s:10259
pusha0 (pushax.o):
    push1.o                   runtime/push1.s:8
    fwrite.o                  common/fwrite.s:11
    fgetc.o                   common/fgetc.s:9
    ext-mass.c.20336.0.o      ext-mass.c.20336.0.s:10259
    ext-mass.c.20336.0.o      ext-mass.c.20336.0.s:10259
pushax (pushax.o):
    read_xstack.o             ../libwrk/rp6502/read_xstack.s:94
    read.o                    ../libwrk/rp6502/read.s:116
    fwrite.o                  common/fwrite.s:11
    fgetc.o                   common/fgetc.s:9
    _printf.o                 common/_printf.s:11
    write_xram.o              ../libwrk/rp6502/write_xram.s:57
    strtoul.o                 ../libwrk/rp6502/strtoul.s:369
    pushptr1.o                runtime/pushptr1.s:8
    printf.o                  common/printf.s:8
    open.o                    ../libwrk/rp6502/open.s:105
    fopen.o                   common/fopen.s:11
    close.o                   ../libwrk/rp6502/close.s:47
    write_stub.c.20336.2.o    write_stub.c.20336.2.s:64
    ext-mass.c.20336.0.o      ext-mass.c.20336.0.s:10259
    ext-mass.c.20336.0.o      ext-mass.c.20336.0.s:10259
    ext-mass.c.20336.0.o      ext-mass.c.20336.0.s:10259
    ext-mass.c.20336.0.o      ext-mass.c.20336.0.s:10259
    ext-mass.c.20336.0.o      ext-mass.c.20336.0.s:10259
    ext-mass.c.20336.0.o      ext-mass.c.20336.0.s:10259
    ext-mass.c.20336.0.o      ext-mass.c.20336.0.s:10259
    ext-mass.c.20336.0.o      ext-mass.c.20336.0.s:10259
    ext-mass.c.20336.0.o      ext-mass.c.20336.0.s:10259
    ext-mass.c.20336.0.o      ext-mass.c.20336.0.s:10259
    ext-mass.c.20336.0.o      ext-mass.c.20336.0.s:10259
    ext-mass.c.20336.0.o      ext-mass.c.20336.0.s:10259
    ext-mass.c.20336.0.o      ext-mass.c.20336.0.s:10259
    ext-mass.c.20336.0.o      ext-mass.c.20336.0.s:10259
    ext-mass.c.20336.0.o      ext-mass.c.20336.0.s:10259
    ext-mass.c.20336.0.o      ext-mass.c.20336.0.s:10259
    ext-mass.c.20336.0.o      ext-mass.c.20336.0.s:10259
    ext-mass.c.20336.0.o      ext-mass.c.20336.0.s:10259
    ext-mass.c.20336.0.o      ext-mass.c.20336.0.s:10259
    ext-mass.c.20336.0.o      ext-mass.c.20336.0.s:10259
    ext-mass.c.20336.0.o      ext-mass.c.20336.0.s:10259
    ext-mass.c.20336.0.o      ext-mass.c.20336.0.s:10259
    ext-mass.c.20336.0.o      ext-mass.c.20336.0.s:10259
    ext-mass.c.20336.0.o      ext-mass.c.20336.0.s:10259
    ext-mass.c.20336.0.o      ext-mass.c.20336.0.s:10259
    ext-mass.c.20336.0.o      ext-mass.c.20336.0.s:10259
    ext-mass.c.20336.0.o      ext-mass.c.20336.0.s:10259
    ext-mass.c.20336.0.o      ext-mass.c.20336.0.s:10259
    ext-mass.c.20336.0.o      ext-mass.c.20336.0.s:10259
    ext-mass.c.20336.0.o      ext-mass.c.20336.0.s:10259
    ext-mass.c.20336.0.o      ext-mass.c.20336.0.s:10259
    ext-mass.c.20336.0.o      ext-mass.c.20336.0.s:10259
    ext-mass.c.20336.0.o      ext-mass.c.20336.0.s:10259
    ext-mass.c.20336.0.o      ext-mass.c.20336.0.s:10259
    ext-mass.c.20336.0.o      ext-mass.c.20336.0.s:10259
    ext-mass.c.20336.0.o      ext-mass.c.20336.0.s:10259
    ext-mass.c.20336.0.o      ext-mass.c.20336.0.s:10259
    ext-mass.c.20336.0.o      ext-mass.c.20336.0.s:10259
    ext-mass.c.20336.0.o      ext-mass.c.20336.0.s:10259
    ext-mass.c.20336.0.o      ext-mass.c.20336.0.s:10259
    ext-mass.c.20336.0.o      ext-mass.c.20336.0.s:10259
    ext-mass.c.20336.0.o      ext-mass.c.20336.0.s:10259
    ext-mass.c.20336.0.o      ext-mass.c.20336.0.s:10259
pusheax (lpush.o):
    _printf.o                 common/_printf.s:11
    strtoul.o                 ../libwrk/rp6502/strtoul.s:369
pushl0 (lpush.o):
    strtoul.o                 ../libwrk/rp6502/strtoul.s:369
pushptr1 (pushptr1.o):
    fgets.o                   common/fgets.s:8
pushw0sp (pushwsp.o):
    vsprintf.o                common/vsprintf.s:8
    ext-mass.c.20336.0.o      ext-mass.c.20336.0.s:10259
    ext-mass.c.20336.0.o      ext-mass.c.20336.0.s:10259
    ext-mass.c.20336.0.o      ext-mass.c.20336.0.s:10259
    ext-mass.c.20336.0.o      ext-mass.c.20336.0.s:10259
    ext-mass.c.20336.0.o      ext-mass.c.20336.0.s:10259
    ext-mass.c.20336.0.o      ext-mass.c.20336.0.s:10259
    ext-mass.c.20336.0.o      ext-mass.c.20336.0.s:10259
    ext-mass.c.20336.0.o      ext-mass.c.20336.0.s:10259
    ext-mass.c.20336.0.o      ext-mass.c.20336.0.s:10259
pushwysp (pushwsp.o):
    read.o                    ../libwrk/rp6502/read.s:116
    fwrite.o                  common/fwrite.s:11
    vfprintf.o                common/vfprintf.s:9
    write_stub.c.20336.2.o    write_stub.c.20336.2.s:64
    ext-mass.c.20336.0.o      ext-mass.c.20336.0.s:10259
    ext-mass.c.20336.0.o      ext-mass.c.20336.0.s:10259
    ext-mass.c.20336.0.o      ext-mass.c.20336.0.s:10259
    ext-mass.c.20336.0.o      ext-mass.c.20336.0.s:10259
    ext-mass.c.20336.0.o      ext-mass.c.20336.0.s:10259
    ext-mass.c.20336.0.o      ext-mass.c.20336.0.s:10259
    ext-mass.c.20336.0.o      ext-mass.c.20336.0.s:10259
    ext-mass.c.20336.0.o      ext-mass.c.20336.0.s:10259
    ext-mass.c.20336.0.o      ext-mass.c.20336.0.s:10259
    ext-mass.c.20336.0.o      ext-mass.c.20336.0.s:10259
    ext-mass.c.20336.0.o      ext-mass.c.20336.0.s:10259
    ext-mass.c.20336.0.o      ext-mass.c.20336.0.s:10259
regbank (zeropage.o):
    _printf.o                 /home/wojciech/git/WojciechGw/cc65/asminc/zeropage.inc:14
    strtoul.o                 ../libwrk/rp6502/strtoul.s:10
regsave (zeropage.o):
    ext-mass.c.20336.0.o      ext-mass.c.20336.0.s:10
return0 (return0.o):
    _fopen.o                  common/_fopen.s:11
    _fdesc.o                  common/_fdesc.s:9
    fgets.o                   common/fgets.s:8
returnFFFF (returnFFFF.o):
    fgetc.o                   common/fgetc.s:9
shlax2 (aslax2.o):
    ext-mass.c.20336.0.o      ext-mass.c.20336.0.s:10259
shlax4 (aslax4.o):
    ext-mass.c.20336.0.o      ext-mass.c.20336.0.s:10259
sreg (zeropage.o):
    lcmp.o                    runtime/lcmp.s:10
    udiv.o                    runtime/udiv.s:10
    lumod.o                   runtime/lumod.s:10
    ludiv.o                   runtime/ludiv.s:10
    ltoa.o                    common/ltoa.s:11
    lpush.o                   runtime/lpush.s:13
    lneg.o                    runtime/lneg.s:11
    lmul.o                    runtime/lmul.s:10
    ldeaxysp.o                runtime/ldeaxysp.s:12
    ladd.o                    runtime/ladd.s:9
    axlong.o                  runtime/axlong.s:9
    _printf.o                 /home/wojciech/git/WojciechGw/cc65/asminc/zeropage.inc:11
    strtoul.o                 ../libwrk/rp6502/strtoul.s:10
    steaxsp.o                 runtime/steaxsp.s:8
    ria.o                     rp6502/ria.s:13
    icmp.o                    runtime/icmp.s:9
    ext-mass.c.20336.0.o      ext-mass.c.20336.0.s:10
staspidx (staspidx.o):
    ext-mass.c.20336.0.o      ext-mass.c.20336.0.s:10259
stax0sp (staxsp.o):
    read_xstack.o             ../libwrk/rp6502/read_xstack.s:94
    ext-mass.c.20336.0.o      ext-mass.c.20336.0.s:10259
    ext-mass.c.20336.0.o      ext-mass.c.20336.0.s:10259
    ext-mass.c.20336.0.o      ext-mass.c.20336.0.s:10259
    ext-mass.c.20336.0.o      ext-mass.c.20336.0.s:10259
    ext-mass.c.20336.0.o      ext-mass.c.20336.0.s:10259
    ext-mass.c.20336.0.o      ext-mass.c.20336.0.s:10259
    ext-mass.c.20336.0.o      ext-mass.c.20336.0.s:10259
    ext-mass.c.20336.0.o      ext-mass.c.20336.0.s:10259
staxspidx (staxspi.o):
    ext-mass.c.20336.0.o      ext-mass.c.20336.0.s:10259
staxysp (staxsp.o):
    read_xstack.o             ../libwrk/rp6502/read_xstack.s:94
    vsprintf.o                common/vsprintf.s:8
    strtoul.o                 ../libwrk/rp6502/strtoul.s:369
    ext-mass.c.20336.0.o      ext-mass.c.20336.0.s:10259
    ext-mass.c.20336.0.o      ext-mass.c.20336.0.s:10259
    ext-mass.c.20336.0.o      ext-mass.c.20336.0.s:10259
    ext-mass.c.20336.0.o      ext-mass.c.20336.0.s:10259
    ext-mass.c.20336.0.o      ext-mass.c.20336.0.s:10259
    ext-mass.c.20336.0.o      ext-mass.c.20336.0.s:10259
    ext-mass.c.20336.0.o      ext-mass.c.20336.0.s:10259
    ext-mass.c.20336.0.o      ext-mass.c.20336.0.s:10259
    ext-mass.c.20336.0.o      ext-mass.c.20336.0.s:10259
steax0sp (steaxsp.o):
    ext-mass.c.20336.0.o      ext-mass.c.20336.0.s:10259
    ext-mass.c.20336.0.o      ext-mass.c.20336.0.s:10259
steaxysp (steaxsp.o):
    strtoul.o                 ../libwrk/rp6502/strtoul.s:369
subeq0sp (subeqsp.o):
    open.o                    ../libwrk/rp6502/open.s:105
    write_stub.c.20336.2.o    write_stub.c.20336.2.s:64
    ext-mass.c.20336.0.o      ext-mass.c.20336.0.s:10259
    ext-mass.c.20336.0.o      ext-mass.c.20336.0.s:10259
    ext-mass.c.20336.0.o      ext-mass.c.20336.0.s:10259
subeqysp (subeqsp.o):
    read.o                    ../libwrk/rp6502/read.s:116
subysp (subysp.o):
    ext-mass.c.20336.0.o      ext-mass.c.20336.0.s:10259
    ext-mass.c.20336.0.o      ext-mass.c.20336.0.s:10259
    ext-mass.c.20336.0.o      ext-mass.c.20336.0.s:10259
    ext-mass.c.20336.0.o      ext-mass.c.20336.0.s:10259
    ext-mass.c.20336.0.o      ext-mass.c.20336.0.s:10259
    ext-mass.c.20336.0.o      ext-mass.c.20336.0.s:10259
tmp1 (zeropage.o):
    mul.o                     runtime/mul.s:10
    ltoa.o                    common/ltoa.s:11
    ladd.o                    runtime/ladd.s:9
    decaxy.o                  runtime/decaxy.s:8
    copydata.o                common/copydata.s:9
    _printf.o                 /home/wojciech/git/WojciechGw/cc65/asminc/zeropage.inc:13
    strtoul.o                 ../libwrk/rp6502/strtoul.s:11
    strrchr.o                 common/strrchr.s:10
    strncpy.o                 common/strncpy.s:9
    strchr.o                  common/strchr.s:10
    staxspi.o                 runtime/staxspi.s:10
    staspidx.o                runtime/staspidx.s:9
    aslax4.o                  runtime/aslax4.s:8
    aslax2.o                  runtime/aslax2.s:8
    ext-mass.c.20336.0.o      ext-mass.c.20336.0.s:11
tmp2 (zeropage.o):
    lmul.o                    runtime/lmul.s:10
    strrchr.o                 common/strrchr.s:10
    strncpy.o                 common/strncpy.s:9
tmp3 (zeropage.o):
    lumod.o                   runtime/lumod.s:10
    ludiv.o                   runtime/ludiv.s:10
    lmul.o                    runtime/lmul.s:10
    strncpy.o                 common/strncpy.s:9
tmp4 (zeropage.o):
    lumod.o                   runtime/lumod.s:10
    ludiv.o                   runtime/ludiv.s:10
    lmul.o                    runtime/lmul.s:10
tosaddeax (ladd.o):
    strtoul.o                 ../libwrk/rp6502/strtoul.s:369
toseqeax (leq.o):
    strtoul.o                 ../libwrk/rp6502/strtoul.s:369
tosicmp (icmp.o):
    ext-mass.c.20336.0.o      ext-mass.c.20336.0.s:10259
    ext-mass.c.20336.0.o      ext-mass.c.20336.0.s:10259
tosicmp0 (icmp.o):
    ext-mass.c.20336.0.o      ext-mass.c.20336.0.s:10259
toslcmp (lcmp.o):
    lugt.o                    runtime/lugt.s:8
    leq.o                     runtime/leq.s:8
tossubax (sub.o):
    ext-mass.c.20336.0.o      ext-mass.c.20336.0.s:10259
    ext-mass.c.20336.0.o      ext-mass.c.20336.0.s:10259
    ext-mass.c.20336.0.o      ext-mass.c.20336.0.s:10259
    ext-mass.c.20336.0.o      ext-mass.c.20336.0.s:10259
tosudivax (udiv.o):
    fwrite.o                  common/fwrite.s:12
tosudiveax (ludiv.o):
    strtoul.o                 ../libwrk/rp6502/strtoul.s:369
tosugteax (lugt.o):
    strtoul.o                 ../libwrk/rp6502/strtoul.s:369
tosumodeax (lumod.o):
    strtoul.o                 ../libwrk/rp6502/strtoul.s:369
tosumula0 (mul8.o):
    ext-mass.c.20336.0.o      ext-mass.c.20336.0.s:10259
tosumulax (mul.o):
    fwrite.o                  common/fwrite.s:12
tosumuleax (lmul.o):
    strtoul.o                 ../libwrk/rp6502/strtoul.s:369
udiv32 (ludiv.o):
    lumod.o                   runtime/lumod.s:9
vsnprintf (vsnprintf.o):
    vsprintf.o                common/vsprintf.s:9
zerobss (zerobss.o):
    crt0.o                    rp6502/crt0.s:12

