Modules list:
-------------
ext-settime.c.9944.0.o:
    CODE              Offs=000000  Size=0003AE  Align=00001  Fill=0000
    RODATA            Offs=000000  Size=00018E  Align=00001  Fill=0000
crt0_cmd.s.9944.1.o:
    STARTUP           Offs=000000  Size=00001B  Align=00001  Fill=0000
write_stub.c.9944.2.o:
    CODE              Offs=0003AE  Size=00004C  Align=00001  Fill=0000
initmainargs.s.9944.3.o:
    STARTUP           Offs=00001B  Size=000001  Align=00001  Fill=0000
C:\@prg\cc65\lib/rp6502.lib(_scanf.o):
    CODE              Offs=0003FA  Size=000750  Align=00001  Fill=0000
    RODATA            Offs=00018E  Size=000010  Align=00001  Fill=0000
    BSS               Offs=000000  Size=000042  Align=00001  Fill=0000
C:\@prg\cc65\lib/rp6502.lib(_seterrno.o):
    CODE              Offs=000B4A  Size=000009  Align=00001  Fill=0000
C:\@prg\cc65\lib/rp6502.lib(addeqsp.o):
    CODE              Offs=000B53  Size=000011  Align=00001  Fill=0000
C:\@prg\cc65\lib/rp6502.lib(addysp.o):
    CODE              Offs=000B64  Size=00000E  Align=00001  Fill=0000
C:\@prg\cc65\lib/rp6502.lib(axlong.o):
    CODE              Offs=000B72  Size=00000D  Align=00001  Fill=0000
C:\@prg\cc65\lib/rp6502.lib(compl.o):
    CODE              Offs=000B7F  Size=000009  Align=00001  Fill=0000
C:\@prg\cc65\lib/rp6502.lib(condes.o):
    CODE              Offs=000B88  Size=00000C  Align=00001  Fill=0000
    DATA              Offs=000000  Size=000025  Align=00001  Fill=0000
    ONCE              Offs=000000  Size=00000C  Align=00001  Fill=0000
C:\@prg\cc65\lib/rp6502.lib(copydata.o):
    CODE              Offs=000B94  Size=00002D  Align=00001  Fill=0000
C:\@prg\cc65\lib/rp6502.lib(crt0.o):
    STARTUP           Offs=00001C  Size=00002B  Align=00001  Fill=0000
C:\@prg\cc65\lib/rp6502.lib(ctype.o):
    RODATA            Offs=00019E  Size=00008B  Align=00001  Fill=0000
C:\@prg\cc65\lib/rp6502.lib(ctypemask.o):
    CODE              Offs=000BC1  Size=00001E  Align=00001  Fill=0000
C:\@prg\cc65\lib/rp6502.lib(decaxy.o):
    CODE              Offs=000BDF  Size=000009  Align=00001  Fill=0000
C:\@prg\cc65\lib/rp6502.lib(decsp4.o):
    CODE              Offs=000BE8  Size=00000D  Align=00001  Fill=0000
C:\@prg\cc65\lib/rp6502.lib(div.o):
    CODE              Offs=000BF5  Size=000015  Align=00001  Fill=0000
C:\@prg\cc65\lib/rp6502.lib(divt.o):
    CODE              Offs=000C0A  Size=000015  Align=00001  Fill=0000
C:\@prg\cc65\lib/rp6502.lib(errno.o):
    CODE              Offs=000C1F  Size=00000A  Align=00001  Fill=0000
C:\@prg\cc65\lib/rp6502.lib(icmp.o):
    CODE              Offs=000C29  Size=00002E  Align=00001  Fill=0000
C:\@prg\cc65\lib/rp6502.lib(incsp1.o):
    CODE              Offs=000C57  Size=000007  Align=00001  Fill=0000
C:\@prg\cc65\lib/rp6502.lib(incsp2.o):
    CODE              Offs=000C5E  Size=000015  Align=00001  Fill=0000
C:\@prg\cc65\lib/rp6502.lib(incsp3.o):
    CODE              Offs=000C73  Size=000005  Align=00001  Fill=0000
C:\@prg\cc65\lib/rp6502.lib(incsp4.o):
    CODE              Offs=000C78  Size=000005  Align=00001  Fill=0000
C:\@prg\cc65\lib/rp6502.lib(incsp7.o):
    CODE              Offs=000C7D  Size=000005  Align=00001  Fill=0000
C:\@prg\cc65\lib/rp6502.lib(incsp8.o):
    CODE              Offs=000C82  Size=000005  Align=00001  Fill=0000
C:\@prg\cc65\lib/rp6502.lib(isdigit.o):
    CODE              Offs=000C87  Size=000008  Align=00001  Fill=0000
C:\@prg\cc65\lib/rp6502.lib(isspace.o):
    CODE              Offs=000C8F  Size=000008  Align=00001  Fill=0000
C:\@prg\cc65\lib/rp6502.lib(isxdigit.o):
    CODE              Offs=000C97  Size=000008  Align=00001  Fill=0000
C:\@prg\cc65\lib/rp6502.lib(jmpvec.o):
    DATA              Offs=000025  Size=000003  Align=00001  Fill=0000
C:\@prg\cc65\lib/rp6502.lib(ladd.o):
    CODE              Offs=000C9F  Size=000024  Align=00001  Fill=0000
C:\@prg\cc65\lib/rp6502.lib(lcmp.o):
    CODE              Offs=000CC3  Size=00003B  Align=00001  Fill=0000
C:\@prg\cc65\lib/rp6502.lib(ldaxi.o):
    CODE              Offs=000CFE  Size=00000D  Align=00001  Fill=0000
C:\@prg\cc65\lib/rp6502.lib(ldaxsp.o):
    CODE              Offs=000D0B  Size=000009  Align=00001  Fill=0000
C:\@prg\cc65\lib/rp6502.lib(ldeaxi.o):
    CODE              Offs=000D14  Size=000017  Align=00001  Fill=0000
C:\@prg\cc65\lib/rp6502.lib(ldeaxysp.o):
    CODE              Offs=000D2B  Size=000013  Align=00001  Fill=0000
C:\@prg\cc65\lib/rp6502.lib(leq.o):
    CODE              Offs=000D3E  Size=000006  Align=00001  Fill=0000
C:\@prg\cc65\lib/rp6502.lib(lmul.o):
    CODE              Offs=000D44  Size=000059  Align=00001  Fill=0000
C:\@prg\cc65\lib/rp6502.lib(lneg.o):
    CODE              Offs=000D9D  Size=00001E  Align=00001  Fill=0000
C:\@prg\cc65\lib/rp6502.lib(longjmp.o):
    CODE              Offs=000DBB  Size=000028  Align=00001  Fill=0000
C:\@prg\cc65\lib/rp6502.lib(lpush.o):
    CODE              Offs=000DE3  Size=00001E  Align=00001  Fill=0000
C:\@prg\cc65\lib/rp6502.lib(lsub.o):
    CODE              Offs=000E01  Size=000024  Align=00001  Fill=0000
C:\@prg\cc65\lib/rp6502.lib(makebool.o):
    CODE              Offs=000E25  Size=00002C  Align=00001  Fill=0000
C:\@prg\cc65\lib/rp6502.lib(mktime.o):
    CODE              Offs=000E51  Size=000257  Align=00001  Fill=0000
    BSS               Offs=000042  Size=000005  Align=00001  Fill=0000
    DATA              Offs=000028  Size=000024  Align=00001  Fill=0000
C:\@prg\cc65\lib/rp6502.lib(mul.o):
    CODE              Offs=0010A8  Size=000045  Align=00001  Fill=0000
C:\@prg\cc65\lib/rp6502.lib(mul8.o):
    CODE              Offs=0010ED  Size=00003A  Align=00001  Fill=0000
C:\@prg\cc65\lib/rp6502.lib(mulax10.o):
    CODE              Offs=001127  Size=000019  Align=00001  Fill=0000
C:\@prg\cc65\lib/rp6502.lib(negabs.o):
    CODE              Offs=001140  Size=000012  Align=00001  Fill=0000
C:\@prg\cc65\lib/rp6502.lib(popptr1.o):
    CODE              Offs=001152  Size=00000E  Align=00001  Fill=0000
C:\@prg\cc65\lib/rp6502.lib(pusha.o):
    CODE              Offs=001160  Size=000016  Align=00001  Fill=0000
C:\@prg\cc65\lib/rp6502.lib(pushax.o):
    CODE              Offs=001176  Size=00001A  Align=00001  Fill=0000
C:\@prg\cc65\lib/rp6502.lib(pushwsp.o):
    CODE              Offs=001190  Size=00001C  Align=00001  Fill=0000
C:\@prg\cc65\lib/rp6502.lib(return0.o):
    CODE              Offs=0011AC  Size=000004  Align=00001  Fill=0000
C:\@prg\cc65\lib/rp6502.lib(ria.o):
    CODE              Offs=0011B0  Size=00004E  Align=00001  Fill=0000
C:\@prg\cc65\lib/rp6502.lib(setjmp.o):
    CODE              Offs=0011FE  Size=000025  Align=00001  Fill=0000
C:\@prg\cc65\lib/rp6502.lib(settime.o):
    CODE              Offs=001223  Size=000028  Align=00001  Fill=0000
C:\@prg\cc65\lib/rp6502.lib(shelp.o):
    CODE              Offs=00124B  Size=000020  Align=00001  Fill=0000
C:\@prg\cc65\lib/rp6502.lib(shrax2.o):
    CODE              Offs=00126B  Size=00000B  Align=00001  Fill=0000
C:\@prg\cc65\lib/rp6502.lib(sscanf.o):
    CODE              Offs=001276  Size=00002B  Align=00001  Fill=0000
    BSS               Offs=000047  Size=000001  Align=00001  Fill=0000
C:\@prg\cc65\lib/rp6502.lib(staxsp.o):
    CODE              Offs=0012A1  Size=00000B  Align=00001  Fill=0000
C:\@prg\cc65\lib/rp6502.lib(steaxsp.o):
    CODE              Offs=0012AC  Size=000015  Align=00001  Fill=0000
C:\@prg\cc65\lib/rp6502.lib(sub.o):
    CODE              Offs=0012C1  Size=000014  Align=00001  Fill=0000
C:\@prg\cc65\lib/rp6502.lib(subeqsp.o):
    CODE              Offs=0012D5  Size=000015  Align=00001  Fill=0000
C:\@prg\cc65\lib/rp6502.lib(subysp.o):
    CODE              Offs=0012EA  Size=00000D  Align=00001  Fill=0000
C:\@prg\cc65\lib/rp6502.lib(timezone.o):
    DATA              Offs=00004C  Size=00000F  Align=00001  Fill=0000
C:\@prg\cc65\lib/rp6502.lib(tolower.o):
    CODE              Offs=0012F7  Size=000012  Align=00001  Fill=0000
C:\@prg\cc65\lib/rp6502.lib(udiv.o):
    CODE              Offs=001309  Size=00004F  Align=00001  Fill=0000
C:\@prg\cc65\lib/rp6502.lib(umod.o):
    CODE              Offs=001358  Size=000011  Align=00001  Fill=0000
C:\@prg\cc65\lib/rp6502.lib(vsscanf.o):
    CODE              Offs=001369  Size=00006D  Align=00001  Fill=0000
    RODATA            Offs=000229  Size=000006  Align=00001  Fill=0000
    BSS               Offs=000048  Size=000004  Align=00001  Fill=0000
C:\@prg\cc65\lib/rp6502.lib(zerobss.o):
    CODE              Offs=0013D6  Size=000023  Align=00001  Fill=0000
C:\@prg\cc65\lib/rp6502.lib(zeropage.o):
    ZEROPAGE          Offs=000000  Size=00001A  Align=00001  Fill=0000


Segment list:
-------------
Name                   Start     End    Size  Align
----------------------------------------------------
ZEROPAGE              000000  000019  00001A  00001
STARTUP               009300  009346  000047  00001
ONCE                  009347  009354  00000E  00001
CODE                  009355  00A74D  0013F9  00001
RODATA                00A74E  00A97C  00022F  00001
DATA                  00A97D  00A9D7  00005B  00001
BSS                   00A9D8  00AA23  00004C  00001


Exports list by name:
---------------------
__BSS_RUN__               00A9D8 RLA    __BSS_SIZE__              00004C REA    
__CONSTRUCTOR_COUNT__     000001 REA    __CONSTRUCTOR_TABLE__     009353 RLA    
__DATA_LOAD__             00A97D RLA    __DATA_RUN__              00A97D RLA    
__DATA_SIZE__             00005B REA    __DESTRUCTOR_COUNT__      000000 REA    
__DESTRUCTOR_TABLE__      00A97D RLA    __RAM_SIZE__              006900 REA    
__RAM_START__             009300 RLA    __STACKSIZE__             000300 REA    
__STARTADDR__             009300 REA    __STARTUP__               000001 REA    
___errno                  00FFED RLA    ___seterrno               009E9F RLA    
___setjmp                 00A553 RLA    __ctype                   00A8EC RLA    
__ctypeidx                00A8F7 RLA    __scanf                   00974F RLA    
__tz                      00A9C9 RLA    _clock_settime            00A578 RLA    
_div                      009F5F RLA    _errno_opt_constructor    009F74  LAI   
_isdigit                  009FDC RLA    _isspace                  009FE4 RLA    
_isxdigit                 009FEC RLA    _longjmp                  00A110 RLA    
_main                     0094AA RLA    _mktime                   00A231 RLA    
_ria_call_int             00A53C RLA    _ria_push_long            00A505 RLA    
_ria_set_ax               00A535 RLA    _sscanf                   00A5CB RLA    
_tolower                  00A64C RLA    _vsscanf                  00A709 RLA    
addeq0sp                  009EA8 RLA    addeqysp                  009EAA RLA    
addysp                    009EBA RLA    addysp1                   009EB9 RLA    
axulong                   009ECD RLA    booleq                    00A180 RLA    
c_sp                      000000 RLZ    complax                   009ED4 RLA    
copydata                  009EE9 RLA    ctypemask                 009F16 RLA    
ctypemaskdirect           009F1A RLA    decaxy                    009F34 RLA    
decsp4                    009F3D RLA    donelib                   009EDD RLA    
incsp1                    009FAC RLA    incsp2                    009FBA RLA    
incsp3                    009FC8 RLA    incsp4                    009FCD RLA    
incsp7                    009FD2 RLA    incsp8                    009FD7 RLA    
initlib                   009347 RLA    jmpvec                    00A9A2 RLA    
ldax0sp                   00A060 RLA    ldaxi                     00A053 RLA    
ldaxysp                   00A062 RLA    ldeaxi                    00A069 RLA    
ldeaxidx                  00A06B RLA    ldeaxysp                  00A082 RLA    
mul8x16                   00A444 RLA    mul8x16a                  00A44E RLA    
mulax10                   00A47C RLA    negax                     00A499 RLA    
negeax                    00A0F2 RLA    popax                     009FB3 RLA    
popptr1                   00A4A7 RLA    popsargsudiv16            00A5A0 RLA    
ptr1                      000008 RLZ    ptr2                      00000A RLZ    
ptr3                      00000C RLZ    ptr4                      00000E RLZ    
push0                     00A4CB RLA    pusha                     00A4B9 RLA    
pusha0                    00A4CD RLA    pushax                    00A4CF RLA    
pusheax                   00A13F RLA    pushwysp                  00A4E7 RLA    
regbank                   000014 RLZ    regsave                   000004 RLZ    
return0                   00A501 RLA    shrax2                    00A5C0 RLA    
sreg                      000002 RLZ    stax0sp                   00A5F6 RLA    
staxysp                   00A5F8 RLA    steaxysp                  00A603 RLA    
subeq0sp                  00A62A RLA    subeqysp                  00A62C RLA    
subysp                    00A63F RLA    tmp1                      000010 RLZ    
tmp2                      000011 RLZ    tmp3                      000012 RLZ    
tmp4                      000013 RLZ    tosaddeax                 009FFA RLA    
tosdivax                  009F4C RLA    toseqeax                  00A093 RLA    
tosicmp                   009F80 RLA    toslcmp                   00A018 RLA    
tosmuleax                 00A09D RLA    tossuba0                  00A616 RLA    
tossubeax                 00A15A RLA    tosumodax                 00A6AF RLA    
tosumulax                 00A3FD RLA    tosumuleax                00A09D RLA    
udiv16                    00A66F RLA    zerobss                   00A72B RLA    



Exports list by value:
----------------------
c_sp                      000000 RLZ    __DESTRUCTOR_COUNT__      000000 REA    
__CONSTRUCTOR_COUNT__     000001 REA    __STARTUP__               000001 REA    
sreg                      000002 RLZ    regsave                   000004 RLZ    
ptr1                      000008 RLZ    ptr2                      00000A RLZ    
ptr3                      00000C RLZ    ptr4                      00000E RLZ    
tmp1                      000010 RLZ    tmp2                      000011 RLZ    
tmp3                      000012 RLZ    tmp4                      000013 RLZ    
regbank                   000014 RLZ    __BSS_SIZE__              00004C REA    
__DATA_SIZE__             00005B REA    __STACKSIZE__             000300 REA    
__RAM_SIZE__              006900 REA    __STARTADDR__             009300 REA    
__RAM_START__             009300 RLA    initlib                   009347 RLA    
__CONSTRUCTOR_TABLE__     009353 RLA    _main                     0094AA RLA    
__scanf                   00974F RLA    ___seterrno               009E9F RLA    
addeq0sp                  009EA8 RLA    addeqysp                  009EAA RLA    
addysp1                   009EB9 RLA    addysp                    009EBA RLA    
axulong                   009ECD RLA    complax                   009ED4 RLA    
donelib                   009EDD RLA    copydata                  009EE9 RLA    
ctypemask                 009F16 RLA    ctypemaskdirect           009F1A RLA    
decaxy                    009F34 RLA    decsp4                    009F3D RLA    
tosdivax                  009F4C RLA    _div                      009F5F RLA    
_errno_opt_constructor    009F74  LAI   tosicmp                   009F80 RLA    
incsp1                    009FAC RLA    popax                     009FB3 RLA    
incsp2                    009FBA RLA    incsp3                    009FC8 RLA    
incsp4                    009FCD RLA    incsp7                    009FD2 RLA    
incsp8                    009FD7 RLA    _isdigit                  009FDC RLA    
_isspace                  009FE4 RLA    _isxdigit                 009FEC RLA    
tosaddeax                 009FFA RLA    toslcmp                   00A018 RLA    
ldaxi                     00A053 RLA    ldax0sp                   00A060 RLA    
ldaxysp                   00A062 RLA    ldeaxi                    00A069 RLA    
ldeaxidx                  00A06B RLA    ldeaxysp                  00A082 RLA    
toseqeax                  00A093 RLA    tosumuleax                00A09D RLA    
tosmuleax                 00A09D RLA    negeax                    00A0F2 RLA    
_longjmp                  00A110 RLA    pusheax                   00A13F RLA    
tossubeax                 00A15A RLA    booleq                    00A180 RLA    
_mktime                   00A231 RLA    tosumulax                 00A3FD RLA    
mul8x16                   00A444 RLA    mul8x16a                  00A44E RLA    
mulax10                   00A47C RLA    negax                     00A499 RLA    
popptr1                   00A4A7 RLA    pusha                     00A4B9 RLA    
push0                     00A4CB RLA    pusha0                    00A4CD RLA    
pushax                    00A4CF RLA    pushwysp                  00A4E7 RLA    
return0                   00A501 RLA    _ria_push_long            00A505 RLA    
_ria_set_ax               00A535 RLA    _ria_call_int             00A53C RLA    
___setjmp                 00A553 RLA    _clock_settime            00A578 RLA    
popsargsudiv16            00A5A0 RLA    shrax2                    00A5C0 RLA    
_sscanf                   00A5CB RLA    stax0sp                   00A5F6 RLA    
staxysp                   00A5F8 RLA    steaxysp                  00A603 RLA    
tossuba0                  00A616 RLA    subeq0sp                  00A62A RLA    
subeqysp                  00A62C RLA    subysp                    00A63F RLA    
_tolower                  00A64C RLA    udiv16                    00A66F RLA    
tosumodax                 00A6AF RLA    _vsscanf                  00A709 RLA    
zerobss                   00A72B RLA    __ctype                   00A8EC RLA    
__ctypeidx                00A8F7 RLA    __DATA_RUN__              00A97D RLA    
__DESTRUCTOR_TABLE__      00A97D RLA    __DATA_LOAD__             00A97D RLA    
jmpvec                    00A9A2 RLA    __tz                      00A9C9 RLA    
__BSS_RUN__               00A9D8 RLA    ___errno                  00FFED RLA    



Imports list:
-------------
__BSS_RUN__ ([linker generated]):
    zerobss.o                 common/zerobss.s:8
__BSS_SIZE__ ([linker generated]):
    zerobss.o                 common/zerobss.s:8
__CONSTRUCTOR_COUNT__ ([linker generated]):
    condes.o                  runtime/condes.s:18
__CONSTRUCTOR_TABLE__ ([linker generated]):
    condes.o                  runtime/condes.s:18
__DATA_LOAD__ ([linker generated]):
    copydata.o                common/copydata.s:8
__DATA_RUN__ ([linker generated]):
    copydata.o                common/copydata.s:8
__DATA_SIZE__ ([linker generated]):
    copydata.o                common/copydata.s:8
__DESTRUCTOR_COUNT__ ([linker generated]):
    condes.o                  runtime/condes.s:19
__DESTRUCTOR_TABLE__ ([linker generated]):
    condes.o                  runtime/condes.s:19
__RAM_SIZE__ ([linker generated]):
    crt0.o                    rp6502/crt0.s:10
__RAM_START__ ([linker generated]):
    crt0.o                    rp6502/crt0.s:10
__STACKSIZE__ ([linker generated]):
    [linker generated]        ../ext0x9300.cfg:9
__STARTADDR__ ([linker generated]):
    [linker generated]        ../ext0x9300.cfg:9
    [linker generated]        ../ext0x9300.cfg:9
__STARTUP__ (crt0.o):
    ext-settime.c.9944.0.o    ext-settime.c.9944.0.s:13
    [linker generated]        ../ext0x9300.cfg:3
___errno (errno.o):
    _seterrno.o               /home/wojciech/git/WojciechGw/cc65/asminc/errno.inc:7
___seterrno (_seterrno.o):
    _scanf.o                  ../libwrk/rp6502/_scanf.s:27
___setjmp (setjmp.o):
    _scanf.o                  ../libwrk/rp6502/_scanf.s:25
__ctype (ctype.o):
    ctypemask.o               common/ctypemask.s:23
__ctypeidx (ctype.o):
    ctypemask.o               common/ctypemask.s:24
__scanf (_scanf.o):
    vsscanf.o                 common/vsscanf.s:11
__tz (timezone.o):
    mktime.o                  common/mktime.s:12
_clock_settime (settime.o):
    ext-settime.c.9944.0.o    ext-settime.c.9944.0.s:16
_div (divt.o):
    mktime.o                  common/mktime.s:14
_isdigit (isdigit.o):
    _scanf.o                  ../libwrk/rp6502/_scanf.s:28
_isspace (isspace.o):
    _scanf.o                  ../libwrk/rp6502/_scanf.s:29
_isxdigit (isxdigit.o):
    _scanf.o                  ../libwrk/rp6502/_scanf.s:30
_longjmp (longjmp.o):
    _scanf.o                  ../libwrk/rp6502/_scanf.s:26
_main (ext-settime.c.9944.0.o):
    crt0.o                    rp6502/crt0.s:7
    crt0_cmd.s.9944.1.o       crt0_cmd.s:2
_mktime (mktime.o):
    ext-settime.c.9944.0.o    ext-settime.c.9944.0.s:15
_ria_call_int (ria.o):
    errno.o                   rp6502/errno.s:12
    settime.o                 ../libwrk/rp6502/settime.s:19
_ria_push_long (ria.o):
    settime.o                 ../libwrk/rp6502/settime.s:17
_ria_set_ax (ria.o):
    settime.o                 ../libwrk/rp6502/settime.s:18
_sscanf (sscanf.o):
    ext-settime.c.9944.0.o    ext-settime.c.9944.0.s:14
_tolower (tolower.o):
    _scanf.o                  ../libwrk/rp6502/_scanf.s:31
_vsscanf (vsscanf.o):
    sscanf.o                  common/sscanf.s:8
addeq0sp (addeqsp.o):
    ext-settime.c.9944.0.o    ext-settime.c.9944.0.s:614
addeqysp (addeqsp.o):
    write_stub.c.9944.2.o     write_stub.c.9944.2.s:64
    ext-settime.c.9944.0.o    ext-settime.c.9944.0.s:614
    ext-settime.c.9944.0.o    ext-settime.c.9944.0.s:614
addysp (addysp.o):
    incsp8.o                  runtime/incsp8.s:8
    incsp3.o                  runtime/incsp3.s:8
    sscanf.o                  common/sscanf.s:8
    incsp7.o                  runtime/incsp7.s:8
    incsp4.o                  runtime/incsp4.s:8
    write_stub.c.9944.2.o     write_stub.c.9944.2.s:64
addysp1 (addysp.o):
    sub.o                     runtime/sub.s:8
    lsub.o                    runtime/lsub.s:11
    lmul.o                    runtime/lmul.s:9
    ladd.o                    runtime/ladd.s:8
axulong (axlong.o):
    _scanf.o                  ../libwrk/rp6502/_scanf.s:1447
    _scanf.o                  ../libwrk/rp6502/_scanf.s:1447
booleq (makebool.o):
    _scanf.o                  ../libwrk/rp6502/_scanf.s:1447
    leq.o                     runtime/leq.s:8
c_sp (zeropage.o):
    sub.o                     runtime/sub.s:9
    setjmp.o                  common/setjmp.s:11
    lsub.o                    runtime/lsub.s:12
    longjmp.o                 common/longjmp.s:10
    lmul.o                    runtime/lmul.s:10
    ldaxsp.o                  runtime/ldaxsp.s:8
    lcmp.o                    runtime/lcmp.s:10
    ladd.o                    runtime/ladd.s:9
    _scanf.o                  ../libwrk/rp6502/_scanf.s:10
    vsscanf.o                 common/vsscanf.s:12
    subysp.o                  runtime/subysp.s:9
    subeqsp.o                 runtime/subeqsp.s:8
    steaxsp.o                 runtime/steaxsp.s:8
    staxsp.o                  runtime/staxsp.s:8
    sscanf.o                  common/sscanf.s:9
    settime.o                 ../libwrk/rp6502/settime.s:10
    pushwsp.o                 runtime/pushwsp.s:8
    pushax.o                  runtime/pushax.s:8
    pusha.o                   runtime/pusha.s:8
    popptr1.o                 runtime/popptr1.s:9
    lpush.o                   runtime/lpush.s:13
    ldeaxysp.o                runtime/ldeaxysp.s:12
    incsp2.o                  runtime/incsp2.s:8
    incsp1.o                  runtime/incsp1.s:8
    icmp.o                    runtime/icmp.s:9
    decsp4.o                  runtime/decsp4.s:8
    crt0.o                    /home/wojciech/git/WojciechGw/cc65/asminc/zeropage.inc:11
    addysp.o                  runtime/addysp.s:8
    addeqsp.o                 runtime/addeqsp.s:8
    write_stub.c.9944.2.o     write_stub.c.9944.2.s:10
    ext-settime.c.9944.0.o    ext-settime.c.9944.0.s:10
complax (compl.o):
    _scanf.o                  ../libwrk/rp6502/_scanf.s:1447
copydata (copydata.o):
    crt0.o                    rp6502/crt0.s:12
ctypemask (ctypemask.o):
    isxdigit.o                common/isxdigit.s:15
    isspace.o                 common/isspace.s:15
    isdigit.o                 common/isdigit.s:15
ctypemaskdirect (ctypemask.o):
    tolower.o                 common/tolower.s:15
decaxy (decaxy.o):
    _scanf.o                  ../libwrk/rp6502/_scanf.s:1447
decsp4 (decsp4.o):
    sscanf.o                  common/sscanf.s:8
    lpush.o                   runtime/lpush.s:12
    ext-settime.c.9944.0.o    ext-settime.c.9944.0.s:614
donelib (condes.o):
    crt0.o                    rp6502/crt0.s:12
    crt0_cmd.s.9944.1.o       crt0_cmd.s:2
incsp1 (incsp1.o):
    _scanf.o                  ../libwrk/rp6502/_scanf.s:1447
    _scanf.o                  ../libwrk/rp6502/_scanf.s:1447
    _scanf.o                  ../libwrk/rp6502/_scanf.s:1447
    _scanf.o                  ../libwrk/rp6502/_scanf.s:1447
    _scanf.o                  ../libwrk/rp6502/_scanf.s:1447
    ext-settime.c.9944.0.o    ext-settime.c.9944.0.s:614
incsp2 (incsp2.o):
    popptr1.o                 runtime/popptr1.s:8
    ext-settime.c.9944.0.o    ext-settime.c.9944.0.s:614
incsp3 (incsp3.o):
    settime.o                 ../libwrk/rp6502/settime.s:60
incsp4 (incsp4.o):
    lcmp.o                    runtime/lcmp.s:9
    ext-settime.c.9944.0.o    ext-settime.c.9944.0.s:614
incsp7 (incsp7.o):
    ext-settime.c.9944.0.o    ext-settime.c.9944.0.s:614
incsp8 (incsp8.o):
    _scanf.o                  ../libwrk/rp6502/_scanf.s:1447
initlib (condes.o):
    crt0.o                    rp6502/crt0.s:12
    crt0_cmd.s.9944.1.o       crt0_cmd.s:2
jmpvec (jmpvec.o):
    _scanf.o                  ../libwrk/rp6502/_scanf.s:1447
    _scanf.o                  ../libwrk/rp6502/_scanf.s:1447
ldax0sp (ldaxsp.o):
    settime.o                 ../libwrk/rp6502/settime.s:60
ldaxi (ldaxi.o):
    _scanf.o                  ../libwrk/rp6502/_scanf.s:1447
    _scanf.o                  ../libwrk/rp6502/_scanf.s:1447
ldaxysp (ldaxsp.o):
    _scanf.o                  ../libwrk/rp6502/_scanf.s:1447
ldeaxi (ldeaxi.o):
    settime.o                 ../libwrk/rp6502/settime.s:60
ldeaxidx (ldeaxi.o):
    settime.o                 ../libwrk/rp6502/settime.s:60
ldeaxysp (ldeaxysp.o):
    ext-settime.c.9944.0.o    ext-settime.c.9944.0.s:614
mul8x16 (mul8.o):
    mul.o                     runtime/mul.s:8
mul8x16a (mul8.o):
    mul.o                     runtime/mul.s:8
mulax10 (mulax10.o):
    _scanf.o                  ../libwrk/rp6502/_scanf.s:1447
negax (negabs.o):
    shelp.o                   runtime/shelp.s:11
    div.o                     runtime/div.s:11
    divt.o                    common/divt.s:17
negeax (lneg.o):
    _scanf.o                  ../libwrk/rp6502/_scanf.s:1447
popax (incsp2.o):
    shelp.o                   runtime/shelp.s:11
    vsscanf.o                 common/vsscanf.s:11
popptr1 (popptr1.o):
    udiv.o                    runtime/udiv.s:9
    longjmp.o                 common/longjmp.s:9
    umod.o                    runtime/umod.s:8
    mul8.o                    runtime/mul8.s:9
    mul.o                     runtime/mul.s:9
popsargsudiv16 (shelp.o):
    div.o                     runtime/div.s:11
ptr1 (zeropage.o):
    shelp.o                   runtime/shelp.s:12
    div.o                     runtime/div.s:12
    udiv.o                    runtime/udiv.s:10
    setjmp.o                  common/setjmp.s:11
    mulax10.o                 runtime/mulax10.s:9
    longjmp.o                 common/longjmp.s:10
    lmul.o                    runtime/lmul.s:10
    ldeaxi.o                  runtime/ldeaxi.s:8
    ldaxi.o                   runtime/ldaxi.s:8
    lcmp.o                    runtime/lcmp.s:10
    copydata.o                common/copydata.s:9
    _scanf.o                  ../libwrk/rp6502/_scanf.s:11
    zerobss.o                 common/zerobss.s:9
    vsscanf.o                 common/vsscanf.s:12
    sscanf.o                  common/sscanf.s:9
    popptr1.o                 runtime/popptr1.s:9
    mul8.o                    runtime/mul8.s:10
    mul.o                     runtime/mul.s:10
    write_stub.c.9944.2.o     write_stub.c.9944.2.s:11
    ext-settime.c.9944.0.o    ext-settime.c.9944.0.s:11
ptr2 (zeropage.o):
    longjmp.o                 common/longjmp.s:10
    copydata.o                common/copydata.s:9
    vsscanf.o                 common/vsscanf.s:12
    mktime.o                  common/mktime.s:15
ptr3 (zeropage.o):
    lmul.o                    runtime/lmul.s:10
ptr4 (zeropage.o):
    shelp.o                   runtime/shelp.s:12
    udiv.o                    runtime/udiv.s:10
    lmul.o                    runtime/lmul.s:10
    umod.o                    runtime/umod.s:9
    mul8.o                    runtime/mul8.s:10
    mul.o                     runtime/mul.s:10
push0 (pushax.o):
    ext-settime.c.9944.0.o    ext-settime.c.9944.0.s:614
pusha (pusha.o):
    _scanf.o                  ../libwrk/rp6502/_scanf.s:1447
    _scanf.o                  ../libwrk/rp6502/_scanf.s:1447
    _scanf.o                  ../libwrk/rp6502/_scanf.s:1447
    _scanf.o                  ../libwrk/rp6502/_scanf.s:1447
    _scanf.o                  ../libwrk/rp6502/_scanf.s:1447
    ext-settime.c.9944.0.o    ext-settime.c.9944.0.s:614
    ext-settime.c.9944.0.o    ext-settime.c.9944.0.s:614
    ext-settime.c.9944.0.o    ext-settime.c.9944.0.s:614
pusha0 (pushax.o):
    _scanf.o                  ../libwrk/rp6502/_scanf.s:1447
    mktime.o                  common/mktime.s:13
pushax (pushax.o):
    _scanf.o                  ../libwrk/rp6502/_scanf.s:1447
    _scanf.o                  ../libwrk/rp6502/_scanf.s:1447
    settime.o                 ../libwrk/rp6502/settime.s:60
    mktime.o                  common/mktime.s:13
    write_stub.c.9944.2.o     write_stub.c.9944.2.s:64
    ext-settime.c.9944.0.o    ext-settime.c.9944.0.s:614
    ext-settime.c.9944.0.o    ext-settime.c.9944.0.s:614
    ext-settime.c.9944.0.o    ext-settime.c.9944.0.s:614
    ext-settime.c.9944.0.o    ext-settime.c.9944.0.s:614
pusheax (lpush.o):
    _scanf.o                  ../libwrk/rp6502/_scanf.s:1447
    mktime.o                  common/mktime.s:13
    ext-settime.c.9944.0.o    ext-settime.c.9944.0.s:614
pushwysp (pushwsp.o):
    write_stub.c.9944.2.o     write_stub.c.9944.2.s:64
    ext-settime.c.9944.0.o    ext-settime.c.9944.0.s:614
regbank (zeropage.o):
    _scanf.o                  ../libwrk/rp6502/_scanf.s:10
regsave (zeropage.o):
    _scanf.o                  ../libwrk/rp6502/_scanf.s:10
return0 (return0.o):
    setjmp.o                  common/setjmp.s:10
shrax2 (shrax2.o):
    mktime.o                  common/mktime.s:14
sreg (zeropage.o):
    udiv.o                    runtime/udiv.s:10
    ria.o                     rp6502/ria.s:13
    lsub.o                    runtime/lsub.s:12
    lneg.o                    runtime/lneg.s:11
    lmul.o                    runtime/lmul.s:10
    ldeaxi.o                  runtime/ldeaxi.s:8
    lcmp.o                    runtime/lcmp.s:10
    ladd.o                    runtime/ladd.s:9
    divt.o                    common/divt.s:18
    axlong.o                  runtime/axlong.s:9
    _scanf.o                  ../libwrk/rp6502/_scanf.s:10
    umod.o                    runtime/umod.s:9
    steaxsp.o                 runtime/steaxsp.s:8
    mktime.o                  common/mktime.s:15
    lpush.o                   runtime/lpush.s:13
    ldeaxysp.o                runtime/ldeaxysp.s:12
    icmp.o                    runtime/icmp.s:9
    ext-settime.c.9944.0.o    ext-settime.c.9944.0.s:10
stax0sp (staxsp.o):
    ext-settime.c.9944.0.o    ext-settime.c.9944.0.s:614
staxysp (staxsp.o):
    ext-settime.c.9944.0.o    ext-settime.c.9944.0.s:614
steaxysp (steaxsp.o):
    ext-settime.c.9944.0.o    ext-settime.c.9944.0.s:614
subeq0sp (subeqsp.o):
    write_stub.c.9944.2.o     write_stub.c.9944.2.s:64
    ext-settime.c.9944.0.o    ext-settime.c.9944.0.s:614
subeqysp (subeqsp.o):
    ext-settime.c.9944.0.o    ext-settime.c.9944.0.s:614
subysp (subysp.o):
    ext-settime.c.9944.0.o    ext-settime.c.9944.0.s:614
tmp1 (zeropage.o):
    shelp.o                   runtime/shelp.s:12
    div.o                     runtime/div.s:12
    ladd.o                    runtime/ladd.s:9
    divt.o                    common/divt.s:18
    decaxy.o                  runtime/decaxy.s:8
    copydata.o                common/copydata.s:9
    shrax2.o                  runtime/shrax2.s:8
    mul.o                     runtime/mul.s:10
tmp2 (zeropage.o):
    shelp.o                   runtime/shelp.s:12
    div.o                     runtime/div.s:12
    lmul.o                    runtime/lmul.s:10
tmp3 (zeropage.o):
    lmul.o                    runtime/lmul.s:10
    mktime.o                  common/mktime.s:15
tmp4 (zeropage.o):
    lmul.o                    runtime/lmul.s:10
tosaddeax (ladd.o):
    _scanf.o                  ../libwrk/rp6502/_scanf.s:1447
    mktime.o                  common/mktime.s:14
tosdivax (div.o):
    divt.o                    common/divt.s:17
toseqeax (leq.o):
    ext-settime.c.9944.0.o    ext-settime.c.9944.0.s:614
tosicmp (icmp.o):
    ext-settime.c.9944.0.o    ext-settime.c.9944.0.s:614
toslcmp (lcmp.o):
    leq.o                     runtime/leq.s:8
tosmuleax (lmul.o):
    _scanf.o                  ../libwrk/rp6502/_scanf.s:1447
tossuba0 (sub.o):
    _scanf.o                  ../libwrk/rp6502/_scanf.s:1447
tossubeax (lsub.o):
    mktime.o                  common/mktime.s:14
tosumodax (umod.o):
    mktime.o                  common/mktime.s:14
tosumulax (mul.o):
    mktime.o                  common/mktime.s:14
tosumuleax (lmul.o):
    mktime.o                  common/mktime.s:14
udiv16 (udiv.o):
    shelp.o                   runtime/shelp.s:11
    umod.o                    runtime/umod.s:8
zerobss (zerobss.o):
    crt0.o                    rp6502/crt0.s:12

