Modules list:
-------------
ext-term.c.8348.0.o:
    CODE              Offs=000000  Size=00023B  Align=00001  Fill=0000
    RODATA            Offs=000000  Size=000077  Align=00001  Fill=0000
    DATA              Offs=000000  Size=000024  Align=00001  Fill=0000
crt0_cmd.s.8348.1.o:
    STARTUP           Offs=000000  Size=00001B  Align=00001  Fill=0000
write_stub.c.8348.2.o:
    CODE              Offs=00023B  Size=00004C  Align=00001  Fill=0000
initmainargs.s.8348.3.o:
    STARTUP           Offs=00001B  Size=000001  Align=00001  Fill=0000
C:\@prg\cc65\lib/rp6502.lib(_file.o):
    DATA              Offs=000024  Size=00001E  Align=00001  Fill=0000
C:\@prg\cc65\lib/rp6502.lib(_hextab.o):
    RODATA            Offs=000077  Size=000010  Align=00001  Fill=0000
C:\@prg\cc65\lib/rp6502.lib(_longminstr.o):
    RODATA            Offs=000087  Size=00000C  Align=00001  Fill=0000
C:\@prg\cc65\lib/rp6502.lib(_printf.o):
    CODE              Offs=000287  Size=0003A1  Align=00001  Fill=0000
    BSS               Offs=000000  Size=00002B  Align=00001  Fill=0000
    DATA              Offs=000042  Size=000003  Align=00001  Fill=0000
C:\@prg\cc65\lib/rp6502.lib(_seterrno.o):
    CODE              Offs=000628  Size=000009  Align=00001  Fill=0000
C:\@prg\cc65\lib/rp6502.lib(addeqsp.o):
    CODE              Offs=000631  Size=000011  Align=00001  Fill=0000
C:\@prg\cc65\lib/rp6502.lib(addysp.o):
    CODE              Offs=000642  Size=00000E  Align=00001  Fill=0000
C:\@prg\cc65\lib/rp6502.lib(axlong.o):
    CODE              Offs=000650  Size=00000D  Align=00001  Fill=0000
C:\@prg\cc65\lib/rp6502.lib(bneg.o):
    CODE              Offs=00065D  Size=00000E  Align=00001  Fill=0000
C:\@prg\cc65\lib/rp6502.lib(close.o):
    CODE              Offs=00066B  Size=000011  Align=00001  Fill=0000
C:\@prg\cc65\lib/rp6502.lib(code_page.o):
    CODE              Offs=00067C  Size=000011  Align=00001  Fill=0000
C:\@prg\cc65\lib/rp6502.lib(condes.o):
    CODE              Offs=00068D  Size=00000C  Align=00001  Fill=0000
    DATA              Offs=000045  Size=000025  Align=00001  Fill=0000
    ONCE              Offs=000000  Size=00000C  Align=00001  Fill=0000
C:\@prg\cc65\lib/rp6502.lib(copydata.o):
    CODE              Offs=000699  Size=00002D  Align=00001  Fill=0000
C:\@prg\cc65\lib/rp6502.lib(crt0.o):
    STARTUP           Offs=00001C  Size=00002B  Align=00001  Fill=0000
C:\@prg\cc65\lib/rp6502.lib(ctype.o):
    RODATA            Offs=000093  Size=00008B  Align=00001  Fill=0000
C:\@prg\cc65\lib/rp6502.lib(ctypemask.o):
    CODE              Offs=0006C6  Size=00001E  Align=00001  Fill=0000
C:\@prg\cc65\lib/rp6502.lib(decax1.o):
    CODE              Offs=0006E4  Size=000007  Align=00001  Fill=0000
C:\@prg\cc65\lib/rp6502.lib(decax2.o):
    CODE              Offs=0006EB  Size=000007  Align=00001  Fill=0000
C:\@prg\cc65\lib/rp6502.lib(decsp2.o):
    CODE              Offs=0006F2  Size=00000D  Align=00001  Fill=0000
C:\@prg\cc65\lib/rp6502.lib(decsp4.o):
    CODE              Offs=0006FF  Size=00000D  Align=00001  Fill=0000
C:\@prg\cc65\lib/rp6502.lib(decsp5.o):
    CODE              Offs=00070C  Size=00000D  Align=00001  Fill=0000
C:\@prg\cc65\lib/rp6502.lib(decsp6.o):
    CODE              Offs=000719  Size=00000D  Align=00001  Fill=0000
C:\@prg\cc65\lib/rp6502.lib(decsp8.o):
    CODE              Offs=000726  Size=00000D  Align=00001  Fill=0000
C:\@prg\cc65\lib/rp6502.lib(enter.o):
    CODE              Offs=000733  Size=00000E  Align=00001  Fill=0000
C:\@prg\cc65\lib/rp6502.lib(errno.o):
    CODE              Offs=000741  Size=00000A  Align=00001  Fill=0000
C:\@prg\cc65\lib/rp6502.lib(fwrite.o):
    CODE              Offs=00074B  Size=000077  Align=00001  Fill=0000
    BSS               Offs=00002B  Size=000002  Align=00001  Fill=0000
C:\@prg\cc65\lib/rp6502.lib(incax2.o):
    CODE              Offs=0007C2  Size=000007  Align=00001  Fill=0000
C:\@prg\cc65\lib/rp6502.lib(incsp2.o):
    CODE              Offs=0007C9  Size=000015  Align=00001  Fill=0000
C:\@prg\cc65\lib/rp6502.lib(incsp6.o):
    CODE              Offs=0007DE  Size=000005  Align=00001  Fill=0000
C:\@prg\cc65\lib/rp6502.lib(ldaxi.o):
    CODE              Offs=0007E3  Size=00000D  Align=00001  Fill=0000
C:\@prg\cc65\lib/rp6502.lib(ldaxsp.o):
    CODE              Offs=0007F0  Size=000009  Align=00001  Fill=0000
C:\@prg\cc65\lib/rp6502.lib(leaaxsp.o):
    CODE              Offs=0007F9  Size=00000C  Align=00001  Fill=0000
C:\@prg\cc65\lib/rp6502.lib(leave.o):
    CODE              Offs=000805  Size=00001B  Align=00001  Fill=0000
C:\@prg\cc65\lib/rp6502.lib(lneg.o):
    CODE              Offs=000820  Size=00001E  Align=00001  Fill=0000
C:\@prg\cc65\lib/rp6502.lib(lpush.o):
    CODE              Offs=00083E  Size=00001E  Align=00001  Fill=0000
C:\@prg\cc65\lib/rp6502.lib(ltoa.o):
    CODE              Offs=00085C  Size=000093  Align=00001  Fill=0000
C:\@prg\cc65\lib/rp6502.lib(mul.o):
    CODE              Offs=0008EF  Size=000045  Align=00001  Fill=0000
C:\@prg\cc65\lib/rp6502.lib(mul8.o):
    CODE              Offs=000934  Size=00003A  Align=00001  Fill=0000
C:\@prg\cc65\lib/rp6502.lib(open.o):
    CODE              Offs=00096E  Size=000071  Align=00001  Fill=0000
C:\@prg\cc65\lib/rp6502.lib(popptr1.o):
    CODE              Offs=0009DF  Size=00000E  Align=00001  Fill=0000
C:\@prg\cc65\lib/rp6502.lib(printf.o):
    CODE              Offs=0009ED  Size=000033  Align=00001  Fill=0000
    BSS               Offs=00002D  Size=000001  Align=00001  Fill=0000
C:\@prg\cc65\lib/rp6502.lib(push1.o):
    CODE              Offs=000A20  Size=000005  Align=00001  Fill=0000
C:\@prg\cc65\lib/rp6502.lib(pusha.o):
    CODE              Offs=000A25  Size=000016  Align=00001  Fill=0000
C:\@prg\cc65\lib/rp6502.lib(pushax.o):
    CODE              Offs=000A3B  Size=00001A  Align=00001  Fill=0000
C:\@prg\cc65\lib/rp6502.lib(pushw.o):
    CODE              Offs=000A55  Size=00000F  Align=00001  Fill=0000
C:\@prg\cc65\lib/rp6502.lib(pushwsp.o):
    CODE              Offs=000A64  Size=00001C  Align=00001  Fill=0000
C:\@prg\cc65\lib/rp6502.lib(ria.o):
    CODE              Offs=000A80  Size=00004E  Align=00001  Fill=0000
C:\@prg\cc65\lib/rp6502.lib(staxsp.o):
    CODE              Offs=000ACE  Size=00000B  Align=00001  Fill=0000
C:\@prg\cc65\lib/rp6502.lib(strlen.o):
    CODE              Offs=000AD9  Size=000016  Align=00001  Fill=0000
C:\@prg\cc65\lib/rp6502.lib(strlower.o):
    CODE              Offs=000AEF  Size=000027  Align=00001  Fill=0000
C:\@prg\cc65\lib/rp6502.lib(subeqsp.o):
    CODE              Offs=000B16  Size=000015  Align=00001  Fill=0000
C:\@prg\cc65\lib/rp6502.lib(udiv.o):
    CODE              Offs=000B2B  Size=00004F  Align=00001  Fill=0000
C:\@prg\cc65\lib/rp6502.lib(vfprintf.o):
    CODE              Offs=000B7A  Size=000060  Align=00001  Fill=0000
    DATA              Offs=00006A  Size=000008  Align=00001  Fill=0000
C:\@prg\cc65\lib/rp6502.lib(xregn.o):
    CODE              Offs=000BDA  Size=000093  Align=00001  Fill=0000
C:\@prg\cc65\lib/rp6502.lib(zerobss.o):
    CODE              Offs=000C6D  Size=000023  Align=00001  Fill=0000
C:\@prg\cc65\lib/rp6502.lib(zeropage.o):
    ZEROPAGE          Offs=000000  Size=00001A  Align=00001  Fill=0000


Segment list:
-------------
Name                   Start     End    Size  Align
----------------------------------------------------
ZEROPAGE              000000  000019  00001A  00001
STARTUP               009300  009346  000047  00001
ONCE                  009347  009354  00000E  00001
CODE                  009355  009FE4  000C90  00001
RODATA                009FE5  00A102  00011E  00001
DATA                  00A103  00A174  000072  00001
BSS                   00A175  00A1A2  00002E  00001


Exports list by name:
---------------------
__BSS_RUN__               00A175 RLA    __BSS_SIZE__              00002E REA    
__CONSTRUCTOR_COUNT__     000001 REA    __CONSTRUCTOR_TABLE__     009353 RLA    
__DATA_LOAD__             00A103 RLA    __DATA_RUN__              00A103 RLA    
__DATA_SIZE__             000072 REA    __DESTRUCTOR_COUNT__      000000 REA    
__DESTRUCTOR_TABLE__      00A103 RLA    __RAM_SIZE__              006900 REA    
__RAM_START__             009300 RLA    __STACKSIZE__             000300 REA    
__STARTADDR__             009300 REA    __STARTUP__               000001 REA    
___errno                  00FFED RLA    ___seterrno               00997D RLA    
__ctype                   00A078 RLA    __ctypeidx                00A083 RLA    
__hextab                  00A05C RLA    __longminstr              00A06C RLA    
__printf                  0096CD RLA    _close                    0099C0 RLA    
_code_page                0099D1 RLA    _errno_opt_constructor    009A96  LAI   
_fwrite                   009AA0 RLA    _ltoa                     009BC9 RLA    
_main                     00939E RLA    _open                     009CC3 RLA    
_printf                   009D42 RLA    _ria_call_int             009E0C RLA    
_ria_set_ax               009E05 RLA    _stdout                   00A141 RLA    
_strlen                   009E2E RLA    _strlower                 009E44 RLA    
_ultoa                    009C08 RLA    _vfprintf                 009F06 RLA    
_write                    009590 RLA    _xregn                    009F2F RLA    
addeq0sp                  009986 RLA    addeqysp                  009988 RLA    
addysp                    009998 RLA    axlong                    0099A5 RLA    
axulong                   0099AB RLA    bnegax                    0099B2 RLA    
c_sp                      000000 RLZ    copydata                  0099EE RLA    
ctypemaskdirect           009A1F RLA    decax1                    009A39 RLA    
decax2                    009A40 RLA    decsp2                    009A47 RLA    
decsp4                    009A54 RLA    decsp5                    009A61 RLA    
decsp6                    009A6E RLA    decsp8                    009A7B RLA    
donelib                   0099E2 RLA    enter                     009A88 RLA    
incax2                    009B17 RLA    incsp2                    009B25 RLA    
incsp6                    009B33 RLA    initlib                   009347 RLA    
initmainargs              00931B REA    ldax0sp                   009B45 RLA    
ldaxi                     009B38 RLA    ldaxysp                   009B47 RLA    
leaa0sp                   009B4E RLA    leavey                    009B64 RLA    
mul8x16                   009C8B RLA    mul8x16a                  009C95 RLA    
negeax                    009B75 RLA    popax                     009B1E RLA    
popptr1                   009D34 RLA    ptr1                      000008 RLZ    
ptr2                      00000A RLZ    ptr3                      00000C RLZ    
ptr4                      00000E RLZ    push1                     009D75 RLA    
pusha                     009D7E RLA    pusha0                    009D92 RLA    
pushax                    009D94 RLA    pusheax                   009B9A RLA    
pushw                     009DAA RLA    pushwysp                  009DBB RLA    
regbank                   000014 RLZ    regsave                   000004 RLZ    
sreg                      000002 RLZ    stax0sp                   009E23 RLA    
staxysp                   009E25 RLA    subeq0sp                  009E6B RLA    
tmp1                      000010 RLZ    tosudivax                 009E82 RLA    
tosumulax                 009C44 RLA    zerobss                   009FC2 RLA    



Exports list by value:
----------------------
c_sp                      000000 RLZ    __DESTRUCTOR_COUNT__      000000 REA    
__CONSTRUCTOR_COUNT__     000001 REA    __STARTUP__               000001 REA    
sreg                      000002 RLZ    regsave                   000004 RLZ    
ptr1                      000008 RLZ    ptr2                      00000A RLZ    
ptr3                      00000C RLZ    ptr4                      00000E RLZ    
tmp1                      000010 RLZ    regbank                   000014 RLZ    
__BSS_SIZE__              00002E REA    __DATA_SIZE__             000072 REA    
__STACKSIZE__             000300 REA    __RAM_SIZE__              006900 REA    
__STARTADDR__             009300 REA    __RAM_START__             009300 RLA    
initmainargs              00931B REA    initlib                   009347 RLA    
__CONSTRUCTOR_TABLE__     009353 RLA    _main                     00939E RLA    
_write                    009590 RLA    __printf                  0096CD RLA    
___seterrno               00997D RLA    addeq0sp                  009986 RLA    
addeqysp                  009988 RLA    addysp                    009998 RLA    
axlong                    0099A5 RLA    axulong                   0099AB RLA    
bnegax                    0099B2 RLA    _close                    0099C0 RLA    
_code_page                0099D1 RLA    donelib                   0099E2 RLA    
copydata                  0099EE RLA    ctypemaskdirect           009A1F RLA    
decax1                    009A39 RLA    decax2                    009A40 RLA    
decsp2                    009A47 RLA    decsp4                    009A54 RLA    
decsp5                    009A61 RLA    decsp6                    009A6E RLA    
decsp8                    009A7B RLA    enter                     009A88 RLA    
_errno_opt_constructor    009A96  LAI   _fwrite                   009AA0 RLA    
incax2                    009B17 RLA    popax                     009B1E RLA    
incsp2                    009B25 RLA    incsp6                    009B33 RLA    
ldaxi                     009B38 RLA    ldax0sp                   009B45 RLA    
ldaxysp                   009B47 RLA    leaa0sp                   009B4E RLA    
leavey                    009B64 RLA    negeax                    009B75 RLA    
pusheax                   009B9A RLA    _ltoa                     009BC9 RLA    
_ultoa                    009C08 RLA    tosumulax                 009C44 RLA    
mul8x16                   009C8B RLA    mul8x16a                  009C95 RLA    
_open                     009CC3 RLA    popptr1                   009D34 RLA    
_printf                   009D42 RLA    push1                     009D75 RLA    
pusha                     009D7E RLA    pusha0                    009D92 RLA    
pushax                    009D94 RLA    pushw                     009DAA RLA    
pushwysp                  009DBB RLA    _ria_set_ax               009E05 RLA    
_ria_call_int             009E0C RLA    stax0sp                   009E23 RLA    
staxysp                   009E25 RLA    _strlen                   009E2E RLA    
_strlower                 009E44 RLA    subeq0sp                  009E6B RLA    
tosudivax                 009E82 RLA    _vfprintf                 009F06 RLA    
_xregn                    009F2F RLA    zerobss                   009FC2 RLA    
__hextab                  00A05C RLA    __longminstr              00A06C RLA    
__ctype                   00A078 RLA    __ctypeidx                00A083 RLA    
__DESTRUCTOR_TABLE__      00A103 RLA    __DATA_LOAD__             00A103 RLA    
__DATA_RUN__              00A103 RLA    _stdout                   00A141 RLA    
__BSS_RUN__               00A175 RLA    ___errno                  00FFED RLA    



Imports list:
-------------
__BSS_RUN__ ([linker generated]):
    zerobss.o                 common/zerobss.s:8
__BSS_SIZE__ ([linker generated]):
    zerobss.o                 common/zerobss.s:8
__CONSTRUCTOR_COUNT__ ([linker generated]):
    condes.o                  runtime/condes.s:18
__CONSTRUCTOR_TABLE__ ([linker generated]):
    condes.o                  runtime/condes.s:18
__DATA_LOAD__ ([linker generated]):
    copydata.o                common/copydata.s:8
__DATA_RUN__ ([linker generated]):
    copydata.o                common/copydata.s:8
__DATA_SIZE__ ([linker generated]):
    copydata.o                common/copydata.s:8
__DESTRUCTOR_COUNT__ ([linker generated]):
    condes.o                  runtime/condes.s:19
__DESTRUCTOR_TABLE__ ([linker generated]):
    condes.o                  runtime/condes.s:19
__RAM_SIZE__ ([linker generated]):
    crt0.o                    rp6502/crt0.s:10
__RAM_START__ ([linker generated]):
    crt0.o                    rp6502/crt0.s:10
__STACKSIZE__ ([linker generated]):
    [linker generated]        ../ext0x9300.cfg:9
__STARTADDR__ ([linker generated]):
    [linker generated]        ../ext0x9300.cfg:9
    [linker generated]        ../ext0x9300.cfg:9
__STARTUP__ (crt0.o):
    ext-term.c.8348.0.o       ext-term.c.8348.0.s:13
    [linker generated]        ../ext0x9300.cfg:3
___errno (errno.o):
    _seterrno.o               /home/wojciech/git/WojciechGw/cc65/asminc/errno.inc:7
    open.o                    ../libwrk/rp6502/open.s:22
___seterrno (_seterrno.o):
    fwrite.o                  /home/wojciech/git/WojciechGw/cc65/asminc/errno.inc:9
__ctype (ctype.o):
    ctypemask.o               common/ctypemask.s:23
__ctypeidx (ctype.o):
    ctypemask.o               common/ctypemask.s:24
__hextab (_hextab.o):
    ltoa.o                    common/ltoa.s:10
__longminstr (_longminstr.o):
    ltoa.o                    common/ltoa.s:10
__printf (_printf.o):
    vfprintf.o                common/vfprintf.s:10
_close (close.o):
    ext-term.c.8348.0.o       ext-term.c.8348.0.s:21
_code_page (code_page.o):
    ext-term.c.8348.0.o       ext-term.c.8348.0.s:18
_fwrite (fwrite.o):
    vfprintf.o                common/vfprintf.s:10
_ltoa (ltoa.o):
    _printf.o                 common/_printf.s:12
_main (ext-term.c.8348.0.o):
    crt0.o                    rp6502/crt0.s:7
    crt0_cmd.s.8348.1.o       crt0_cmd.s:2
_open (open.o):
    ext-term.c.8348.0.o       ext-term.c.8348.0.s:20
_printf (printf.o):
    ext-term.c.8348.0.o       ext-term.c.8348.0.s:19
_ria_call_int (ria.o):
    errno.o                   rp6502/errno.s:12
    xregn.o                   ../libwrk/rp6502/xregn.s:17
    open.o                    ../libwrk/rp6502/open.s:21
    code_page.o               ../libwrk/rp6502/code_page.s:17
    close.o                   ../libwrk/rp6502/close.s:18
    ext-term.c.8348.0.o       ext-term.c.8348.0.s:16
_ria_set_ax (ria.o):
    open.o                    ../libwrk/rp6502/open.s:20
    code_page.o               ../libwrk/rp6502/code_page.s:16
    close.o                   ../libwrk/rp6502/close.s:17
    ext-term.c.8348.0.o       ext-term.c.8348.0.s:15
_stdout (_file.o):
    printf.o                  common/printf.s:8
_strlen (strlen.o):
    _printf.o                 common/_printf.s:13
    open.o                    ../libwrk/rp6502/open.s:23
_strlower (strlower.o):
    _printf.o                 common/_printf.s:13
_ultoa (ltoa.o):
    _printf.o                 common/_printf.s:12
_vfprintf (vfprintf.o):
    printf.o                  common/printf.s:8
_write (write_stub.c.8348.2.o):
    fwrite.o                  common/fwrite.s:10
_xregn (xregn.o):
    ext-term.c.8348.0.o       ext-term.c.8348.0.s:17
addeq0sp (addeqsp.o):
    ext-term.c.8348.0.o       ext-term.c.8348.0.s:366
    ext-term.c.8348.0.o       ext-term.c.8348.0.s:366
addeqysp (addeqsp.o):
    write_stub.c.8348.2.o     write_stub.c.8348.2.s:64
addysp (addysp.o):
    leave.o                   runtime/leave.s:14
    incsp6.o                  runtime/incsp6.s:8
    fwrite.o                  common/fwrite.s:11
    printf.o                  common/printf.s:8
    write_stub.c.8348.2.o     write_stub.c.8348.2.s:64
axlong (axlong.o):
    _printf.o                 common/_printf.s:11
axulong (axlong.o):
    _printf.o                 common/_printf.s:11
bnegax (bneg.o):
    ext-term.c.8348.0.o       ext-term.c.8348.0.s:366
c_sp (zeropage.o):
    popptr1.o                 runtime/popptr1.s:9
    lpush.o                   runtime/lpush.s:13
    leave.o                   runtime/leave.s:15
    leaaxsp.o                 runtime/leaaxsp.s:8
    enter.o                   runtime/enter.s:8
    _printf.o                 /home/wojciech/git/WojciechGw/cc65/asminc/zeropage.inc:11
    xregn.o                   ../libwrk/rp6502/xregn.s:10
    vfprintf.o                common/vfprintf.s:11
    subeqsp.o                 runtime/subeqsp.s:8
    staxsp.o                  runtime/staxsp.s:8
    pushwsp.o                 runtime/pushwsp.s:8
    pushax.o                  runtime/pushax.s:8
    pusha.o                   runtime/pusha.s:8
    printf.o                  common/printf.s:9
    open.o                    ../libwrk/rp6502/open.s:10
    ldaxsp.o                  runtime/ldaxsp.s:8
    incsp2.o                  runtime/incsp2.s:8
    decsp8.o                  runtime/decsp8.s:8
    decsp6.o                  runtime/decsp6.s:8
    decsp5.o                  runtime/decsp5.s:8
    decsp4.o                  runtime/decsp4.s:8
    decsp2.o                  runtime/decsp2.s:8
    crt0.o                    /home/wojciech/git/WojciechGw/cc65/asminc/zeropage.inc:11
    addysp.o                  runtime/addysp.s:8
    addeqsp.o                 runtime/addeqsp.s:8
    write_stub.c.8348.2.o     write_stub.c.8348.2.s:10
    ext-term.c.8348.0.o       ext-term.c.8348.0.s:10
copydata (copydata.o):
    crt0.o                    rp6502/crt0.s:12
ctypemaskdirect (ctypemask.o):
    strlower.o                common/strlower.s:14
decax1 (decax1.o):
    xregn.o                   ../libwrk/rp6502/xregn.s:118
    open.o                    ../libwrk/rp6502/open.s:105
decax2 (decax2.o):
    xregn.o                   ../libwrk/rp6502/xregn.s:118
decsp2 (decsp2.o):
    xregn.o                   ../libwrk/rp6502/xregn.s:118
    ext-term.c.8348.0.o       ext-term.c.8348.0.s:366
decsp4 (decsp4.o):
    lpush.o                   runtime/lpush.s:12
    ext-term.c.8348.0.o       ext-term.c.8348.0.s:366
decsp5 (decsp5.o):
    ext-term.c.8348.0.o       ext-term.c.8348.0.s:366
decsp6 (decsp6.o):
    _printf.o                 common/_printf.s:11
    ext-term.c.8348.0.o       ext-term.c.8348.0.s:366
decsp8 (decsp8.o):
    ext-term.c.8348.0.o       ext-term.c.8348.0.s:366
donelib (condes.o):
    crt0.o                    rp6502/crt0.s:12
    crt0_cmd.s.8348.1.o       crt0_cmd.s:2
enter (enter.o):
    xregn.o                   ../libwrk/rp6502/xregn.s:118
    open.o                    ../libwrk/rp6502/open.s:105
incax2 (incax2.o):
    xregn.o                   ../libwrk/rp6502/xregn.s:118
incsp2 (incsp2.o):
    popptr1.o                 runtime/popptr1.s:8
    xregn.o                   ../libwrk/rp6502/xregn.s:118
    code_page.o               ../libwrk/rp6502/code_page.s:46
    close.o                   ../libwrk/rp6502/close.s:47
    ext-term.c.8348.0.o       ext-term.c.8348.0.s:366
    ext-term.c.8348.0.o       ext-term.c.8348.0.s:366
    ext-term.c.8348.0.o       ext-term.c.8348.0.s:366
incsp6 (incsp6.o):
    fwrite.o                  common/fwrite.s:11
    vfprintf.o                common/vfprintf.s:9
initlib (condes.o):
    crt0.o                    rp6502/crt0.s:12
    crt0_cmd.s.8348.1.o       crt0_cmd.s:2
initmainargs (initmainargs.s.8348.3.o):
    ext-term.c.8348.0.o       ext-term.c.8348.0.s:14
ldax0sp (ldaxsp.o):
    open.o                    ../libwrk/rp6502/open.s:105
    code_page.o               ../libwrk/rp6502/code_page.s:46
    close.o                   ../libwrk/rp6502/close.s:47
ldaxi (ldaxi.o):
    xregn.o                   ../libwrk/rp6502/xregn.s:118
    open.o                    ../libwrk/rp6502/open.s:105
ldaxysp (ldaxsp.o):
    fwrite.o                  common/fwrite.s:11
leaa0sp (leaaxsp.o):
    xregn.o                   ../libwrk/rp6502/xregn.s:118
    open.o                    ../libwrk/rp6502/open.s:105
leavey (leave.o):
    xregn.o                   ../libwrk/rp6502/xregn.s:118
    open.o                    ../libwrk/rp6502/open.s:105
mul8x16 (mul8.o):
    mul.o                     runtime/mul.s:8
mul8x16a (mul8.o):
    mul.o                     runtime/mul.s:8
negeax (lneg.o):
    ltoa.o                    common/ltoa.s:9
popax (incsp2.o):
    ltoa.o                    common/ltoa.s:9
    _printf.o                 common/_printf.s:11
popptr1 (popptr1.o):
    udiv.o                    runtime/udiv.s:9
    mul8.o                    runtime/mul8.s:9
    mul.o                     runtime/mul.s:9
    ltoa.o                    common/ltoa.s:9
ptr1 (zeropage.o):
    udiv.o                    runtime/udiv.s:10
    strlower.o                common/strlower.s:13
    pushw.o                   runtime/pushw.s:9
    popptr1.o                 runtime/popptr1.s:9
    mul8.o                    runtime/mul8.s:10
    mul.o                     runtime/mul.s:10
    ltoa.o                    common/ltoa.s:11
    ldaxi.o                   runtime/ldaxi.s:8
    fwrite.o                  common/fwrite.s:14
    copydata.o                common/copydata.s:9
    _printf.o                 /home/wojciech/git/WojciechGw/cc65/asminc/zeropage.inc:12
    zerobss.o                 common/zerobss.s:9
    xregn.o                   ../libwrk/rp6502/xregn.s:11
    vfprintf.o                common/vfprintf.s:11
    printf.o                  common/printf.s:9
    open.o                    ../libwrk/rp6502/open.s:11
    write_stub.c.8348.2.o     write_stub.c.8348.2.s:11
    ext-term.c.8348.0.o       ext-term.c.8348.0.s:11
ptr2 (zeropage.o):
    strlower.o                common/strlower.s:13
    ltoa.o                    common/ltoa.s:11
    copydata.o                common/copydata.s:9
    _printf.o                 /home/wojciech/git/WojciechGw/cc65/asminc/zeropage.inc:12
ptr3 (zeropage.o):
    ltoa.o                    common/ltoa.s:11
ptr4 (zeropage.o):
    udiv.o                    runtime/udiv.s:10
    mul8.o                    runtime/mul8.s:10
    mul.o                     runtime/mul.s:10
    strlen.o                  common/strlen.s:12
push1 (push1.o):
    _printf.o                 common/_printf.s:11
    vfprintf.o                common/vfprintf.s:9
pusha (pusha.o):
    ext-term.c.8348.0.o       ext-term.c.8348.0.s:366
pusha0 (pushax.o):
    push1.o                   runtime/push1.s:8
    fwrite.o                  common/fwrite.s:11
pushax (pushax.o):
    pushw.o                   runtime/pushw.s:8
    fwrite.o                  common/fwrite.s:11
    _printf.o                 common/_printf.s:11
    printf.o                  common/printf.s:8
    open.o                    ../libwrk/rp6502/open.s:105
    code_page.o               ../libwrk/rp6502/code_page.s:46
    close.o                   ../libwrk/rp6502/close.s:47
    write_stub.c.8348.2.o     write_stub.c.8348.2.s:64
    ext-term.c.8348.0.o       ext-term.c.8348.0.s:366
    ext-term.c.8348.0.o       ext-term.c.8348.0.s:366
pusheax (lpush.o):
    _printf.o                 common/_printf.s:11
pushw (pushw.o):
    xregn.o                   ../libwrk/rp6502/xregn.s:118
pushwysp (pushwsp.o):
    fwrite.o                  common/fwrite.s:11
    vfprintf.o                common/vfprintf.s:9
    write_stub.c.8348.2.o     write_stub.c.8348.2.s:64
    ext-term.c.8348.0.o       ext-term.c.8348.0.s:366
regbank (zeropage.o):
    _printf.o                 /home/wojciech/git/WojciechGw/cc65/asminc/zeropage.inc:14
regsave (zeropage.o):
    xregn.o                   ../libwrk/rp6502/xregn.s:10
sreg (zeropage.o):
    lneg.o                    runtime/lneg.s:11
    udiv.o                    runtime/udiv.s:10
    ltoa.o                    common/ltoa.s:11
    lpush.o                   runtime/lpush.s:13
    axlong.o                  runtime/axlong.s:9
    _printf.o                 /home/wojciech/git/WojciechGw/cc65/asminc/zeropage.inc:11
    xregn.o                   ../libwrk/rp6502/xregn.s:10
    ria.o                     rp6502/ria.s:13
stax0sp (staxsp.o):
    xregn.o                   ../libwrk/rp6502/xregn.s:118
    ext-term.c.8348.0.o       ext-term.c.8348.0.s:366
staxysp (staxsp.o):
    ext-term.c.8348.0.o       ext-term.c.8348.0.s:366
subeq0sp (subeqsp.o):
    xregn.o                   ../libwrk/rp6502/xregn.s:118
    open.o                    ../libwrk/rp6502/open.s:105
    write_stub.c.8348.2.o     write_stub.c.8348.2.s:64
tmp1 (zeropage.o):
    mul.o                     runtime/mul.s:10
    ltoa.o                    common/ltoa.s:11
    copydata.o                common/copydata.s:9
    _printf.o                 /home/wojciech/git/WojciechGw/cc65/asminc/zeropage.inc:13
    ext-term.c.8348.0.o       ext-term.c.8348.0.s:11
tosudivax (udiv.o):
    fwrite.o                  common/fwrite.s:12
tosumulax (mul.o):
    fwrite.o                  common/fwrite.s:12
zerobss (zerobss.o):
    crt0.o                    rp6502/crt0.s:12

