Modules list:
-------------
ext-keyboard.c.23664.0.o:
    CODE              Offs=000000  Size=000593  Align=00001  Fill=0000
    RODATA            Offs=000000  Size=0004BC  Align=00001  Fill=0000
    BSS               Offs=000000  Size=000467  Align=00001  Fill=0000
    DATA              Offs=000000  Size=000045  Align=00001  Fill=0000
crt0_cmd.s.23664.1.o:
    STARTUP           Offs=000000  Size=00001B  Align=00001  Fill=0000
write_stub.c.23664.2.o:
    CODE              Offs=000593  Size=00004C  Align=00001  Fill=0000
initmainargs.s.23664.3.o:
    STARTUP           Offs=00001B  Size=000001  Align=00001  Fill=0000
C:\@prg\cc65\lib/rp6502.lib(_file.o):
    DATA              Offs=000045  Size=00001E  Align=00001  Fill=0000
C:\@prg\cc65\lib/rp6502.lib(_hextab.o):
    RODATA            Offs=0004BC  Size=000010  Align=00001  Fill=0000
C:\@prg\cc65\lib/rp6502.lib(_longminstr.o):
    RODATA            Offs=0004CC  Size=00000C  Align=00001  Fill=0000
C:\@prg\cc65\lib/rp6502.lib(_printf.o):
    CODE              Offs=0005DF  Size=0003A1  Align=00001  Fill=0000
    BSS               Offs=000467  Size=00002B  Align=00001  Fill=0000
    DATA              Offs=000063  Size=000003  Align=00001  Fill=0000
C:\@prg\cc65\lib/rp6502.lib(_seterrno.o):
    CODE              Offs=000980  Size=000009  Align=00001  Fill=0000
C:\@prg\cc65\lib/rp6502.lib(addeqsp.o):
    CODE              Offs=000989  Size=000011  Align=00001  Fill=0000
C:\@prg\cc65\lib/rp6502.lib(addysp.o):
    CODE              Offs=00099A  Size=00000E  Align=00001  Fill=0000
C:\@prg\cc65\lib/rp6502.lib(asrax1.o):
    CODE              Offs=0009A8  Size=00000A  Align=00001  Fill=0000
C:\@prg\cc65\lib/rp6502.lib(axlong.o):
    CODE              Offs=0009B2  Size=00000D  Align=00001  Fill=0000
C:\@prg\cc65\lib/rp6502.lib(bneg.o):
    CODE              Offs=0009BF  Size=00000E  Align=00001  Fill=0000
C:\@prg\cc65\lib/rp6502.lib(checkferror.o):
    CODE              Offs=0009CD  Size=00000C  Align=00001  Fill=0000
C:\@prg\cc65\lib/rp6502.lib(condes.o):
    CODE              Offs=0009D9  Size=00000C  Align=00001  Fill=0000
    DATA              Offs=000066  Size=000025  Align=00001  Fill=0000
    ONCE              Offs=000000  Size=00000C  Align=00001  Fill=0000
C:\@prg\cc65\lib/rp6502.lib(copydata.o):
    CODE              Offs=0009E5  Size=00002D  Align=00001  Fill=0000
C:\@prg\cc65\lib/rp6502.lib(crt0.o):
    STARTUP           Offs=00001C  Size=00002B  Align=00001  Fill=0000
C:\@prg\cc65\lib/rp6502.lib(ctype.o):
    RODATA            Offs=0004D8  Size=00008B  Align=00001  Fill=0000
C:\@prg\cc65\lib/rp6502.lib(ctypemask.o):
    CODE              Offs=000A12  Size=00001E  Align=00001  Fill=0000
C:\@prg\cc65\lib/rp6502.lib(decax1.o):
    CODE              Offs=000A30  Size=000007  Align=00001  Fill=0000
C:\@prg\cc65\lib/rp6502.lib(decax2.o):
    CODE              Offs=000A37  Size=000007  Align=00001  Fill=0000
C:\@prg\cc65\lib/rp6502.lib(decsp1.o):
    CODE              Offs=000A3E  Size=000009  Align=00001  Fill=0000
C:\@prg\cc65\lib/rp6502.lib(decsp2.o):
    CODE              Offs=000A47  Size=00000D  Align=00001  Fill=0000
C:\@prg\cc65\lib/rp6502.lib(decsp4.o):
    CODE              Offs=000A54  Size=00000D  Align=00001  Fill=0000
C:\@prg\cc65\lib/rp6502.lib(decsp5.o):
    CODE              Offs=000A61  Size=00000D  Align=00001  Fill=0000
C:\@prg\cc65\lib/rp6502.lib(decsp6.o):
    CODE              Offs=000A6E  Size=00000D  Align=00001  Fill=0000
C:\@prg\cc65\lib/rp6502.lib(enter.o):
    CODE              Offs=000A7B  Size=00000E  Align=00001  Fill=0000
C:\@prg\cc65\lib/rp6502.lib(errno.o):
    CODE              Offs=000A89  Size=00000A  Align=00001  Fill=0000
C:\@prg\cc65\lib/rp6502.lib(fputc.o):
    CODE              Offs=000A93  Size=000047  Align=00001  Fill=0000
    BSS               Offs=000492  Size=000002  Align=00001  Fill=0000
C:\@prg\cc65\lib/rp6502.lib(fwrite.o):
    CODE              Offs=000ADA  Size=000077  Align=00001  Fill=0000
    BSS               Offs=000494  Size=000002  Align=00001  Fill=0000
C:\@prg\cc65\lib/rp6502.lib(incax2.o):
    CODE              Offs=000B51  Size=000007  Align=00001  Fill=0000
C:\@prg\cc65\lib/rp6502.lib(incsp1.o):
    CODE              Offs=000B58  Size=000007  Align=00001  Fill=0000
C:\@prg\cc65\lib/rp6502.lib(incsp2.o):
    CODE              Offs=000B5F  Size=000015  Align=00001  Fill=0000
C:\@prg\cc65\lib/rp6502.lib(incsp5.o):
    CODE              Offs=000B74  Size=000005  Align=00001  Fill=0000
C:\@prg\cc65\lib/rp6502.lib(incsp6.o):
    CODE              Offs=000B79  Size=000005  Align=00001  Fill=0000
C:\@prg\cc65\lib/rp6502.lib(incsp8.o):
    CODE              Offs=000B7E  Size=000005  Align=00001  Fill=0000
C:\@prg\cc65\lib/rp6502.lib(ldaxi.o):
    CODE              Offs=000B83  Size=00000D  Align=00001  Fill=0000
C:\@prg\cc65\lib/rp6502.lib(ldaxsp.o):
    CODE              Offs=000B90  Size=000009  Align=00001  Fill=0000
C:\@prg\cc65\lib/rp6502.lib(leaaxsp.o):
    CODE              Offs=000B99  Size=00000C  Align=00001  Fill=0000
C:\@prg\cc65\lib/rp6502.lib(leave.o):
    CODE              Offs=000BA5  Size=00001B  Align=00001  Fill=0000
C:\@prg\cc65\lib/rp6502.lib(lneg.o):
    CODE              Offs=000BC0  Size=00001E  Align=00001  Fill=0000
C:\@prg\cc65\lib/rp6502.lib(lpush.o):
    CODE              Offs=000BDE  Size=00001E  Align=00001  Fill=0000
C:\@prg\cc65\lib/rp6502.lib(ltoa.o):
    CODE              Offs=000BFC  Size=000093  Align=00001  Fill=0000
C:\@prg\cc65\lib/rp6502.lib(makebool.o):
    CODE              Offs=000C8F  Size=00002C  Align=00001  Fill=0000
C:\@prg\cc65\lib/rp6502.lib(memcpy.o):
    CODE              Offs=000CBB  Size=00003C  Align=00001  Fill=0000
C:\@prg\cc65\lib/rp6502.lib(memset.o):
    CODE              Offs=000CF7  Size=00005D  Align=00001  Fill=0000
C:\@prg\cc65\lib/rp6502.lib(mul.o):
    CODE              Offs=000D54  Size=000045  Align=00001  Fill=0000
C:\@prg\cc65\lib/rp6502.lib(mul8.o):
    CODE              Offs=000D99  Size=00003A  Align=00001  Fill=0000
C:\@prg\cc65\lib/rp6502.lib(mulax6.o):
    CODE              Offs=000DD3  Size=000016  Align=00001  Fill=0000
C:\@prg\cc65\lib/rp6502.lib(popptr1.o):
    CODE              Offs=000DE9  Size=00000E  Align=00001  Fill=0000
C:\@prg\cc65\lib/rp6502.lib(printf.o):
    CODE              Offs=000DF7  Size=000033  Align=00001  Fill=0000
    BSS               Offs=000496  Size=000001  Align=00001  Fill=0000
C:\@prg\cc65\lib/rp6502.lib(push1.o):
    CODE              Offs=000E2A  Size=000005  Align=00001  Fill=0000
C:\@prg\cc65\lib/rp6502.lib(pusha.o):
    CODE              Offs=000E2F  Size=000016  Align=00001  Fill=0000
C:\@prg\cc65\lib/rp6502.lib(pushax.o):
    CODE              Offs=000E45  Size=00001A  Align=00001  Fill=0000
C:\@prg\cc65\lib/rp6502.lib(pushptr1.o):
    CODE              Offs=000E5F  Size=000007  Align=00001  Fill=0000
C:\@prg\cc65\lib/rp6502.lib(pushw.o):
    CODE              Offs=000E66  Size=00000F  Align=00001  Fill=0000
C:\@prg\cc65\lib/rp6502.lib(pushwsp.o):
    CODE              Offs=000E75  Size=00001C  Align=00001  Fill=0000
C:\@prg\cc65\lib/rp6502.lib(putchar.o):
    CODE              Offs=000E91  Size=00000C  Align=00001  Fill=0000
C:\@prg\cc65\lib/rp6502.lib(returnFFFF.o):
    CODE              Offs=000E9D  Size=000004  Align=00001  Fill=0000
C:\@prg\cc65\lib/rp6502.lib(ria.o):
    CODE              Offs=000EA1  Size=00004E  Align=00001  Fill=0000
C:\@prg\cc65\lib/rp6502.lib(staxsp.o):
    CODE              Offs=000EEF  Size=00000B  Align=00001  Fill=0000
C:\@prg\cc65\lib/rp6502.lib(strlen.o):
    CODE              Offs=000EFA  Size=000016  Align=00001  Fill=0000
C:\@prg\cc65\lib/rp6502.lib(strlower.o):
    CODE              Offs=000F10  Size=000027  Align=00001  Fill=0000
C:\@prg\cc65\lib/rp6502.lib(subeqsp.o):
    CODE              Offs=000F37  Size=000015  Align=00001  Fill=0000
C:\@prg\cc65\lib/rp6502.lib(udiv.o):
    CODE              Offs=000F4C  Size=00004F  Align=00001  Fill=0000
C:\@prg\cc65\lib/rp6502.lib(vfprintf.o):
    CODE              Offs=000F9B  Size=000060  Align=00001  Fill=0000
    DATA              Offs=00008B  Size=000008  Align=00001  Fill=0000
C:\@prg\cc65\lib/rp6502.lib(xregn.o):
    CODE              Offs=000FFB  Size=000093  Align=00001  Fill=0000
C:\@prg\cc65\lib/rp6502.lib(zerobss.o):
    CODE              Offs=00108E  Size=000023  Align=00001  Fill=0000
C:\@prg\cc65\lib/rp6502.lib(zeropage.o):
    ZEROPAGE          Offs=000000  Size=00001A  Align=00001  Fill=0000


Segment list:
-------------
Name                   Start     End    Size  Align
----------------------------------------------------
ZEROPAGE              000000  000019  00001A  00001
STARTUP               009300  009346  000047  00001
ONCE                  009347  009354  00000E  00001
CODE                  009355  00A405  0010B1  00001
RODATA                00A406  00A968  000563  00001
DATA                  00A969  00A9FB  000093  00001
BSS                   00A9FC  00AE92  000497  00001


Exports list by name:
---------------------
__BSS_RUN__               00A9FC RLA    __BSS_SIZE__              000497 REA    
__CONSTRUCTOR_COUNT__     000001 REA    __CONSTRUCTOR_TABLE__     009353 RLA    
__DATA_LOAD__             00A969 RLA    __DATA_RUN__              00A969 RLA    
__DATA_SIZE__             000093 REA    __DESTRUCTOR_COUNT__      000000 REA    
__DESTRUCTOR_TABLE__      00A969 RLA    __RAM_SIZE__              006900 REA    
__RAM_START__             009300 RLA    __STACKSIZE__             000300 REA    
__STARTADDR__             009300 REA    __STARTUP__               000001 REA    
___errno                  00FFED RLA    ___seterrno               009CD5 RLA    
__ctype                   00A8DE RLA    __ctypeidx                00A8E9 RLA    
__hextab                  00A8C2 RLA    __longminstr              00A8D2 RLA    
__printf                  009A25 RLA    _errno_opt_constructor    009DDE  LAI   
_fputc                    009DE8 RLA    _fwrite                   009E2F RLA    
_ltoa                     009F69 RLA    _main                     009768 RLA    
_memcpy                   00A010 RLA    _memset                   00A054 RLA    
_printf                   00A14C RLA    _putchar                  00A1E6 RLA    
_ria_call_int             00A22D RLA    _stdout                   00A9C8 RLA    
_strlen                   00A24F RLA    _strlower                 00A265 RLA    
_ultoa                    009FA8 RLA    _vfprintf                 00A327 RLA    
_write                    0098E8 RLA    _xregn                    00A350 RLA    
addeqysp                  009CE0 RLA    addysp                    009CF0 RLA    
asrax1                    009CFD RLA    axlong                    009D07 RLA    
axulong                   009D0D RLA    bnega                     009D18 RLA    
boolult                   00A003 RLA    c_sp                      000000 RLZ    
checkferror               009D22 RLA    copydata                  009D3A RLA    
ctypemaskdirect           009D6B RLA    decax1                    009D85 RLA    
decax2                    009D8C RLA    decsp1                    009D93 RLA    
decsp2                    009D9C RLA    decsp4                    009DA9 RLA    
decsp5                    009DB6 RLA    decsp6                    009DC3 RLA    
donelib                   009D2E RLA    enter                     009DD0 RLA    
incax2                    009EA6 RLA    incsp1                    009EAD RLA    
incsp2                    009EBB RLA    incsp5                    009EC9 RLA    
incsp6                    009ECE RLA    incsp8                    009ED3 RLA    
initlib                   009347 RLA    initmainargs              00931B REA    
ldaxi                     009ED8 RLA    ldaxysp                   009EE7 RLA    
leaa0sp                   009EEE RLA    leavey                    009F04 RLA    
mul8x16                   00A0F0 RLA    mul8x16a                  00A0FA RLA    
mulax6                    00A128 RLA    negeax                    009F15 RLA    
popax                     009EB4 RLA    popptr1                   00A13E RLA    
ptr1                      000008 RLZ    ptr2                      00000A RLZ    
ptr3                      00000C RLZ    ptr4                      00000E RLZ    
push1                     00A17F RLA    pusha                     00A188 RLA    
pusha0                    00A19C RLA    pushax                    00A19E RLA    
pusheax                   009F3A RLA    pushptr1                  00A1B4 RLA    
pushw                     00A1BB RLA    pushwysp                  00A1CC RLA    
regbank                   000014 RLZ    regsave                   000004 RLZ    
returnFFFF                00A1F2 RLA    sreg                      000002 RLZ    
stax0sp                   00A244 RLA    subeq0sp                  00A28C RLA    
tmp1                      000010 RLZ    tosmula0                  00A0EE RLA    
tosudivax                 00A2A3 RLA    tosumulax                 00A0A9 RLA    
zerobss                   00A3E3 RLA    


Exports list by value:
----------------------
c_sp                      000000 RLZ    __DESTRUCTOR_COUNT__      000000 REA    
__STARTUP__               000001 REA    __CONSTRUCTOR_COUNT__     000001 REA    
sreg                      000002 RLZ    regsave                   000004 RLZ    
ptr1                      000008 RLZ    ptr2                      00000A RLZ    
ptr3                      00000C RLZ    ptr4                      00000E RLZ    
tmp1                      000010 RLZ    regbank                   000014 RLZ    
__DATA_SIZE__             000093 REA    __STACKSIZE__             000300 REA    
__BSS_SIZE__              000497 REA    __RAM_SIZE__              006900 REA    
__STARTADDR__             009300 REA    __RAM_START__             009300 RLA    
initmainargs              00931B REA    initlib                   009347 RLA    
__CONSTRUCTOR_TABLE__     009353 RLA    _main                     009768 RLA    
_write                    0098E8 RLA    __printf                  009A25 RLA    
___seterrno               009CD5 RLA    addeqysp                  009CE0 RLA    
addysp                    009CF0 RLA    asrax1                    009CFD RLA    
axlong                    009D07 RLA    axulong                   009D0D RLA    
bnega                     009D18 RLA    checkferror               009D22 RLA    
donelib                   009D2E RLA    copydata                  009D3A RLA    
ctypemaskdirect           009D6B RLA    decax1                    009D85 RLA    
decax2                    009D8C RLA    decsp1                    009D93 RLA    
decsp2                    009D9C RLA    decsp4                    009DA9 RLA    
decsp5                    009DB6 RLA    decsp6                    009DC3 RLA    
enter                     009DD0 RLA    _errno_opt_constructor    009DDE  LAI   
_fputc                    009DE8 RLA    _fwrite                   009E2F RLA    
incax2                    009EA6 RLA    incsp1                    009EAD RLA    
popax                     009EB4 RLA    incsp2                    009EBB RLA    
incsp5                    009EC9 RLA    incsp6                    009ECE RLA    
incsp8                    009ED3 RLA    ldaxi                     009ED8 RLA    
ldaxysp                   009EE7 RLA    leaa0sp                   009EEE RLA    
leavey                    009F04 RLA    negeax                    009F15 RLA    
pusheax                   009F3A RLA    _ltoa                     009F69 RLA    
_ultoa                    009FA8 RLA    boolult                   00A003 RLA    
_memcpy                   00A010 RLA    _memset                   00A054 RLA    
tosumulax                 00A0A9 RLA    tosmula0                  00A0EE RLA    
mul8x16                   00A0F0 RLA    mul8x16a                  00A0FA RLA    
mulax6                    00A128 RLA    popptr1                   00A13E RLA    
_printf                   00A14C RLA    push1                     00A17F RLA    
pusha                     00A188 RLA    pusha0                    00A19C RLA    
pushax                    00A19E RLA    pushptr1                  00A1B4 RLA    
pushw                     00A1BB RLA    pushwysp                  00A1CC RLA    
_putchar                  00A1E6 RLA    returnFFFF                00A1F2 RLA    
_ria_call_int             00A22D RLA    stax0sp                   00A244 RLA    
_strlen                   00A24F RLA    _strlower                 00A265 RLA    
subeq0sp                  00A28C RLA    tosudivax                 00A2A3 RLA    
_vfprintf                 00A327 RLA    _xregn                    00A350 RLA    
zerobss                   00A3E3 RLA    __hextab                  00A8C2 RLA    
__longminstr              00A8D2 RLA    __ctype                   00A8DE RLA    
__ctypeidx                00A8E9 RLA    __DESTRUCTOR_TABLE__      00A969 RLA    
__DATA_LOAD__             00A969 RLA    __DATA_RUN__              00A969 RLA    
_stdout                   00A9C8 RLA    __BSS_RUN__               00A9FC RLA    
___errno                  00FFED RLA    


Imports list:
-------------
__BSS_RUN__ ([linker generated]):
    zerobss.o                 common/zerobss.s:8
__BSS_SIZE__ ([linker generated]):
    zerobss.o                 common/zerobss.s:8
__CONSTRUCTOR_COUNT__ ([linker generated]):
    condes.o                  runtime/condes.s:18
__CONSTRUCTOR_TABLE__ ([linker generated]):
    condes.o                  runtime/condes.s:18
__DATA_LOAD__ ([linker generated]):
    copydata.o                common/copydata.s:8
__DATA_RUN__ ([linker generated]):
    copydata.o                common/copydata.s:8
__DATA_SIZE__ ([linker generated]):
    copydata.o                common/copydata.s:8
__DESTRUCTOR_COUNT__ ([linker generated]):
    condes.o                  runtime/condes.s:19
__DESTRUCTOR_TABLE__ ([linker generated]):
    condes.o                  runtime/condes.s:19
__RAM_SIZE__ ([linker generated]):
    crt0.o                    rp6502/crt0.s:10
__RAM_START__ ([linker generated]):
    crt0.o                    rp6502/crt0.s:10
__STACKSIZE__ ([linker generated]):
    [linker generated]        ../ext0x9300.cfg:9
__STARTADDR__ ([linker generated]):
    [linker generated]        ../ext0x9300.cfg:9
    [linker generated]        ../ext0x9300.cfg:9
__STARTUP__ (crt0.o):
    ext-keyboard.c.23664.0.o  ext-keyboard.c.23664.0.s:13
    [linker generated]        ../ext0x9300.cfg:3
___errno (errno.o):
    _seterrno.o               /home/wojciech/git/WojciechGw/cc65/asminc/errno.inc:7
___seterrno (_seterrno.o):
    fwrite.o                  /home/wojciech/git/WojciechGw/cc65/asminc/errno.inc:9
__ctype (ctype.o):
    ctypemask.o               common/ctypemask.s:23
__ctypeidx (ctype.o):
    ctypemask.o               common/ctypemask.s:24
__hextab (_hextab.o):
    ltoa.o                    common/ltoa.s:10
__longminstr (_longminstr.o):
    ltoa.o                    common/ltoa.s:10
__printf (_printf.o):
    vfprintf.o                common/vfprintf.s:10
_fputc (fputc.o):
    putchar.o                 common/putchar.s:10
_fwrite (fwrite.o):
    vfprintf.o                common/vfprintf.s:10
_ltoa (ltoa.o):
    _printf.o                 common/_printf.s:12
_main (ext-keyboard.c.23664.0.o):
    crt0.o                    rp6502/crt0.s:7
    crt0_cmd.s.23664.1.o      crt0_cmd.s:2
_memcpy (memcpy.o):
    ext-keyboard.c.23664.0.o  ext-keyboard.c.23664.0.s:20
_memset (memset.o):
    ext-keyboard.c.23664.0.o  ext-keyboard.c.23664.0.s:21
_printf (printf.o):
    ext-keyboard.c.23664.0.o  ext-keyboard.c.23664.0.s:16
_putchar (putchar.o):
    ext-keyboard.c.23664.0.o  ext-keyboard.c.23664.0.s:17
_ria_call_int (ria.o):
    errno.o                   rp6502/errno.s:12
    xregn.o                   ../libwrk/rp6502/xregn.s:17
_stdout (_file.o):
    putchar.o                 common/putchar.s:9
    printf.o                  common/printf.s:8
_strlen (strlen.o):
    _printf.o                 common/_printf.s:13
    ext-keyboard.c.23664.0.o  ext-keyboard.c.23664.0.s:19
_strlower (strlower.o):
    _printf.o                 common/_printf.s:13
_ultoa (ltoa.o):
    _printf.o                 common/_printf.s:12
_vfprintf (vfprintf.o):
    printf.o                  common/printf.s:8
_write (write_stub.c.23664.2.o):
    fwrite.o                  common/fwrite.s:10
    fputc.o                   common/fputc.s:9
_xregn (xregn.o):
    ext-keyboard.c.23664.0.o  ext-keyboard.c.23664.0.s:15
addeqysp (addeqsp.o):
    write_stub.c.23664.2.o    write_stub.c.23664.2.s:64
addysp (addysp.o):
    leave.o                   runtime/leave.s:14
    incsp6.o                  runtime/incsp6.s:8
    fwrite.o                  common/fwrite.s:11
    printf.o                  common/printf.s:8
    incsp8.o                  runtime/incsp8.s:8
    incsp5.o                  runtime/incsp5.s:8
    write_stub.c.23664.2.o    write_stub.c.23664.2.s:64
asrax1 (asrax1.o):
    ext-keyboard.c.23664.0.o  ext-keyboard.c.23664.0.s:1573
axlong (axlong.o):
    _printf.o                 common/_printf.s:11
axulong (axlong.o):
    _printf.o                 common/_printf.s:11
bnega (bneg.o):
    ext-keyboard.c.23664.0.o  ext-keyboard.c.23664.0.s:1573
boolult (makebool.o):
    ext-keyboard.c.23664.0.o  ext-keyboard.c.23664.0.s:1573
c_sp (zeropage.o):
    lpush.o                   runtime/lpush.s:13
    leave.o                   runtime/leave.s:15
    leaaxsp.o                 runtime/leaaxsp.s:8
    ldaxsp.o                  runtime/ldaxsp.s:8
    enter.o                   runtime/enter.s:8
    decsp6.o                  runtime/decsp6.s:8
    _printf.o                 /home/wojciech/git/WojciechGw/cc65/asminc/zeropage.inc:11
    xregn.o                   ../libwrk/rp6502/xregn.s:10
    vfprintf.o                common/vfprintf.s:11
    subeqsp.o                 runtime/subeqsp.s:8
    staxsp.o                  runtime/staxsp.s:8
    pushwsp.o                 runtime/pushwsp.s:8
    pushax.o                  runtime/pushax.s:8
    pusha.o                   runtime/pusha.s:8
    printf.o                  common/printf.s:9
    popptr1.o                 runtime/popptr1.s:9
    memset.o                  common/memset.s:20
    memcpy.o                  common/memcpy.s:15
    incsp2.o                  runtime/incsp2.s:8
    incsp1.o                  runtime/incsp1.s:8
    decsp5.o                  runtime/decsp5.s:8
    decsp4.o                  runtime/decsp4.s:8
    decsp2.o                  runtime/decsp2.s:8
    decsp1.o                  runtime/decsp1.s:8
    crt0.o                    /home/wojciech/git/WojciechGw/cc65/asminc/zeropage.inc:11
    addysp.o                  runtime/addysp.s:8
    addeqsp.o                 runtime/addeqsp.s:8
    write_stub.c.23664.2.o    write_stub.c.23664.2.s:10
    ext-keyboard.c.23664.0.o  ext-keyboard.c.23664.0.s:10
checkferror (checkferror.o):
    fputc.o                   common/fputc.s:9
copydata (copydata.o):
    crt0.o                    rp6502/crt0.s:12
ctypemaskdirect (ctypemask.o):
    strlower.o                common/strlower.s:14
decax1 (decax1.o):
    xregn.o                   ../libwrk/rp6502/xregn.s:118
decax2 (decax2.o):
    xregn.o                   ../libwrk/rp6502/xregn.s:118
decsp1 (decsp1.o):
    ext-keyboard.c.23664.0.o  ext-keyboard.c.23664.0.s:1573
    ext-keyboard.c.23664.0.o  ext-keyboard.c.23664.0.s:1573
    ext-keyboard.c.23664.0.o  ext-keyboard.c.23664.0.s:1573
decsp2 (decsp2.o):
    xregn.o                   ../libwrk/rp6502/xregn.s:118
    ext-keyboard.c.23664.0.o  ext-keyboard.c.23664.0.s:1573
    ext-keyboard.c.23664.0.o  ext-keyboard.c.23664.0.s:1573
decsp4 (decsp4.o):
    lpush.o                   runtime/lpush.s:12
    ext-keyboard.c.23664.0.o  ext-keyboard.c.23664.0.s:1573
decsp5 (decsp5.o):
    ext-keyboard.c.23664.0.o  ext-keyboard.c.23664.0.s:1573
decsp6 (decsp6.o):
    _printf.o                 common/_printf.s:11
donelib (condes.o):
    crt0.o                    rp6502/crt0.s:12
    crt0_cmd.s.23664.1.o      crt0_cmd.s:2
enter (enter.o):
    xregn.o                   ../libwrk/rp6502/xregn.s:118
incax2 (incax2.o):
    xregn.o                   ../libwrk/rp6502/xregn.s:118
incsp1 (incsp1.o):
    ext-keyboard.c.23664.0.o  ext-keyboard.c.23664.0.s:1573
    ext-keyboard.c.23664.0.o  ext-keyboard.c.23664.0.s:1573
    ext-keyboard.c.23664.0.o  ext-keyboard.c.23664.0.s:1573
incsp2 (incsp2.o):
    fputc.o                   common/fputc.s:10
    xregn.o                   ../libwrk/rp6502/xregn.s:118
    popptr1.o                 runtime/popptr1.s:8
    ext-keyboard.c.23664.0.o  ext-keyboard.c.23664.0.s:1573
incsp5 (incsp5.o):
    ext-keyboard.c.23664.0.o  ext-keyboard.c.23664.0.s:1573
incsp6 (incsp6.o):
    fwrite.o                  common/fwrite.s:11
    vfprintf.o                common/vfprintf.s:9
incsp8 (incsp8.o):
    ext-keyboard.c.23664.0.o  ext-keyboard.c.23664.0.s:1573
initlib (condes.o):
    crt0.o                    rp6502/crt0.s:12
    crt0_cmd.s.23664.1.o      crt0_cmd.s:2
initmainargs (initmainargs.s.23664.3.o):
    ext-keyboard.c.23664.0.o  ext-keyboard.c.23664.0.s:14
ldaxi (ldaxi.o):
    xregn.o                   ../libwrk/rp6502/xregn.s:118
ldaxysp (ldaxsp.o):
    fwrite.o                  common/fwrite.s:11
leaa0sp (leaaxsp.o):
    xregn.o                   ../libwrk/rp6502/xregn.s:118
leavey (leave.o):
    xregn.o                   ../libwrk/rp6502/xregn.s:118
mul8x16 (mul8.o):
    mul.o                     runtime/mul.s:8
mul8x16a (mul8.o):
    mul.o                     runtime/mul.s:8
mulax6 (mulax6.o):
    ext-keyboard.c.23664.0.o  ext-keyboard.c.23664.0.s:1573
negeax (lneg.o):
    ltoa.o                    common/ltoa.s:9
popax (incsp2.o):
    ltoa.o                    common/ltoa.s:9
    fputc.o                   common/fputc.s:10
    _printf.o                 common/_printf.s:11
    memset.o                  common/memset.s:19
    memcpy.o                  common/memcpy.s:14
popptr1 (popptr1.o):
    udiv.o                    runtime/udiv.s:9
    mul.o                     runtime/mul.s:9
    ltoa.o                    common/ltoa.s:9
    fputc.o                   common/fputc.s:11
    mul8.o                    runtime/mul8.s:9
    memcpy.o                  common/memcpy.s:14
ptr1 (zeropage.o):
    checkferror.o             common/checkferror.s:12
    udiv.o                    runtime/udiv.s:10
    strlower.o                common/strlower.s:13
    pushw.o                   runtime/pushw.s:9
    pushptr1.o                runtime/pushptr1.s:9
    mul.o                     runtime/mul.s:10
    ltoa.o                    common/ltoa.s:11
    ldaxi.o                   runtime/ldaxi.s:8
    fwrite.o                  common/fwrite.s:14
    fputc.o                   common/fputc.s:8
    copydata.o                common/copydata.s:9
    _printf.o                 /home/wojciech/git/WojciechGw/cc65/asminc/zeropage.inc:12
    zerobss.o                 common/zerobss.s:9
    xregn.o                   ../libwrk/rp6502/xregn.s:11
    vfprintf.o                common/vfprintf.s:11
    printf.o                  common/printf.s:9
    popptr1.o                 runtime/popptr1.s:9
    mulax6.o                  runtime/mulax6.s:9
    mul8.o                    runtime/mul8.s:10
    memset.o                  common/memset.s:20
    memcpy.o                  common/memcpy.s:15
    write_stub.c.23664.2.o    write_stub.c.23664.2.s:11
    ext-keyboard.c.23664.0.o  ext-keyboard.c.23664.0.s:11
ptr2 (zeropage.o):
    strlower.o                common/strlower.s:13
    ltoa.o                    common/ltoa.s:11
    copydata.o                common/copydata.s:9
    _printf.o                 /home/wojciech/git/WojciechGw/cc65/asminc/zeropage.inc:12
    memset.o                  common/memset.s:20
    memcpy.o                  common/memcpy.s:15
ptr3 (zeropage.o):
    ltoa.o                    common/ltoa.s:11
    memset.o                  common/memset.s:20
    memcpy.o                  common/memcpy.s:15
ptr4 (zeropage.o):
    udiv.o                    runtime/udiv.s:10
    mul.o                     runtime/mul.s:10
    strlen.o                  common/strlen.s:12
    mul8.o                    runtime/mul8.s:10
push1 (push1.o):
    _printf.o                 common/_printf.s:11
    vfprintf.o                common/vfprintf.s:9
pusha (pusha.o):
    ext-keyboard.c.23664.0.o  ext-keyboard.c.23664.0.s:1573
    ext-keyboard.c.23664.0.o  ext-keyboard.c.23664.0.s:1573
    ext-keyboard.c.23664.0.o  ext-keyboard.c.23664.0.s:1573
pusha0 (pushax.o):
    push1.o                   runtime/push1.s:8
    fwrite.o                  common/fwrite.s:11
    fputc.o                   common/fputc.s:10
    ext-keyboard.c.23664.0.o  ext-keyboard.c.23664.0.s:1573
    ext-keyboard.c.23664.0.o  ext-keyboard.c.23664.0.s:1573
    ext-keyboard.c.23664.0.o  ext-keyboard.c.23664.0.s:1573
    ext-keyboard.c.23664.0.o  ext-keyboard.c.23664.0.s:1573
pushax (pushax.o):
    pushw.o                   runtime/pushw.s:8
    pushptr1.o                runtime/pushptr1.s:8
    fwrite.o                  common/fwrite.s:11
    fputc.o                   common/fputc.s:10
    _printf.o                 common/_printf.s:11
    putchar.o                 common/putchar.s:8
    printf.o                  common/printf.s:8
    write_stub.c.23664.2.o    write_stub.c.23664.2.s:64
    ext-keyboard.c.23664.0.o  ext-keyboard.c.23664.0.s:1573
    ext-keyboard.c.23664.0.o  ext-keyboard.c.23664.0.s:1573
    ext-keyboard.c.23664.0.o  ext-keyboard.c.23664.0.s:1573
pusheax (lpush.o):
    _printf.o                 common/_printf.s:11
pushptr1 (pushptr1.o):
    fputc.o                   common/fputc.s:11
pushw (pushw.o):
    xregn.o                   ../libwrk/rp6502/xregn.s:118
pushwysp (pushwsp.o):
    fwrite.o                  common/fwrite.s:11
    vfprintf.o                common/vfprintf.s:9
    write_stub.c.23664.2.o    write_stub.c.23664.2.s:64
regbank (zeropage.o):
    _printf.o                 /home/wojciech/git/WojciechGw/cc65/asminc/zeropage.inc:14
regsave (zeropage.o):
    xregn.o                   ../libwrk/rp6502/xregn.s:10
    ext-keyboard.c.23664.0.o  ext-keyboard.c.23664.0.s:10
returnFFFF (returnFFFF.o):
    fputc.o                   common/fputc.s:11
sreg (zeropage.o):
    lneg.o                    runtime/lneg.s:11
    udiv.o                    runtime/udiv.s:10
    ria.o                     rp6502/ria.s:13
    ltoa.o                    common/ltoa.s:11
    lpush.o                   runtime/lpush.s:13
    axlong.o                  runtime/axlong.s:9
    _printf.o                 /home/wojciech/git/WojciechGw/cc65/asminc/zeropage.inc:11
    xregn.o                   ../libwrk/rp6502/xregn.s:10
    ext-keyboard.c.23664.0.o  ext-keyboard.c.23664.0.s:10
stax0sp (staxsp.o):
    xregn.o                   ../libwrk/rp6502/xregn.s:118
    ext-keyboard.c.23664.0.o  ext-keyboard.c.23664.0.s:1573
subeq0sp (subeqsp.o):
    xregn.o                   ../libwrk/rp6502/xregn.s:118
    write_stub.c.23664.2.o    write_stub.c.23664.2.s:64
tmp1 (zeropage.o):
    mul.o                     runtime/mul.s:10
    ltoa.o                    common/ltoa.s:11
    copydata.o                common/copydata.s:9
    _printf.o                 /home/wojciech/git/WojciechGw/cc65/asminc/zeropage.inc:13
    asrax1.o                  runtime/asrax1.s:8
tosmula0 (mul8.o):
    ext-keyboard.c.23664.0.o  ext-keyboard.c.23664.0.s:1573
    ext-keyboard.c.23664.0.o  ext-keyboard.c.23664.0.s:1573
    ext-keyboard.c.23664.0.o  ext-keyboard.c.23664.0.s:1573
tosudivax (udiv.o):
    fwrite.o                  common/fwrite.s:12
tosumulax (mul.o):
    fwrite.o                  common/fwrite.s:12
zerobss (zerobss.o):
    crt0.o                    rp6502/crt0.s:12

