Modules list:
-------------
ext-dir.c.18228.0.o:
    CODE              Offs=000000  Size=000F1B  Align=00001  Fill=0000
    RODATA            Offs=000000  Size=00018D  Align=00001  Fill=0000
    BSS               Offs=000000  Size=000D96  Align=00001  Fill=0000
crt0_cmd.s.18228.1.o:
    STARTUP           Offs=000000  Size=00001B  Align=00001  Fill=0000
write_stub.c.18228.2.o:
    CODE              Offs=000F1B  Size=00004C  Align=00001  Fill=0000
initmainargs.s.18228.3.o:
    STARTUP           Offs=00001B  Size=000001  Align=00001  Fill=0000
C:\@prg\cc65\lib/rp6502.lib(_file.o):
    DATA              Offs=000000  Size=00001E  Align=00001  Fill=0000
C:\@prg\cc65\lib/rp6502.lib(_hextab.o):
    RODATA            Offs=00018D  Size=000010  Align=00001  Fill=0000
C:\@prg\cc65\lib/rp6502.lib(_longminstr.o):
    RODATA            Offs=00019D  Size=00000C  Align=00001  Fill=0000
C:\@prg\cc65\lib/rp6502.lib(_printf.o):
    CODE              Offs=000F67  Size=0003A1  Align=00001  Fill=0000
    BSS               Offs=000D96  Size=00002B  Align=00001  Fill=0000
    DATA              Offs=00001E  Size=000003  Align=00001  Fill=0000
C:\@prg\cc65\lib/rp6502.lib(_seterrno.o):
    CODE              Offs=001308  Size=000009  Align=00001  Fill=0000
C:\@prg\cc65\lib/rp6502.lib(addeqsp.o):
    CODE              Offs=001311  Size=000011  Align=00001  Fill=0000
C:\@prg\cc65\lib/rp6502.lib(addysp.o):
    CODE              Offs=001322  Size=00000E  Align=00001  Fill=0000
C:\@prg\cc65\lib/rp6502.lib(axlong.o):
    CODE              Offs=001330  Size=00000D  Align=00001  Fill=0000
C:\@prg\cc65\lib/rp6502.lib(bneg.o):
    CODE              Offs=00133D  Size=00000E  Align=00001  Fill=0000
C:\@prg\cc65\lib/rp6502.lib(condes.o):
    CODE              Offs=00134B  Size=00000C  Align=00001  Fill=0000
    DATA              Offs=000021  Size=000025  Align=00001  Fill=0000
    ONCE              Offs=000000  Size=00000C  Align=00001  Fill=0000
C:\@prg\cc65\lib/rp6502.lib(copydata.o):
    CODE              Offs=001357  Size=00002D  Align=00001  Fill=0000
C:\@prg\cc65\lib/rp6502.lib(crt0.o):
    STARTUP           Offs=00001C  Size=00002B  Align=00001  Fill=0000
C:\@prg\cc65\lib/rp6502.lib(ctype.o):
    RODATA            Offs=0001A9  Size=00008B  Align=00001  Fill=0000
C:\@prg\cc65\lib/rp6502.lib(ctypemask.o):
    CODE              Offs=001384  Size=00001E  Align=00001  Fill=0000
C:\@prg\cc65\lib/rp6502.lib(decsp2.o):
    CODE              Offs=0013A2  Size=00000D  Align=00001  Fill=0000
C:\@prg\cc65\lib/rp6502.lib(decsp3.o):
    CODE              Offs=0013AF  Size=00000D  Align=00001  Fill=0000
C:\@prg\cc65\lib/rp6502.lib(decsp4.o):
    CODE              Offs=0013BC  Size=00000D  Align=00001  Fill=0000
C:\@prg\cc65\lib/rp6502.lib(decsp6.o):
    CODE              Offs=0013C9  Size=00000D  Align=00001  Fill=0000
C:\@prg\cc65\lib/rp6502.lib(errno.o):
    CODE              Offs=0013D6  Size=00000A  Align=00001  Fill=0000
C:\@prg\cc65\lib/rp6502.lib(f_chdrive.o):
    CODE              Offs=0013E0  Size=00004A  Align=00001  Fill=0000
C:\@prg\cc65\lib/rp6502.lib(f_closedir.o):
    CODE              Offs=00142A  Size=000011  Align=00001  Fill=0000
C:\@prg\cc65\lib/rp6502.lib(f_getcwd.o):
    CODE              Offs=00143B  Size=000070  Align=00001  Fill=0000
C:\@prg\cc65\lib/rp6502.lib(f_opendir.o):
    CODE              Offs=0014AB  Size=00004A  Align=00001  Fill=0000
C:\@prg\cc65\lib/rp6502.lib(f_readdir.o):
    CODE              Offs=0014F5  Size=000055  Align=00001  Fill=0000
C:\@prg\cc65\lib/rp6502.lib(fwrite.o):
    CODE              Offs=00154A  Size=000077  Align=00001  Fill=0000
    BSS               Offs=000DC1  Size=000002  Align=00001  Fill=0000
C:\@prg\cc65\lib/rp6502.lib(icmp.o):
    CODE              Offs=0015C1  Size=00002E  Align=00001  Fill=0000
C:\@prg\cc65\lib/rp6502.lib(incsp1.o):
    CODE              Offs=0015EF  Size=000007  Align=00001  Fill=0000
C:\@prg\cc65\lib/rp6502.lib(incsp2.o):
    CODE              Offs=0015F6  Size=000015  Align=00001  Fill=0000
C:\@prg\cc65\lib/rp6502.lib(incsp4.o):
    CODE              Offs=00160B  Size=000005  Align=00001  Fill=0000
C:\@prg\cc65\lib/rp6502.lib(incsp6.o):
    CODE              Offs=001610  Size=000005  Align=00001  Fill=0000
C:\@prg\cc65\lib/rp6502.lib(incsp8.o):
    CODE              Offs=001615  Size=000005  Align=00001  Fill=0000
C:\@prg\cc65\lib/rp6502.lib(laddeqsp.o):
    CODE              Offs=00161A  Size=000023  Align=00001  Fill=0000
C:\@prg\cc65\lib/rp6502.lib(lcmp.o):
    CODE              Offs=00163D  Size=00003B  Align=00001  Fill=0000
C:\@prg\cc65\lib/rp6502.lib(ldaxsp.o):
    CODE              Offs=001678  Size=000009  Align=00001  Fill=0000
C:\@prg\cc65\lib/rp6502.lib(ldeaxi.o):
    CODE              Offs=001681  Size=000017  Align=00001  Fill=0000
C:\@prg\cc65\lib/rp6502.lib(ldeaxysp.o):
    CODE              Offs=001698  Size=000013  Align=00001  Fill=0000
C:\@prg\cc65\lib/rp6502.lib(leq.o):
    CODE              Offs=0016AB  Size=000006  Align=00001  Fill=0000
C:\@prg\cc65\lib/rp6502.lib(linc.o):
    CODE              Offs=0016B1  Size=000011  Align=00001  Fill=0000
C:\@prg\cc65\lib/rp6502.lib(lneg.o):
    CODE              Offs=0016C2  Size=00001E  Align=00001  Fill=0000
C:\@prg\cc65\lib/rp6502.lib(lor.o):
    CODE              Offs=0016E0  Size=000021  Align=00001  Fill=0000
C:\@prg\cc65\lib/rp6502.lib(lpush.o):
    CODE              Offs=001701  Size=00001E  Align=00001  Fill=0000
C:\@prg\cc65\lib/rp6502.lib(ltest.o):
    CODE              Offs=00171F  Size=00000F  Align=00001  Fill=0000
C:\@prg\cc65\lib/rp6502.lib(ltoa.o):
    CODE              Offs=00172E  Size=000093  Align=00001  Fill=0000
C:\@prg\cc65\lib/rp6502.lib(ludiv.o):
    CODE              Offs=0017C1  Size=000077  Align=00001  Fill=0000
C:\@prg\cc65\lib/rp6502.lib(lugt.o):
    CODE              Offs=001838  Size=000006  Align=00001  Fill=0000
C:\@prg\cc65\lib/rp6502.lib(lult.o):
    CODE              Offs=00183E  Size=000006  Align=00001  Fill=0000
C:\@prg\cc65\lib/rp6502.lib(lumod.o):
    CODE              Offs=001844  Size=000017  Align=00001  Fill=0000
C:\@prg\cc65\lib/rp6502.lib(makebool.o):
    CODE              Offs=00185B  Size=00002C  Align=00001  Fill=0000
C:\@prg\cc65\lib/rp6502.lib(memcpy.o):
    CODE              Offs=001887  Size=00003C  Align=00001  Fill=0000
C:\@prg\cc65\lib/rp6502.lib(mul.o):
    CODE              Offs=0018C3  Size=000045  Align=00001  Fill=0000
C:\@prg\cc65\lib/rp6502.lib(mul8.o):
    CODE              Offs=001908  Size=00003A  Align=00001  Fill=0000
C:\@prg\cc65\lib/rp6502.lib(popptr1.o):
    CODE              Offs=001942  Size=00000E  Align=00001  Fill=0000
C:\@prg\cc65\lib/rp6502.lib(printf.o):
    CODE              Offs=001950  Size=000033  Align=00001  Fill=0000
    BSS               Offs=000DC3  Size=000001  Align=00001  Fill=0000
C:\@prg\cc65\lib/rp6502.lib(push1.o):
    CODE              Offs=001983  Size=000005  Align=00001  Fill=0000
C:\@prg\cc65\lib/rp6502.lib(pusha.o):
    CODE              Offs=001988  Size=000016  Align=00001  Fill=0000
C:\@prg\cc65\lib/rp6502.lib(pushax.o):
    CODE              Offs=00199E  Size=00001A  Align=00001  Fill=0000
C:\@prg\cc65\lib/rp6502.lib(pushwsp.o):
    CODE              Offs=0019B8  Size=00001C  Align=00001  Fill=0000
C:\@prg\cc65\lib/rp6502.lib(ria.o):
    CODE              Offs=0019D4  Size=00004E  Align=00001  Fill=0000
C:\@prg\cc65\lib/rp6502.lib(shrax1.o):
    CODE              Offs=001A22  Size=000008  Align=00001  Fill=0000
C:\@prg\cc65\lib/rp6502.lib(shrax4.o):
    CODE              Offs=001A2A  Size=000011  Align=00001  Fill=0000
C:\@prg\cc65\lib/rp6502.lib(staspidx.o):
    CODE              Offs=001A3B  Size=000016  Align=00001  Fill=0000
C:\@prg\cc65\lib/rp6502.lib(staxsp.o):
    CODE              Offs=001A51  Size=00000B  Align=00001  Fill=0000
C:\@prg\cc65\lib/rp6502.lib(steaxsp.o):
    CODE              Offs=001A5C  Size=000015  Align=00001  Fill=0000
C:\@prg\cc65\lib/rp6502.lib(steaxspi.o):
    CODE              Offs=001A71  Size=000022  Align=00001  Fill=0000
C:\@prg\cc65\lib/rp6502.lib(strcmp.o):
    CODE              Offs=001A93  Size=000021  Align=00001  Fill=0000
C:\@prg\cc65\lib/rp6502.lib(strcpy.o):
    CODE              Offs=001AB4  Size=00001F  Align=00001  Fill=0000
C:\@prg\cc65\lib/rp6502.lib(strlen.o):
    CODE              Offs=001AD3  Size=000016  Align=00001  Fill=0000
C:\@prg\cc65\lib/rp6502.lib(strlower.o):
    CODE              Offs=001AE9  Size=000027  Align=00001  Fill=0000
C:\@prg\cc65\lib/rp6502.lib(subeqsp.o):
    CODE              Offs=001B10  Size=000015  Align=00001  Fill=0000
C:\@prg\cc65\lib/rp6502.lib(subysp.o):
    CODE              Offs=001B25  Size=00000D  Align=00001  Fill=0000
C:\@prg\cc65\lib/rp6502.lib(udiv.o):
    CODE              Offs=001B32  Size=00004F  Align=00001  Fill=0000
C:\@prg\cc65\lib/rp6502.lib(umod.o):
    CODE              Offs=001B81  Size=000011  Align=00001  Fill=0000
C:\@prg\cc65\lib/rp6502.lib(vfprintf.o):
    CODE              Offs=001B92  Size=000060  Align=00001  Fill=0000
    DATA              Offs=000046  Size=000008  Align=00001  Fill=0000
C:\@prg\cc65\lib/rp6502.lib(zerobss.o):
    CODE              Offs=001BF2  Size=000023  Align=00001  Fill=0000
C:\@prg\cc65\lib/rp6502.lib(zeropage.o):
    ZEROPAGE          Offs=000000  Size=00001A  Align=00001  Fill=0000


Segment list:
-------------
Name                   Start     End    Size  Align
----------------------------------------------------
ZEROPAGE              000000  000019  00001A  00001
STARTUP               00A000  00A046  000047  00001
ONCE                  00A047  00A054  00000E  00001
CODE                  00A055  00BC69  001C15  00001
RODATA                00BC6A  00BE9D  000234  00001
DATA                  00BE9E  00BEEB  00004E  00001
BSS                   00BEEC  00CCAF  000DC4  00001


Exports list by name:
---------------------
__BSS_RUN__               00BEEC RLA    __BSS_SIZE__              000DC4 REA    
__CONSTRUCTOR_COUNT__     000001 REA    __CONSTRUCTOR_TABLE__     00A053 RLA    
__DATA_LOAD__             00BE9E RLA    __DATA_RUN__              00BE9E RLA    
__DATA_SIZE__             00004E REA    __DESTRUCTOR_COUNT__      000000 REA    
__DESTRUCTOR_TABLE__      00BE9E RLA    __RAM_SIZE__              005D00 REA    
__RAM_START__             00A000 RLA    __STACKSIZE__             000200 REA    
__STARTADDR__             00A000 REA    __STARTUP__               000001 REA    
___errno                  00FFED RLA    ___seterrno               00B35D RLA    
__ctype                   00BE13 RLA    __ctypeidx                00BE1E RLA    
__hextab                  00BDF7 RLA    __longminstr              00BE07 RLA    
__printf                  00B0AD RLA    _errno_opt_constructor    00B42B  LAI   
_f_chdrive                00B435 RLA    _f_closedir               00B47F RLA    
_f_getcwd                 00B490 RLA    _f_opendir                00B500 RLA    
_f_readdir                00B54A RLA    _fwrite                   00B59F RLA    
_ltoa                     00B79B RLA    _main                     00A3CE RLA    
_memcpy                   00B8DC RLA    _printf                   00B9A5 RLA    
_ria_call_int             00BA60 RLA    _ria_set_ax               00BA59 RLA    
_stdout                   00BEB8 RLA    _strcmp                   00BAE8 RLA    
_strcpy                   00BB09 RLA    _strlen                   00BB28 RLA    
_strlower                 00BB3E RLA    _ultoa                    00B7DA RLA    
_vfprintf                 00BC1E RLA    _write                    00AF70 RLA    
addeq0sp                  00B366 RLA    addeqysp                  00B368 RLA    
addysp                    00B378 RLA    addysp1                   00B377 RLA    
axlong                    00B385 RLA    axulong                   00B38B RLA    
bnegax                    00B392 RLA    booleq                    00B8B6 RLA    
boolugt                   00B8D5 RLA    boolult                   00B8CF RLA    
c_sp                      000000 RLZ    copydata                  00B3AC RLA    
ctypemaskdirect           00B3DD RLA    decsp2                    00B3F7 RLA    
decsp3                    00B404 RLA    decsp4                    00B411 RLA    
decsp6                    00B41E RLA    donelib                   00B3A0 RLA    
getlop                    00B825 RLA    inceaxy                   00B706 RLA    
incsp1                    00B644 RLA    incsp2                    00B652 RLA    
incsp4                    00B660 RLA    incsp6                    00B665 RLA    
incsp8                    00B66A RLA    initlib                   00A047 RLA    
initmainargs              00A01B REA    laddeqysp                 00B671 RLA    
ldax0sp                   00B6CD RLA    ldaxysp                   00B6CF RLA    
ldeaxidx                  00B6D8 RLA    ldeaxysp                  00B6EF RLA    
mul8x16                   00B95F RLA    mul8x16a                  00B969 RLA    
negeax                    00B717 RLA    popax                     00B64B RLA    
popptr1                   00B997 RLA    ptr1                      000008 RLZ    
ptr2                      00000A RLZ    ptr3                      00000C RLZ    
ptr4                      00000E RLZ    push0                     00B9F3 RLA    
push1                     00B9D8 RLA    pusha                     00B9E1 RLA    
pusha0                    00B9F5 RLA    pushax                    00B9F7 RLA    
pusheax                   00B75D RLA    pushl0                    00B756 RLA    
pushw0sp                  00BA0D RLA    pushwysp                  00BA0F RLA    
regbank                   000014 RLZ    shrax1                    00BA77 RLA    
shrax4                    00BA7F RLA    sreg                      000002 RLZ    
staspidx                  00BA90 RLA    stax0sp                   00BAA6 RLA    
staxysp                   00BAA8 RLA    steax0sp                  00BAB1 RLA    
steaxspidx                00BAC6 RLA    steaxysp                  00BAB3 RLA    
subeq0sp                  00BB65 RLA    subeqysp                  00BB67 RLA    
subysp                    00BB7A RLA    tmp1                      000010 RLZ    
tmp2                      000011 RLZ    tmp3                      000012 RLZ    
tmp4                      000013 RLZ    toseqeax                  00B700 RLA    
tosicmp                   00B618 RLA    toslcmp                   00B692 RLA    
tosmula0                  00B95D RLA    tosor0ax                  00B735 RLA    
tosudiv0ax                00B816 RLA    tosudiva0                 00BB87 RLA    
tosudivax                 00BB89 RLA    tosugteax                 00B88D RLA    
tosulteax                 00B893 RLA    tosumod0ax                00B899 RLA    
tosumoda0                 00BBD6 RLA    tosumulax                 00B918 RLA    
udiv16                    00BB98 RLA    udiv32                    00B848 RLA    
utsteax                   00B774 RLA    zerobss                   00BC47 RLA    



Exports list by value:
----------------------
__DESTRUCTOR_COUNT__      000000 REA    c_sp                      000000 RLZ    
__CONSTRUCTOR_COUNT__     000001 REA    __STARTUP__               000001 REA    
sreg                      000002 RLZ    ptr1                      000008 RLZ    
ptr2                      00000A RLZ    ptr3                      00000C RLZ    
ptr4                      00000E RLZ    tmp1                      000010 RLZ    
tmp2                      000011 RLZ    tmp3                      000012 RLZ    
tmp4                      000013 RLZ    regbank                   000014 RLZ    
__DATA_SIZE__             00004E REA    __STACKSIZE__             000200 REA    
__BSS_SIZE__              000DC4 REA    __RAM_SIZE__              005D00 REA    
__RAM_START__             00A000 RLA    __STARTADDR__             00A000 REA    
initmainargs              00A01B REA    initlib                   00A047 RLA    
__CONSTRUCTOR_TABLE__     00A053 RLA    _main                     00A3CE RLA    
_write                    00AF70 RLA    __printf                  00B0AD RLA    
___seterrno               00B35D RLA    addeq0sp                  00B366 RLA    
addeqysp                  00B368 RLA    addysp1                   00B377 RLA    
addysp                    00B378 RLA    axlong                    00B385 RLA    
axulong                   00B38B RLA    bnegax                    00B392 RLA    
donelib                   00B3A0 RLA    copydata                  00B3AC RLA    
ctypemaskdirect           00B3DD RLA    decsp2                    00B3F7 RLA    
decsp3                    00B404 RLA    decsp4                    00B411 RLA    
decsp6                    00B41E RLA    _errno_opt_constructor    00B42B  LAI   
_f_chdrive                00B435 RLA    _f_closedir               00B47F RLA    
_f_getcwd                 00B490 RLA    _f_opendir                00B500 RLA    
_f_readdir                00B54A RLA    _fwrite                   00B59F RLA    
tosicmp                   00B618 RLA    incsp1                    00B644 RLA    
popax                     00B64B RLA    incsp2                    00B652 RLA    
incsp4                    00B660 RLA    incsp6                    00B665 RLA    
incsp8                    00B66A RLA    laddeqysp                 00B671 RLA    
toslcmp                   00B692 RLA    ldax0sp                   00B6CD RLA    
ldaxysp                   00B6CF RLA    ldeaxidx                  00B6D8 RLA    
ldeaxysp                  00B6EF RLA    toseqeax                  00B700 RLA    
inceaxy                   00B706 RLA    negeax                    00B717 RLA    
tosor0ax                  00B735 RLA    pushl0                    00B756 RLA    
pusheax                   00B75D RLA    utsteax                   00B774 RLA    
_ltoa                     00B79B RLA    _ultoa                    00B7DA RLA    
tosudiv0ax                00B816 RLA    getlop                    00B825 RLA    
udiv32                    00B848 RLA    tosugteax                 00B88D RLA    
tosulteax                 00B893 RLA    tosumod0ax                00B899 RLA    
booleq                    00B8B6 RLA    boolult                   00B8CF RLA    
boolugt                   00B8D5 RLA    _memcpy                   00B8DC RLA    
tosumulax                 00B918 RLA    tosmula0                  00B95D RLA    
mul8x16                   00B95F RLA    mul8x16a                  00B969 RLA    
popptr1                   00B997 RLA    _printf                   00B9A5 RLA    
push1                     00B9D8 RLA    pusha                     00B9E1 RLA    
push0                     00B9F3 RLA    pusha0                    00B9F5 RLA    
pushax                    00B9F7 RLA    pushw0sp                  00BA0D RLA    
pushwysp                  00BA0F RLA    _ria_set_ax               00BA59 RLA    
_ria_call_int             00BA60 RLA    shrax1                    00BA77 RLA    
shrax4                    00BA7F RLA    staspidx                  00BA90 RLA    
stax0sp                   00BAA6 RLA    staxysp                   00BAA8 RLA    
steax0sp                  00BAB1 RLA    steaxysp                  00BAB3 RLA    
steaxspidx                00BAC6 RLA    _strcmp                   00BAE8 RLA    
_strcpy                   00BB09 RLA    _strlen                   00BB28 RLA    
_strlower                 00BB3E RLA    subeq0sp                  00BB65 RLA    
subeqysp                  00BB67 RLA    subysp                    00BB7A RLA    
tosudiva0                 00BB87 RLA    tosudivax                 00BB89 RLA    
udiv16                    00BB98 RLA    tosumoda0                 00BBD6 RLA    
_vfprintf                 00BC1E RLA    zerobss                   00BC47 RLA    
__hextab                  00BDF7 RLA    __longminstr              00BE07 RLA    
__ctype                   00BE13 RLA    __ctypeidx                00BE1E RLA    
__DATA_LOAD__             00BE9E RLA    __DATA_RUN__              00BE9E RLA    
__DESTRUCTOR_TABLE__      00BE9E RLA    _stdout                   00BEB8 RLA    
__BSS_RUN__               00BEEC RLA    ___errno                  00FFED RLA    



Imports list:
-------------
__BSS_RUN__ ([linker generated]):
    zerobss.o                 common/zerobss.s:8
__BSS_SIZE__ ([linker generated]):
    zerobss.o                 common/zerobss.s:8
__CONSTRUCTOR_COUNT__ ([linker generated]):
    condes.o                  runtime/condes.s:18
__CONSTRUCTOR_TABLE__ ([linker generated]):
    condes.o                  runtime/condes.s:18
__DATA_LOAD__ ([linker generated]):
    copydata.o                common/copydata.s:8
__DATA_RUN__ ([linker generated]):
    copydata.o                common/copydata.s:8
__DATA_SIZE__ ([linker generated]):
    copydata.o                common/copydata.s:8
__DESTRUCTOR_COUNT__ ([linker generated]):
    condes.o                  runtime/condes.s:19
__DESTRUCTOR_TABLE__ ([linker generated]):
    condes.o                  runtime/condes.s:19
__RAM_SIZE__ ([linker generated]):
    crt0.o                    rp6502/crt0.s:10
__RAM_START__ ([linker generated]):
    crt0.o                    rp6502/crt0.s:10
__STACKSIZE__ ([linker generated]):
    [linker generated]        ../ext0xA000.cfg:9
__STARTADDR__ ([linker generated]):
    [linker generated]        ../ext0xA000.cfg:9
    [linker generated]        ../ext0xA000.cfg:9
__STARTUP__ (crt0.o):
    ext-dir.c.18228.0.o       ext-dir.c.18228.0.s:13
    [linker generated]        ../ext0xA000.cfg:3
___errno (errno.o):
    _seterrno.o               /home/wojciech/git/WojciechGw/cc65/asminc/errno.inc:7
    f_opendir.o               ../libwrk/rp6502/f_opendir.s:21
    f_getcwd.o                ../libwrk/rp6502/f_getcwd.s:21
    f_chdrive.o               ../libwrk/rp6502/f_chdrive.s:21
___seterrno (_seterrno.o):
    fwrite.o                  /home/wojciech/git/WojciechGw/cc65/asminc/errno.inc:9
__ctype (ctype.o):
    ctypemask.o               common/ctypemask.s:23
__ctypeidx (ctype.o):
    ctypemask.o               common/ctypemask.s:24
__hextab (_hextab.o):
    ltoa.o                    common/ltoa.s:10
__longminstr (_longminstr.o):
    ltoa.o                    common/ltoa.s:10
__printf (_printf.o):
    vfprintf.o                common/vfprintf.s:10
_f_chdrive (f_chdrive.o):
    ext-dir.c.18228.0.o       ext-dir.c.18228.0.s:18
_f_closedir (f_closedir.o):
    ext-dir.c.18228.0.o       ext-dir.c.18228.0.s:17
_f_getcwd (f_getcwd.o):
    ext-dir.c.18228.0.o       ext-dir.c.18228.0.s:19
_f_opendir (f_opendir.o):
    ext-dir.c.18228.0.o       ext-dir.c.18228.0.s:15
_f_readdir (f_readdir.o):
    ext-dir.c.18228.0.o       ext-dir.c.18228.0.s:16
_fwrite (fwrite.o):
    vfprintf.o                common/vfprintf.s:10
_ltoa (ltoa.o):
    _printf.o                 common/_printf.s:12
_main (ext-dir.c.18228.0.o):
    crt0.o                    rp6502/crt0.s:7
    crt0_cmd.s.18228.1.o      crt0_cmd.s:2
_memcpy (memcpy.o):
    ext-dir.c.18228.0.o       ext-dir.c.18228.0.s:2127
_printf (printf.o):
    ext-dir.c.18228.0.o       ext-dir.c.18228.0.s:20
_ria_call_int (ria.o):
    errno.o                   rp6502/errno.s:12
    f_readdir.o               ../libwrk/rp6502/f_readdir.s:17
    f_opendir.o               ../libwrk/rp6502/f_opendir.s:19
    f_getcwd.o                ../libwrk/rp6502/f_getcwd.s:19
    f_closedir.o              ../libwrk/rp6502/f_closedir.s:17
    f_chdrive.o               ../libwrk/rp6502/f_chdrive.s:19
_ria_set_ax (ria.o):
    f_readdir.o               ../libwrk/rp6502/f_readdir.s:16
    f_closedir.o              ../libwrk/rp6502/f_closedir.s:16
_stdout (_file.o):
    printf.o                  common/printf.s:8
_strcmp (strcmp.o):
    ext-dir.c.18228.0.o       ext-dir.c.18228.0.s:21
_strcpy (strcpy.o):
    ext-dir.c.18228.0.o       ext-dir.c.18228.0.s:22
_strlen (strlen.o):
    _printf.o                 common/_printf.s:13
    f_opendir.o               ../libwrk/rp6502/f_opendir.s:22
    f_chdrive.o               ../libwrk/rp6502/f_chdrive.s:22
    ext-dir.c.18228.0.o       ext-dir.c.18228.0.s:23
_strlower (strlower.o):
    _printf.o                 common/_printf.s:13
_ultoa (ltoa.o):
    _printf.o                 common/_printf.s:12
_vfprintf (vfprintf.o):
    printf.o                  common/printf.s:8
_write (write_stub.c.18228.2.o):
    fwrite.o                  common/fwrite.s:10
addeq0sp (addeqsp.o):
    ext-dir.c.18228.0.o       ext-dir.c.18228.0.s:2127
    ext-dir.c.18228.0.o       ext-dir.c.18228.0.s:2127
    ext-dir.c.18228.0.o       ext-dir.c.18228.0.s:2127
addeqysp (addeqsp.o):
    f_readdir.o               ../libwrk/rp6502/f_readdir.s:86
    f_getcwd.o                ../libwrk/rp6502/f_getcwd.s:103
    write_stub.c.18228.2.o    write_stub.c.18228.2.s:64
    ext-dir.c.18228.0.o       ext-dir.c.18228.0.s:2127
    ext-dir.c.18228.0.o       ext-dir.c.18228.0.s:2127
    ext-dir.c.18228.0.o       ext-dir.c.18228.0.s:2127
addysp (addysp.o):
    incsp6.o                  runtime/incsp6.s:8
    fwrite.o                  common/fwrite.s:11
    printf.o                  common/printf.s:8
    incsp8.o                  runtime/incsp8.s:8
    incsp4.o                  runtime/incsp4.s:8
    write_stub.c.18228.2.o    write_stub.c.18228.2.s:64
    ext-dir.c.18228.0.o       ext-dir.c.18228.0.s:2127
    ext-dir.c.18228.0.o       ext-dir.c.18228.0.s:2127
    ext-dir.c.18228.0.o       ext-dir.c.18228.0.s:2127
addysp1 (addysp.o):
    ludiv.o                   runtime/ludiv.s:9
    lor.o                     runtime/lor.s:9
axlong (axlong.o):
    _printf.o                 common/_printf.s:11
axulong (axlong.o):
    _printf.o                 common/_printf.s:11
bnegax (bneg.o):
    ext-dir.c.18228.0.o       ext-dir.c.18228.0.s:2127
booleq (makebool.o):
    leq.o                     runtime/leq.s:8
    ext-dir.c.18228.0.o       ext-dir.c.18228.0.s:2127
boolugt (makebool.o):
    lugt.o                    runtime/lugt.s:8
boolult (makebool.o):
    lult.o                    runtime/lult.s:8
c_sp (zeropage.o):
    lcmp.o                    runtime/lcmp.s:10
    decsp6.o                  runtime/decsp6.s:8
    decsp4.o                  runtime/decsp4.s:8
    _printf.o                 /home/wojciech/git/WojciechGw/cc65/asminc/zeropage.inc:11
    vfprintf.o                common/vfprintf.s:11
    subysp.o                  runtime/subysp.s:9
    subeqsp.o                 runtime/subeqsp.s:8
    steaxsp.o                 runtime/steaxsp.s:8
    staxsp.o                  runtime/staxsp.s:8
    staspidx.o                runtime/staspidx.s:9
    pushwsp.o                 runtime/pushwsp.s:8
    pushax.o                  runtime/pushax.s:8
    pusha.o                   runtime/pusha.s:8
    printf.o                  common/printf.s:9
    popptr1.o                 runtime/popptr1.s:9
    memcpy.o                  common/memcpy.s:15
    ludiv.o                   runtime/ludiv.s:10
    lpush.o                   runtime/lpush.s:13
    lor.o                     runtime/lor.s:10
    ldeaxysp.o                runtime/ldeaxysp.s:12
    ldaxsp.o                  runtime/ldaxsp.s:8
    laddeqsp.o                runtime/laddeqsp.s:8
    incsp2.o                  runtime/incsp2.s:8
    incsp1.o                  runtime/incsp1.s:8
    icmp.o                    runtime/icmp.s:9
    f_readdir.o               ../libwrk/rp6502/f_readdir.s:10
    f_opendir.o               ../libwrk/rp6502/f_opendir.s:10
    f_getcwd.o                ../libwrk/rp6502/f_getcwd.s:10
    f_chdrive.o               ../libwrk/rp6502/f_chdrive.s:10
    decsp3.o                  runtime/decsp3.s:8
    decsp2.o                  runtime/decsp2.s:8
    crt0.o                    /home/wojciech/git/WojciechGw/cc65/asminc/zeropage.inc:11
    addysp.o                  runtime/addysp.s:8
    addeqsp.o                 runtime/addeqsp.s:8
    write_stub.c.18228.2.o    write_stub.c.18228.2.s:10
    ext-dir.c.18228.0.o       ext-dir.c.18228.0.s:10
copydata (copydata.o):
    crt0.o                    rp6502/crt0.s:12
ctypemaskdirect (ctypemask.o):
    strlower.o                common/strlower.s:14
decsp2 (decsp2.o):
    ext-dir.c.18228.0.o       ext-dir.c.18228.0.s:2127
decsp3 (decsp3.o):
    ext-dir.c.18228.0.o       ext-dir.c.18228.0.s:2127
decsp4 (decsp4.o):
    lpush.o                   runtime/lpush.s:12
    f_readdir.o               ../libwrk/rp6502/f_readdir.s:86
    f_getcwd.o                ../libwrk/rp6502/f_getcwd.s:103
decsp6 (decsp6.o):
    _printf.o                 common/_printf.s:11
donelib (condes.o):
    crt0.o                    rp6502/crt0.s:12
    crt0_cmd.s.18228.1.o      crt0_cmd.s:2
getlop (ludiv.o):
    lumod.o                   runtime/lumod.s:9
inceaxy (linc.o):
    ext-dir.c.18228.0.o       ext-dir.c.18228.0.s:2127
incsp1 (incsp1.o):
    ext-dir.c.18228.0.o       ext-dir.c.18228.0.s:2127
incsp2 (incsp2.o):
    staspidx.o                runtime/staspidx.s:8
    popptr1.o                 runtime/popptr1.s:8
    f_closedir.o              ../libwrk/rp6502/f_closedir.s:46
    ext-dir.c.18228.0.o       ext-dir.c.18228.0.s:2127
    ext-dir.c.18228.0.o       ext-dir.c.18228.0.s:2127
incsp4 (incsp4.o):
    lcmp.o                    runtime/lcmp.s:9
    f_opendir.o               ../libwrk/rp6502/f_opendir.s:83
    f_chdrive.o               ../libwrk/rp6502/f_chdrive.s:83
    ext-dir.c.18228.0.o       ext-dir.c.18228.0.s:2127
    ext-dir.c.18228.0.o       ext-dir.c.18228.0.s:2127
incsp6 (incsp6.o):
    fwrite.o                  common/fwrite.s:11
    vfprintf.o                common/vfprintf.s:9
incsp8 (incsp8.o):
    f_readdir.o               ../libwrk/rp6502/f_readdir.s:86
    f_getcwd.o                ../libwrk/rp6502/f_getcwd.s:103
    ext-dir.c.18228.0.o       ext-dir.c.18228.0.s:2127
initlib (condes.o):
    crt0.o                    rp6502/crt0.s:12
    crt0_cmd.s.18228.1.o      crt0_cmd.s:2
initmainargs (initmainargs.s.18228.3.o):
    ext-dir.c.18228.0.o       ext-dir.c.18228.0.s:14
laddeqysp (laddeqsp.o):
    ext-dir.c.18228.0.o       ext-dir.c.18228.0.s:2127
ldax0sp (ldaxsp.o):
    f_readdir.o               ../libwrk/rp6502/f_readdir.s:86
    f_opendir.o               ../libwrk/rp6502/f_opendir.s:83
    f_getcwd.o                ../libwrk/rp6502/f_getcwd.s:103
    f_closedir.o              ../libwrk/rp6502/f_closedir.s:46
    f_chdrive.o               ../libwrk/rp6502/f_chdrive.s:83
ldaxysp (ldaxsp.o):
    fwrite.o                  common/fwrite.s:11
    f_readdir.o               ../libwrk/rp6502/f_readdir.s:86
    f_getcwd.o                ../libwrk/rp6502/f_getcwd.s:103
ldeaxidx (ldeaxi.o):
    ext-dir.c.18228.0.o       ext-dir.c.18228.0.s:2127
ldeaxysp (ldeaxysp.o):
    ext-dir.c.18228.0.o       ext-dir.c.18228.0.s:2127
    ext-dir.c.18228.0.o       ext-dir.c.18228.0.s:2127
mul8x16 (mul8.o):
    mul.o                     runtime/mul.s:8
mul8x16a (mul8.o):
    mul.o                     runtime/mul.s:8
negeax (lneg.o):
    ltoa.o                    common/ltoa.s:9
popax (incsp2.o):
    ltoa.o                    common/ltoa.s:9
    _printf.o                 common/_printf.s:11
    strcpy.o                  common/strcpy.s:8
    memcpy.o                  common/memcpy.s:14
popptr1 (popptr1.o):
    mul.o                     runtime/mul.s:9
    ltoa.o                    common/ltoa.s:9
    umod.o                    runtime/umod.s:8
    udiv.o                    runtime/udiv.s:9
    strcmp.o                  common/strcmp.s:8
    steaxspi.o                runtime/steaxspi.s:9
    mul8.o                    runtime/mul8.s:9
    memcpy.o                  common/memcpy.s:14
ptr1 (zeropage.o):
    strlower.o                common/strlower.s:13
    mul.o                     runtime/mul.s:10
    ltoa.o                    common/ltoa.s:11
    lcmp.o                    runtime/lcmp.s:10
    fwrite.o                  common/fwrite.s:14
    copydata.o                common/copydata.s:9
    _printf.o                 /home/wojciech/git/WojciechGw/cc65/asminc/zeropage.inc:12
    zerobss.o                 common/zerobss.s:9
    vfprintf.o                common/vfprintf.s:11
    udiv.o                    runtime/udiv.s:10
    strcpy.o                  common/strcpy.s:9
    strcmp.o                  common/strcmp.s:9
    steaxspi.o                runtime/steaxspi.s:10
    staspidx.o                runtime/staspidx.s:9
    printf.o                  common/printf.s:9
    popptr1.o                 runtime/popptr1.s:9
    mul8.o                    runtime/mul8.s:10
    memcpy.o                  common/memcpy.s:15
    ludiv.o                   runtime/ludiv.s:10
    ldeaxi.o                  runtime/ldeaxi.s:8
    f_readdir.o               ../libwrk/rp6502/f_readdir.s:11
    f_opendir.o               ../libwrk/rp6502/f_opendir.s:11
    f_getcwd.o                ../libwrk/rp6502/f_getcwd.s:11
    f_chdrive.o               ../libwrk/rp6502/f_chdrive.s:11
    write_stub.c.18228.2.o    write_stub.c.18228.2.s:11
    ext-dir.c.18228.0.o       ext-dir.c.18228.0.s:11
ptr2 (zeropage.o):
    strlower.o                common/strlower.s:13
    ltoa.o                    common/ltoa.s:11
    copydata.o                common/copydata.s:9
    _printf.o                 /home/wojciech/git/WojciechGw/cc65/asminc/zeropage.inc:12
    strcpy.o                  common/strcpy.s:9
    strcmp.o                  common/strcmp.s:9
    memcpy.o                  common/memcpy.s:15
    lumod.o                   runtime/lumod.s:10
    ludiv.o                   runtime/ludiv.s:10
ptr3 (zeropage.o):
    ltoa.o                    common/ltoa.s:11
    memcpy.o                  common/memcpy.s:15
    ludiv.o                   runtime/ludiv.s:10
ptr4 (zeropage.o):
    mul.o                     runtime/mul.s:10
    umod.o                    runtime/umod.s:9
    udiv.o                    runtime/udiv.s:10
    strlen.o                  common/strlen.s:12
    mul8.o                    runtime/mul8.s:10
    ludiv.o                   runtime/ludiv.s:10
    linc.o                    runtime/linc.s:8
push0 (pushax.o):
    ext-dir.c.18228.0.o       ext-dir.c.18228.0.s:2127
    ext-dir.c.18228.0.o       ext-dir.c.18228.0.s:2127
push1 (push1.o):
    _printf.o                 common/_printf.s:11
    vfprintf.o                common/vfprintf.s:9
pusha (pusha.o):
    ext-dir.c.18228.0.o       ext-dir.c.18228.0.s:2127
pusha0 (pushax.o):
    push1.o                   runtime/push1.s:8
    fwrite.o                  common/fwrite.s:11
    ext-dir.c.18228.0.o       ext-dir.c.18228.0.s:2127
    ext-dir.c.18228.0.o       ext-dir.c.18228.0.s:2127
    ext-dir.c.18228.0.o       ext-dir.c.18228.0.s:2127
pushax (pushax.o):
    fwrite.o                  common/fwrite.s:11
    _printf.o                 common/_printf.s:11
    printf.o                  common/printf.s:8
    f_readdir.o               ../libwrk/rp6502/f_readdir.s:86
    f_opendir.o               ../libwrk/rp6502/f_opendir.s:83
    f_getcwd.o                ../libwrk/rp6502/f_getcwd.s:103
    f_closedir.o              ../libwrk/rp6502/f_closedir.s:46
    f_chdrive.o               ../libwrk/rp6502/f_chdrive.s:83
    write_stub.c.18228.2.o    write_stub.c.18228.2.s:64
    ext-dir.c.18228.0.o       ext-dir.c.18228.0.s:2127
    ext-dir.c.18228.0.o       ext-dir.c.18228.0.s:2127
    ext-dir.c.18228.0.o       ext-dir.c.18228.0.s:2127
    ext-dir.c.18228.0.o       ext-dir.c.18228.0.s:2127
    ext-dir.c.18228.0.o       ext-dir.c.18228.0.s:2127
    ext-dir.c.18228.0.o       ext-dir.c.18228.0.s:2127
pusheax (lpush.o):
    _printf.o                 common/_printf.s:11
    ext-dir.c.18228.0.o       ext-dir.c.18228.0.s:2127
    ext-dir.c.18228.0.o       ext-dir.c.18228.0.s:2127
pushl0 (lpush.o):
    ext-dir.c.18228.0.o       ext-dir.c.18228.0.s:2127
pushw0sp (pushwsp.o):
    ext-dir.c.18228.0.o       ext-dir.c.18228.0.s:2127
pushwysp (pushwsp.o):
    fwrite.o                  common/fwrite.s:11
    vfprintf.o                common/vfprintf.s:9
    write_stub.c.18228.2.o    write_stub.c.18228.2.s:64
    ext-dir.c.18228.0.o       ext-dir.c.18228.0.s:2127
    ext-dir.c.18228.0.o       ext-dir.c.18228.0.s:2127
regbank (zeropage.o):
    _printf.o                 /home/wojciech/git/WojciechGw/cc65/asminc/zeropage.inc:14
shrax1 (shrax1.o):
    ext-dir.c.18228.0.o       ext-dir.c.18228.0.s:2127
shrax4 (shrax4.o):
    ext-dir.c.18228.0.o       ext-dir.c.18228.0.s:2127
sreg (zeropage.o):
    lneg.o                    runtime/lneg.s:11
    ltoa.o                    common/ltoa.s:11
    lcmp.o                    runtime/lcmp.s:10
    axlong.o                  runtime/axlong.s:9
    _printf.o                 /home/wojciech/git/WojciechGw/cc65/asminc/zeropage.inc:11
    umod.o                    runtime/umod.s:9
    udiv.o                    runtime/udiv.s:10
    steaxspi.o                runtime/steaxspi.s:10
    steaxsp.o                 runtime/steaxsp.s:8
    ria.o                     rp6502/ria.s:13
    lumod.o                   runtime/lumod.s:10
    ludiv.o                   runtime/ludiv.s:10
    ltest.o                   runtime/ltest.s:8
    lpush.o                   runtime/lpush.s:13
    lor.o                     runtime/lor.s:10
    linc.o                    runtime/linc.s:8
    ldeaxysp.o                runtime/ldeaxysp.s:12
    ldeaxi.o                  runtime/ldeaxi.s:8
    laddeqsp.o                runtime/laddeqsp.s:8
    icmp.o                    runtime/icmp.s:9
    ext-dir.c.18228.0.o       ext-dir.c.18228.0.s:10
staspidx (staspidx.o):
    ext-dir.c.18228.0.o       ext-dir.c.18228.0.s:2127
stax0sp (staxsp.o):
    f_readdir.o               ../libwrk/rp6502/f_readdir.s:86
    f_getcwd.o                ../libwrk/rp6502/f_getcwd.s:103
    ext-dir.c.18228.0.o       ext-dir.c.18228.0.s:2127
staxysp (staxsp.o):
    f_readdir.o               ../libwrk/rp6502/f_readdir.s:86
    f_getcwd.o                ../libwrk/rp6502/f_getcwd.s:103
    ext-dir.c.18228.0.o       ext-dir.c.18228.0.s:2127
    ext-dir.c.18228.0.o       ext-dir.c.18228.0.s:2127
steax0sp (steaxsp.o):
    ext-dir.c.18228.0.o       ext-dir.c.18228.0.s:2127
steaxspidx (steaxspi.o):
    ext-dir.c.18228.0.o       ext-dir.c.18228.0.s:2127
steaxysp (steaxsp.o):
    ext-dir.c.18228.0.o       ext-dir.c.18228.0.s:2127
    ext-dir.c.18228.0.o       ext-dir.c.18228.0.s:2127
subeq0sp (subeqsp.o):
    f_opendir.o               ../libwrk/rp6502/f_opendir.s:83
    f_chdrive.o               ../libwrk/rp6502/f_chdrive.s:83
    write_stub.c.18228.2.o    write_stub.c.18228.2.s:64
    ext-dir.c.18228.0.o       ext-dir.c.18228.0.s:2127
subeqysp (subeqsp.o):
    ext-dir.c.18228.0.o       ext-dir.c.18228.0.s:2127
subysp (subysp.o):
    ext-dir.c.18228.0.o       ext-dir.c.18228.0.s:2127
    ext-dir.c.18228.0.o       ext-dir.c.18228.0.s:2127
tmp1 (zeropage.o):
    mul.o                     runtime/mul.s:10
    ltoa.o                    common/ltoa.s:11
    copydata.o                common/copydata.s:9
    _printf.o                 /home/wojciech/git/WojciechGw/cc65/asminc/zeropage.inc:13
    steaxspi.o                runtime/steaxspi.s:10
    staspidx.o                runtime/staspidx.s:9
    shrax4.o                  runtime/shrax4.s:8
    shrax1.o                  runtime/shrax1.s:8
    ltest.o                   runtime/ltest.s:8
    lor.o                     runtime/lor.s:10
    ext-dir.c.18228.0.o       ext-dir.c.18228.0.s:11
tmp2 (zeropage.o):
    steaxspi.o                runtime/steaxspi.s:10
tmp3 (zeropage.o):
    steaxspi.o                runtime/steaxspi.s:10
    lumod.o                   runtime/lumod.s:10
    ludiv.o                   runtime/ludiv.s:10
tmp4 (zeropage.o):
    lumod.o                   runtime/lumod.s:10
    ludiv.o                   runtime/ludiv.s:10
toseqeax (leq.o):
    ext-dir.c.18228.0.o       ext-dir.c.18228.0.s:2127
tosicmp (icmp.o):
    f_getcwd.o                ../libwrk/rp6502/f_getcwd.s:103
toslcmp (lcmp.o):
    lult.o                    runtime/lult.s:8
    lugt.o                    runtime/lugt.s:8
    leq.o                     runtime/leq.s:8
tosmula0 (mul8.o):
    ext-dir.c.18228.0.o       ext-dir.c.18228.0.s:2127
tosor0ax (lor.o):
    ext-dir.c.18228.0.o       ext-dir.c.18228.0.s:2127
tosudiv0ax (ludiv.o):
    ext-dir.c.18228.0.o       ext-dir.c.18228.0.s:2127
tosudiva0 (udiv.o):
    ext-dir.c.18228.0.o       ext-dir.c.18228.0.s:2127
tosudivax (udiv.o):
    fwrite.o                  common/fwrite.s:12
    ext-dir.c.18228.0.o       ext-dir.c.18228.0.s:2127
tosugteax (lugt.o):
    ext-dir.c.18228.0.o       ext-dir.c.18228.0.s:2127
tosulteax (lult.o):
    ext-dir.c.18228.0.o       ext-dir.c.18228.0.s:2127
tosumod0ax (lumod.o):
    ext-dir.c.18228.0.o       ext-dir.c.18228.0.s:2127
tosumoda0 (umod.o):
    ext-dir.c.18228.0.o       ext-dir.c.18228.0.s:2127
tosumulax (mul.o):
    fwrite.o                  common/fwrite.s:12
udiv16 (udiv.o):
    umod.o                    runtime/umod.s:8
udiv32 (ludiv.o):
    lumod.o                   runtime/lumod.s:9
utsteax (ltest.o):
    ext-dir.c.18228.0.o       ext-dir.c.18228.0.s:2127
zerobss (zerobss.o):
    crt0.o                    rp6502/crt0.s:12

