Modules list:
-------------
ext-cal.c.6388.0.o:
    CODE              Offs=000000  Size=001471  Align=00001  Fill=0000
    RODATA            Offs=000000  Size=00019F  Align=00001  Fill=0000
crt0_cmd.s.6388.1.o:
    STARTUP           Offs=000000  Size=00001B  Align=00001  Fill=0000
write_stub.c.6388.2.o:
    CODE              Offs=001471  Size=00004C  Align=00001  Fill=0000
initmainargs.s.6388.3.o:
    STARTUP           Offs=00001B  Size=000001  Align=00001  Fill=0000
C:\@prg\cc65\lib/rp6502.lib(_directerrno.o):
    CODE              Offs=0014BD  Size=000009  Align=00001  Fill=0000
C:\@prg\cc65\lib/rp6502.lib(_file.o):
    DATA              Offs=000000  Size=00001E  Align=00001  Fill=0000
C:\@prg\cc65\lib/rp6502.lib(_hextab.o):
    RODATA            Offs=00019F  Size=000010  Align=00001  Fill=0000
C:\@prg\cc65\lib/rp6502.lib(_longminstr.o):
    RODATA            Offs=0001AF  Size=00000C  Align=00001  Fill=0000
C:\@prg\cc65\lib/rp6502.lib(_oserror.o):
    BSS               Offs=000000  Size=000001  Align=00001  Fill=0000
C:\@prg\cc65\lib/rp6502.lib(_printf.o):
    CODE              Offs=0014C6  Size=0003A1  Align=00001  Fill=0000
    BSS               Offs=000001  Size=00002B  Align=00001  Fill=0000
    DATA              Offs=00001E  Size=000003  Align=00001  Fill=0000
C:\@prg\cc65\lib/rp6502.lib(_seterrno.o):
    CODE              Offs=001867  Size=000009  Align=00001  Fill=0000
C:\@prg\cc65\lib/rp6502.lib(_time_t_to_tm.o):
    CODE              Offs=001870  Size=000070  Align=00001  Fill=0000
    BSS               Offs=00002C  Size=000012  Align=00001  Fill=0000
C:\@prg\cc65\lib/rp6502.lib(addeqsp.o):
    CODE              Offs=0018E0  Size=000011  Align=00001  Fill=0000
C:\@prg\cc65\lib/rp6502.lib(addysp.o):
    CODE              Offs=0018F1  Size=00000E  Align=00001  Fill=0000
C:\@prg\cc65\lib/rp6502.lib(aslax2.o):
    CODE              Offs=0018FF  Size=00000B  Align=00001  Fill=0000
C:\@prg\cc65\lib/rp6502.lib(atoi.o):
    CODE              Offs=00190A  Size=000091  Align=00001  Fill=0000
C:\@prg\cc65\lib/rp6502.lib(axlong.o):
    CODE              Offs=00199B  Size=00000D  Align=00001  Fill=0000
C:\@prg\cc65\lib/rp6502.lib(condes.o):
    CODE              Offs=0019A8  Size=00000C  Align=00001  Fill=0000
    DATA              Offs=000021  Size=000025  Align=00001  Fill=0000
    ONCE              Offs=000000  Size=00000C  Align=00001  Fill=0000
C:\@prg\cc65\lib/rp6502.lib(ctype.o):
    RODATA            Offs=0001BB  Size=00008B  Align=00001  Fill=0000
C:\@prg\cc65\lib/rp6502.lib(ctypemask.o):
    CODE              Offs=0019B4  Size=00001E  Align=00001  Fill=0000
C:\@prg\cc65\lib/rp6502.lib(decsp1.o):
    CODE              Offs=0019D2  Size=000009  Align=00001  Fill=0000
C:\@prg\cc65\lib/rp6502.lib(decsp2.o):
    CODE              Offs=0019DB  Size=00000D  Align=00001  Fill=0000
C:\@prg\cc65\lib/rp6502.lib(decsp4.o):
    CODE              Offs=0019E8  Size=00000D  Align=00001  Fill=0000
C:\@prg\cc65\lib/rp6502.lib(decsp6.o):
    CODE              Offs=0019F5  Size=00000D  Align=00001  Fill=0000
C:\@prg\cc65\lib/rp6502.lib(div.o):
    CODE              Offs=001A02  Size=000015  Align=00001  Fill=0000
C:\@prg\cc65\lib/rp6502.lib(divt.o):
    CODE              Offs=001A17  Size=000015  Align=00001  Fill=0000
C:\@prg\cc65\lib/rp6502.lib(errno.o):
    CODE              Offs=001A2C  Size=00000A  Align=00001  Fill=0000
C:\@prg\cc65\lib/rp6502.lib(fwrite.o):
    CODE              Offs=001A36  Size=000077  Align=00001  Fill=0000
    BSS               Offs=00003E  Size=000002  Align=00001  Fill=0000
C:\@prg\cc65\lib/rp6502.lib(gettime.o):
    CODE              Offs=001AAD  Size=000017  Align=00001  Fill=0000
C:\@prg\cc65\lib/rp6502.lib(gettimespec.o):
    CODE              Offs=001AC4  Size=000031  Align=00001  Fill=0000
C:\@prg\cc65\lib/rp6502.lib(gettimezone.o):
    CODE              Offs=001AF5  Size=000054  Align=00001  Fill=0000
C:\@prg\cc65\lib/rp6502.lib(gmtime.o):
    CODE              Offs=001B49  Size=00000F  Align=00001  Fill=0000
C:\@prg\cc65\lib/rp6502.lib(icmp.o):
    CODE              Offs=001B58  Size=00002E  Align=00001  Fill=0000
C:\@prg\cc65\lib/rp6502.lib(incsp1.o):
    CODE              Offs=001B86  Size=000007  Align=00001  Fill=0000
C:\@prg\cc65\lib/rp6502.lib(incsp2.o):
    CODE              Offs=001B8D  Size=000015  Align=00001  Fill=0000
C:\@prg\cc65\lib/rp6502.lib(incsp3.o):
    CODE              Offs=001BA2  Size=000005  Align=00001  Fill=0000
C:\@prg\cc65\lib/rp6502.lib(incsp4.o):
    CODE              Offs=001BA7  Size=000005  Align=00001  Fill=0000
C:\@prg\cc65\lib/rp6502.lib(incsp5.o):
    CODE              Offs=001BAC  Size=000005  Align=00001  Fill=0000
C:\@prg\cc65\lib/rp6502.lib(incsp6.o):
    CODE              Offs=001BB1  Size=000005  Align=00001  Fill=0000
C:\@prg\cc65\lib/rp6502.lib(ladd.o):
    CODE              Offs=001BB6  Size=000024  Align=00001  Fill=0000
C:\@prg\cc65\lib/rp6502.lib(lcmp.o):
    CODE              Offs=001BDA  Size=00003B  Align=00001  Fill=0000
C:\@prg\cc65\lib/rp6502.lib(ldaxsp.o):
    CODE              Offs=001C15  Size=000009  Align=00001  Fill=0000
C:\@prg\cc65\lib/rp6502.lib(ldeaxi.o):
    CODE              Offs=001C1E  Size=000017  Align=00001  Fill=0000
C:\@prg\cc65\lib/rp6502.lib(ldeaxysp.o):
    CODE              Offs=001C35  Size=000013  Align=00001  Fill=0000
C:\@prg\cc65\lib/rp6502.lib(leq.o):
    CODE              Offs=001C48  Size=000006  Align=00001  Fill=0000
C:\@prg\cc65\lib/rp6502.lib(lmul.o):
    CODE              Offs=001C4E  Size=000059  Align=00001  Fill=0000
C:\@prg\cc65\lib/rp6502.lib(lneg.o):
    CODE              Offs=001CA7  Size=00001E  Align=00001  Fill=0000
C:\@prg\cc65\lib/rp6502.lib(localtime.o):
    CODE              Offs=001CC5  Size=000025  Align=00001  Fill=0000
C:\@prg\cc65\lib/rp6502.lib(lpush.o):
    CODE              Offs=001CEA  Size=00001E  Align=00001  Fill=0000
C:\@prg\cc65\lib/rp6502.lib(lsub.o):
    CODE              Offs=001D08  Size=000024  Align=00001  Fill=0000
C:\@prg\cc65\lib/rp6502.lib(ltoa.o):
    CODE              Offs=001D2C  Size=000093  Align=00001  Fill=0000
C:\@prg\cc65\lib/rp6502.lib(ludiv.o):
    CODE              Offs=001DBF  Size=000077  Align=00001  Fill=0000
C:\@prg\cc65\lib/rp6502.lib(makebool.o):
    CODE              Offs=001E36  Size=00002C  Align=00001  Fill=0000
C:\@prg\cc65\lib/rp6502.lib(memcpy.o):
    CODE              Offs=001E62  Size=00003C  Align=00001  Fill=0000
C:\@prg\cc65\lib/rp6502.lib(mktime.o):
    CODE              Offs=001E9E  Size=000257  Align=00001  Fill=0000
    BSS               Offs=000040  Size=000005  Align=00001  Fill=0000
    DATA              Offs=000046  Size=000024  Align=00001  Fill=0000
C:\@prg\cc65\lib/rp6502.lib(mod.o):
    CODE              Offs=0020F5  Size=000011  Align=00001  Fill=0000
C:\@prg\cc65\lib/rp6502.lib(mul.o):
    CODE              Offs=002106  Size=000045  Align=00001  Fill=0000
C:\@prg\cc65\lib/rp6502.lib(mul8.o):
    CODE              Offs=00214B  Size=00003A  Align=00001  Fill=0000
C:\@prg\cc65\lib/rp6502.lib(mulax3.o):
    CODE              Offs=002185  Size=000011  Align=00001  Fill=0000
C:\@prg\cc65\lib/rp6502.lib(negabs.o):
    CODE              Offs=002196  Size=000012  Align=00001  Fill=0000
C:\@prg\cc65\lib/rp6502.lib(popptr1.o):
    CODE              Offs=0021A8  Size=00000E  Align=00001  Fill=0000
C:\@prg\cc65\lib/rp6502.lib(printf.o):
    CODE              Offs=0021B6  Size=000033  Align=00001  Fill=0000
    BSS               Offs=000045  Size=000001  Align=00001  Fill=0000
C:\@prg\cc65\lib/rp6502.lib(push1.o):
    CODE              Offs=0021E9  Size=000005  Align=00001  Fill=0000
C:\@prg\cc65\lib/rp6502.lib(pusha.o):
    CODE              Offs=0021EE  Size=000016  Align=00001  Fill=0000
C:\@prg\cc65\lib/rp6502.lib(pushax.o):
    CODE              Offs=002204  Size=00001A  Align=00001  Fill=0000
C:\@prg\cc65\lib/rp6502.lib(pushwsp.o):
    CODE              Offs=00221E  Size=00001C  Align=00001  Fill=0000
C:\@prg\cc65\lib/rp6502.lib(ria.o):
    CODE              Offs=00223A  Size=00004E  Align=00001  Fill=0000
C:\@prg\cc65\lib/rp6502.lib(ria_tzset.o):
    CODE              Offs=002288  Size=000018  Align=00001  Fill=0000
C:\@prg\cc65\lib/rp6502.lib(shelp.o):
    CODE              Offs=0022A0  Size=000020  Align=00001  Fill=0000
C:\@prg\cc65\lib/rp6502.lib(shrax2.o):
    CODE              Offs=0022C0  Size=00000B  Align=00001  Fill=0000
C:\@prg\cc65\lib/rp6502.lib(sprintf.o):
    CODE              Offs=0022CB  Size=00002B  Align=00001  Fill=0000
    BSS               Offs=000046  Size=000001  Align=00001  Fill=0000
C:\@prg\cc65\lib/rp6502.lib(staxsp.o):
    CODE              Offs=0022F6  Size=00000B  Align=00001  Fill=0000
C:\@prg\cc65\lib/rp6502.lib(staxspi.o):
    CODE              Offs=002301  Size=00001A  Align=00001  Fill=0000
C:\@prg\cc65\lib/rp6502.lib(steaxspi.o):
    CODE              Offs=00231B  Size=000022  Align=00001  Fill=0000
C:\@prg\cc65\lib/rp6502.lib(strlen.o):
    CODE              Offs=00233D  Size=000016  Align=00001  Fill=0000
C:\@prg\cc65\lib/rp6502.lib(strlower.o):
    CODE              Offs=002353  Size=000027  Align=00001  Fill=0000
C:\@prg\cc65\lib/rp6502.lib(subeqsp.o):
    CODE              Offs=00237A  Size=000015  Align=00001  Fill=0000
C:\@prg\cc65\lib/rp6502.lib(subysp.o):
    CODE              Offs=00238F  Size=00000D  Align=00001  Fill=0000
C:\@prg\cc65\lib/rp6502.lib(time.o):
    CODE              Offs=00239C  Size=00003F  Align=00001  Fill=0000
    BSS               Offs=000047  Size=000008  Align=00001  Fill=0000
C:\@prg\cc65\lib/rp6502.lib(timezone.o):
    DATA              Offs=00006A  Size=00000F  Align=00001  Fill=0000
C:\@prg\cc65\lib/rp6502.lib(udiv.o):
    CODE              Offs=0023DB  Size=00004F  Align=00001  Fill=0000
C:\@prg\cc65\lib/rp6502.lib(umod.o):
    CODE              Offs=00242A  Size=000011  Align=00001  Fill=0000
C:\@prg\cc65\lib/rp6502.lib(vfprintf.o):
    CODE              Offs=00243B  Size=000060  Align=00001  Fill=0000
    DATA              Offs=000079  Size=000008  Align=00001  Fill=0000
C:\@prg\cc65\lib/rp6502.lib(vsnprintf.o):
    CODE              Offs=00249B  Size=0000DA  Align=00001  Fill=0000
    DATA              Offs=000081  Size=000008  Align=00001  Fill=0000
C:\@prg\cc65\lib/rp6502.lib(vsprintf.o):
    CODE              Offs=002575  Size=000012  Align=00001  Fill=0000
C:\@prg\cc65\lib/rp6502.lib(zeropage.o):
    ZEROPAGE          Offs=000000  Size=00001A  Align=00001  Fill=0000


Segment list:
-------------
Name                   Start     End    Size  Align
----------------------------------------------------
ZEROPAGE              000000  000019  00001A  00001
STARTUP               00A000  00A01B  00001C  00001
ONCE                  00A01C  00A029  00000E  00001
CODE                  00A02A  00C5B0  002587  00001
RODATA                00C5B1  00C7F6  000246  00001
DATA                  00C7F7  00C87F  000089  00001
BSS                   00C880  00C8CE  00004F  00001


Exports list by name:
---------------------
__CONSTRUCTOR_COUNT__     000001 REA    __CONSTRUCTOR_TABLE__     00A028 RLA    
__DESTRUCTOR_COUNT__      000000 REA    __DESTRUCTOR_TABLE__      00C7F7 RLA    
__STACKSIZE__             000800 REA    __STARTUP__               00A000 RLA    
___clock_gettimespec      00BAEE RLA    ___directerrno            00B4E7 RLA    
___errno                  00FFED RLA    ___oserror                00C880 RLA    
___seterrno               00B891 RLA    __ctype                   00C76C RLA    
__ctypeidx                00C777 RLA    __hextab                  00C750 RLA    
__longminstr              00C760 RLA    __printf                  00B5E1 RLA    
__time_t_to_tm            00B89A RLA    __tz                      00C861 RLA    
_atoi                     00B934 RLA    _clock_gettime            00BAD7 RLA    
_clock_gettimezone        00BB1F RLA    _div                      00BA41 RLA    
_errno_opt_constructor    00BA56  LAI   _fwrite                   00BA60 RLA    
_gmtime                   00BB73 RLA    _localtime                00BCEF RLA    
_ltoa                     00BD6E RLA    _main                     00B0FB RLA    
_memcpy                   00BE8C RLA    _mktime                   00BF53 RLA    
_printf                   00C1E0 RLA    _ria_call_int             00C29B RLA    
_ria_pop_long             00C275 RLA    _ria_push_long            00C264 RLA    
_ria_set_ax               00C294 RLA    _ria_tzset                00C2B2 RLA    
_sprintf                  00C2F5 RLA    _stdout                   00C811 RLA    
_strlen                   00C367 RLA    _strlower                 00C37D RLA    
_time                     00C3C6 RLA    _ultoa                    00BDAD RLA    
_vfprintf                 00C49C RLA    _vsprintf                 00C59F RLA    
_write                    00B49B RLA    addeqysp                  00B90C RLA    
addysp                    00B91C RLA    addysp1                   00B91B RLA    
aslax2                    00B929 RLA    axlong                    00B9C5 RLA    
axulong                   00B9CB RLA    booleq                    00BE66 RLA    
c_sp                      000000 RLZ    ctypemaskdirect           00B9E2 RLA    
decsp1                    00B9FC RLA    decsp2                    00BA05 RLA    
decsp4                    00BA12 RLA    decsp6                    00BA1F RLA    
donelib                   00B9D2 RLA    incsp1                    00BBB0 RLA    
incsp2                    00BBBE RLA    incsp3                    00BBCC RLA    
incsp4                    00BBD1 RLA    incsp5                    00BBD6 RLA    
incsp6                    00BBDB RLA    initlib                   00A01C RLA    
initmainargs              00A01B REA    ldax0sp                   00BC3F RLA    
ldaxysp                   00BC41 RLA    ldeax0sp                  00BC5F RLA    
ldeaxi                    00BC48 RLA    ldeaxysp                  00BC61 RLA    
mul8x16                   00C177 RLA    mul8x16a                  00C181 RLA    
mulax3                    00C1AF RLA    negax                     00C1C4 RLA    
negeax                    00BCD1 RLA    popax                     00BBB7 RLA    
popptr1                   00C1D2 RLA    popsargsudiv16            00C2CA RLA    
ptr1                      000008 RLZ    ptr2                      00000A RLZ    
ptr3                      00000C RLZ    ptr4                      00000E RLZ    
push1                     00C213 RLA    pusha                     00C21C RLA    
pusha0                    00C230 RLA    pushax                    00C232 RLA    
pusheax                   00BD1B RLA    pushw0sp                  00C248 RLA    
pushwysp                  00C24A RLA    regbank                   000014 RLZ    
shrax2                    00C2EA RLA    sreg                      000002 RLZ    
stax0sp                   00C320 RLA    staxspidx                 00C32B RLA    
staxysp                   00C322 RLA    steaxspidx                00C345 RLA    
subeq0sp                  00C3A4 RLA    subysp                    00C3B9 RLA    
tmp1                      000010 RLZ    tmp2                      000011 RLZ    
tmp3                      000012 RLZ    tmp4                      000013 RLZ    
tosaddeax                 00BBE6 RLA    tosdiva0                  00BA2C RLA    
tosdivax                  00BA2E RLA    toseqeax                  00BC72 RLA    
tosicmp                   00BB84 RLA    toslcmp                   00BC04 RLA    
tosmoda0                  00C11F RLA    tosmodax                  00C121 RLA    
tossubeax                 00BD36 RLA    tosudivax                 00C407 RLA    
tosumodax                 00C456 RLA    tosumulax                 00C130 RLA    
tosumuleax                00BC7C RLA    udiv16                    00C416 RLA    
udiv32                    00BE1B RLA    vsnprintf                 00C4C8 RLA    



Exports list by value:
----------------------
c_sp                      000000 RLZ    __DESTRUCTOR_COUNT__      000000 REA    
__CONSTRUCTOR_COUNT__     000001 REA    sreg                      000002 RLZ    
ptr1                      000008 RLZ    ptr2                      00000A RLZ    
ptr3                      00000C RLZ    ptr4                      00000E RLZ    
tmp1                      000010 RLZ    tmp2                      000011 RLZ    
tmp3                      000012 RLZ    tmp4                      000013 RLZ    
regbank                   000014 RLZ    __STACKSIZE__             000800 REA    
__STARTUP__               00A000 RLA    initmainargs              00A01B REA    
initlib                   00A01C RLA    __CONSTRUCTOR_TABLE__     00A028 RLA    
_main                     00B0FB RLA    _write                    00B49B RLA    
___directerrno            00B4E7 RLA    __printf                  00B5E1 RLA    
___seterrno               00B891 RLA    __time_t_to_tm            00B89A RLA    
addeqysp                  00B90C RLA    addysp1                   00B91B RLA    
addysp                    00B91C RLA    aslax2                    00B929 RLA    
_atoi                     00B934 RLA    axlong                    00B9C5 RLA    
axulong                   00B9CB RLA    donelib                   00B9D2 RLA    
ctypemaskdirect           00B9E2 RLA    decsp1                    00B9FC RLA    
decsp2                    00BA05 RLA    decsp4                    00BA12 RLA    
decsp6                    00BA1F RLA    tosdiva0                  00BA2C RLA    
tosdivax                  00BA2E RLA    _div                      00BA41 RLA    
_errno_opt_constructor    00BA56  LAI   _fwrite                   00BA60 RLA    
_clock_gettime            00BAD7 RLA    ___clock_gettimespec      00BAEE RLA    
_clock_gettimezone        00BB1F RLA    _gmtime                   00BB73 RLA    
tosicmp                   00BB84 RLA    incsp1                    00BBB0 RLA    
popax                     00BBB7 RLA    incsp2                    00BBBE RLA    
incsp3                    00BBCC RLA    incsp4                    00BBD1 RLA    
incsp5                    00BBD6 RLA    incsp6                    00BBDB RLA    
tosaddeax                 00BBE6 RLA    toslcmp                   00BC04 RLA    
ldax0sp                   00BC3F RLA    ldaxysp                   00BC41 RLA    
ldeaxi                    00BC48 RLA    ldeax0sp                  00BC5F RLA    
ldeaxysp                  00BC61 RLA    toseqeax                  00BC72 RLA    
tosumuleax                00BC7C RLA    negeax                    00BCD1 RLA    
_localtime                00BCEF RLA    pusheax                   00BD1B RLA    
tossubeax                 00BD36 RLA    _ltoa                     00BD6E RLA    
_ultoa                    00BDAD RLA    udiv32                    00BE1B RLA    
booleq                    00BE66 RLA    _memcpy                   00BE8C RLA    
_mktime                   00BF53 RLA    tosmoda0                  00C11F RLA    
tosmodax                  00C121 RLA    tosumulax                 00C130 RLA    
mul8x16                   00C177 RLA    mul8x16a                  00C181 RLA    
mulax3                    00C1AF RLA    negax                     00C1C4 RLA    
popptr1                   00C1D2 RLA    _printf                   00C1E0 RLA    
push1                     00C213 RLA    pusha                     00C21C RLA    
pusha0                    00C230 RLA    pushax                    00C232 RLA    
pushw0sp                  00C248 RLA    pushwysp                  00C24A RLA    
_ria_push_long            00C264 RLA    _ria_pop_long             00C275 RLA    
_ria_set_ax               00C294 RLA    _ria_call_int             00C29B RLA    
_ria_tzset                00C2B2 RLA    popsargsudiv16            00C2CA RLA    
shrax2                    00C2EA RLA    _sprintf                  00C2F5 RLA    
stax0sp                   00C320 RLA    staxysp                   00C322 RLA    
staxspidx                 00C32B RLA    steaxspidx                00C345 RLA    
_strlen                   00C367 RLA    _strlower                 00C37D RLA    
subeq0sp                  00C3A4 RLA    subysp                    00C3B9 RLA    
_time                     00C3C6 RLA    tosudivax                 00C407 RLA    
udiv16                    00C416 RLA    tosumodax                 00C456 RLA    
_vfprintf                 00C49C RLA    vsnprintf                 00C4C8 RLA    
_vsprintf                 00C59F RLA    __hextab                  00C750 RLA    
__longminstr              00C760 RLA    __ctype                   00C76C RLA    
__ctypeidx                00C777 RLA    __DESTRUCTOR_TABLE__      00C7F7 RLA    
_stdout                   00C811 RLA    __tz                      00C861 RLA    
___oserror                00C880 RLA    ___errno                  00FFED RLA    



Imports list:
-------------
__CONSTRUCTOR_COUNT__ ([linker generated]):
    condes.o                  runtime/condes.s:18
__CONSTRUCTOR_TABLE__ ([linker generated]):
    condes.o                  runtime/condes.s:18
__DESTRUCTOR_COUNT__ ([linker generated]):
    condes.o                  runtime/condes.s:19
__DESTRUCTOR_TABLE__ ([linker generated]):
    condes.o                  runtime/condes.s:19
__STACKSIZE__ ([linker generated]):
    [linker generated]        ../ext-cal.cfg:8
__STARTUP__ (crt0_cmd.s.6388.1.o):
    ext-cal.c.6388.0.o        ext-cal.c.6388.0.s:13
    [linker generated]        ../ext-cal.cfg:2
___clock_gettimespec (gettimespec.o):
    gettime.o                 ../libwrk/rp6502/gettime.s:19
___directerrno (_directerrno.o):
    vsnprintf.o               /home/wojciech/git/WojciechGw/cc65/asminc/errno.inc:10
___errno (errno.o):
    _seterrno.o               /home/wojciech/git/WojciechGw/cc65/asminc/errno.inc:7
___oserror (_oserror.o):
    _directerrno.o            /home/wojciech/git/WojciechGw/cc65/asminc/errno.inc:7
___seterrno (_seterrno.o):
    _directerrno.o            /home/wojciech/git/WojciechGw/cc65/asminc/errno.inc:9
    fwrite.o                  /home/wojciech/git/WojciechGw/cc65/asminc/errno.inc:9
__ctype (ctype.o):
    ctypemask.o               common/ctypemask.s:23
__ctypeidx (ctype.o):
    ctypemask.o               common/ctypemask.s:24
__hextab (_hextab.o):
    ltoa.o                    common/ltoa.s:10
__longminstr (_longminstr.o):
    ltoa.o                    common/ltoa.s:10
__printf (_printf.o):
    vsnprintf.o               common/vsnprintf.s:10
    vfprintf.o                common/vfprintf.s:10
__time_t_to_tm (_time_t_to_tm.o):
    localtime.o               common/localtime.s:8
    gmtime.o                  common/gmtime.s:8
__tz (timezone.o):
    ria_tzset.o               ../libwrk/rp6502/ria_tzset.s:19
    mktime.o                  common/mktime.s:12
    localtime.o               common/localtime.s:8
    ext-cal.c.6388.0.o        ext-cal.c.6388.0.s:22
_atoi (atoi.o):
    ext-cal.c.6388.0.o        ext-cal.c.6388.0.s:24
_clock_gettime (gettime.o):
    time.o                    /home/wojciech/git/WojciechGw/cc65/asminc/time.inc:65
_clock_gettimezone (gettimezone.o):
    ria_tzset.o               ../libwrk/rp6502/ria_tzset.s:20
_div (divt.o):
    mktime.o                  common/mktime.s:14
_fwrite (fwrite.o):
    vfprintf.o                common/vfprintf.s:10
_gmtime (gmtime.o):
    ext-cal.c.6388.0.o        ext-cal.c.6388.0.s:18
_localtime (localtime.o):
    ext-cal.c.6388.0.o        ext-cal.c.6388.0.s:19
_ltoa (ltoa.o):
    _printf.o                 common/_printf.s:12
_main (ext-cal.c.6388.0.o):
    crt0_cmd.s.6388.1.o       crt0_cmd.s:2
_memcpy (memcpy.o):
    vsnprintf.o               common/vsnprintf.s:10
_mktime (mktime.o):
    _time_t_to_tm.o           common/_time_t_to_tm.s:14
    ext-cal.c.6388.0.o        ext-cal.c.6388.0.s:20
_printf (printf.o):
    ext-cal.c.6388.0.o        ext-cal.c.6388.0.s:16
_ria_call_int (ria.o):
    errno.o                   rp6502/errno.s:12
    gettimezone.o             ../libwrk/rp6502/gettimezone.s:19
    gettimespec.o             ../libwrk/rp6502/gettimespec.s:18
_ria_pop_long (ria.o):
    gettimespec.o             ../libwrk/rp6502/gettimespec.s:17
_ria_push_long (ria.o):
    gettimezone.o             ../libwrk/rp6502/gettimezone.s:17
_ria_set_ax (ria.o):
    gettimezone.o             ../libwrk/rp6502/gettimezone.s:18
    gettime.o                 ../libwrk/rp6502/gettime.s:17
_ria_tzset (ria_tzset.o):
    ext-cal.c.6388.0.o        ext-cal.c.6388.0.s:15
_sprintf (sprintf.o):
    ext-cal.c.6388.0.o        ext-cal.c.6388.0.s:17
_stdout (_file.o):
    printf.o                  common/printf.s:8
_strlen (strlen.o):
    _printf.o                 common/_printf.s:13
_strlower (strlower.o):
    _printf.o                 common/_printf.s:13
_time (time.o):
    ext-cal.c.6388.0.o        ext-cal.c.6388.0.s:21
_ultoa (ltoa.o):
    _printf.o                 common/_printf.s:12
_vfprintf (vfprintf.o):
    printf.o                  common/printf.s:8
_vsprintf (vsprintf.o):
    sprintf.o                 common/sprintf.s:8
_write (write_stub.c.6388.2.o):
    fwrite.o                  common/fwrite.s:10
addeqysp (addeqsp.o):
    write_stub.c.6388.2.o     write_stub.c.6388.2.s:64
    ext-cal.c.6388.0.o        ext-cal.c.6388.0.s:3069
    ext-cal.c.6388.0.o        ext-cal.c.6388.0.s:3069
    ext-cal.c.6388.0.o        ext-cal.c.6388.0.s:3069
    ext-cal.c.6388.0.o        ext-cal.c.6388.0.s:3069
addysp (addysp.o):
    incsp6.o                  runtime/incsp6.s:8
    incsp5.o                  runtime/incsp5.s:8
    incsp3.o                  runtime/incsp3.s:8
    gettimezone.o             ../libwrk/rp6502/gettimezone.s:90
    fwrite.o                  common/fwrite.s:11
    sprintf.o                 common/sprintf.s:8
    printf.o                  common/printf.s:8
    incsp4.o                  runtime/incsp4.s:8
    write_stub.c.6388.2.o     write_stub.c.6388.2.s:64
    ext-cal.c.6388.0.o        ext-cal.c.6388.0.s:3069
    ext-cal.c.6388.0.o        ext-cal.c.6388.0.s:3069
    ext-cal.c.6388.0.o        ext-cal.c.6388.0.s:3069
    ext-cal.c.6388.0.o        ext-cal.c.6388.0.s:3069
    ext-cal.c.6388.0.o        ext-cal.c.6388.0.s:3069
addysp1 (addysp.o):
    ludiv.o                   runtime/ludiv.s:9
    lsub.o                    runtime/lsub.s:11
    lmul.o                    runtime/lmul.s:9
    ladd.o                    runtime/ladd.s:8
aslax2 (aslax2.o):
    ext-cal.c.6388.0.o        ext-cal.c.6388.0.s:3069
    ext-cal.c.6388.0.o        ext-cal.c.6388.0.s:3069
axlong (axlong.o):
    _printf.o                 common/_printf.s:11
axulong (axlong.o):
    _printf.o                 common/_printf.s:11
booleq (makebool.o):
    leq.o                     runtime/leq.s:8
c_sp (zeropage.o):
    memcpy.o                  common/memcpy.s:15
    decsp1.o                  runtime/decsp1.s:8
    vsnprintf.o               common/vsnprintf.s:11
    pusha.o                   runtime/pusha.s:8
    ludiv.o                   runtime/ludiv.s:10
    lsub.o                    runtime/lsub.s:12
    lmul.o                    runtime/lmul.s:10
    ldaxsp.o                  runtime/ldaxsp.s:8
    lcmp.o                    runtime/lcmp.s:10
    ladd.o                    runtime/ladd.s:9
    incsp1.o                  runtime/incsp1.s:8
    gettimezone.o             ../libwrk/rp6502/gettimezone.s:10
    gettimespec.o             ../libwrk/rp6502/gettimespec.s:10
    gettime.o                 ../libwrk/rp6502/gettime.s:10
    _printf.o                 /home/wojciech/git/WojciechGw/cc65/asminc/zeropage.inc:11
    vfprintf.o                common/vfprintf.s:11
    subysp.o                  runtime/subysp.s:9
    subeqsp.o                 runtime/subeqsp.s:8
    staxspi.o                 runtime/staxspi.s:10
    staxsp.o                  runtime/staxsp.s:8
    sprintf.o                 common/sprintf.s:9
    pushwsp.o                 runtime/pushwsp.s:8
    pushax.o                  runtime/pushax.s:8
    printf.o                  common/printf.s:9
    popptr1.o                 runtime/popptr1.s:9
    lpush.o                   runtime/lpush.s:13
    ldeaxysp.o                runtime/ldeaxysp.s:12
    incsp2.o                  runtime/incsp2.s:8
    icmp.o                    runtime/icmp.s:9
    decsp6.o                  runtime/decsp6.s:8
    decsp4.o                  runtime/decsp4.s:8
    decsp2.o                  runtime/decsp2.s:8
    addysp.o                  runtime/addysp.s:8
    addeqsp.o                 runtime/addeqsp.s:8
    write_stub.c.6388.2.o     write_stub.c.6388.2.s:10
    ext-cal.c.6388.0.o        ext-cal.c.6388.0.s:10
ctypemaskdirect (ctypemask.o):
    strlower.o                common/strlower.s:14
    atoi.o                    common/atoi.s:11
decsp1 (decsp1.o):
    gettimezone.o             ../libwrk/rp6502/gettimezone.s:90
decsp2 (decsp2.o):
    gettimezone.o             ../libwrk/rp6502/gettimezone.s:90
    ext-cal.c.6388.0.o        ext-cal.c.6388.0.s:3069
decsp4 (decsp4.o):
    sprintf.o                 common/sprintf.s:8
    lpush.o                   runtime/lpush.s:12
    ext-cal.c.6388.0.o        ext-cal.c.6388.0.s:3069
    ext-cal.c.6388.0.o        ext-cal.c.6388.0.s:3069
    ext-cal.c.6388.0.o        ext-cal.c.6388.0.s:3069
    ext-cal.c.6388.0.o        ext-cal.c.6388.0.s:3069
decsp6 (decsp6.o):
    _printf.o                 common/_printf.s:11
    ext-cal.c.6388.0.o        ext-cal.c.6388.0.s:3069
donelib (condes.o):
    crt0_cmd.s.6388.1.o       crt0_cmd.s:2
incsp1 (incsp1.o):
    gettimezone.o             ../libwrk/rp6502/gettimezone.s:90
incsp2 (incsp2.o):
    vsnprintf.o               common/vsnprintf.s:9
    staxspi.o                 runtime/staxspi.s:9
    popptr1.o                 runtime/popptr1.s:8
    ext-cal.c.6388.0.o        ext-cal.c.6388.0.s:3069
incsp3 (incsp3.o):
    gettime.o                 ../libwrk/rp6502/gettime.s:51
incsp4 (incsp4.o):
    lcmp.o                    runtime/lcmp.s:9
    ria_tzset.o               ../libwrk/rp6502/ria_tzset.s:50
    ext-cal.c.6388.0.o        ext-cal.c.6388.0.s:3069
incsp5 (incsp5.o):
    gettimespec.o             ../libwrk/rp6502/gettimespec.s:65
incsp6 (incsp6.o):
    vsnprintf.o               common/vsnprintf.s:9
    fwrite.o                  common/fwrite.s:11
    vfprintf.o                common/vfprintf.s:9
initlib (condes.o):
    crt0_cmd.s.6388.1.o       crt0_cmd.s:2
initmainargs (initmainargs.s.6388.3.o):
    ext-cal.c.6388.0.o        ext-cal.c.6388.0.s:14
ldax0sp (ldaxsp.o):
    gettimezone.o             ../libwrk/rp6502/gettimezone.s:90
    gettimespec.o             ../libwrk/rp6502/gettimespec.s:65
ldaxysp (ldaxsp.o):
    vsnprintf.o               common/vsnprintf.s:9
    fwrite.o                  common/fwrite.s:11
ldeax0sp (ldeaxysp.o):
    ria_tzset.o               ../libwrk/rp6502/ria_tzset.s:50
ldeaxi (ldeaxi.o):
    localtime.o               common/localtime.s:9
    gmtime.o                  common/gmtime.s:9
ldeaxysp (ldeaxysp.o):
    gettimezone.o             ../libwrk/rp6502/gettimezone.s:90
    ext-cal.c.6388.0.o        ext-cal.c.6388.0.s:3069
mul8x16 (mul8.o):
    mul.o                     runtime/mul.s:8
mul8x16a (mul8.o):
    mul.o                     runtime/mul.s:8
mulax3 (mulax3.o):
    ext-cal.c.6388.0.o        ext-cal.c.6388.0.s:3069
    ext-cal.c.6388.0.o        ext-cal.c.6388.0.s:3069
negax (negabs.o):
    divt.o                    common/divt.s:17
    shelp.o                   runtime/shelp.s:11
    mod.o                     runtime/mod.s:11
    div.o                     runtime/div.s:11
negeax (lneg.o):
    ltoa.o                    common/ltoa.s:9
    atoi.o                    common/atoi.s:9
popax (incsp2.o):
    memcpy.o                  common/memcpy.s:14
    vsnprintf.o               common/vsnprintf.s:9
    ltoa.o                    common/ltoa.s:9
    _printf.o                 common/_printf.s:11
    shelp.o                   runtime/shelp.s:11
popptr1 (popptr1.o):
    memcpy.o                  common/memcpy.s:14
    steaxspi.o                runtime/steaxspi.s:9
    ltoa.o                    common/ltoa.s:9
    umod.o                    runtime/umod.s:8
    udiv.o                    runtime/udiv.s:9
    mul8.o                    runtime/mul8.s:9
    mul.o                     runtime/mul.s:9
popsargsudiv16 (shelp.o):
    mod.o                     runtime/mod.s:11
    div.o                     runtime/div.s:11
ptr1 (zeropage.o):
    memcpy.o                  common/memcpy.s:15
    vsnprintf.o               common/vsnprintf.s:11
    strlower.o                common/strlower.s:13
    steaxspi.o                runtime/steaxspi.s:10
    ludiv.o                   runtime/ludiv.s:10
    ltoa.o                    common/ltoa.s:11
    lmul.o                    runtime/lmul.s:10
    lcmp.o                    runtime/lcmp.s:10
    gettimezone.o             ../libwrk/rp6502/gettimezone.s:11
    fwrite.o                  common/fwrite.s:14
    _time_t_to_tm.o           common/_time_t_to_tm.s:15
    _printf.o                 /home/wojciech/git/WojciechGw/cc65/asminc/zeropage.inc:12
    vfprintf.o                common/vfprintf.s:11
    udiv.o                    runtime/udiv.s:10
    time.o                    common/time.s:10
    staxspi.o                 runtime/staxspi.s:10
    sprintf.o                 common/sprintf.s:9
    shelp.o                   runtime/shelp.s:12
    printf.o                  common/printf.s:9
    popptr1.o                 runtime/popptr1.s:9
    mulax3.o                  runtime/mulax3.s:9
    mul8.o                    runtime/mul8.s:10
    mul.o                     runtime/mul.s:10
    ldeaxi.o                  runtime/ldeaxi.s:8
    div.o                     runtime/div.s:12
    atoi.o                    common/atoi.s:10
    write_stub.c.6388.2.o     write_stub.c.6388.2.s:11
    ext-cal.c.6388.0.o        ext-cal.c.6388.0.s:11
ptr2 (zeropage.o):
    memcpy.o                  common/memcpy.s:15
    strlower.o                common/strlower.s:13
    ludiv.o                   runtime/ludiv.s:10
    ltoa.o                    common/ltoa.s:11
    _time_t_to_tm.o           common/_time_t_to_tm.s:15
    _printf.o                 /home/wojciech/git/WojciechGw/cc65/asminc/zeropage.inc:12
    mktime.o                  common/mktime.s:15
    atoi.o                    common/atoi.s:10
ptr3 (zeropage.o):
    memcpy.o                  common/memcpy.s:15
    ludiv.o                   runtime/ludiv.s:10
    ltoa.o                    common/ltoa.s:11
    lmul.o                    runtime/lmul.s:10
    _time_t_to_tm.o           common/_time_t_to_tm.s:15
ptr4 (zeropage.o):
    strlen.o                  common/strlen.s:12
    ludiv.o                   runtime/ludiv.s:10
    lmul.o                    runtime/lmul.s:10
    _time_t_to_tm.o           common/_time_t_to_tm.s:15
    umod.o                    runtime/umod.s:9
    udiv.o                    runtime/udiv.s:10
    shelp.o                   runtime/shelp.s:12
    mul8.o                    runtime/mul8.s:10
    mul.o                     runtime/mul.s:10
push1 (push1.o):
    _printf.o                 common/_printf.s:11
    vfprintf.o                common/vfprintf.s:9
pusha (pusha.o):
    gettimespec.o             ../libwrk/rp6502/gettimespec.s:65
    time.o                    common/time.s:9
    ria_tzset.o               ../libwrk/rp6502/ria_tzset.s:50
pusha0 (pushax.o):
    push1.o                   runtime/push1.s:8
    fwrite.o                  common/fwrite.s:11
    mktime.o                  common/mktime.s:13
pushax (pushax.o):
    gettimezone.o             ../libwrk/rp6502/gettimezone.s:90
    gettimespec.o             ../libwrk/rp6502/gettimespec.s:65
    gettime.o                 ../libwrk/rp6502/gettime.s:51
    fwrite.o                  common/fwrite.s:11
    _printf.o                 common/_printf.s:11
    printf.o                  common/printf.s:8
    mktime.o                  common/mktime.s:13
    write_stub.c.6388.2.o     write_stub.c.6388.2.s:64
    ext-cal.c.6388.0.o        ext-cal.c.6388.0.s:3069
    ext-cal.c.6388.0.o        ext-cal.c.6388.0.s:3069
    ext-cal.c.6388.0.o        ext-cal.c.6388.0.s:3069
    ext-cal.c.6388.0.o        ext-cal.c.6388.0.s:3069
    ext-cal.c.6388.0.o        ext-cal.c.6388.0.s:3069
    ext-cal.c.6388.0.o        ext-cal.c.6388.0.s:3069
    ext-cal.c.6388.0.o        ext-cal.c.6388.0.s:3069
    ext-cal.c.6388.0.o        ext-cal.c.6388.0.s:3069
pusheax (lpush.o):
    _printf.o                 common/_printf.s:11
    ria_tzset.o               ../libwrk/rp6502/ria_tzset.s:50
    mktime.o                  common/mktime.s:13
    localtime.o               common/localtime.s:9
    ext-cal.c.6388.0.o        ext-cal.c.6388.0.s:3069
    ext-cal.c.6388.0.o        ext-cal.c.6388.0.s:3069
pushw0sp (pushwsp.o):
    gettime.o                 ../libwrk/rp6502/gettime.s:51
    vsprintf.o                common/vsprintf.s:8
pushwysp (pushwsp.o):
    gettimespec.o             ../libwrk/rp6502/gettimespec.s:65
    fwrite.o                  common/fwrite.s:11
    vfprintf.o                common/vfprintf.s:9
    write_stub.c.6388.2.o     write_stub.c.6388.2.s:64
    ext-cal.c.6388.0.o        ext-cal.c.6388.0.s:3069
    ext-cal.c.6388.0.o        ext-cal.c.6388.0.s:3069
    ext-cal.c.6388.0.o        ext-cal.c.6388.0.s:3069
    ext-cal.c.6388.0.o        ext-cal.c.6388.0.s:3069
    ext-cal.c.6388.0.o        ext-cal.c.6388.0.s:3069
regbank (zeropage.o):
    _printf.o                 /home/wojciech/git/WojciechGw/cc65/asminc/zeropage.inc:14
shrax2 (shrax2.o):
    mktime.o                  common/mktime.s:14
sreg (zeropage.o):
    steaxspi.o                runtime/steaxspi.s:10
    ria.o                     rp6502/ria.s:13
    ludiv.o                   runtime/ludiv.s:10
    ltoa.o                    common/ltoa.s:11
    lsub.o                    runtime/lsub.s:12
    lmul.o                    runtime/lmul.s:10
    lcmp.o                    runtime/lcmp.s:10
    ladd.o                    runtime/ladd.s:9
    divt.o                    common/divt.s:18
    axlong.o                  runtime/axlong.s:9
    _time_t_to_tm.o           common/_time_t_to_tm.s:15
    _printf.o                 /home/wojciech/git/WojciechGw/cc65/asminc/zeropage.inc:11
    umod.o                    runtime/umod.s:9
    udiv.o                    runtime/udiv.s:10
    time.o                    common/time.s:10
    mod.o                     runtime/mod.s:12
    mktime.o                  common/mktime.s:15
    lpush.o                   runtime/lpush.s:13
    localtime.o               common/localtime.s:10
    lneg.o                    runtime/lneg.s:11
    ldeaxysp.o                runtime/ldeaxysp.s:12
    ldeaxi.o                  runtime/ldeaxi.s:8
    icmp.o                    runtime/icmp.s:9
    atoi.o                    common/atoi.s:10
    ext-cal.c.6388.0.o        ext-cal.c.6388.0.s:10
stax0sp (staxsp.o):
    gettimezone.o             ../libwrk/rp6502/gettimezone.s:90
    ext-cal.c.6388.0.o        ext-cal.c.6388.0.s:3069
    ext-cal.c.6388.0.o        ext-cal.c.6388.0.s:3069
    ext-cal.c.6388.0.o        ext-cal.c.6388.0.s:3069
staxspidx (staxspi.o):
    ext-cal.c.6388.0.o        ext-cal.c.6388.0.s:3069
    ext-cal.c.6388.0.o        ext-cal.c.6388.0.s:3069
    ext-cal.c.6388.0.o        ext-cal.c.6388.0.s:3069
staxysp (staxsp.o):
    vsprintf.o                common/vsprintf.s:8
    ext-cal.c.6388.0.o        ext-cal.c.6388.0.s:3069
    ext-cal.c.6388.0.o        ext-cal.c.6388.0.s:3069
    ext-cal.c.6388.0.o        ext-cal.c.6388.0.s:3069
    ext-cal.c.6388.0.o        ext-cal.c.6388.0.s:3069
    ext-cal.c.6388.0.o        ext-cal.c.6388.0.s:3069
    ext-cal.c.6388.0.o        ext-cal.c.6388.0.s:3069
steaxspidx (steaxspi.o):
    gettimespec.o             ../libwrk/rp6502/gettimespec.s:65
subeq0sp (subeqsp.o):
    write_stub.c.6388.2.o     write_stub.c.6388.2.s:64
subysp (subysp.o):
    ext-cal.c.6388.0.o        ext-cal.c.6388.0.s:3069
    ext-cal.c.6388.0.o        ext-cal.c.6388.0.s:3069
    ext-cal.c.6388.0.o        ext-cal.c.6388.0.s:3069
    ext-cal.c.6388.0.o        ext-cal.c.6388.0.s:3069
    ext-cal.c.6388.0.o        ext-cal.c.6388.0.s:3069
    ext-cal.c.6388.0.o        ext-cal.c.6388.0.s:3069
tmp1 (zeropage.o):
    steaxspi.o                runtime/steaxspi.s:10
    ltoa.o                    common/ltoa.s:11
    ladd.o                    runtime/ladd.s:9
    divt.o                    common/divt.s:18
    _printf.o                 /home/wojciech/git/WojciechGw/cc65/asminc/zeropage.inc:13
    staxspi.o                 runtime/staxspi.s:10
    shrax2.o                  runtime/shrax2.s:8
    shelp.o                   runtime/shelp.s:12
    mul.o                     runtime/mul.s:10
    mod.o                     runtime/mod.s:12
    div.o                     runtime/div.s:12
    atoi.o                    common/atoi.s:10
    aslax2.o                  runtime/aslax2.s:8
    ext-cal.c.6388.0.o        ext-cal.c.6388.0.s:11
tmp2 (zeropage.o):
    steaxspi.o                runtime/steaxspi.s:10
    lmul.o                    runtime/lmul.s:10
    shelp.o                   runtime/shelp.s:12
    div.o                     runtime/div.s:12
tmp3 (zeropage.o):
    steaxspi.o                runtime/steaxspi.s:10
    ludiv.o                   runtime/ludiv.s:10
    lmul.o                    runtime/lmul.s:10
    _time_t_to_tm.o           common/_time_t_to_tm.s:15
    mktime.o                  common/mktime.s:15
tmp4 (zeropage.o):
    ludiv.o                   runtime/ludiv.s:10
    lmul.o                    runtime/lmul.s:10
tosaddeax (ladd.o):
    mktime.o                  common/mktime.s:14
    localtime.o               common/localtime.s:9
tosdiva0 (div.o):
    ext-cal.c.6388.0.o        ext-cal.c.6388.0.s:3069
tosdivax (div.o):
    divt.o                    common/divt.s:17
toseqeax (leq.o):
    ext-cal.c.6388.0.o        ext-cal.c.6388.0.s:3069
tosicmp (icmp.o):
    ext-cal.c.6388.0.o        ext-cal.c.6388.0.s:3069
    ext-cal.c.6388.0.o        ext-cal.c.6388.0.s:3069
    ext-cal.c.6388.0.o        ext-cal.c.6388.0.s:3069
    ext-cal.c.6388.0.o        ext-cal.c.6388.0.s:3069
toslcmp (lcmp.o):
    leq.o                     runtime/leq.s:8
tosmoda0 (mod.o):
    ext-cal.c.6388.0.o        ext-cal.c.6388.0.s:3069
    ext-cal.c.6388.0.o        ext-cal.c.6388.0.s:3069
tosmodax (mod.o):
    ext-cal.c.6388.0.o        ext-cal.c.6388.0.s:3069
tossubeax (lsub.o):
    mktime.o                  common/mktime.s:14
tosudivax (udiv.o):
    fwrite.o                  common/fwrite.s:12
tosumodax (umod.o):
    mktime.o                  common/mktime.s:14
tosumulax (mul.o):
    fwrite.o                  common/fwrite.s:12
    mktime.o                  common/mktime.s:14
tosumuleax (lmul.o):
    mktime.o                  common/mktime.s:14
udiv16 (udiv.o):
    umod.o                    runtime/umod.s:8
    shelp.o                   runtime/shelp.s:11
udiv32 (ludiv.o):
    _time_t_to_tm.o           common/_time_t_to_tm.s:14
vsnprintf (vsnprintf.o):
    vsprintf.o                common/vsprintf.s:9

