Modules list:
-------------
ext-courier.c.10904.0.o:
    CODE              Offs=000000  Size=0004ED  Align=00001  Fill=0000
    RODATA            Offs=000000  Size=000131  Align=00001  Fill=0000
    BSS               Offs=000000  Size=000050  Align=00001  Fill=0000
    DATA              Offs=000000  Size=000002  Align=00001  Fill=0000
crt0_cmd.s.10904.1.o:
    STARTUP           Offs=000000  Size=00001B  Align=00001  Fill=0000
write_stub.c.10904.2.o:
    CODE              Offs=0004ED  Size=00004C  Align=00001  Fill=0000
initmainargs.s.10904.3.o:
    STARTUP           Offs=00001B  Size=000001  Align=00001  Fill=0000
C:\@prg\cc65\lib/rp6502.lib(_file.o):
    DATA              Offs=000002  Size=00001E  Align=00001  Fill=0000
C:\@prg\cc65\lib/rp6502.lib(_hextab.o):
    RODATA            Offs=000131  Size=000010  Align=00001  Fill=0000
C:\@prg\cc65\lib/rp6502.lib(_longminstr.o):
    RODATA            Offs=000141  Size=00000C  Align=00001  Fill=0000
C:\@prg\cc65\lib/rp6502.lib(_printf.o):
    CODE              Offs=000539  Size=0003A1  Align=00001  Fill=0000
    BSS               Offs=000050  Size=00002B  Align=00001  Fill=0000
    DATA              Offs=000020  Size=000003  Align=00001  Fill=0000
C:\@prg\cc65\lib/rp6502.lib(_seterrno.o):
    CODE              Offs=0008DA  Size=000009  Align=00001  Fill=0000
C:\@prg\cc65\lib/rp6502.lib(addeqsp.o):
    CODE              Offs=0008E3  Size=000011  Align=00001  Fill=0000
C:\@prg\cc65\lib/rp6502.lib(addysp.o):
    CODE              Offs=0008F4  Size=00000E  Align=00001  Fill=0000
C:\@prg\cc65\lib/rp6502.lib(axlong.o):
    CODE              Offs=000902  Size=00000D  Align=00001  Fill=0000
C:\@prg\cc65\lib/rp6502.lib(close.o):
    CODE              Offs=00090F  Size=000011  Align=00001  Fill=0000
C:\@prg\cc65\lib/rp6502.lib(condes.o):
    CODE              Offs=000920  Size=00000C  Align=00001  Fill=0000
    DATA              Offs=000023  Size=000025  Align=00001  Fill=0000
    ONCE              Offs=000000  Size=00000C  Align=00001  Fill=0000
C:\@prg\cc65\lib/rp6502.lib(copydata.o):
    CODE              Offs=00092C  Size=00002D  Align=00001  Fill=0000
C:\@prg\cc65\lib/rp6502.lib(crt0.o):
    STARTUP           Offs=00001C  Size=00002B  Align=00001  Fill=0000
C:\@prg\cc65\lib/rp6502.lib(ctype.o):
    RODATA            Offs=00014D  Size=00008B  Align=00001  Fill=0000
C:\@prg\cc65\lib/rp6502.lib(ctypemask.o):
    CODE              Offs=000959  Size=00001E  Align=00001  Fill=0000
C:\@prg\cc65\lib/rp6502.lib(decax1.o):
    CODE              Offs=000977  Size=000007  Align=00001  Fill=0000
C:\@prg\cc65\lib/rp6502.lib(decsp4.o):
    CODE              Offs=00097E  Size=00000D  Align=00001  Fill=0000
C:\@prg\cc65\lib/rp6502.lib(decsp6.o):
    CODE              Offs=00098B  Size=00000D  Align=00001  Fill=0000
C:\@prg\cc65\lib/rp6502.lib(enter.o):
    CODE              Offs=000998  Size=00000E  Align=00001  Fill=0000
C:\@prg\cc65\lib/rp6502.lib(errno.o):
    CODE              Offs=0009A6  Size=00000A  Align=00001  Fill=0000
C:\@prg\cc65\lib/rp6502.lib(fwrite.o):
    CODE              Offs=0009B0  Size=000077  Align=00001  Fill=0000
    BSS               Offs=00007B  Size=000002  Align=00001  Fill=0000
C:\@prg\cc65\lib/rp6502.lib(incsp1.o):
    CODE              Offs=000A27  Size=000007  Align=00001  Fill=0000
C:\@prg\cc65\lib/rp6502.lib(incsp2.o):
    CODE              Offs=000A2E  Size=000015  Align=00001  Fill=0000
C:\@prg\cc65\lib/rp6502.lib(incsp3.o):
    CODE              Offs=000A43  Size=000005  Align=00001  Fill=0000
C:\@prg\cc65\lib/rp6502.lib(incsp4.o):
    CODE              Offs=000A48  Size=000005  Align=00001  Fill=0000
C:\@prg\cc65\lib/rp6502.lib(incsp6.o):
    CODE              Offs=000A4D  Size=000005  Align=00001  Fill=0000
C:\@prg\cc65\lib/rp6502.lib(incsp8.o):
    CODE              Offs=000A52  Size=000005  Align=00001  Fill=0000
C:\@prg\cc65\lib/rp6502.lib(ldaxi.o):
    CODE              Offs=000A57  Size=00000D  Align=00001  Fill=0000
C:\@prg\cc65\lib/rp6502.lib(ldaxsp.o):
    CODE              Offs=000A64  Size=000009  Align=00001  Fill=0000
C:\@prg\cc65\lib/rp6502.lib(leaaxsp.o):
    CODE              Offs=000A6D  Size=00000C  Align=00001  Fill=0000
C:\@prg\cc65\lib/rp6502.lib(leave.o):
    CODE              Offs=000A79  Size=00001B  Align=00001  Fill=0000
C:\@prg\cc65\lib/rp6502.lib(lneg.o):
    CODE              Offs=000A94  Size=00001E  Align=00001  Fill=0000
C:\@prg\cc65\lib/rp6502.lib(lpush.o):
    CODE              Offs=000AB2  Size=00001E  Align=00001  Fill=0000
C:\@prg\cc65\lib/rp6502.lib(ltoa.o):
    CODE              Offs=000AD0  Size=000093  Align=00001  Fill=0000
C:\@prg\cc65\lib/rp6502.lib(mul.o):
    CODE              Offs=000B63  Size=000045  Align=00001  Fill=0000
C:\@prg\cc65\lib/rp6502.lib(mul8.o):
    CODE              Offs=000BA8  Size=00003A  Align=00001  Fill=0000
C:\@prg\cc65\lib/rp6502.lib(open.o):
    CODE              Offs=000BE2  Size=000071  Align=00001  Fill=0000
C:\@prg\cc65\lib/rp6502.lib(popptr1.o):
    CODE              Offs=000C53  Size=00000E  Align=00001  Fill=0000
C:\@prg\cc65\lib/rp6502.lib(printf.o):
    CODE              Offs=000C61  Size=000033  Align=00001  Fill=0000
    BSS               Offs=00007D  Size=000001  Align=00001  Fill=0000
C:\@prg\cc65\lib/rp6502.lib(push1.o):
    CODE              Offs=000C94  Size=000005  Align=00001  Fill=0000
C:\@prg\cc65\lib/rp6502.lib(pusha.o):
    CODE              Offs=000C99  Size=000016  Align=00001  Fill=0000
C:\@prg\cc65\lib/rp6502.lib(pushax.o):
    CODE              Offs=000CAF  Size=00001A  Align=00001  Fill=0000
C:\@prg\cc65\lib/rp6502.lib(pushwsp.o):
    CODE              Offs=000CC9  Size=00001C  Align=00001  Fill=0000
C:\@prg\cc65\lib/rp6502.lib(read.o):
    CODE              Offs=000CE5  Size=000089  Align=00001  Fill=0000
C:\@prg\cc65\lib/rp6502.lib(read_xstack.o):
    CODE              Offs=000D6E  Size=000062  Align=00001  Fill=0000
C:\@prg\cc65\lib/rp6502.lib(ria.o):
    CODE              Offs=000DD0  Size=00004E  Align=00001  Fill=0000
C:\@prg\cc65\lib/rp6502.lib(staxsp.o):
    CODE              Offs=000E1E  Size=00000B  Align=00001  Fill=0000
C:\@prg\cc65\lib/rp6502.lib(strlen.o):
    CODE              Offs=000E29  Size=000016  Align=00001  Fill=0000
C:\@prg\cc65\lib/rp6502.lib(strlower.o):
    CODE              Offs=000E3F  Size=000027  Align=00001  Fill=0000
C:\@prg\cc65\lib/rp6502.lib(subeqsp.o):
    CODE              Offs=000E66  Size=000015  Align=00001  Fill=0000
C:\@prg\cc65\lib/rp6502.lib(subysp.o):
    CODE              Offs=000E7B  Size=00000D  Align=00001  Fill=0000
C:\@prg\cc65\lib/rp6502.lib(udiv.o):
    CODE              Offs=000E88  Size=00004F  Align=00001  Fill=0000
C:\@prg\cc65\lib/rp6502.lib(vfprintf.o):
    CODE              Offs=000ED7  Size=000060  Align=00001  Fill=0000
    DATA              Offs=000048  Size=000008  Align=00001  Fill=0000
C:\@prg\cc65\lib/rp6502.lib(zerobss.o):
    CODE              Offs=000F37  Size=000023  Align=00001  Fill=0000
C:\@prg\cc65\lib/rp6502.lib(zeropage.o):
    ZEROPAGE          Offs=000000  Size=00001A  Align=00001  Fill=0000


Segment list:
-------------
Name                   Start     End    Size  Align
----------------------------------------------------
ZEROPAGE              000000  000019  00001A  00001
STARTUP               009300  009346  000047  00001
ONCE                  009347  009354  00000E  00001
CODE                  009355  00A2AE  000F5A  00001
RODATA                00A2AF  00A486  0001D8  00001
DATA                  00A487  00A4D6  000050  00001
BSS                   00A4D7  00A554  00007E  00001


Exports list by name:
---------------------
__BSS_RUN__               00A4D7 RLA    __BSS_SIZE__              00007E REA    
__CONSTRUCTOR_COUNT__     000001 REA    __CONSTRUCTOR_TABLE__     009353 RLA    
__DATA_LOAD__             00A487 RLA    __DATA_RUN__              00A487 RLA    
__DATA_SIZE__             000050 REA    __DESTRUCTOR_COUNT__      000000 REA    
__DESTRUCTOR_TABLE__      00A487 RLA    __RAM_SIZE__              006900 REA    
__RAM_START__             009300 RLA    __STACKSIZE__             000300 REA    
__STARTADDR__             009300 REA    __STARTUP__               000001 REA    
___errno                  00FFED RLA    ___seterrno               009C2F RLA    
__ctype                   00A3FC RLA    __ctypeidx                00A407 RLA    
__hextab                  00A3E0 RLA    __longminstr              00A3F0 RLA    
__printf                  00997F RLA    _close                    009C64 RLA    
_errno_opt_constructor    009CFB  LAI   _fwrite                   009D05 RLA    
_ltoa                     009E3D RLA    _main                     0093D9 RLA    
_open                     009F37 RLA    _printf                   009FB6 RLA    
_read                     00A03A RLA    _read_xstack              00A0C3 RLA    
_ria_call_int             00A15C RLA    _ria_push_int             00A12F RLA    
_ria_set_ax               00A155 RLA    _stdout                   00A4A3 RLA    
_strlen                   00A17E RLA    _strlower                 00A194 RLA    
_ultoa                    009E7C RLA    _vfprintf                 00A263 RLA    
_write                    009842 RLA    addeq0sp                  009C38 RLA    
addeqysp                  009C3A RLA    addysp                    009C4A RLA    
axlong                    009C57 RLA    axulong                   009C5D RLA    
c_sp                      000000 RLZ    copydata                  009C81 RLA    
ctypemaskdirect           009CB2 RLA    decax1                    009CCC RLA    
decsp4                    009CD3 RLA    decsp6                    009CE0 RLA    
donelib                   009C75 RLA    enter                     009CED RLA    
incsp1                    009D7C RLA    incsp2                    009D8A RLA    
incsp3                    009D98 RLA    incsp4                    009D9D RLA    
incsp6                    009DA2 RLA    incsp8                    009DA7 RLA    
initlib                   009347 RLA    initmainargs              00931B REA    
ldax0sp                   009DB9 RLA    ldaxi                     009DAC RLA    
ldaxysp                   009DBB RLA    leaa0sp                   009DC2 RLA    
leavey                    009DD8 RLA    mul8x16                   009EFF RLA    
mul8x16a                  009F09 RLA    negeax                    009DE9 RLA    
popax                     009D83 RLA    popptr1                   009FA8 RLA    
ptr1                      000008 RLZ    ptr2                      00000A RLZ    
ptr3                      00000C RLZ    ptr4                      00000E RLZ    
push0                     00A004 RLA    push1                     009FE9 RLA    
pusha                     009FF2 RLA    pusha0                    00A006 RLA    
pushax                    00A008 RLA    pusheax                   009E0E RLA    
pushwysp                  00A020 RLA    regbank                   000014 RLZ    
sreg                      000002 RLZ    stax0sp                   00A173 RLA    
staxysp                   00A175 RLA    subeq0sp                  00A1BB RLA    
subeqysp                  00A1BD RLA    subysp                    00A1D0 RLA    
tmp1                      000010 RLZ    tosudivax                 00A1DF RLA    
tosumulax                 009EB8 RLA    zerobss                   00A28C RLA    



Exports list by value:
----------------------
__DESTRUCTOR_COUNT__      000000 REA    c_sp                      000000 RLZ    
__STARTUP__               000001 REA    __CONSTRUCTOR_COUNT__     000001 REA    
sreg                      000002 RLZ    ptr1                      000008 RLZ    
ptr2                      00000A RLZ    ptr3                      00000C RLZ    
ptr4                      00000E RLZ    tmp1                      000010 RLZ    
regbank                   000014 RLZ    __DATA_SIZE__             000050 REA    
__BSS_SIZE__              00007E REA    __STACKSIZE__             000300 REA    
__RAM_SIZE__              006900 REA    __RAM_START__             009300 RLA    
__STARTADDR__             009300 REA    initmainargs              00931B REA    
initlib                   009347 RLA    __CONSTRUCTOR_TABLE__     009353 RLA    
_main                     0093D9 RLA    _write                    009842 RLA    
__printf                  00997F RLA    ___seterrno               009C2F RLA    
addeq0sp                  009C38 RLA    addeqysp                  009C3A RLA    
addysp                    009C4A RLA    axlong                    009C57 RLA    
axulong                   009C5D RLA    _close                    009C64 RLA    
donelib                   009C75 RLA    copydata                  009C81 RLA    
ctypemaskdirect           009CB2 RLA    decax1                    009CCC RLA    
decsp4                    009CD3 RLA    decsp6                    009CE0 RLA    
enter                     009CED RLA    _errno_opt_constructor    009CFB  LAI   
_fwrite                   009D05 RLA    incsp1                    009D7C RLA    
popax                     009D83 RLA    incsp2                    009D8A RLA    
incsp3                    009D98 RLA    incsp4                    009D9D RLA    
incsp6                    009DA2 RLA    incsp8                    009DA7 RLA    
ldaxi                     009DAC RLA    ldax0sp                   009DB9 RLA    
ldaxysp                   009DBB RLA    leaa0sp                   009DC2 RLA    
leavey                    009DD8 RLA    negeax                    009DE9 RLA    
pusheax                   009E0E RLA    _ltoa                     009E3D RLA    
_ultoa                    009E7C RLA    tosumulax                 009EB8 RLA    
mul8x16                   009EFF RLA    mul8x16a                  009F09 RLA    
_open                     009F37 RLA    popptr1                   009FA8 RLA    
_printf                   009FB6 RLA    push1                     009FE9 RLA    
pusha                     009FF2 RLA    push0                     00A004 RLA    
pusha0                    00A006 RLA    pushax                    00A008 RLA    
pushwysp                  00A020 RLA    _read                     00A03A RLA    
_read_xstack              00A0C3 RLA    _ria_push_int             00A12F RLA    
_ria_set_ax               00A155 RLA    _ria_call_int             00A15C RLA    
stax0sp                   00A173 RLA    staxysp                   00A175 RLA    
_strlen                   00A17E RLA    _strlower                 00A194 RLA    
subeq0sp                  00A1BB RLA    subeqysp                  00A1BD RLA    
subysp                    00A1D0 RLA    tosudivax                 00A1DF RLA    
_vfprintf                 00A263 RLA    zerobss                   00A28C RLA    
__hextab                  00A3E0 RLA    __longminstr              00A3F0 RLA    
__ctype                   00A3FC RLA    __ctypeidx                00A407 RLA    
__DATA_LOAD__             00A487 RLA    __DATA_RUN__              00A487 RLA    
__DESTRUCTOR_TABLE__      00A487 RLA    _stdout                   00A4A3 RLA    
__BSS_RUN__               00A4D7 RLA    ___errno                  00FFED RLA    



Imports list:
-------------
__BSS_RUN__ ([linker generated]):
    zerobss.o                 common/zerobss.s:8
__BSS_SIZE__ ([linker generated]):
    zerobss.o                 common/zerobss.s:8
__CONSTRUCTOR_COUNT__ ([linker generated]):
    condes.o                  runtime/condes.s:18
__CONSTRUCTOR_TABLE__ ([linker generated]):
    condes.o                  runtime/condes.s:18
__DATA_LOAD__ ([linker generated]):
    copydata.o                common/copydata.s:8
__DATA_RUN__ ([linker generated]):
    copydata.o                common/copydata.s:8
__DATA_SIZE__ ([linker generated]):
    copydata.o                common/copydata.s:8
__DESTRUCTOR_COUNT__ ([linker generated]):
    condes.o                  runtime/condes.s:19
__DESTRUCTOR_TABLE__ ([linker generated]):
    condes.o                  runtime/condes.s:19
__RAM_SIZE__ ([linker generated]):
    crt0.o                    rp6502/crt0.s:10
__RAM_START__ ([linker generated]):
    crt0.o                    rp6502/crt0.s:10
__STACKSIZE__ ([linker generated]):
    [linker generated]        ../ext0x9300.cfg:9
__STARTADDR__ ([linker generated]):
    [linker generated]        ../ext0x9300.cfg:9
    [linker generated]        ../ext0x9300.cfg:9
__STARTUP__ (crt0.o):
    ext-courier.c.10904.0.o   ext-courier.c.10904.0.s:13
    [linker generated]        ../ext0x9300.cfg:3
___errno (errno.o):
    _seterrno.o               /home/wojciech/git/WojciechGw/cc65/asminc/errno.inc:7
    open.o                    ../libwrk/rp6502/open.s:22
___seterrno (_seterrno.o):
    fwrite.o                  /home/wojciech/git/WojciechGw/cc65/asminc/errno.inc:9
__ctype (ctype.o):
    ctypemask.o               common/ctypemask.s:23
__ctypeidx (ctype.o):
    ctypemask.o               common/ctypemask.s:24
__hextab (_hextab.o):
    ltoa.o                    common/ltoa.s:10
__longminstr (_longminstr.o):
    ltoa.o                    common/ltoa.s:10
__printf (_printf.o):
    vfprintf.o                common/vfprintf.s:10
_close (close.o):
    ext-courier.c.10904.0.o   ext-courier.c.10904.0.s:18
_fwrite (fwrite.o):
    vfprintf.o                common/vfprintf.s:10
_ltoa (ltoa.o):
    _printf.o                 common/_printf.s:12
_main (ext-courier.c.10904.0.o):
    crt0.o                    rp6502/crt0.s:7
    crt0_cmd.s.10904.1.o      crt0_cmd.s:2
_open (open.o):
    ext-courier.c.10904.0.o   ext-courier.c.10904.0.s:17
_printf (printf.o):
    ext-courier.c.10904.0.o   ext-courier.c.10904.0.s:15
_read (read.o):
    ext-courier.c.10904.0.o   ext-courier.c.10904.0.s:19
_read_xstack (read_xstack.o):
    read.o                    ../libwrk/rp6502/read.s:17
_ria_call_int (ria.o):
    errno.o                   rp6502/errno.s:12
    read_xstack.o             ../libwrk/rp6502/read_xstack.s:18
    open.o                    ../libwrk/rp6502/open.s:21
    close.o                   ../libwrk/rp6502/close.s:18
_ria_push_int (ria.o):
    read_xstack.o             ../libwrk/rp6502/read_xstack.s:16
_ria_set_ax (ria.o):
    read_xstack.o             ../libwrk/rp6502/read_xstack.s:17
    open.o                    ../libwrk/rp6502/open.s:20
    close.o                   ../libwrk/rp6502/close.s:17
_stdout (_file.o):
    printf.o                  common/printf.s:8
_strlen (strlen.o):
    _printf.o                 common/_printf.s:13
    open.o                    ../libwrk/rp6502/open.s:23
_strlower (strlower.o):
    _printf.o                 common/_printf.s:13
_ultoa (ltoa.o):
    _printf.o                 common/_printf.s:12
_vfprintf (vfprintf.o):
    printf.o                  common/printf.s:8
_write (write_stub.c.10904.2.o):
    fwrite.o                  common/fwrite.s:10
addeq0sp (addeqsp.o):
    ext-courier.c.10904.0.o   ext-courier.c.10904.0.s:809
    ext-courier.c.10904.0.o   ext-courier.c.10904.0.s:809
addeqysp (addeqsp.o):
    read_xstack.o             ../libwrk/rp6502/read_xstack.s:94
    read.o                    ../libwrk/rp6502/read.s:116
    write_stub.c.10904.2.o    write_stub.c.10904.2.s:64
    ext-courier.c.10904.0.o   ext-courier.c.10904.0.s:809
addysp (addysp.o):
    leave.o                   runtime/leave.s:14
    incsp8.o                  runtime/incsp8.s:8
    incsp6.o                  runtime/incsp6.s:8
    incsp4.o                  runtime/incsp4.s:8
    fwrite.o                  common/fwrite.s:11
    read_xstack.o             ../libwrk/rp6502/read_xstack.s:94
    read.o                    ../libwrk/rp6502/read.s:116
    printf.o                  common/printf.s:8
    incsp3.o                  runtime/incsp3.s:8
    write_stub.c.10904.2.o    write_stub.c.10904.2.s:64
axlong (axlong.o):
    _printf.o                 common/_printf.s:11
axulong (axlong.o):
    _printf.o                 common/_printf.s:11
c_sp (zeropage.o):
    popptr1.o                 runtime/popptr1.s:9
    lpush.o                   runtime/lpush.s:13
    leave.o                   runtime/leave.s:15
    leaaxsp.o                 runtime/leaaxsp.s:8
    enter.o                   runtime/enter.s:8
    decsp6.o                  runtime/decsp6.s:8
    _printf.o                 /home/wojciech/git/WojciechGw/cc65/asminc/zeropage.inc:11
    vfprintf.o                common/vfprintf.s:11
    subysp.o                  runtime/subysp.s:9
    subeqsp.o                 runtime/subeqsp.s:8
    staxsp.o                  runtime/staxsp.s:8
    read_xstack.o             ../libwrk/rp6502/read_xstack.s:10
    read.o                    ../libwrk/rp6502/read.s:10
    pushwsp.o                 runtime/pushwsp.s:8
    pushax.o                  runtime/pushax.s:8
    pusha.o                   runtime/pusha.s:8
    printf.o                  common/printf.s:9
    open.o                    ../libwrk/rp6502/open.s:10
    ldaxsp.o                  runtime/ldaxsp.s:8
    incsp2.o                  runtime/incsp2.s:8
    incsp1.o                  runtime/incsp1.s:8
    decsp4.o                  runtime/decsp4.s:8
    crt0.o                    /home/wojciech/git/WojciechGw/cc65/asminc/zeropage.inc:11
    addysp.o                  runtime/addysp.s:8
    addeqsp.o                 runtime/addeqsp.s:8
    write_stub.c.10904.2.o    write_stub.c.10904.2.s:10
    ext-courier.c.10904.0.o   ext-courier.c.10904.0.s:10
copydata (copydata.o):
    crt0.o                    rp6502/crt0.s:12
ctypemaskdirect (ctypemask.o):
    strlower.o                common/strlower.s:14
decax1 (decax1.o):
    open.o                    ../libwrk/rp6502/open.s:105
decsp4 (decsp4.o):
    lpush.o                   runtime/lpush.s:12
    read_xstack.o             ../libwrk/rp6502/read_xstack.s:94
    ext-courier.c.10904.0.o   ext-courier.c.10904.0.s:809
decsp6 (decsp6.o):
    _printf.o                 common/_printf.s:11
donelib (condes.o):
    crt0.o                    rp6502/crt0.s:12
    crt0_cmd.s.10904.1.o      crt0_cmd.s:2
enter (enter.o):
    open.o                    ../libwrk/rp6502/open.s:105
incsp1 (incsp1.o):
    ext-courier.c.10904.0.o   ext-courier.c.10904.0.s:809
incsp2 (incsp2.o):
    popptr1.o                 runtime/popptr1.s:8
    close.o                   ../libwrk/rp6502/close.s:47
    ext-courier.c.10904.0.o   ext-courier.c.10904.0.s:809
incsp3 (incsp3.o):
    ext-courier.c.10904.0.o   ext-courier.c.10904.0.s:809
incsp4 (incsp4.o):
    read.o                    ../libwrk/rp6502/read.s:116
incsp6 (incsp6.o):
    fwrite.o                  common/fwrite.s:11
    vfprintf.o                common/vfprintf.s:9
incsp8 (incsp8.o):
    read.o                    ../libwrk/rp6502/read.s:116
initlib (condes.o):
    crt0.o                    rp6502/crt0.s:12
    crt0_cmd.s.10904.1.o      crt0_cmd.s:2
initmainargs (initmainargs.s.10904.3.o):
    ext-courier.c.10904.0.o   ext-courier.c.10904.0.s:14
ldax0sp (ldaxsp.o):
    read_xstack.o             ../libwrk/rp6502/read_xstack.s:94
    read.o                    ../libwrk/rp6502/read.s:116
    open.o                    ../libwrk/rp6502/open.s:105
    close.o                   ../libwrk/rp6502/close.s:47
ldaxi (ldaxi.o):
    open.o                    ../libwrk/rp6502/open.s:105
ldaxysp (ldaxsp.o):
    fwrite.o                  common/fwrite.s:11
    read_xstack.o             ../libwrk/rp6502/read_xstack.s:94
    read.o                    ../libwrk/rp6502/read.s:116
leaa0sp (leaaxsp.o):
    open.o                    ../libwrk/rp6502/open.s:105
leavey (leave.o):
    open.o                    ../libwrk/rp6502/open.s:105
mul8x16 (mul8.o):
    mul.o                     runtime/mul.s:8
mul8x16a (mul8.o):
    mul.o                     runtime/mul.s:8
negeax (lneg.o):
    ltoa.o                    common/ltoa.s:9
popax (incsp2.o):
    ltoa.o                    common/ltoa.s:9
    _printf.o                 common/_printf.s:11
popptr1 (popptr1.o):
    udiv.o                    runtime/udiv.s:9
    mul8.o                    runtime/mul8.s:9
    mul.o                     runtime/mul.s:9
    ltoa.o                    common/ltoa.s:9
ptr1 (zeropage.o):
    udiv.o                    runtime/udiv.s:10
    strlower.o                common/strlower.s:13
    popptr1.o                 runtime/popptr1.s:9
    mul8.o                    runtime/mul8.s:10
    mul.o                     runtime/mul.s:10
    ltoa.o                    common/ltoa.s:11
    ldaxi.o                   runtime/ldaxi.s:8
    fwrite.o                  common/fwrite.s:14
    copydata.o                common/copydata.s:9
    _printf.o                 /home/wojciech/git/WojciechGw/cc65/asminc/zeropage.inc:12
    zerobss.o                 common/zerobss.s:9
    vfprintf.o                common/vfprintf.s:11
    read_xstack.o             ../libwrk/rp6502/read_xstack.s:11
    printf.o                  common/printf.s:9
    open.o                    ../libwrk/rp6502/open.s:11
    write_stub.c.10904.2.o    write_stub.c.10904.2.s:11
    ext-courier.c.10904.0.o   ext-courier.c.10904.0.s:11
ptr2 (zeropage.o):
    strlower.o                common/strlower.s:13
    ltoa.o                    common/ltoa.s:11
    copydata.o                common/copydata.s:9
    _printf.o                 /home/wojciech/git/WojciechGw/cc65/asminc/zeropage.inc:12
ptr3 (zeropage.o):
    ltoa.o                    common/ltoa.s:11
ptr4 (zeropage.o):
    udiv.o                    runtime/udiv.s:10
    mul8.o                    runtime/mul8.s:10
    mul.o                     runtime/mul.s:10
    strlen.o                  common/strlen.s:12
push0 (pushax.o):
    read.o                    ../libwrk/rp6502/read.s:116
push1 (push1.o):
    _printf.o                 common/_printf.s:11
    vfprintf.o                common/vfprintf.s:9
pusha (pusha.o):
    ext-courier.c.10904.0.o   ext-courier.c.10904.0.s:809
    ext-courier.c.10904.0.o   ext-courier.c.10904.0.s:809
pusha0 (pushax.o):
    push1.o                   runtime/push1.s:8
    fwrite.o                  common/fwrite.s:11
pushax (pushax.o):
    fwrite.o                  common/fwrite.s:11
    _printf.o                 common/_printf.s:11
    read_xstack.o             ../libwrk/rp6502/read_xstack.s:94
    read.o                    ../libwrk/rp6502/read.s:116
    printf.o                  common/printf.s:8
    open.o                    ../libwrk/rp6502/open.s:105
    close.o                   ../libwrk/rp6502/close.s:47
    write_stub.c.10904.2.o    write_stub.c.10904.2.s:64
    ext-courier.c.10904.0.o   ext-courier.c.10904.0.s:809
    ext-courier.c.10904.0.o   ext-courier.c.10904.0.s:809
pusheax (lpush.o):
    _printf.o                 common/_printf.s:11
pushwysp (pushwsp.o):
    fwrite.o                  common/fwrite.s:11
    vfprintf.o                common/vfprintf.s:9
    read.o                    ../libwrk/rp6502/read.s:116
    write_stub.c.10904.2.o    write_stub.c.10904.2.s:64
regbank (zeropage.o):
    _printf.o                 /home/wojciech/git/WojciechGw/cc65/asminc/zeropage.inc:14
sreg (zeropage.o):
    lneg.o                    runtime/lneg.s:11
    udiv.o                    runtime/udiv.s:10
    ltoa.o                    common/ltoa.s:11
    lpush.o                   runtime/lpush.s:13
    axlong.o                  runtime/axlong.s:9
    _printf.o                 /home/wojciech/git/WojciechGw/cc65/asminc/zeropage.inc:11
    ria.o                     rp6502/ria.s:13
    ext-courier.c.10904.0.o   ext-courier.c.10904.0.s:10
stax0sp (staxsp.o):
    read_xstack.o             ../libwrk/rp6502/read_xstack.s:94
staxysp (staxsp.o):
    read_xstack.o             ../libwrk/rp6502/read_xstack.s:94
    ext-courier.c.10904.0.o   ext-courier.c.10904.0.s:809
subeq0sp (subeqsp.o):
    open.o                    ../libwrk/rp6502/open.s:105
    write_stub.c.10904.2.o    write_stub.c.10904.2.s:64
subeqysp (subeqsp.o):
    read.o                    ../libwrk/rp6502/read.s:116
subysp (subysp.o):
    ext-courier.c.10904.0.o   ext-courier.c.10904.0.s:809
tmp1 (zeropage.o):
    mul.o                     runtime/mul.s:10
    ltoa.o                    common/ltoa.s:11
    copydata.o                common/copydata.s:9
    _printf.o                 /home/wojciech/git/WojciechGw/cc65/asminc/zeropage.inc:13
tosudivax (udiv.o):
    fwrite.o                  common/fwrite.s:12
tosumulax (mul.o):
    fwrite.o                  common/fwrite.s:12
zerobss (zerobss.o):
    crt0.o                    rp6502/crt0.s:12

