Modules list:
-------------
ext-help.c.21976.0.o:
    CODE              Offs=000000  Size=000336  Align=00001  Fill=0000
    RODATA            Offs=000000  Size=000E42  Align=00001  Fill=0000
crt0_cmd.s.21976.1.o:
    STARTUP           Offs=000000  Size=00001B  Align=00001  Fill=0000
write_stub.c.21976.2.o:
    CODE              Offs=000336  Size=00004C  Align=00001  Fill=0000
initmainargs.s.21976.3.o:
    STARTUP           Offs=00001B  Size=000001  Align=00001  Fill=0000
C:\@prg\cc65\lib/rp6502.lib(_file.o):
    DATA              Offs=000000  Size=00001E  Align=00001  Fill=0000
C:\@prg\cc65\lib/rp6502.lib(_hextab.o):
    RODATA            Offs=000E42  Size=000010  Align=00001  Fill=0000
C:\@prg\cc65\lib/rp6502.lib(_longminstr.o):
    RODATA            Offs=000E52  Size=00000C  Align=00001  Fill=0000
C:\@prg\cc65\lib/rp6502.lib(_printf.o):
    CODE              Offs=000382  Size=0003A1  Align=00001  Fill=0000
    BSS               Offs=000000  Size=00002B  Align=00001  Fill=0000
    DATA              Offs=00001E  Size=000003  Align=00001  Fill=0000
C:\@prg\cc65\lib/rp6502.lib(_seterrno.o):
    CODE              Offs=000723  Size=000009  Align=00001  Fill=0000
C:\@prg\cc65\lib/rp6502.lib(addeqsp.o):
    CODE              Offs=00072C  Size=000011  Align=00001  Fill=0000
C:\@prg\cc65\lib/rp6502.lib(addysp.o):
    CODE              Offs=00073D  Size=00000E  Align=00001  Fill=0000
C:\@prg\cc65\lib/rp6502.lib(axlong.o):
    CODE              Offs=00074B  Size=00000D  Align=00001  Fill=0000
C:\@prg\cc65\lib/rp6502.lib(condes.o):
    CODE              Offs=000758  Size=00000C  Align=00001  Fill=0000
    DATA              Offs=000021  Size=000025  Align=00001  Fill=0000
    ONCE              Offs=000000  Size=00000C  Align=00001  Fill=0000
C:\@prg\cc65\lib/rp6502.lib(copydata.o):
    CODE              Offs=000764  Size=00002D  Align=00001  Fill=0000
C:\@prg\cc65\lib/rp6502.lib(crt0.o):
    STARTUP           Offs=00001C  Size=00002B  Align=00001  Fill=0000
C:\@prg\cc65\lib/rp6502.lib(ctype.o):
    RODATA            Offs=000E5E  Size=00008B  Align=00001  Fill=0000
C:\@prg\cc65\lib/rp6502.lib(ctypemask.o):
    CODE              Offs=000791  Size=00001E  Align=00001  Fill=0000
C:\@prg\cc65\lib/rp6502.lib(decsp2.o):
    CODE              Offs=0007AF  Size=00000D  Align=00001  Fill=0000
C:\@prg\cc65\lib/rp6502.lib(decsp4.o):
    CODE              Offs=0007BC  Size=00000D  Align=00001  Fill=0000
C:\@prg\cc65\lib/rp6502.lib(decsp6.o):
    CODE              Offs=0007C9  Size=00000D  Align=00001  Fill=0000
C:\@prg\cc65\lib/rp6502.lib(errno.o):
    CODE              Offs=0007D6  Size=00000A  Align=00001  Fill=0000
C:\@prg\cc65\lib/rp6502.lib(fwrite.o):
    CODE              Offs=0007E0  Size=000077  Align=00001  Fill=0000
    BSS               Offs=00002B  Size=000002  Align=00001  Fill=0000
C:\@prg\cc65\lib/rp6502.lib(incsp2.o):
    CODE              Offs=000857  Size=000015  Align=00001  Fill=0000
C:\@prg\cc65\lib/rp6502.lib(incsp6.o):
    CODE              Offs=00086C  Size=000005  Align=00001  Fill=0000
C:\@prg\cc65\lib/rp6502.lib(ldaxsp.o):
    CODE              Offs=000871  Size=000009  Align=00001  Fill=0000
C:\@prg\cc65\lib/rp6502.lib(lneg.o):
    CODE              Offs=00087A  Size=00001E  Align=00001  Fill=0000
C:\@prg\cc65\lib/rp6502.lib(lpush.o):
    CODE              Offs=000898  Size=00001E  Align=00001  Fill=0000
C:\@prg\cc65\lib/rp6502.lib(ltoa.o):
    CODE              Offs=0008B6  Size=000093  Align=00001  Fill=0000
C:\@prg\cc65\lib/rp6502.lib(mul.o):
    CODE              Offs=000949  Size=000045  Align=00001  Fill=0000
C:\@prg\cc65\lib/rp6502.lib(mul8.o):
    CODE              Offs=00098E  Size=00003A  Align=00001  Fill=0000
C:\@prg\cc65\lib/rp6502.lib(mulax6.o):
    CODE              Offs=0009C8  Size=000016  Align=00001  Fill=0000
C:\@prg\cc65\lib/rp6502.lib(popptr1.o):
    CODE              Offs=0009DE  Size=00000E  Align=00001  Fill=0000
C:\@prg\cc65\lib/rp6502.lib(printf.o):
    CODE              Offs=0009EC  Size=000033  Align=00001  Fill=0000
    BSS               Offs=00002D  Size=000001  Align=00001  Fill=0000
C:\@prg\cc65\lib/rp6502.lib(push1.o):
    CODE              Offs=000A1F  Size=000005  Align=00001  Fill=0000
C:\@prg\cc65\lib/rp6502.lib(pushax.o):
    CODE              Offs=000A24  Size=00001A  Align=00001  Fill=0000
C:\@prg\cc65\lib/rp6502.lib(pushwsp.o):
    CODE              Offs=000A3E  Size=00001C  Align=00001  Fill=0000
C:\@prg\cc65\lib/rp6502.lib(ria.o):
    CODE              Offs=000A5A  Size=00004E  Align=00001  Fill=0000
C:\@prg\cc65\lib/rp6502.lib(strcmp.o):
    CODE              Offs=000AA8  Size=000021  Align=00001  Fill=0000
C:\@prg\cc65\lib/rp6502.lib(strlen.o):
    CODE              Offs=000AC9  Size=000016  Align=00001  Fill=0000
C:\@prg\cc65\lib/rp6502.lib(strlower.o):
    CODE              Offs=000ADF  Size=000027  Align=00001  Fill=0000
C:\@prg\cc65\lib/rp6502.lib(subeqsp.o):
    CODE              Offs=000B06  Size=000015  Align=00001  Fill=0000
C:\@prg\cc65\lib/rp6502.lib(udiv.o):
    CODE              Offs=000B1B  Size=00004F  Align=00001  Fill=0000
C:\@prg\cc65\lib/rp6502.lib(vfprintf.o):
    CODE              Offs=000B6A  Size=000060  Align=00001  Fill=0000
    DATA              Offs=000046  Size=000008  Align=00001  Fill=0000
C:\@prg\cc65\lib/rp6502.lib(zerobss.o):
    CODE              Offs=000BCA  Size=000023  Align=00001  Fill=0000
C:\@prg\cc65\lib/rp6502.lib(zeropage.o):
    ZEROPAGE          Offs=000000  Size=00001A  Align=00001  Fill=0000


Segment list:
-------------
Name                   Start     End    Size  Align
----------------------------------------------------
ZEROPAGE              000000  000019  00001A  00001
STARTUP               009300  009346  000047  00001
ONCE                  009347  009354  00000E  00001
CODE                  009355  009F41  000BED  00001
RODATA                009F42  00AE2A  000EE9  00001
DATA                  00AE2B  00AE78  00004E  00001
BSS                   00AE79  00AEA6  00002E  00001


Exports list by name:
---------------------
__BSS_RUN__               00AE79 RLA    __BSS_SIZE__              00002E REA    
__CONSTRUCTOR_COUNT__     000001 REA    __CONSTRUCTOR_TABLE__     009353 RLA    
__DATA_LOAD__             00AE2B RLA    __DATA_RUN__              00AE2B RLA    
__DATA_SIZE__             00004E REA    __DESTRUCTOR_COUNT__      000000 REA    
__DESTRUCTOR_TABLE__      00AE2B RLA    __RAM_SIZE__              006900 REA    
__RAM_START__             009300 RLA    __STACKSIZE__             000300 REA    
__STARTADDR__             009300 REA    __STARTUP__               000001 REA    
___errno                  00FFED RLA    ___seterrno               009A78 RLA    
__ctype                   00ADA0 RLA    __ctypeidx                00ADAB RLA    
__hextab                  00AD84 RLA    __longminstr              00AD94 RLA    
__printf                  0097C8 RLA    _errno_opt_constructor    009B2B  LAI   
_fwrite                   009B35 RLA    _ltoa                     009C23 RLA    
_main                     009355 RLA    _printf                   009D41 RLA    
_ria_call_int             009DE6 RLA    _stdout                   00AE45 RLA    
_strcmp                   009DFD RLA    _strlen                   009E1E RLA    
_strlower                 009E34 RLA    _ultoa                    009C62 RLA    
_vfprintf                 009EF6 RLA    _write                    00968B RLA    
addeq0sp                  009A81 RLA    addeqysp                  009A83 RLA    
addysp                    009A93 RLA    axlong                    009AA0 RLA    
axulong                   009AA6 RLA    c_sp                      000000 RLZ    
copydata                  009AB9 RLA    ctypemaskdirect           009AEA RLA    
decsp2                    009B04 RLA    decsp4                    009B11 RLA    
decsp6                    009B1E RLA    donelib                   009AAD RLA    
incsp2                    009BB3 RLA    incsp6                    009BC1 RLA    
initlib                   009347 RLA    initmainargs              00931B REA    
ldaxysp                   009BC8 RLA    mul8x16                   009CE5 RLA    
mul8x16a                  009CEF RLA    mulax6                    009D1D RLA    
negeax                    009BCF RLA    popax                     009BAC RLA    
popptr1                   009D33 RLA    ptr1                      000008 RLZ    
ptr2                      00000A RLZ    ptr3                      00000C RLZ    
ptr4                      00000E RLZ    push1                     009D74 RLA    
pusha0                    009D7B RLA    pushax                    009D7D RLA    
pusheax                   009BF4 RLA    pushwysp                  009D95 RLA    
regbank                   000014 RLZ    sreg                      000002 RLZ    
subeq0sp                  009E5B RLA    tmp1                      000010 RLZ    
tosudivax                 009E72 RLA    tosumulax                 009C9E RLA    
zerobss                   009F1F RLA    


Exports list by value:
----------------------
__DESTRUCTOR_COUNT__      000000 REA    c_sp                      000000 RLZ    
__CONSTRUCTOR_COUNT__     000001 REA    __STARTUP__               000001 REA    
sreg                      000002 RLZ    ptr1                      000008 RLZ    
ptr2                      00000A RLZ    ptr3                      00000C RLZ    
ptr4                      00000E RLZ    tmp1                      000010 RLZ    
regbank                   000014 RLZ    __BSS_SIZE__              00002E REA    
__DATA_SIZE__             00004E REA    __STACKSIZE__             000300 REA    
__RAM_SIZE__              006900 REA    __RAM_START__             009300 RLA    
__STARTADDR__             009300 REA    initmainargs              00931B REA    
initlib                   009347 RLA    __CONSTRUCTOR_TABLE__     009353 RLA    
_main                     009355 RLA    _write                    00968B RLA    
__printf                  0097C8 RLA    ___seterrno               009A78 RLA    
addeq0sp                  009A81 RLA    addeqysp                  009A83 RLA    
addysp                    009A93 RLA    axlong                    009AA0 RLA    
axulong                   009AA6 RLA    donelib                   009AAD RLA    
copydata                  009AB9 RLA    ctypemaskdirect           009AEA RLA    
decsp2                    009B04 RLA    decsp4                    009B11 RLA    
decsp6                    009B1E RLA    _errno_opt_constructor    009B2B  LAI   
_fwrite                   009B35 RLA    popax                     009BAC RLA    
incsp2                    009BB3 RLA    incsp6                    009BC1 RLA    
ldaxysp                   009BC8 RLA    negeax                    009BCF RLA    
pusheax                   009BF4 RLA    _ltoa                     009C23 RLA    
_ultoa                    009C62 RLA    tosumulax                 009C9E RLA    
mul8x16                   009CE5 RLA    mul8x16a                  009CEF RLA    
mulax6                    009D1D RLA    popptr1                   009D33 RLA    
_printf                   009D41 RLA    push1                     009D74 RLA    
pusha0                    009D7B RLA    pushax                    009D7D RLA    
pushwysp                  009D95 RLA    _ria_call_int             009DE6 RLA    
_strcmp                   009DFD RLA    _strlen                   009E1E RLA    
_strlower                 009E34 RLA    subeq0sp                  009E5B RLA    
tosudivax                 009E72 RLA    _vfprintf                 009EF6 RLA    
zerobss                   009F1F RLA    __hextab                  00AD84 RLA    
__longminstr              00AD94 RLA    __ctype                   00ADA0 RLA    
__ctypeidx                00ADAB RLA    __DATA_LOAD__             00AE2B RLA    
__DATA_RUN__              00AE2B RLA    __DESTRUCTOR_TABLE__      00AE2B RLA    
_stdout                   00AE45 RLA    __BSS_RUN__               00AE79 RLA    
___errno                  00FFED RLA    


Imports list:
-------------
__BSS_RUN__ ([linker generated]):
    zerobss.o                 common/zerobss.s:8
__BSS_SIZE__ ([linker generated]):
    zerobss.o                 common/zerobss.s:8
__CONSTRUCTOR_COUNT__ ([linker generated]):
    condes.o                  runtime/condes.s:18
__CONSTRUCTOR_TABLE__ ([linker generated]):
    condes.o                  runtime/condes.s:18
__DATA_LOAD__ ([linker generated]):
    copydata.o                common/copydata.s:8
__DATA_RUN__ ([linker generated]):
    copydata.o                common/copydata.s:8
__DATA_SIZE__ ([linker generated]):
    copydata.o                common/copydata.s:8
__DESTRUCTOR_COUNT__ ([linker generated]):
    condes.o                  runtime/condes.s:19
__DESTRUCTOR_TABLE__ ([linker generated]):
    condes.o                  runtime/condes.s:19
__RAM_SIZE__ ([linker generated]):
    crt0.o                    rp6502/crt0.s:10
__RAM_START__ ([linker generated]):
    crt0.o                    rp6502/crt0.s:10
__STACKSIZE__ ([linker generated]):
    [linker generated]        ../ext0x9300.cfg:9
__STARTADDR__ ([linker generated]):
    [linker generated]        ../ext0x9300.cfg:9
    [linker generated]        ../ext0x9300.cfg:9
__STARTUP__ (crt0.o):
    ext-help.c.21976.0.o      ext-help.c.21976.0.s:13
    [linker generated]        ../ext0x9300.cfg:3
___errno (errno.o):
    _seterrno.o               /home/wojciech/git/WojciechGw/cc65/asminc/errno.inc:7
___seterrno (_seterrno.o):
    fwrite.o                  /home/wojciech/git/WojciechGw/cc65/asminc/errno.inc:9
__ctype (ctype.o):
    ctypemask.o               common/ctypemask.s:23
__ctypeidx (ctype.o):
    ctypemask.o               common/ctypemask.s:24
__hextab (_hextab.o):
    ltoa.o                    common/ltoa.s:10
__longminstr (_longminstr.o):
    ltoa.o                    common/ltoa.s:10
__printf (_printf.o):
    vfprintf.o                common/vfprintf.s:10
_fwrite (fwrite.o):
    vfprintf.o                common/vfprintf.s:10
_ltoa (ltoa.o):
    _printf.o                 common/_printf.s:12
_main (ext-help.c.21976.0.o):
    crt0.o                    rp6502/crt0.s:7
    crt0_cmd.s.21976.1.o      crt0_cmd.s:2
_printf (printf.o):
    ext-help.c.21976.0.o      ext-help.c.21976.0.s:15
_ria_call_int (ria.o):
    errno.o                   rp6502/errno.s:12
_stdout (_file.o):
    printf.o                  common/printf.s:8
_strcmp (strcmp.o):
    ext-help.c.21976.0.o      ext-help.c.21976.0.s:16
_strlen (strlen.o):
    _printf.o                 common/_printf.s:13
_strlower (strlower.o):
    _printf.o                 common/_printf.s:13
_ultoa (ltoa.o):
    _printf.o                 common/_printf.s:12
_vfprintf (vfprintf.o):
    printf.o                  common/printf.s:8
_write (write_stub.c.21976.2.o):
    fwrite.o                  common/fwrite.s:10
addeq0sp (addeqsp.o):
    ext-help.c.21976.0.o      ext-help.c.21976.0.s:934
addeqysp (addeqsp.o):
    write_stub.c.21976.2.o    write_stub.c.21976.2.s:64
addysp (addysp.o):
    incsp6.o                  runtime/incsp6.s:8
    fwrite.o                  common/fwrite.s:11
    printf.o                  common/printf.s:8
    write_stub.c.21976.2.o    write_stub.c.21976.2.s:64
axlong (axlong.o):
    _printf.o                 common/_printf.s:11
axulong (axlong.o):
    _printf.o                 common/_printf.s:11
c_sp (zeropage.o):
    decsp4.o                  runtime/decsp4.s:8
    popptr1.o                 runtime/popptr1.s:9
    lpush.o                   runtime/lpush.s:13
    ldaxsp.o                  runtime/ldaxsp.s:8
    incsp2.o                  runtime/incsp2.s:8
    decsp6.o                  runtime/decsp6.s:8
    _printf.o                 /home/wojciech/git/WojciechGw/cc65/asminc/zeropage.inc:11
    vfprintf.o                common/vfprintf.s:11
    subeqsp.o                 runtime/subeqsp.s:8
    pushwsp.o                 runtime/pushwsp.s:8
    pushax.o                  runtime/pushax.s:8
    printf.o                  common/printf.s:9
    decsp2.o                  runtime/decsp2.s:8
    crt0.o                    /home/wojciech/git/WojciechGw/cc65/asminc/zeropage.inc:11
    addysp.o                  runtime/addysp.s:8
    addeqsp.o                 runtime/addeqsp.s:8
    write_stub.c.21976.2.o    write_stub.c.21976.2.s:10
    ext-help.c.21976.0.o      ext-help.c.21976.0.s:10
copydata (copydata.o):
    crt0.o                    rp6502/crt0.s:12
ctypemaskdirect (ctypemask.o):
    strlower.o                common/strlower.s:14
decsp2 (decsp2.o):
    ext-help.c.21976.0.o      ext-help.c.21976.0.s:934
decsp4 (decsp4.o):
    lpush.o                   runtime/lpush.s:12
decsp6 (decsp6.o):
    _printf.o                 common/_printf.s:11
donelib (condes.o):
    crt0.o                    rp6502/crt0.s:12
    crt0_cmd.s.21976.1.o      crt0_cmd.s:2
incsp2 (incsp2.o):
    popptr1.o                 runtime/popptr1.s:8
incsp6 (incsp6.o):
    fwrite.o                  common/fwrite.s:11
    vfprintf.o                common/vfprintf.s:9
initlib (condes.o):
    crt0.o                    rp6502/crt0.s:12
    crt0_cmd.s.21976.1.o      crt0_cmd.s:2
initmainargs (initmainargs.s.21976.3.o):
    ext-help.c.21976.0.o      ext-help.c.21976.0.s:14
ldaxysp (ldaxsp.o):
    fwrite.o                  common/fwrite.s:11
mul8x16 (mul8.o):
    mul.o                     runtime/mul.s:8
mul8x16a (mul8.o):
    mul.o                     runtime/mul.s:8
mulax6 (mulax6.o):
    ext-help.c.21976.0.o      ext-help.c.21976.0.s:934
negeax (lneg.o):
    ltoa.o                    common/ltoa.s:9
popax (incsp2.o):
    ltoa.o                    common/ltoa.s:9
    _printf.o                 common/_printf.s:11
popptr1 (popptr1.o):
    udiv.o                    runtime/udiv.s:9
    mul8.o                    runtime/mul8.s:9
    mul.o                     runtime/mul.s:9
    ltoa.o                    common/ltoa.s:9
    strcmp.o                  common/strcmp.s:8
ptr1 (zeropage.o):
    udiv.o                    runtime/udiv.s:10
    strlower.o                common/strlower.s:13
    popptr1.o                 runtime/popptr1.s:9
    mul8.o                    runtime/mul8.s:10
    mul.o                     runtime/mul.s:10
    ltoa.o                    common/ltoa.s:11
    fwrite.o                  common/fwrite.s:14
    copydata.o                common/copydata.s:9
    _printf.o                 /home/wojciech/git/WojciechGw/cc65/asminc/zeropage.inc:12
    zerobss.o                 common/zerobss.s:9
    vfprintf.o                common/vfprintf.s:11
    strcmp.o                  common/strcmp.s:9
    printf.o                  common/printf.s:9
    mulax6.o                  runtime/mulax6.s:9
    write_stub.c.21976.2.o    write_stub.c.21976.2.s:11
    ext-help.c.21976.0.o      ext-help.c.21976.0.s:11
ptr2 (zeropage.o):
    strlower.o                common/strlower.s:13
    ltoa.o                    common/ltoa.s:11
    copydata.o                common/copydata.s:9
    _printf.o                 /home/wojciech/git/WojciechGw/cc65/asminc/zeropage.inc:12
    strcmp.o                  common/strcmp.s:9
ptr3 (zeropage.o):
    ltoa.o                    common/ltoa.s:11
ptr4 (zeropage.o):
    udiv.o                    runtime/udiv.s:10
    strlen.o                  common/strlen.s:12
    mul8.o                    runtime/mul8.s:10
    mul.o                     runtime/mul.s:10
push1 (push1.o):
    _printf.o                 common/_printf.s:11
    vfprintf.o                common/vfprintf.s:9
pusha0 (pushax.o):
    push1.o                   runtime/push1.s:8
    fwrite.o                  common/fwrite.s:11
pushax (pushax.o):
    fwrite.o                  common/fwrite.s:11
    _printf.o                 common/_printf.s:11
    printf.o                  common/printf.s:8
    write_stub.c.21976.2.o    write_stub.c.21976.2.s:64
    ext-help.c.21976.0.o      ext-help.c.21976.0.s:934
pusheax (lpush.o):
    _printf.o                 common/_printf.s:11
pushwysp (pushwsp.o):
    fwrite.o                  common/fwrite.s:11
    vfprintf.o                common/vfprintf.s:9
    write_stub.c.21976.2.o    write_stub.c.21976.2.s:64
regbank (zeropage.o):
    _printf.o                 /home/wojciech/git/WojciechGw/cc65/asminc/zeropage.inc:14
sreg (zeropage.o):
    ria.o                     rp6502/ria.s:13
    lneg.o                    runtime/lneg.s:11
    udiv.o                    runtime/udiv.s:10
    ltoa.o                    common/ltoa.s:11
    lpush.o                   runtime/lpush.s:13
    axlong.o                  runtime/axlong.s:9
    _printf.o                 /home/wojciech/git/WojciechGw/cc65/asminc/zeropage.inc:11
subeq0sp (subeqsp.o):
    write_stub.c.21976.2.o    write_stub.c.21976.2.s:64
tmp1 (zeropage.o):
    mul.o                     runtime/mul.s:10
    ltoa.o                    common/ltoa.s:11
    copydata.o                common/copydata.s:9
    _printf.o                 /home/wojciech/git/WojciechGw/cc65/asminc/zeropage.inc:13
tosudivax (udiv.o):
    fwrite.o                  common/fwrite.s:12
tosumulax (mul.o):
    fwrite.o                  common/fwrite.s:12
zerobss (zerobss.o):
    crt0.o                    rp6502/crt0.s:12

