Modules list:
-------------
ext-dir.c.9608.0.o:
    CODE              Offs=000000  Size=001104  Align=00001  Fill=0000
    RODATA            Offs=000000  Size=0001A6  Align=00001  Fill=0000
    BSS               Offs=000000  Size=00016E  Align=00001  Fill=0000
    DATA              Offs=000000  Size=000001  Align=00001  Fill=0000
crt0_cmd.s.9608.1.o:
    STARTUP           Offs=000000  Size=00001B  Align=00001  Fill=0000
write_stub.c.9608.2.o:
    CODE              Offs=001104  Size=00004C  Align=00001  Fill=0000
initmainargs.s.9608.3.o:
    STARTUP           Offs=00001B  Size=000001  Align=00001  Fill=0000
C:\@prg\cc65\lib/rp6502.lib(_file.o):
    DATA              Offs=000001  Size=00001E  Align=00001  Fill=0000
C:\@prg\cc65\lib/rp6502.lib(_heap.o):
    DATA              Offs=00001F  Size=00000A  Align=00001  Fill=0000
    ONCE              Offs=000000  Size=000010  Align=00001  Fill=0000
C:\@prg\cc65\lib/rp6502.lib(_hextab.o):
    RODATA            Offs=0001A6  Size=000010  Align=00001  Fill=0000
C:\@prg\cc65\lib/rp6502.lib(_longminstr.o):
    RODATA            Offs=0001B6  Size=00000C  Align=00001  Fill=0000
C:\@prg\cc65\lib/rp6502.lib(_printf.o):
    CODE              Offs=001150  Size=0003A1  Align=00001  Fill=0000
    BSS               Offs=00016E  Size=00002B  Align=00001  Fill=0000
    DATA              Offs=000029  Size=000003  Align=00001  Fill=0000
C:\@prg\cc65\lib/rp6502.lib(_seterrno.o):
    CODE              Offs=0014F1  Size=000009  Align=00001  Fill=0000
C:\@prg\cc65\lib/rp6502.lib(add.o):
    CODE              Offs=0014FA  Size=000018  Align=00001  Fill=0000
C:\@prg\cc65\lib/rp6502.lib(addeqsp.o):
    CODE              Offs=001512  Size=000011  Align=00001  Fill=0000
C:\@prg\cc65\lib/rp6502.lib(addysp.o):
    CODE              Offs=001523  Size=00000E  Align=00001  Fill=0000
C:\@prg\cc65\lib/rp6502.lib(axlong.o):
    CODE              Offs=001531  Size=00000D  Align=00001  Fill=0000
C:\@prg\cc65\lib/rp6502.lib(bneg.o):
    CODE              Offs=00153E  Size=00000E  Align=00001  Fill=0000
C:\@prg\cc65\lib/rp6502.lib(condes.o):
    CODE              Offs=00154C  Size=00000C  Align=00001  Fill=0000
    DATA              Offs=00002C  Size=000025  Align=00001  Fill=0000
    ONCE              Offs=000010  Size=00000C  Align=00001  Fill=0000
C:\@prg\cc65\lib/rp6502.lib(ctype.o):
    RODATA            Offs=0001C2  Size=00008B  Align=00001  Fill=0000
C:\@prg\cc65\lib/rp6502.lib(ctypemask.o):
    CODE              Offs=001558  Size=00001E  Align=00001  Fill=0000
C:\@prg\cc65\lib/rp6502.lib(decsp2.o):
    CODE              Offs=001576  Size=00000D  Align=00001  Fill=0000
C:\@prg\cc65\lib/rp6502.lib(decsp3.o):
    CODE              Offs=001583  Size=00000D  Align=00001  Fill=0000
C:\@prg\cc65\lib/rp6502.lib(decsp4.o):
    CODE              Offs=001590  Size=00000D  Align=00001  Fill=0000
C:\@prg\cc65\lib/rp6502.lib(decsp6.o):
    CODE              Offs=00159D  Size=00000D  Align=00001  Fill=0000
C:\@prg\cc65\lib/rp6502.lib(errno.o):
    CODE              Offs=0015AA  Size=00000A  Align=00001  Fill=0000
C:\@prg\cc65\lib/rp6502.lib(f_chdrive.o):
    CODE              Offs=0015B4  Size=00004A  Align=00001  Fill=0000
C:\@prg\cc65\lib/rp6502.lib(f_closedir.o):
    CODE              Offs=0015FE  Size=000011  Align=00001  Fill=0000
C:\@prg\cc65\lib/rp6502.lib(f_getcwd.o):
    CODE              Offs=00160F  Size=000070  Align=00001  Fill=0000
C:\@prg\cc65\lib/rp6502.lib(f_opendir.o):
    CODE              Offs=00167F  Size=00004A  Align=00001  Fill=0000
C:\@prg\cc65\lib/rp6502.lib(f_readdir.o):
    CODE              Offs=0016C9  Size=000055  Align=00001  Fill=0000
C:\@prg\cc65\lib/rp6502.lib(free.o):
    CODE              Offs=00171E  Size=0001D3  Align=00001  Fill=0000
C:\@prg\cc65\lib/rp6502.lib(fwrite.o):
    CODE              Offs=0018F1  Size=000077  Align=00001  Fill=0000
    BSS               Offs=000199  Size=000002  Align=00001  Fill=0000
C:\@prg\cc65\lib/rp6502.lib(icmp.o):
    CODE              Offs=001968  Size=00002E  Align=00001  Fill=0000
C:\@prg\cc65\lib/rp6502.lib(incsp1.o):
    CODE              Offs=001996  Size=000007  Align=00001  Fill=0000
C:\@prg\cc65\lib/rp6502.lib(incsp2.o):
    CODE              Offs=00199D  Size=000015  Align=00001  Fill=0000
C:\@prg\cc65\lib/rp6502.lib(incsp4.o):
    CODE              Offs=0019B2  Size=000005  Align=00001  Fill=0000
C:\@prg\cc65\lib/rp6502.lib(incsp6.o):
    CODE              Offs=0019B7  Size=000005  Align=00001  Fill=0000
C:\@prg\cc65\lib/rp6502.lib(incsp8.o):
    CODE              Offs=0019BC  Size=000005  Align=00001  Fill=0000
C:\@prg\cc65\lib/rp6502.lib(laddeqsp.o):
    CODE              Offs=0019C1  Size=000023  Align=00001  Fill=0000
C:\@prg\cc65\lib/rp6502.lib(lcmp.o):
    CODE              Offs=0019E4  Size=00003B  Align=00001  Fill=0000
C:\@prg\cc65\lib/rp6502.lib(ldaxsp.o):
    CODE              Offs=001A1F  Size=000009  Align=00001  Fill=0000
C:\@prg\cc65\lib/rp6502.lib(ldeaxi.o):
    CODE              Offs=001A28  Size=000017  Align=00001  Fill=0000
C:\@prg\cc65\lib/rp6502.lib(ldeaxysp.o):
    CODE              Offs=001A3F  Size=000013  Align=00001  Fill=0000
C:\@prg\cc65\lib/rp6502.lib(leq.o):
    CODE              Offs=001A52  Size=000006  Align=00001  Fill=0000
C:\@prg\cc65\lib/rp6502.lib(linc.o):
    CODE              Offs=001A58  Size=000011  Align=00001  Fill=0000
C:\@prg\cc65\lib/rp6502.lib(lneg.o):
    CODE              Offs=001A69  Size=00001E  Align=00001  Fill=0000
C:\@prg\cc65\lib/rp6502.lib(lor.o):
    CODE              Offs=001A87  Size=000021  Align=00001  Fill=0000
C:\@prg\cc65\lib/rp6502.lib(lpush.o):
    CODE              Offs=001AA8  Size=00001E  Align=00001  Fill=0000
C:\@prg\cc65\lib/rp6502.lib(ltest.o):
    CODE              Offs=001AC6  Size=00000F  Align=00001  Fill=0000
C:\@prg\cc65\lib/rp6502.lib(ltoa.o):
    CODE              Offs=001AD5  Size=000093  Align=00001  Fill=0000
C:\@prg\cc65\lib/rp6502.lib(ludiv.o):
    CODE              Offs=001B68  Size=000077  Align=00001  Fill=0000
C:\@prg\cc65\lib/rp6502.lib(lugt.o):
    CODE              Offs=001BDF  Size=000006  Align=00001  Fill=0000
C:\@prg\cc65\lib/rp6502.lib(lult.o):
    CODE              Offs=001BE5  Size=000006  Align=00001  Fill=0000
C:\@prg\cc65\lib/rp6502.lib(lumod.o):
    CODE              Offs=001BEB  Size=000017  Align=00001  Fill=0000
C:\@prg\cc65\lib/rp6502.lib(makebool.o):
    CODE              Offs=001C02  Size=00002C  Align=00001  Fill=0000
C:\@prg\cc65\lib/rp6502.lib(malloc.o):
    CODE              Offs=001C2E  Size=000110  Align=00001  Fill=0000
C:\@prg\cc65\lib/rp6502.lib(memcpy.o):
    CODE              Offs=001D3E  Size=00003C  Align=00001  Fill=0000
C:\@prg\cc65\lib/rp6502.lib(mul.o):
    CODE              Offs=001D7A  Size=000045  Align=00001  Fill=0000
C:\@prg\cc65\lib/rp6502.lib(mul8.o):
    CODE              Offs=001DBF  Size=00003A  Align=00001  Fill=0000
C:\@prg\cc65\lib/rp6502.lib(popptr1.o):
    CODE              Offs=001DF9  Size=00000E  Align=00001  Fill=0000
C:\@prg\cc65\lib/rp6502.lib(printf.o):
    CODE              Offs=001E07  Size=000033  Align=00001  Fill=0000
    BSS               Offs=00019B  Size=000001  Align=00001  Fill=0000
C:\@prg\cc65\lib/rp6502.lib(push1.o):
    CODE              Offs=001E3A  Size=000005  Align=00001  Fill=0000
C:\@prg\cc65\lib/rp6502.lib(pusha.o):
    CODE              Offs=001E3F  Size=000016  Align=00001  Fill=0000
C:\@prg\cc65\lib/rp6502.lib(pushax.o):
    CODE              Offs=001E55  Size=00001A  Align=00001  Fill=0000
C:\@prg\cc65\lib/rp6502.lib(pushwsp.o):
    CODE              Offs=001E6F  Size=00001C  Align=00001  Fill=0000
C:\@prg\cc65\lib/rp6502.lib(ria.o):
    CODE              Offs=001E8B  Size=00004E  Align=00001  Fill=0000
C:\@prg\cc65\lib/rp6502.lib(shrax1.o):
    CODE              Offs=001ED9  Size=000008  Align=00001  Fill=0000
C:\@prg\cc65\lib/rp6502.lib(shrax4.o):
    CODE              Offs=001EE1  Size=000011  Align=00001  Fill=0000
C:\@prg\cc65\lib/rp6502.lib(shreax4.o):
    CODE              Offs=001EF2  Size=000011  Align=00001  Fill=0000
C:\@prg\cc65\lib/rp6502.lib(staspidx.o):
    CODE              Offs=001F03  Size=000016  Align=00001  Fill=0000
C:\@prg\cc65\lib/rp6502.lib(staxsp.o):
    CODE              Offs=001F19  Size=00000B  Align=00001  Fill=0000
C:\@prg\cc65\lib/rp6502.lib(steaxsp.o):
    CODE              Offs=001F24  Size=000015  Align=00001  Fill=0000
C:\@prg\cc65\lib/rp6502.lib(steaxspi.o):
    CODE              Offs=001F39  Size=000022  Align=00001  Fill=0000
C:\@prg\cc65\lib/rp6502.lib(strcmp.o):
    CODE              Offs=001F5B  Size=000021  Align=00001  Fill=0000
C:\@prg\cc65\lib/rp6502.lib(strcpy.o):
    CODE              Offs=001F7C  Size=00001F  Align=00001  Fill=0000
C:\@prg\cc65\lib/rp6502.lib(strlen.o):
    CODE              Offs=001F9B  Size=000016  Align=00001  Fill=0000
C:\@prg\cc65\lib/rp6502.lib(strlower.o):
    CODE              Offs=001FB1  Size=000027  Align=00001  Fill=0000
C:\@prg\cc65\lib/rp6502.lib(subeqsp.o):
    CODE              Offs=001FD8  Size=000015  Align=00001  Fill=0000
C:\@prg\cc65\lib/rp6502.lib(subysp.o):
    CODE              Offs=001FED  Size=00000D  Align=00001  Fill=0000
C:\@prg\cc65\lib/rp6502.lib(udiv.o):
    CODE              Offs=001FFA  Size=00004F  Align=00001  Fill=0000
C:\@prg\cc65\lib/rp6502.lib(umod.o):
    CODE              Offs=002049  Size=000011  Align=00001  Fill=0000
C:\@prg\cc65\lib/rp6502.lib(vfprintf.o):
    CODE              Offs=00205A  Size=000060  Align=00001  Fill=0000
    DATA              Offs=000051  Size=000008  Align=00001  Fill=0000
C:\@prg\cc65\lib/rp6502.lib(zeropage.o):
    ZEROPAGE          Offs=000000  Size=00001A  Align=00001  Fill=0000


Segment list:
-------------
Name                   Start     End    Size  Align
----------------------------------------------------
ZEROPAGE              000000  000019  00001A  00001
STARTUP               00C000  00C01B  00001C  00001
ONCE                  00C01C  00C03B  000020  00001
CODE                  00C03C  00E0F5  0020BA  00001
RODATA                00E0F6  00E342  00024D  00001
DATA                  00E343  00E39B  000059  00001
BSS                   00E39C  00E537  00019C  00001


Exports list by name:
---------------------
__BSS_RUN__               00E39C RLA    __BSS_SIZE__              00019C REA    
__CONSTRUCTOR_COUNT__     000002 REA    __CONSTRUCTOR_TABLE__     00C038 RLA    
__DESTRUCTOR_COUNT__      000000 REA    __DESTRUCTOR_TABLE__      00E343 RLA    
__STACKSIZE__             000400 REA    __STARTUP__               00C000 RLA    
___errno                  00FFED RLA    ___heapend                00E366 RLA    
___heapfirst              00E368 RLA    ___heaplast               00E36A RLA    
___heapptr                00E364 RLA    ___seterrno               00D52D RLA    
__ctype                   00E2B8 RLA    __ctypeidx                00E2C3 RLA    
__hextab                  00E29C RLA    __longminstr              00E2AC RLA    
__printf                  00D27D RLA    _errno_opt_constructor    00D5E6  LAI   
_f_chdrive                00D5F0 RLA    _f_closedir               00D63A RLA    
_f_getcwd                 00D64B RLA    _f_opendir                00D6BB RLA    
_f_readdir                00D705 RLA    _free                     00D75A RLA    
_fwrite                   00D92D RLA    _ltoa                     00DB29 RLA    
_main                     00C495 RLA    _malloc                   00DC6A RLA    
_memcpy                   00DD7A RLA    _printf                   00DE43 RLA    
_ria_call_int             00DEFE RLA    _ria_set_ax               00DEF7 RLA    
_stdout                   00E35E RLA    _strcmp                   00DF97 RLA    
_strcpy                   00DFB8 RLA    _strlen                   00DFD7 RLA    
_strlower                 00DFED RLA    _ultoa                    00DB68 RLA    
_vfprintf                 00E0CD RLA    _write                    00D140 RLA    
addeq0sp                  00D54E RLA    addeqysp                  00D550 RLA    
addysp                    00D560 RLA    addysp1                   00D55F RLA    
axlong                    00D56D RLA    axulong                   00D573 RLA    
bnegax                    00D57A RLA    booleq                    00DC44 RLA    
boolugt                   00DC63 RLA    boolult                   00DC5D RLA    
c_sp                      000000 RLZ    ctypemaskdirect           00D598 RLA    
decsp2                    00D5B2 RLA    decsp3                    00D5BF RLA    
decsp4                    00D5CC RLA    decsp6                    00D5D9 RLA    
donelib                   00D588 RLA    getlop                    00DBB3 RLA    
inceaxy                   00DA94 RLA    incsp1                    00D9D2 RLA    
incsp2                    00D9E0 RLA    incsp4                    00D9EE RLA    
incsp6                    00D9F3 RLA    incsp8                    00D9F8 RLA    
initheap                  00C01C  LAI   initlib                   00C02C RLA    
initmainargs              00C01B REA    laddeqysp                 00D9FF RLA    
ldax0sp                   00DA5B RLA    ldaxysp                   00DA5D RLA    
ldeaxidx                  00DA66 RLA    ldeaxysp                  00DA7D RLA    
mul8x16                   00DDFD RLA    mul8x16a                  00DE07 RLA    
negeax                    00DAA5 RLA    popax                     00D9D9 RLA    
popptr1                   00DE35 RLA    ptr1                      000008 RLZ    
ptr2                      00000A RLZ    ptr3                      00000C RLZ    
ptr4                      00000E RLZ    push0                     00DE91 RLA    
push1                     00DE76 RLA    pusha                     00DE7F RLA    
pusha0                    00DE93 RLA    pushax                    00DE95 RLA    
pusheax                   00DAEB RLA    pushl0                    00DAE4 RLA    
pushw0sp                  00DEAB RLA    pushwysp                  00DEAD RLA    
regbank                   000014 RLZ    shrax1                    00DF15 RLA    
shrax4                    00DF1D RLA    shreax4                   00DF2E RLA    
sreg                      000002 RLZ    staspidx                  00DF3F RLA    
stax0sp                   00DF55 RLA    staxysp                   00DF57 RLA    
steax0sp                  00DF60 RLA    steaxspidx                00DF75 RLA    
steaxysp                  00DF62 RLA    subeq0sp                  00E014 RLA    
subeqysp                  00E016 RLA    subysp                    00E029 RLA    
tmp1                      000010 RLZ    tmp2                      000011 RLZ    
tmp3                      000012 RLZ    tmp4                      000013 RLZ    
tosaddax                  00D538 RLA    toseqeax                  00DA8E RLA    
tosicmp                   00D9A6 RLA    toslcmp                   00DA20 RLA    
tosmula0                  00DDFB RLA    tosor0ax                  00DAC3 RLA    
tosudiv0ax                00DBA4 RLA    tosudiva0                 00E036 RLA    
tosudivax                 00E038 RLA    tosugteax                 00DC1B RLA    
tosulteax                 00DC21 RLA    tosumod0ax                00DC27 RLA    
tosumoda0                 00E085 RLA    tosumulax                 00DDB6 RLA    
udiv16                    00E047 RLA    udiv32                    00DBD6 RLA    
utsteax                   00DB02 RLA    


Exports list by value:
----------------------
c_sp                      000000 RLZ    __DESTRUCTOR_COUNT__      000000 REA    
__CONSTRUCTOR_COUNT__     000002 REA    sreg                      000002 RLZ    
ptr1                      000008 RLZ    ptr2                      00000A RLZ    
ptr3                      00000C RLZ    ptr4                      00000E RLZ    
tmp1                      000010 RLZ    tmp2                      000011 RLZ    
tmp3                      000012 RLZ    tmp4                      000013 RLZ    
regbank                   000014 RLZ    __BSS_SIZE__              00019C REA    
__STACKSIZE__             000400 REA    __STARTUP__               00C000 RLA    
initmainargs              00C01B REA    initheap                  00C01C  LAI   
initlib                   00C02C RLA    __CONSTRUCTOR_TABLE__     00C038 RLA    
_main                     00C495 RLA    _write                    00D140 RLA    
__printf                  00D27D RLA    ___seterrno               00D52D RLA    
tosaddax                  00D538 RLA    addeq0sp                  00D54E RLA    
addeqysp                  00D550 RLA    addysp1                   00D55F RLA    
addysp                    00D560 RLA    axlong                    00D56D RLA    
axulong                   00D573 RLA    bnegax                    00D57A RLA    
donelib                   00D588 RLA    ctypemaskdirect           00D598 RLA    
decsp2                    00D5B2 RLA    decsp3                    00D5BF RLA    
decsp4                    00D5CC RLA    decsp6                    00D5D9 RLA    
_errno_opt_constructor    00D5E6  LAI   _f_chdrive                00D5F0 RLA    
_f_closedir               00D63A RLA    _f_getcwd                 00D64B RLA    
_f_opendir                00D6BB RLA    _f_readdir                00D705 RLA    
_free                     00D75A RLA    _fwrite                   00D92D RLA    
tosicmp                   00D9A6 RLA    incsp1                    00D9D2 RLA    
popax                     00D9D9 RLA    incsp2                    00D9E0 RLA    
incsp4                    00D9EE RLA    incsp6                    00D9F3 RLA    
incsp8                    00D9F8 RLA    laddeqysp                 00D9FF RLA    
toslcmp                   00DA20 RLA    ldax0sp                   00DA5B RLA    
ldaxysp                   00DA5D RLA    ldeaxidx                  00DA66 RLA    
ldeaxysp                  00DA7D RLA    toseqeax                  00DA8E RLA    
inceaxy                   00DA94 RLA    negeax                    00DAA5 RLA    
tosor0ax                  00DAC3 RLA    pushl0                    00DAE4 RLA    
pusheax                   00DAEB RLA    utsteax                   00DB02 RLA    
_ltoa                     00DB29 RLA    _ultoa                    00DB68 RLA    
tosudiv0ax                00DBA4 RLA    getlop                    00DBB3 RLA    
udiv32                    00DBD6 RLA    tosugteax                 00DC1B RLA    
tosulteax                 00DC21 RLA    tosumod0ax                00DC27 RLA    
booleq                    00DC44 RLA    boolult                   00DC5D RLA    
boolugt                   00DC63 RLA    _malloc                   00DC6A RLA    
_memcpy                   00DD7A RLA    tosumulax                 00DDB6 RLA    
tosmula0                  00DDFB RLA    mul8x16                   00DDFD RLA    
mul8x16a                  00DE07 RLA    popptr1                   00DE35 RLA    
_printf                   00DE43 RLA    push1                     00DE76 RLA    
pusha                     00DE7F RLA    push0                     00DE91 RLA    
pusha0                    00DE93 RLA    pushax                    00DE95 RLA    
pushw0sp                  00DEAB RLA    pushwysp                  00DEAD RLA    
_ria_set_ax               00DEF7 RLA    _ria_call_int             00DEFE RLA    
shrax1                    00DF15 RLA    shrax4                    00DF1D RLA    
shreax4                   00DF2E RLA    staspidx                  00DF3F RLA    
stax0sp                   00DF55 RLA    staxysp                   00DF57 RLA    
steax0sp                  00DF60 RLA    steaxysp                  00DF62 RLA    
steaxspidx                00DF75 RLA    _strcmp                   00DF97 RLA    
_strcpy                   00DFB8 RLA    _strlen                   00DFD7 RLA    
_strlower                 00DFED RLA    subeq0sp                  00E014 RLA    
subeqysp                  00E016 RLA    subysp                    00E029 RLA    
tosudiva0                 00E036 RLA    tosudivax                 00E038 RLA    
udiv16                    00E047 RLA    tosumoda0                 00E085 RLA    
_vfprintf                 00E0CD RLA    __hextab                  00E29C RLA    
__longminstr              00E2AC RLA    __ctype                   00E2B8 RLA    
__ctypeidx                00E2C3 RLA    __DESTRUCTOR_TABLE__      00E343 RLA    
_stdout                   00E35E RLA    ___heapptr                00E364 RLA    
___heapend                00E366 RLA    ___heapfirst              00E368 RLA    
___heaplast               00E36A RLA    __BSS_RUN__               00E39C RLA    
___errno                  00FFED RLA    


Imports list:
-------------
__BSS_RUN__ ([linker generated]):
    _heap.o                   common/_heap.s:8
__BSS_SIZE__ ([linker generated]):
    _heap.o                   common/_heap.s:8
__CONSTRUCTOR_COUNT__ ([linker generated]):
    condes.o                  runtime/condes.s:18
__CONSTRUCTOR_TABLE__ ([linker generated]):
    condes.o                  runtime/condes.s:18
__DESTRUCTOR_COUNT__ ([linker generated]):
    condes.o                  runtime/condes.s:19
__DESTRUCTOR_TABLE__ ([linker generated]):
    condes.o                  runtime/condes.s:19
__STACKSIZE__ ([linker generated]):
    _heap.o                   common/_heap.s:8
    [linker generated]        ../ext0xC000.cfg:8
__STARTUP__ (crt0_cmd.s.9608.1.o):
    ext-dir.c.9608.0.o        ext-dir.c.9608.0.s:13
    [linker generated]        ../ext0xC000.cfg:2
___errno (errno.o):
    _seterrno.o               /home/wojciech/git/WojciechGw/cc65/asminc/errno.inc:7
    f_opendir.o               ../libwrk/rp6502/f_opendir.s:21
    f_getcwd.o                ../libwrk/rp6502/f_getcwd.s:21
    f_chdrive.o               ../libwrk/rp6502/f_chdrive.s:21
___heapend (_heap.o):
    malloc.o                  /home/wojciech/git/WojciechGw/cc65/asminc/_heap.inc:33
___heapfirst (_heap.o):
    malloc.o                  /home/wojciech/git/WojciechGw/cc65/asminc/_heap.inc:34
    free.o                    /home/wojciech/git/WojciechGw/cc65/asminc/_heap.inc:34
___heaplast (_heap.o):
    malloc.o                  /home/wojciech/git/WojciechGw/cc65/asminc/_heap.inc:35
    free.o                    /home/wojciech/git/WojciechGw/cc65/asminc/_heap.inc:35
___heapptr (_heap.o):
    malloc.o                  /home/wojciech/git/WojciechGw/cc65/asminc/_heap.inc:32
    free.o                    /home/wojciech/git/WojciechGw/cc65/asminc/_heap.inc:32
___seterrno (_seterrno.o):
    fwrite.o                  /home/wojciech/git/WojciechGw/cc65/asminc/errno.inc:9
__ctype (ctype.o):
    ctypemask.o               common/ctypemask.s:23
__ctypeidx (ctype.o):
    ctypemask.o               common/ctypemask.s:24
__hextab (_hextab.o):
    ltoa.o                    common/ltoa.s:10
__longminstr (_longminstr.o):
    ltoa.o                    common/ltoa.s:10
__printf (_printf.o):
    vfprintf.o                common/vfprintf.s:10
_f_chdrive (f_chdrive.o):
    ext-dir.c.9608.0.o        ext-dir.c.9608.0.s:18
_f_closedir (f_closedir.o):
    ext-dir.c.9608.0.o        ext-dir.c.9608.0.s:17
_f_getcwd (f_getcwd.o):
    ext-dir.c.9608.0.o        ext-dir.c.9608.0.s:19
_f_opendir (f_opendir.o):
    ext-dir.c.9608.0.o        ext-dir.c.9608.0.s:15
_f_readdir (f_readdir.o):
    ext-dir.c.9608.0.o        ext-dir.c.9608.0.s:16
_free (free.o):
    ext-dir.c.9608.0.o        ext-dir.c.9608.0.s:22
_fwrite (fwrite.o):
    vfprintf.o                common/vfprintf.s:10
_ltoa (ltoa.o):
    _printf.o                 common/_printf.s:12
_main (ext-dir.c.9608.0.o):
    crt0_cmd.s.9608.1.o       crt0_cmd.s:2
_malloc (malloc.o):
    ext-dir.c.9608.0.o        ext-dir.c.9608.0.s:21
_memcpy (memcpy.o):
    ext-dir.c.9608.0.o        ext-dir.c.9608.0.s:2317
_printf (printf.o):
    ext-dir.c.9608.0.o        ext-dir.c.9608.0.s:20
_ria_call_int (ria.o):
    errno.o                   rp6502/errno.s:12
    f_readdir.o               ../libwrk/rp6502/f_readdir.s:17
    f_opendir.o               ../libwrk/rp6502/f_opendir.s:19
    f_getcwd.o                ../libwrk/rp6502/f_getcwd.s:19
    f_closedir.o              ../libwrk/rp6502/f_closedir.s:17
    f_chdrive.o               ../libwrk/rp6502/f_chdrive.s:19
_ria_set_ax (ria.o):
    f_readdir.o               ../libwrk/rp6502/f_readdir.s:16
    f_closedir.o              ../libwrk/rp6502/f_closedir.s:16
_stdout (_file.o):
    printf.o                  common/printf.s:8
_strcmp (strcmp.o):
    ext-dir.c.9608.0.o        ext-dir.c.9608.0.s:23
_strcpy (strcpy.o):
    ext-dir.c.9608.0.o        ext-dir.c.9608.0.s:24
_strlen (strlen.o):
    _printf.o                 common/_printf.s:13
    f_opendir.o               ../libwrk/rp6502/f_opendir.s:22
    f_chdrive.o               ../libwrk/rp6502/f_chdrive.s:22
    ext-dir.c.9608.0.o        ext-dir.c.9608.0.s:25
_strlower (strlower.o):
    _printf.o                 common/_printf.s:13
_ultoa (ltoa.o):
    _printf.o                 common/_printf.s:12
_vfprintf (vfprintf.o):
    printf.o                  common/printf.s:8
_write (write_stub.c.9608.2.o):
    fwrite.o                  common/fwrite.s:10
addeq0sp (addeqsp.o):
    ext-dir.c.9608.0.o        ext-dir.c.9608.0.s:2317
    ext-dir.c.9608.0.o        ext-dir.c.9608.0.s:2317
    ext-dir.c.9608.0.o        ext-dir.c.9608.0.s:2317
addeqysp (addeqsp.o):
    f_readdir.o               ../libwrk/rp6502/f_readdir.s:86
    f_getcwd.o                ../libwrk/rp6502/f_getcwd.s:103
    write_stub.c.9608.2.o     write_stub.c.9608.2.s:64
    ext-dir.c.9608.0.o        ext-dir.c.9608.0.s:2317
    ext-dir.c.9608.0.o        ext-dir.c.9608.0.s:2317
    ext-dir.c.9608.0.o        ext-dir.c.9608.0.s:2317
addysp (addysp.o):
    incsp6.o                  runtime/incsp6.s:8
    fwrite.o                  common/fwrite.s:11
    printf.o                  common/printf.s:8
    incsp8.o                  runtime/incsp8.s:8
    incsp4.o                  runtime/incsp4.s:8
    write_stub.c.9608.2.o     write_stub.c.9608.2.s:64
    ext-dir.c.9608.0.o        ext-dir.c.9608.0.s:2317
    ext-dir.c.9608.0.o        ext-dir.c.9608.0.s:2317
    ext-dir.c.9608.0.o        ext-dir.c.9608.0.s:2317
    ext-dir.c.9608.0.o        ext-dir.c.9608.0.s:2317
addysp1 (addysp.o):
    ludiv.o                   runtime/ludiv.s:9
    lor.o                     runtime/lor.s:9
axlong (axlong.o):
    _printf.o                 common/_printf.s:11
axulong (axlong.o):
    _printf.o                 common/_printf.s:11
bnegax (bneg.o):
    ext-dir.c.9608.0.o        ext-dir.c.9608.0.s:2317
booleq (makebool.o):
    leq.o                     runtime/leq.s:8
    ext-dir.c.9608.0.o        ext-dir.c.9608.0.s:2317
boolugt (makebool.o):
    lugt.o                    runtime/lugt.s:8
boolult (makebool.o):
    lult.o                    runtime/lult.s:8
c_sp (zeropage.o):
    lcmp.o                    runtime/lcmp.s:10
    decsp4.o                  runtime/decsp4.s:8
    _printf.o                 /home/wojciech/git/WojciechGw/cc65/asminc/zeropage.inc:11
    _heap.o                   common/_heap.s:9
    vfprintf.o                common/vfprintf.s:11
    subysp.o                  runtime/subysp.s:9
    subeqsp.o                 runtime/subeqsp.s:8
    steaxsp.o                 runtime/steaxsp.s:8
    staxsp.o                  runtime/staxsp.s:8
    staspidx.o                runtime/staspidx.s:9
    pushwsp.o                 runtime/pushwsp.s:8
    pushax.o                  runtime/pushax.s:8
    pusha.o                   runtime/pusha.s:8
    printf.o                  common/printf.s:9
    popptr1.o                 runtime/popptr1.s:9
    memcpy.o                  common/memcpy.s:15
    ludiv.o                   runtime/ludiv.s:10
    lpush.o                   runtime/lpush.s:13
    lor.o                     runtime/lor.s:10
    ldeaxysp.o                runtime/ldeaxysp.s:12
    ldaxsp.o                  runtime/ldaxsp.s:8
    laddeqsp.o                runtime/laddeqsp.s:8
    incsp2.o                  runtime/incsp2.s:8
    incsp1.o                  runtime/incsp1.s:8
    icmp.o                    runtime/icmp.s:9
    f_readdir.o               ../libwrk/rp6502/f_readdir.s:10
    f_opendir.o               ../libwrk/rp6502/f_opendir.s:10
    f_getcwd.o                ../libwrk/rp6502/f_getcwd.s:10
    f_chdrive.o               ../libwrk/rp6502/f_chdrive.s:10
    decsp6.o                  runtime/decsp6.s:8
    decsp3.o                  runtime/decsp3.s:8
    decsp2.o                  runtime/decsp2.s:8
    addysp.o                  runtime/addysp.s:8
    addeqsp.o                 runtime/addeqsp.s:8
    add.o                     runtime/add.s:12
    write_stub.c.9608.2.o     write_stub.c.9608.2.s:10
    ext-dir.c.9608.0.o        ext-dir.c.9608.0.s:10
ctypemaskdirect (ctypemask.o):
    strlower.o                common/strlower.s:14
decsp2 (decsp2.o):
    ext-dir.c.9608.0.o        ext-dir.c.9608.0.s:2317
decsp3 (decsp3.o):
    ext-dir.c.9608.0.o        ext-dir.c.9608.0.s:2317
decsp4 (decsp4.o):
    lpush.o                   runtime/lpush.s:12
    f_readdir.o               ../libwrk/rp6502/f_readdir.s:86
    f_getcwd.o                ../libwrk/rp6502/f_getcwd.s:103
decsp6 (decsp6.o):
    _printf.o                 common/_printf.s:11
    ext-dir.c.9608.0.o        ext-dir.c.9608.0.s:2317
donelib (condes.o):
    crt0_cmd.s.9608.1.o       crt0_cmd.s:2
getlop (ludiv.o):
    lumod.o                   runtime/lumod.s:9
inceaxy (linc.o):
    ext-dir.c.9608.0.o        ext-dir.c.9608.0.s:2317
incsp1 (incsp1.o):
    ext-dir.c.9608.0.o        ext-dir.c.9608.0.s:2317
incsp2 (incsp2.o):
    staspidx.o                runtime/staspidx.s:8
    popptr1.o                 runtime/popptr1.s:8
    f_closedir.o              ../libwrk/rp6502/f_closedir.s:46
    ext-dir.c.9608.0.o        ext-dir.c.9608.0.s:2317
    ext-dir.c.9608.0.o        ext-dir.c.9608.0.s:2317
incsp4 (incsp4.o):
    lcmp.o                    runtime/lcmp.s:9
    f_opendir.o               ../libwrk/rp6502/f_opendir.s:83
    f_chdrive.o               ../libwrk/rp6502/f_chdrive.s:83
    ext-dir.c.9608.0.o        ext-dir.c.9608.0.s:2317
    ext-dir.c.9608.0.o        ext-dir.c.9608.0.s:2317
incsp6 (incsp6.o):
    fwrite.o                  common/fwrite.s:11
    vfprintf.o                common/vfprintf.s:9
incsp8 (incsp8.o):
    f_readdir.o               ../libwrk/rp6502/f_readdir.s:86
    f_getcwd.o                ../libwrk/rp6502/f_getcwd.s:103
    ext-dir.c.9608.0.o        ext-dir.c.9608.0.s:2317
    ext-dir.c.9608.0.o        ext-dir.c.9608.0.s:2317
initlib (condes.o):
    crt0_cmd.s.9608.1.o       crt0_cmd.s:2
initmainargs (initmainargs.s.9608.3.o):
    ext-dir.c.9608.0.o        ext-dir.c.9608.0.s:14
laddeqysp (laddeqsp.o):
    ext-dir.c.9608.0.o        ext-dir.c.9608.0.s:2317
ldax0sp (ldaxsp.o):
    f_readdir.o               ../libwrk/rp6502/f_readdir.s:86
    f_opendir.o               ../libwrk/rp6502/f_opendir.s:83
    f_getcwd.o                ../libwrk/rp6502/f_getcwd.s:103
    f_closedir.o              ../libwrk/rp6502/f_closedir.s:46
    f_chdrive.o               ../libwrk/rp6502/f_chdrive.s:83
ldaxysp (ldaxsp.o):
    fwrite.o                  common/fwrite.s:11
    f_readdir.o               ../libwrk/rp6502/f_readdir.s:86
    f_getcwd.o                ../libwrk/rp6502/f_getcwd.s:103
ldeaxidx (ldeaxi.o):
    ext-dir.c.9608.0.o        ext-dir.c.9608.0.s:2317
ldeaxysp (ldeaxysp.o):
    ext-dir.c.9608.0.o        ext-dir.c.9608.0.s:2317
    ext-dir.c.9608.0.o        ext-dir.c.9608.0.s:2317
    ext-dir.c.9608.0.o        ext-dir.c.9608.0.s:2317
mul8x16 (mul8.o):
    mul.o                     runtime/mul.s:8
mul8x16a (mul8.o):
    mul.o                     runtime/mul.s:8
negeax (lneg.o):
    ltoa.o                    common/ltoa.s:9
popax (incsp2.o):
    ltoa.o                    common/ltoa.s:9
    _printf.o                 common/_printf.s:11
    strcpy.o                  common/strcpy.s:8
    memcpy.o                  common/memcpy.s:14
popptr1 (popptr1.o):
    mul.o                     runtime/mul.s:9
    ltoa.o                    common/ltoa.s:9
    umod.o                    runtime/umod.s:8
    udiv.o                    runtime/udiv.s:9
    strcmp.o                  common/strcmp.s:8
    steaxspi.o                runtime/steaxspi.s:9
    mul8.o                    runtime/mul8.s:9
    memcpy.o                  common/memcpy.s:14
ptr1 (zeropage.o):
    strlower.o                common/strlower.s:13
    mul.o                     runtime/mul.s:10
    ltoa.o                    common/ltoa.s:11
    lcmp.o                    runtime/lcmp.s:10
    fwrite.o                  common/fwrite.s:14
    _printf.o                 /home/wojciech/git/WojciechGw/cc65/asminc/zeropage.inc:12
    vfprintf.o                common/vfprintf.s:11
    udiv.o                    runtime/udiv.s:10
    strcpy.o                  common/strcpy.s:9
    strcmp.o                  common/strcmp.s:9
    steaxspi.o                runtime/steaxspi.s:10
    staspidx.o                runtime/staspidx.s:9
    printf.o                  common/printf.s:9
    popptr1.o                 runtime/popptr1.s:9
    mul8.o                    runtime/mul8.s:10
    memcpy.o                  common/memcpy.s:15
    malloc.o                  common/malloc.s:108
    ludiv.o                   runtime/ludiv.s:10
    ldeaxi.o                  runtime/ldeaxi.s:8
    free.o                    common/free.s:62
    f_readdir.o               ../libwrk/rp6502/f_readdir.s:11
    f_opendir.o               ../libwrk/rp6502/f_opendir.s:11
    f_getcwd.o                ../libwrk/rp6502/f_getcwd.s:11
    f_chdrive.o               ../libwrk/rp6502/f_chdrive.s:11
    write_stub.c.9608.2.o     write_stub.c.9608.2.s:11
    ext-dir.c.9608.0.o        ext-dir.c.9608.0.s:11
ptr2 (zeropage.o):
    strlower.o                common/strlower.s:13
    ltoa.o                    common/ltoa.s:11
    _printf.o                 /home/wojciech/git/WojciechGw/cc65/asminc/zeropage.inc:12
    strcpy.o                  common/strcpy.s:9
    strcmp.o                  common/strcmp.s:9
    memcpy.o                  common/memcpy.s:15
    malloc.o                  common/malloc.s:108
    lumod.o                   runtime/lumod.s:10
    ludiv.o                   runtime/ludiv.s:10
    free.o                    common/free.s:62
    ext-dir.c.9608.0.o        ext-dir.c.9608.0.s:11
ptr3 (zeropage.o):
    ltoa.o                    common/ltoa.s:11
    memcpy.o                  common/memcpy.s:15
    malloc.o                  common/malloc.s:108
    ludiv.o                   runtime/ludiv.s:10
    free.o                    common/free.s:62
ptr4 (zeropage.o):
    mul.o                     runtime/mul.s:10
    umod.o                    runtime/umod.s:9
    udiv.o                    runtime/udiv.s:10
    strlen.o                  common/strlen.s:12
    mul8.o                    runtime/mul8.s:10
    ludiv.o                   runtime/ludiv.s:10
    linc.o                    runtime/linc.s:8
    free.o                    common/free.s:62
push0 (pushax.o):
    ext-dir.c.9608.0.o        ext-dir.c.9608.0.s:2317
    ext-dir.c.9608.0.o        ext-dir.c.9608.0.s:2317
push1 (push1.o):
    _printf.o                 common/_printf.s:11
    vfprintf.o                common/vfprintf.s:9
pusha (pusha.o):
    ext-dir.c.9608.0.o        ext-dir.c.9608.0.s:2317
pusha0 (pushax.o):
    push1.o                   runtime/push1.s:8
    fwrite.o                  common/fwrite.s:11
    ext-dir.c.9608.0.o        ext-dir.c.9608.0.s:2317
    ext-dir.c.9608.0.o        ext-dir.c.9608.0.s:2317
    ext-dir.c.9608.0.o        ext-dir.c.9608.0.s:2317
pushax (pushax.o):
    fwrite.o                  common/fwrite.s:11
    _printf.o                 common/_printf.s:11
    printf.o                  common/printf.s:8
    f_readdir.o               ../libwrk/rp6502/f_readdir.s:86
    f_opendir.o               ../libwrk/rp6502/f_opendir.s:83
    f_getcwd.o                ../libwrk/rp6502/f_getcwd.s:103
    f_closedir.o              ../libwrk/rp6502/f_closedir.s:46
    f_chdrive.o               ../libwrk/rp6502/f_chdrive.s:83
    write_stub.c.9608.2.o     write_stub.c.9608.2.s:64
    ext-dir.c.9608.0.o        ext-dir.c.9608.0.s:2317
    ext-dir.c.9608.0.o        ext-dir.c.9608.0.s:2317
    ext-dir.c.9608.0.o        ext-dir.c.9608.0.s:2317
    ext-dir.c.9608.0.o        ext-dir.c.9608.0.s:2317
    ext-dir.c.9608.0.o        ext-dir.c.9608.0.s:2317
    ext-dir.c.9608.0.o        ext-dir.c.9608.0.s:2317
    ext-dir.c.9608.0.o        ext-dir.c.9608.0.s:2317
    ext-dir.c.9608.0.o        ext-dir.c.9608.0.s:2317
pusheax (lpush.o):
    _printf.o                 common/_printf.s:11
    ext-dir.c.9608.0.o        ext-dir.c.9608.0.s:2317
    ext-dir.c.9608.0.o        ext-dir.c.9608.0.s:2317
    ext-dir.c.9608.0.o        ext-dir.c.9608.0.s:2317
pushl0 (lpush.o):
    ext-dir.c.9608.0.o        ext-dir.c.9608.0.s:2317
pushw0sp (pushwsp.o):
    ext-dir.c.9608.0.o        ext-dir.c.9608.0.s:2317
pushwysp (pushwsp.o):
    fwrite.o                  common/fwrite.s:11
    vfprintf.o                common/vfprintf.s:9
    write_stub.c.9608.2.o     write_stub.c.9608.2.s:64
    ext-dir.c.9608.0.o        ext-dir.c.9608.0.s:2317
    ext-dir.c.9608.0.o        ext-dir.c.9608.0.s:2317
regbank (zeropage.o):
    _printf.o                 /home/wojciech/git/WojciechGw/cc65/asminc/zeropage.inc:14
shrax1 (shrax1.o):
    ext-dir.c.9608.0.o        ext-dir.c.9608.0.s:2317
shrax4 (shrax4.o):
    ext-dir.c.9608.0.o        ext-dir.c.9608.0.s:2317
    ext-dir.c.9608.0.o        ext-dir.c.9608.0.s:2317
shreax4 (shreax4.o):
    ext-dir.c.9608.0.o        ext-dir.c.9608.0.s:2317
sreg (zeropage.o):
    lneg.o                    runtime/lneg.s:11
    ltoa.o                    common/ltoa.s:11
    lcmp.o                    runtime/lcmp.s:10
    axlong.o                  runtime/axlong.s:9
    _printf.o                 /home/wojciech/git/WojciechGw/cc65/asminc/zeropage.inc:11
    umod.o                    runtime/umod.s:9
    udiv.o                    runtime/udiv.s:10
    steaxspi.o                runtime/steaxspi.s:10
    steaxsp.o                 runtime/steaxsp.s:8
    shreax4.o                 runtime/shreax4.s:8
    ria.o                     rp6502/ria.s:13
    lumod.o                   runtime/lumod.s:10
    ludiv.o                   runtime/ludiv.s:10
    ltest.o                   runtime/ltest.s:8
    lpush.o                   runtime/lpush.s:13
    lor.o                     runtime/lor.s:10
    linc.o                    runtime/linc.s:8
    ldeaxysp.o                runtime/ldeaxysp.s:12
    ldeaxi.o                  runtime/ldeaxi.s:8
    laddeqsp.o                runtime/laddeqsp.s:8
    icmp.o                    runtime/icmp.s:9
    ext-dir.c.9608.0.o        ext-dir.c.9608.0.s:10
staspidx (staspidx.o):
    ext-dir.c.9608.0.o        ext-dir.c.9608.0.s:2317
stax0sp (staxsp.o):
    f_readdir.o               ../libwrk/rp6502/f_readdir.s:86
    f_getcwd.o                ../libwrk/rp6502/f_getcwd.s:103
    ext-dir.c.9608.0.o        ext-dir.c.9608.0.s:2317
staxysp (staxsp.o):
    f_readdir.o               ../libwrk/rp6502/f_readdir.s:86
    f_getcwd.o                ../libwrk/rp6502/f_getcwd.s:103
    ext-dir.c.9608.0.o        ext-dir.c.9608.0.s:2317
    ext-dir.c.9608.0.o        ext-dir.c.9608.0.s:2317
    ext-dir.c.9608.0.o        ext-dir.c.9608.0.s:2317
steax0sp (steaxsp.o):
    ext-dir.c.9608.0.o        ext-dir.c.9608.0.s:2317
steaxspidx (steaxspi.o):
    ext-dir.c.9608.0.o        ext-dir.c.9608.0.s:2317
steaxysp (steaxsp.o):
    ext-dir.c.9608.0.o        ext-dir.c.9608.0.s:2317
    ext-dir.c.9608.0.o        ext-dir.c.9608.0.s:2317
    ext-dir.c.9608.0.o        ext-dir.c.9608.0.s:2317
subeq0sp (subeqsp.o):
    f_opendir.o               ../libwrk/rp6502/f_opendir.s:83
    f_chdrive.o               ../libwrk/rp6502/f_chdrive.s:83
    write_stub.c.9608.2.o     write_stub.c.9608.2.s:64
    ext-dir.c.9608.0.o        ext-dir.c.9608.0.s:2317
    ext-dir.c.9608.0.o        ext-dir.c.9608.0.s:2317
    ext-dir.c.9608.0.o        ext-dir.c.9608.0.s:2317
subeqysp (subeqsp.o):
    ext-dir.c.9608.0.o        ext-dir.c.9608.0.s:2317
subysp (subysp.o):
    ext-dir.c.9608.0.o        ext-dir.c.9608.0.s:2317
    ext-dir.c.9608.0.o        ext-dir.c.9608.0.s:2317
    ext-dir.c.9608.0.o        ext-dir.c.9608.0.s:2317
tmp1 (zeropage.o):
    mul.o                     runtime/mul.s:10
    ltoa.o                    common/ltoa.s:11
    _printf.o                 /home/wojciech/git/WojciechGw/cc65/asminc/zeropage.inc:13
    steaxspi.o                runtime/steaxspi.s:10
    staspidx.o                runtime/staspidx.s:9
    shreax4.o                 runtime/shreax4.s:8
    shrax4.o                  runtime/shrax4.s:8
    shrax1.o                  runtime/shrax1.s:8
    ltest.o                   runtime/ltest.s:8
    lor.o                     runtime/lor.s:10
    ext-dir.c.9608.0.o        ext-dir.c.9608.0.s:11
tmp2 (zeropage.o):
    steaxspi.o                runtime/steaxspi.s:10
tmp3 (zeropage.o):
    steaxspi.o                runtime/steaxspi.s:10
    lumod.o                   runtime/lumod.s:10
    ludiv.o                   runtime/ludiv.s:10
tmp4 (zeropage.o):
    lumod.o                   runtime/lumod.s:10
    ludiv.o                   runtime/ludiv.s:10
tosaddax (add.o):
    ext-dir.c.9608.0.o        ext-dir.c.9608.0.s:2317
toseqeax (leq.o):
    ext-dir.c.9608.0.o        ext-dir.c.9608.0.s:2317
tosicmp (icmp.o):
    f_getcwd.o                ../libwrk/rp6502/f_getcwd.s:103
toslcmp (lcmp.o):
    lult.o                    runtime/lult.s:8
    lugt.o                    runtime/lugt.s:8
    leq.o                     runtime/leq.s:8
tosmula0 (mul8.o):
    ext-dir.c.9608.0.o        ext-dir.c.9608.0.s:2317
tosor0ax (lor.o):
    ext-dir.c.9608.0.o        ext-dir.c.9608.0.s:2317
tosudiv0ax (ludiv.o):
    ext-dir.c.9608.0.o        ext-dir.c.9608.0.s:2317
tosudiva0 (udiv.o):
    ext-dir.c.9608.0.o        ext-dir.c.9608.0.s:2317
tosudivax (udiv.o):
    fwrite.o                  common/fwrite.s:12
    ext-dir.c.9608.0.o        ext-dir.c.9608.0.s:2317
tosugteax (lugt.o):
    ext-dir.c.9608.0.o        ext-dir.c.9608.0.s:2317
tosulteax (lult.o):
    ext-dir.c.9608.0.o        ext-dir.c.9608.0.s:2317
tosumod0ax (lumod.o):
    ext-dir.c.9608.0.o        ext-dir.c.9608.0.s:2317
tosumoda0 (umod.o):
    ext-dir.c.9608.0.o        ext-dir.c.9608.0.s:2317
tosumulax (mul.o):
    fwrite.o                  common/fwrite.s:12
udiv16 (udiv.o):
    umod.o                    runtime/umod.s:8
udiv32 (ludiv.o):
    lumod.o                   runtime/lumod.s:9
utsteax (ltest.o):
    ext-dir.c.9608.0.o        ext-dir.c.9608.0.s:2317

