Modules list:
-------------
ext-label.c.23300.0.o:
    CODE              Offs=000000  Size=000204  Align=00001  Fill=0000
    RODATA            Offs=000000  Size=0000BD  Align=00001  Fill=0000
crt0_cmd.s.23300.1.o:
    STARTUP           Offs=000000  Size=00001B  Align=00001  Fill=0000
write_stub.c.23300.2.o:
    CODE              Offs=000204  Size=00004C  Align=00001  Fill=0000
initmainargs.s.23300.3.o:
    STARTUP           Offs=00001B  Size=000001  Align=00001  Fill=0000
C:\@prg\cc65\lib/rp6502.lib(_file.o):
    DATA              Offs=000000  Size=00001E  Align=00001  Fill=0000
C:\@prg\cc65\lib/rp6502.lib(_hextab.o):
    RODATA            Offs=0000BD  Size=000010  Align=00001  Fill=0000
C:\@prg\cc65\lib/rp6502.lib(_longminstr.o):
    RODATA            Offs=0000CD  Size=00000C  Align=00001  Fill=0000
C:\@prg\cc65\lib/rp6502.lib(_printf.o):
    CODE              Offs=000250  Size=0003A1  Align=00001  Fill=0000
    BSS               Offs=000000  Size=00002B  Align=00001  Fill=0000
    DATA              Offs=00001E  Size=000003  Align=00001  Fill=0000
C:\@prg\cc65\lib/rp6502.lib(_seterrno.o):
    CODE              Offs=0005F1  Size=000009  Align=00001  Fill=0000
C:\@prg\cc65\lib/rp6502.lib(addeqsp.o):
    CODE              Offs=0005FA  Size=000011  Align=00001  Fill=0000
C:\@prg\cc65\lib/rp6502.lib(addysp.o):
    CODE              Offs=00060B  Size=00000E  Align=00001  Fill=0000
C:\@prg\cc65\lib/rp6502.lib(axlong.o):
    CODE              Offs=000619  Size=00000D  Align=00001  Fill=0000
C:\@prg\cc65\lib/rp6502.lib(condes.o):
    CODE              Offs=000626  Size=00000C  Align=00001  Fill=0000
    DATA              Offs=000021  Size=000025  Align=00001  Fill=0000
    ONCE              Offs=000000  Size=00000C  Align=00001  Fill=0000
C:\@prg\cc65\lib/rp6502.lib(copydata.o):
    CODE              Offs=000632  Size=00002D  Align=00001  Fill=0000
C:\@prg\cc65\lib/rp6502.lib(crt0.o):
    STARTUP           Offs=00001C  Size=00002B  Align=00001  Fill=0000
C:\@prg\cc65\lib/rp6502.lib(ctype.o):
    RODATA            Offs=0000D9  Size=00008B  Align=00001  Fill=0000
C:\@prg\cc65\lib/rp6502.lib(ctypemask.o):
    CODE              Offs=00065F  Size=00001E  Align=00001  Fill=0000
C:\@prg\cc65\lib/rp6502.lib(decsp4.o):
    CODE              Offs=00067D  Size=00000D  Align=00001  Fill=0000
C:\@prg\cc65\lib/rp6502.lib(decsp6.o):
    CODE              Offs=00068A  Size=00000D  Align=00001  Fill=0000
C:\@prg\cc65\lib/rp6502.lib(errno.o):
    CODE              Offs=000697  Size=00000A  Align=00001  Fill=0000
C:\@prg\cc65\lib/rp6502.lib(f_getcwd.o):
    CODE              Offs=0006A1  Size=000070  Align=00001  Fill=0000
C:\@prg\cc65\lib/rp6502.lib(f_getlabel.o):
    CODE              Offs=000711  Size=000094  Align=00001  Fill=0000
C:\@prg\cc65\lib/rp6502.lib(f_setlabel.o):
    CODE              Offs=0007A5  Size=00004A  Align=00001  Fill=0000
C:\@prg\cc65\lib/rp6502.lib(fwrite.o):
    CODE              Offs=0007EF  Size=000077  Align=00001  Fill=0000
    BSS               Offs=00002B  Size=000002  Align=00001  Fill=0000
C:\@prg\cc65\lib/rp6502.lib(icmp.o):
    CODE              Offs=000866  Size=00002E  Align=00001  Fill=0000
C:\@prg\cc65\lib/rp6502.lib(incsp2.o):
    CODE              Offs=000894  Size=000015  Align=00001  Fill=0000
C:\@prg\cc65\lib/rp6502.lib(incsp4.o):
    CODE              Offs=0008A9  Size=000005  Align=00001  Fill=0000
C:\@prg\cc65\lib/rp6502.lib(incsp6.o):
    CODE              Offs=0008AE  Size=000005  Align=00001  Fill=0000
C:\@prg\cc65\lib/rp6502.lib(incsp8.o):
    CODE              Offs=0008B3  Size=000005  Align=00001  Fill=0000
C:\@prg\cc65\lib/rp6502.lib(ldaxsp.o):
    CODE              Offs=0008B8  Size=000009  Align=00001  Fill=0000
C:\@prg\cc65\lib/rp6502.lib(lneg.o):
    CODE              Offs=0008C1  Size=00001E  Align=00001  Fill=0000
C:\@prg\cc65\lib/rp6502.lib(lpush.o):
    CODE              Offs=0008DF  Size=00001E  Align=00001  Fill=0000
C:\@prg\cc65\lib/rp6502.lib(ltoa.o):
    CODE              Offs=0008FD  Size=000093  Align=00001  Fill=0000
C:\@prg\cc65\lib/rp6502.lib(mul.o):
    CODE              Offs=000990  Size=000045  Align=00001  Fill=0000
C:\@prg\cc65\lib/rp6502.lib(mul8.o):
    CODE              Offs=0009D5  Size=00003A  Align=00001  Fill=0000
C:\@prg\cc65\lib/rp6502.lib(popptr1.o):
    CODE              Offs=000A0F  Size=00000E  Align=00001  Fill=0000
C:\@prg\cc65\lib/rp6502.lib(printf.o):
    CODE              Offs=000A1D  Size=000033  Align=00001  Fill=0000
    BSS               Offs=00002D  Size=000001  Align=00001  Fill=0000
C:\@prg\cc65\lib/rp6502.lib(push1.o):
    CODE              Offs=000A50  Size=000005  Align=00001  Fill=0000
C:\@prg\cc65\lib/rp6502.lib(pushax.o):
    CODE              Offs=000A55  Size=00001A  Align=00001  Fill=0000
C:\@prg\cc65\lib/rp6502.lib(pushwsp.o):
    CODE              Offs=000A6F  Size=00001C  Align=00001  Fill=0000
C:\@prg\cc65\lib/rp6502.lib(ria.o):
    CODE              Offs=000A8B  Size=00004E  Align=00001  Fill=0000
C:\@prg\cc65\lib/rp6502.lib(staspidx.o):
    CODE              Offs=000AD9  Size=000016  Align=00001  Fill=0000
C:\@prg\cc65\lib/rp6502.lib(staxsp.o):
    CODE              Offs=000AEF  Size=00000B  Align=00001  Fill=0000
C:\@prg\cc65\lib/rp6502.lib(strlen.o):
    CODE              Offs=000AFA  Size=000016  Align=00001  Fill=0000
C:\@prg\cc65\lib/rp6502.lib(strlower.o):
    CODE              Offs=000B10  Size=000027  Align=00001  Fill=0000
C:\@prg\cc65\lib/rp6502.lib(subeqsp.o):
    CODE              Offs=000B37  Size=000015  Align=00001  Fill=0000
C:\@prg\cc65\lib/rp6502.lib(subysp.o):
    CODE              Offs=000B4C  Size=00000D  Align=00001  Fill=0000
C:\@prg\cc65\lib/rp6502.lib(toupper.o):
    CODE              Offs=000B59  Size=000012  Align=00001  Fill=0000
C:\@prg\cc65\lib/rp6502.lib(udiv.o):
    CODE              Offs=000B6B  Size=00004F  Align=00001  Fill=0000
C:\@prg\cc65\lib/rp6502.lib(vfprintf.o):
    CODE              Offs=000BBA  Size=000060  Align=00001  Fill=0000
    DATA              Offs=000046  Size=000008  Align=00001  Fill=0000
C:\@prg\cc65\lib/rp6502.lib(zerobss.o):
    CODE              Offs=000C1A  Size=000023  Align=00001  Fill=0000
C:\@prg\cc65\lib/rp6502.lib(zeropage.o):
    ZEROPAGE          Offs=000000  Size=00001A  Align=00001  Fill=0000


Segment list:
-------------
Name                   Start     End    Size  Align
----------------------------------------------------
ZEROPAGE              000000  000019  00001A  00001
STARTUP               009000  009046  000047  00001
ONCE                  009047  009054  00000E  00001
CODE                  009055  009C91  000C3D  00001
RODATA                009C92  009DF5  000164  00001
DATA                  009DF6  009E43  00004E  00001
BSS                   009E44  009E71  00002E  00001


Exports list by name:
---------------------
__BSS_RUN__               009E44 RLA    __BSS_SIZE__              00002E REA    
__CONSTRUCTOR_COUNT__     000001 REA    __CONSTRUCTOR_TABLE__     009053 RLA    
__DATA_LOAD__             009DF6 RLA    __DATA_RUN__              009DF6 RLA    
__DATA_SIZE__             00004E REA    __DESTRUCTOR_COUNT__      000000 REA    
__DESTRUCTOR_TABLE__      009DF6 RLA    __RAM_SIZE__              006B00 REA    
__RAM_START__             009000 RLA    __STACKSIZE__             000200 REA    
__STARTADDR__             009000 REA    __STARTUP__               000001 REA    
___errno                  00FFED RLA    ___seterrno               009646 RLA    
__ctype                   009D6B RLA    __ctypeidx                009D76 RLA    
__hextab                  009D4F RLA    __longminstr              009D5F RLA    
__printf                  009396 RLA    _errno_opt_constructor    0096EC  LAI   
_f_getcwd                 0096F6 RLA    _f_getlabel               009766 RLA    
_f_setlabel               0097FA RLA    _fwrite                   009844 RLA    
_ltoa                     00996A RLA    _main                     009055 RLA    
_printf                   009A72 RLA    _ria_call_int             009B17 RLA    
_stdout                   009E10 RLA    _strlen                   009B4F RLA    
_strlower                 009B65 RLA    _toupper                  009BAE RLA    
_ultoa                    0099A9 RLA    _vfprintf                 009C46 RLA    
_write                    009259 RLA    addeqysp                  009651 RLA    
addysp                    009661 RLA    axlong                    00966E RLA    
axulong                   009674 RLA    c_sp                      000000 RLZ    
copydata                  009687 RLA    ctypemaskdirect           0096B8 RLA    
decsp4                    0096D2 RLA    decsp6                    0096DF RLA    
donelib                   00967B RLA    incsp2                    0098F0 RLA    
incsp4                    0098FE RLA    incsp6                    009903 RLA    
incsp8                    009908 RLA    initlib                   009047 RLA    
initmainargs              00901B REA    ldax0sp                   00990D RLA    
ldaxysp                   00990F RLA    mul8x16                   009A2C RLA    
mul8x16a                  009A36 RLA    negeax                    009916 RLA    
popax                     0098E9 RLA    popptr1                   009A64 RLA    
ptr1                      000008 RLZ    ptr2                      00000A RLZ    
ptr3                      00000C RLZ    ptr4                      00000E RLZ    
push1                     009AA5 RLA    pusha0                    009AAC RLA    
pushax                    009AAE RLA    pusheax                   00993B RLA    
pushwysp                  009AC6 RLA    regbank                   000014 RLZ    
sreg                      000002 RLZ    staspidx                  009B2E RLA    
stax0sp                   009B44 RLA    staxysp                   009B46 RLA    
subeq0sp                  009B8C RLA    subysp                    009BA1 RLA    
tmp1                      000010 RLZ    tosicmp                   0098BD RLA    
tosudivax                 009BC2 RLA    tosumulax                 0099E5 RLA    
zerobss                   009C6F RLA    


Exports list by value:
----------------------
__DESTRUCTOR_COUNT__      000000 REA    c_sp                      000000 RLZ    
__STARTUP__               000001 REA    __CONSTRUCTOR_COUNT__     000001 REA    
sreg                      000002 RLZ    ptr1                      000008 RLZ    
ptr2                      00000A RLZ    ptr3                      00000C RLZ    
ptr4                      00000E RLZ    tmp1                      000010 RLZ    
regbank                   000014 RLZ    __BSS_SIZE__              00002E REA    
__DATA_SIZE__             00004E REA    __STACKSIZE__             000200 REA    
__RAM_SIZE__              006B00 REA    __RAM_START__             009000 RLA    
__STARTADDR__             009000 REA    initmainargs              00901B REA    
initlib                   009047 RLA    __CONSTRUCTOR_TABLE__     009053 RLA    
_main                     009055 RLA    _write                    009259 RLA    
__printf                  009396 RLA    ___seterrno               009646 RLA    
addeqysp                  009651 RLA    addysp                    009661 RLA    
axlong                    00966E RLA    axulong                   009674 RLA    
donelib                   00967B RLA    copydata                  009687 RLA    
ctypemaskdirect           0096B8 RLA    decsp4                    0096D2 RLA    
decsp6                    0096DF RLA    _errno_opt_constructor    0096EC  LAI   
_f_getcwd                 0096F6 RLA    _f_getlabel               009766 RLA    
_f_setlabel               0097FA RLA    _fwrite                   009844 RLA    
tosicmp                   0098BD RLA    popax                     0098E9 RLA    
incsp2                    0098F0 RLA    incsp4                    0098FE RLA    
incsp6                    009903 RLA    incsp8                    009908 RLA    
ldax0sp                   00990D RLA    ldaxysp                   00990F RLA    
negeax                    009916 RLA    pusheax                   00993B RLA    
_ltoa                     00996A RLA    _ultoa                    0099A9 RLA    
tosumulax                 0099E5 RLA    mul8x16                   009A2C RLA    
mul8x16a                  009A36 RLA    popptr1                   009A64 RLA    
_printf                   009A72 RLA    push1                     009AA5 RLA    
pusha0                    009AAC RLA    pushax                    009AAE RLA    
pushwysp                  009AC6 RLA    _ria_call_int             009B17 RLA    
staspidx                  009B2E RLA    stax0sp                   009B44 RLA    
staxysp                   009B46 RLA    _strlen                   009B4F RLA    
_strlower                 009B65 RLA    subeq0sp                  009B8C RLA    
subysp                    009BA1 RLA    _toupper                  009BAE RLA    
tosudivax                 009BC2 RLA    _vfprintf                 009C46 RLA    
zerobss                   009C6F RLA    __hextab                  009D4F RLA    
__longminstr              009D5F RLA    __ctype                   009D6B RLA    
__ctypeidx                009D76 RLA    __DATA_LOAD__             009DF6 RLA    
__DATA_RUN__              009DF6 RLA    __DESTRUCTOR_TABLE__      009DF6 RLA    
_stdout                   009E10 RLA    __BSS_RUN__               009E44 RLA    
___errno                  00FFED RLA    


Imports list:
-------------
__BSS_RUN__ ([linker generated]):
    zerobss.o                 common/zerobss.s:8
__BSS_SIZE__ ([linker generated]):
    zerobss.o                 common/zerobss.s:8
__CONSTRUCTOR_COUNT__ ([linker generated]):
    condes.o                  runtime/condes.s:18
__CONSTRUCTOR_TABLE__ ([linker generated]):
    condes.o                  runtime/condes.s:18
__DATA_LOAD__ ([linker generated]):
    copydata.o                common/copydata.s:8
__DATA_RUN__ ([linker generated]):
    copydata.o                common/copydata.s:8
__DATA_SIZE__ ([linker generated]):
    copydata.o                common/copydata.s:8
__DESTRUCTOR_COUNT__ ([linker generated]):
    condes.o                  runtime/condes.s:19
__DESTRUCTOR_TABLE__ ([linker generated]):
    condes.o                  runtime/condes.s:19
__RAM_SIZE__ ([linker generated]):
    crt0.o                    rp6502/crt0.s:10
__RAM_START__ ([linker generated]):
    crt0.o                    rp6502/crt0.s:10
__STACKSIZE__ ([linker generated]):
    [linker generated]        ../ext0x9000.cfg:9
__STARTADDR__ ([linker generated]):
    [linker generated]        ../ext0x9000.cfg:9
    [linker generated]        ../ext0x9000.cfg:9
__STARTUP__ (crt0.o):
    ext-label.c.23300.0.o     ext-label.c.23300.0.s:13
    [linker generated]        ../ext0x9000.cfg:3
___errno (errno.o):
    _seterrno.o               /home/wojciech/git/WojciechGw/cc65/asminc/errno.inc:7
    f_setlabel.o              ../libwrk/rp6502/f_setlabel.s:21
    f_getlabel.o              ../libwrk/rp6502/f_getlabel.s:21
    f_getcwd.o                ../libwrk/rp6502/f_getcwd.s:21
___seterrno (_seterrno.o):
    fwrite.o                  /home/wojciech/git/WojciechGw/cc65/asminc/errno.inc:9
__ctype (ctype.o):
    ctypemask.o               common/ctypemask.s:23
__ctypeidx (ctype.o):
    ctypemask.o               common/ctypemask.s:24
__hextab (_hextab.o):
    ltoa.o                    common/ltoa.s:10
__longminstr (_longminstr.o):
    ltoa.o                    common/ltoa.s:10
__printf (_printf.o):
    vfprintf.o                common/vfprintf.s:10
_f_getcwd (f_getcwd.o):
    ext-label.c.23300.0.o     ext-label.c.23300.0.s:15
_f_getlabel (f_getlabel.o):
    ext-label.c.23300.0.o     ext-label.c.23300.0.s:17
_f_setlabel (f_setlabel.o):
    ext-label.c.23300.0.o     ext-label.c.23300.0.s:16
_fwrite (fwrite.o):
    vfprintf.o                common/vfprintf.s:10
_ltoa (ltoa.o):
    _printf.o                 common/_printf.s:12
_main (ext-label.c.23300.0.o):
    crt0.o                    rp6502/crt0.s:7
    crt0_cmd.s.23300.1.o      crt0_cmd.s:2
_printf (printf.o):
    ext-label.c.23300.0.o     ext-label.c.23300.0.s:18
_ria_call_int (ria.o):
    errno.o                   rp6502/errno.s:12
    f_setlabel.o              ../libwrk/rp6502/f_setlabel.s:19
    f_getlabel.o              ../libwrk/rp6502/f_getlabel.s:19
    f_getcwd.o                ../libwrk/rp6502/f_getcwd.s:19
_stdout (_file.o):
    printf.o                  common/printf.s:8
_strlen (strlen.o):
    _printf.o                 common/_printf.s:13
    f_setlabel.o              ../libwrk/rp6502/f_setlabel.s:22
    f_getlabel.o              ../libwrk/rp6502/f_getlabel.s:22
_strlower (strlower.o):
    _printf.o                 common/_printf.s:13
_toupper (toupper.o):
    ext-label.c.23300.0.o     ext-label.c.23300.0.s:19
_ultoa (ltoa.o):
    _printf.o                 common/_printf.s:12
_vfprintf (vfprintf.o):
    printf.o                  common/printf.s:8
_write (write_stub.c.23300.2.o):
    fwrite.o                  common/fwrite.s:10
addeqysp (addeqsp.o):
    f_getlabel.o              ../libwrk/rp6502/f_getlabel.s:127
    f_getcwd.o                ../libwrk/rp6502/f_getcwd.s:103
    write_stub.c.23300.2.o    write_stub.c.23300.2.s:64
    ext-label.c.23300.0.o     ext-label.c.23300.0.s:336
addysp (addysp.o):
    incsp6.o                  runtime/incsp6.s:8
    fwrite.o                  common/fwrite.s:11
    printf.o                  common/printf.s:8
    incsp8.o                  runtime/incsp8.s:8
    incsp4.o                  runtime/incsp4.s:8
    f_getlabel.o              ../libwrk/rp6502/f_getlabel.s:127
    write_stub.c.23300.2.o    write_stub.c.23300.2.s:64
axlong (axlong.o):
    _printf.o                 common/_printf.s:11
axulong (axlong.o):
    _printf.o                 common/_printf.s:11
c_sp (zeropage.o):
    popptr1.o                 runtime/popptr1.s:9
    lpush.o                   runtime/lpush.s:13
    incsp2.o                  runtime/incsp2.s:8
    decsp6.o                  runtime/decsp6.s:8
    decsp4.o                  runtime/decsp4.s:8
    _printf.o                 /home/wojciech/git/WojciechGw/cc65/asminc/zeropage.inc:11
    vfprintf.o                common/vfprintf.s:11
    subysp.o                  runtime/subysp.s:9
    subeqsp.o                 runtime/subeqsp.s:8
    staxsp.o                  runtime/staxsp.s:8
    staspidx.o                runtime/staspidx.s:9
    pushwsp.o                 runtime/pushwsp.s:8
    pushax.o                  runtime/pushax.s:8
    printf.o                  common/printf.s:9
    ldaxsp.o                  runtime/ldaxsp.s:8
    icmp.o                    runtime/icmp.s:9
    f_setlabel.o              ../libwrk/rp6502/f_setlabel.s:10
    f_getlabel.o              ../libwrk/rp6502/f_getlabel.s:10
    f_getcwd.o                ../libwrk/rp6502/f_getcwd.s:10
    crt0.o                    /home/wojciech/git/WojciechGw/cc65/asminc/zeropage.inc:11
    addysp.o                  runtime/addysp.s:8
    addeqsp.o                 runtime/addeqsp.s:8
    write_stub.c.23300.2.o    write_stub.c.23300.2.s:10
    ext-label.c.23300.0.o     ext-label.c.23300.0.s:10
copydata (copydata.o):
    crt0.o                    rp6502/crt0.s:12
ctypemaskdirect (ctypemask.o):
    strlower.o                common/strlower.s:14
    toupper.o                 common/toupper.s:15
decsp4 (decsp4.o):
    lpush.o                   runtime/lpush.s:12
    f_getlabel.o              ../libwrk/rp6502/f_getlabel.s:127
    f_getcwd.o                ../libwrk/rp6502/f_getcwd.s:103
decsp6 (decsp6.o):
    _printf.o                 common/_printf.s:11
donelib (condes.o):
    crt0.o                    rp6502/crt0.s:12
    crt0_cmd.s.23300.1.o      crt0_cmd.s:2
incsp2 (incsp2.o):
    popptr1.o                 runtime/popptr1.s:8
    staspidx.o                runtime/staspidx.s:8
incsp4 (incsp4.o):
    f_setlabel.o              ../libwrk/rp6502/f_setlabel.s:83
incsp6 (incsp6.o):
    fwrite.o                  common/fwrite.s:11
    vfprintf.o                common/vfprintf.s:9
incsp8 (incsp8.o):
    f_getcwd.o                ../libwrk/rp6502/f_getcwd.s:103
initlib (condes.o):
    crt0.o                    rp6502/crt0.s:12
    crt0_cmd.s.23300.1.o      crt0_cmd.s:2
initmainargs (initmainargs.s.23300.3.o):
    ext-label.c.23300.0.o     ext-label.c.23300.0.s:14
ldax0sp (ldaxsp.o):
    f_setlabel.o              ../libwrk/rp6502/f_setlabel.s:83
    f_getlabel.o              ../libwrk/rp6502/f_getlabel.s:127
    f_getcwd.o                ../libwrk/rp6502/f_getcwd.s:103
ldaxysp (ldaxsp.o):
    fwrite.o                  common/fwrite.s:11
    f_getlabel.o              ../libwrk/rp6502/f_getlabel.s:127
    f_getcwd.o                ../libwrk/rp6502/f_getcwd.s:103
mul8x16 (mul8.o):
    mul.o                     runtime/mul.s:8
mul8x16a (mul8.o):
    mul.o                     runtime/mul.s:8
negeax (lneg.o):
    ltoa.o                    common/ltoa.s:9
popax (incsp2.o):
    ltoa.o                    common/ltoa.s:9
    _printf.o                 common/_printf.s:11
popptr1 (popptr1.o):
    udiv.o                    runtime/udiv.s:9
    mul8.o                    runtime/mul8.s:9
    mul.o                     runtime/mul.s:9
    ltoa.o                    common/ltoa.s:9
ptr1 (zeropage.o):
    udiv.o                    runtime/udiv.s:10
    strlower.o                common/strlower.s:13
    popptr1.o                 runtime/popptr1.s:9
    mul8.o                    runtime/mul8.s:10
    mul.o                     runtime/mul.s:10
    ltoa.o                    common/ltoa.s:11
    fwrite.o                  common/fwrite.s:14
    copydata.o                common/copydata.s:9
    _printf.o                 /home/wojciech/git/WojciechGw/cc65/asminc/zeropage.inc:12
    zerobss.o                 common/zerobss.s:9
    vfprintf.o                common/vfprintf.s:11
    staspidx.o                runtime/staspidx.s:9
    printf.o                  common/printf.s:9
    f_setlabel.o              ../libwrk/rp6502/f_setlabel.s:11
    f_getlabel.o              ../libwrk/rp6502/f_getlabel.s:11
    f_getcwd.o                ../libwrk/rp6502/f_getcwd.s:11
    write_stub.c.23300.2.o    write_stub.c.23300.2.s:11
    ext-label.c.23300.0.o     ext-label.c.23300.0.s:11
ptr2 (zeropage.o):
    strlower.o                common/strlower.s:13
    ltoa.o                    common/ltoa.s:11
    copydata.o                common/copydata.s:9
    _printf.o                 /home/wojciech/git/WojciechGw/cc65/asminc/zeropage.inc:12
ptr3 (zeropage.o):
    ltoa.o                    common/ltoa.s:11
ptr4 (zeropage.o):
    udiv.o                    runtime/udiv.s:10
    mul8.o                    runtime/mul8.s:10
    mul.o                     runtime/mul.s:10
    strlen.o                  common/strlen.s:12
push1 (push1.o):
    _printf.o                 common/_printf.s:11
    vfprintf.o                common/vfprintf.s:9
pusha0 (pushax.o):
    push1.o                   runtime/push1.s:8
    fwrite.o                  common/fwrite.s:11
pushax (pushax.o):
    fwrite.o                  common/fwrite.s:11
    _printf.o                 common/_printf.s:11
    printf.o                  common/printf.s:8
    f_setlabel.o              ../libwrk/rp6502/f_setlabel.s:83
    f_getlabel.o              ../libwrk/rp6502/f_getlabel.s:127
    f_getcwd.o                ../libwrk/rp6502/f_getcwd.s:103
    write_stub.c.23300.2.o    write_stub.c.23300.2.s:64
    ext-label.c.23300.0.o     ext-label.c.23300.0.s:336
pusheax (lpush.o):
    _printf.o                 common/_printf.s:11
pushwysp (pushwsp.o):
    fwrite.o                  common/fwrite.s:11
    vfprintf.o                common/vfprintf.s:9
    write_stub.c.23300.2.o    write_stub.c.23300.2.s:64
regbank (zeropage.o):
    _printf.o                 /home/wojciech/git/WojciechGw/cc65/asminc/zeropage.inc:14
sreg (zeropage.o):
    lneg.o                    runtime/lneg.s:11
    udiv.o                    runtime/udiv.s:10
    ltoa.o                    common/ltoa.s:11
    lpush.o                   runtime/lpush.s:13
    axlong.o                  runtime/axlong.s:9
    _printf.o                 /home/wojciech/git/WojciechGw/cc65/asminc/zeropage.inc:11
    ria.o                     rp6502/ria.s:13
    icmp.o                    runtime/icmp.s:9
staspidx (staspidx.o):
    ext-label.c.23300.0.o     ext-label.c.23300.0.s:336
stax0sp (staxsp.o):
    f_getcwd.o                ../libwrk/rp6502/f_getcwd.s:103
staxysp (staxsp.o):
    f_getlabel.o              ../libwrk/rp6502/f_getlabel.s:127
    f_getcwd.o                ../libwrk/rp6502/f_getcwd.s:103
subeq0sp (subeqsp.o):
    f_setlabel.o              ../libwrk/rp6502/f_setlabel.s:83
    f_getlabel.o              ../libwrk/rp6502/f_getlabel.s:127
    write_stub.c.23300.2.o    write_stub.c.23300.2.s:64
subysp (subysp.o):
    ext-label.c.23300.0.o     ext-label.c.23300.0.s:336
tmp1 (zeropage.o):
    mul.o                     runtime/mul.s:10
    ltoa.o                    common/ltoa.s:11
    copydata.o                common/copydata.s:9
    _printf.o                 /home/wojciech/git/WojciechGw/cc65/asminc/zeropage.inc:13
    staspidx.o                runtime/staspidx.s:9
tosicmp (icmp.o):
    f_getcwd.o                ../libwrk/rp6502/f_getcwd.s:103
tosudivax (udiv.o):
    fwrite.o                  common/fwrite.s:12
tosumulax (mul.o):
    fwrite.o                  common/fwrite.s:12
zerobss (zerobss.o):
    crt0.o                    rp6502/crt0.s:12

