Modules list:
-------------
ext-rx.c.22016.0.o:
    CODE              Offs=000000  Size=00025D  Align=00001  Fill=0000
    RODATA            Offs=000000  Size=000165  Align=00001  Fill=0000
    BSS               Offs=000000  Size=000101  Align=00001  Fill=0000
    DATA              Offs=000000  Size=000008  Align=00001  Fill=0000
crt0_cmd.s.22016.1.o:
    STARTUP           Offs=000000  Size=00001B  Align=00001  Fill=0000
write_stub.c.22016.2.o:
    CODE              Offs=00025D  Size=00004C  Align=00001  Fill=0000
initmainargs.s.22016.3.o:
    STARTUP           Offs=00001B  Size=000001  Align=00001  Fill=0000
C:\@prg\cc65\lib/rp6502.lib(_file.o):
    DATA              Offs=000008  Size=00001E  Align=00001  Fill=0000
C:\@prg\cc65\lib/rp6502.lib(_hextab.o):
    RODATA            Offs=000165  Size=000010  Align=00001  Fill=0000
C:\@prg\cc65\lib/rp6502.lib(_longminstr.o):
    RODATA            Offs=000175  Size=00000C  Align=00001  Fill=0000
C:\@prg\cc65\lib/rp6502.lib(_printf.o):
    CODE              Offs=0002A9  Size=0003A1  Align=00001  Fill=0000
    BSS               Offs=000101  Size=00002B  Align=00001  Fill=0000
    DATA              Offs=000026  Size=000003  Align=00001  Fill=0000
C:\@prg\cc65\lib/rp6502.lib(_seterrno.o):
    CODE              Offs=00064A  Size=000009  Align=00001  Fill=0000
C:\@prg\cc65\lib/rp6502.lib(addeqsp.o):
    CODE              Offs=000653  Size=000011  Align=00001  Fill=0000
C:\@prg\cc65\lib/rp6502.lib(addysp.o):
    CODE              Offs=000664  Size=00000E  Align=00001  Fill=0000
C:\@prg\cc65\lib/rp6502.lib(axlong.o):
    CODE              Offs=000672  Size=00000D  Align=00001  Fill=0000
C:\@prg\cc65\lib/rp6502.lib(clock.o):
    CODE              Offs=00067F  Size=000005  Align=00001  Fill=0000
C:\@prg\cc65\lib/rp6502.lib(condes.o):
    CODE              Offs=000684  Size=00000C  Align=00001  Fill=0000
    DATA              Offs=000029  Size=000025  Align=00001  Fill=0000
    ONCE              Offs=000000  Size=00000C  Align=00001  Fill=0000
C:\@prg\cc65\lib/rp6502.lib(copydata.o):
    CODE              Offs=000690  Size=00002D  Align=00001  Fill=0000
C:\@prg\cc65\lib/rp6502.lib(crt0.o):
    STARTUP           Offs=00001C  Size=00002B  Align=00001  Fill=0000
C:\@prg\cc65\lib/rp6502.lib(ctype.o):
    RODATA            Offs=000181  Size=00008B  Align=00001  Fill=0000
C:\@prg\cc65\lib/rp6502.lib(ctypemask.o):
    CODE              Offs=0006BD  Size=00001E  Align=00001  Fill=0000
C:\@prg\cc65\lib/rp6502.lib(decsp4.o):
    CODE              Offs=0006DB  Size=00000D  Align=00001  Fill=0000
C:\@prg\cc65\lib/rp6502.lib(decsp6.o):
    CODE              Offs=0006E8  Size=00000D  Align=00001  Fill=0000
C:\@prg\cc65\lib/rp6502.lib(errno.o):
    CODE              Offs=0006F5  Size=00000A  Align=00001  Fill=0000
C:\@prg\cc65\lib/rp6502.lib(fwrite.o):
    CODE              Offs=0006FF  Size=000077  Align=00001  Fill=0000
    BSS               Offs=00012C  Size=000002  Align=00001  Fill=0000
C:\@prg\cc65\lib/rp6502.lib(incsp1.o):
    CODE              Offs=000776  Size=000007  Align=00001  Fill=0000
C:\@prg\cc65\lib/rp6502.lib(incsp2.o):
    CODE              Offs=00077D  Size=000015  Align=00001  Fill=0000
C:\@prg\cc65\lib/rp6502.lib(incsp4.o):
    CODE              Offs=000792  Size=000005  Align=00001  Fill=0000
C:\@prg\cc65\lib/rp6502.lib(incsp6.o):
    CODE              Offs=000797  Size=000005  Align=00001  Fill=0000
C:\@prg\cc65\lib/rp6502.lib(lcmp.o):
    CODE              Offs=00079C  Size=00003B  Align=00001  Fill=0000
C:\@prg\cc65\lib/rp6502.lib(ldaxsp.o):
    CODE              Offs=0007D7  Size=000009  Align=00001  Fill=0000
C:\@prg\cc65\lib/rp6502.lib(ldeaxysp.o):
    CODE              Offs=0007E0  Size=000013  Align=00001  Fill=0000
C:\@prg\cc65\lib/rp6502.lib(lneg.o):
    CODE              Offs=0007F3  Size=00001E  Align=00001  Fill=0000
C:\@prg\cc65\lib/rp6502.lib(lpush.o):
    CODE              Offs=000811  Size=00001E  Align=00001  Fill=0000
C:\@prg\cc65\lib/rp6502.lib(lsub.o):
    CODE              Offs=00082F  Size=000024  Align=00001  Fill=0000
C:\@prg\cc65\lib/rp6502.lib(ltoa.o):
    CODE              Offs=000853  Size=000093  Align=00001  Fill=0000
C:\@prg\cc65\lib/rp6502.lib(luge.o):
    CODE              Offs=0008E6  Size=000006  Align=00001  Fill=0000
C:\@prg\cc65\lib/rp6502.lib(makebool.o):
    CODE              Offs=0008EC  Size=00002C  Align=00001  Fill=0000
C:\@prg\cc65\lib/rp6502.lib(mul.o):
    CODE              Offs=000918  Size=000045  Align=00001  Fill=0000
C:\@prg\cc65\lib/rp6502.lib(mul8.o):
    CODE              Offs=00095D  Size=00003A  Align=00001  Fill=0000
C:\@prg\cc65\lib/rp6502.lib(popptr1.o):
    CODE              Offs=000997  Size=00000E  Align=00001  Fill=0000
C:\@prg\cc65\lib/rp6502.lib(printf.o):
    CODE              Offs=0009A5  Size=000033  Align=00001  Fill=0000
    BSS               Offs=00012E  Size=000001  Align=00001  Fill=0000
C:\@prg\cc65\lib/rp6502.lib(push1.o):
    CODE              Offs=0009D8  Size=000005  Align=00001  Fill=0000
C:\@prg\cc65\lib/rp6502.lib(pusha.o):
    CODE              Offs=0009DD  Size=000016  Align=00001  Fill=0000
C:\@prg\cc65\lib/rp6502.lib(pushax.o):
    CODE              Offs=0009F3  Size=00001A  Align=00001  Fill=0000
C:\@prg\cc65\lib/rp6502.lib(pushwsp.o):
    CODE              Offs=000A0D  Size=00001C  Align=00001  Fill=0000
C:\@prg\cc65\lib/rp6502.lib(ria.o):
    CODE              Offs=000A29  Size=00004E  Align=00001  Fill=0000
C:\@prg\cc65\lib/rp6502.lib(staspidx.o):
    CODE              Offs=000A77  Size=000016  Align=00001  Fill=0000
C:\@prg\cc65\lib/rp6502.lib(staxsp.o):
    CODE              Offs=000A8D  Size=00000B  Align=00001  Fill=0000
C:\@prg\cc65\lib/rp6502.lib(steaxsp.o):
    CODE              Offs=000A98  Size=000015  Align=00001  Fill=0000
C:\@prg\cc65\lib/rp6502.lib(strlen.o):
    CODE              Offs=000AAD  Size=000016  Align=00001  Fill=0000
C:\@prg\cc65\lib/rp6502.lib(strlower.o):
    CODE              Offs=000AC3  Size=000027  Align=00001  Fill=0000
C:\@prg\cc65\lib/rp6502.lib(subeqsp.o):
    CODE              Offs=000AEA  Size=000015  Align=00001  Fill=0000
C:\@prg\cc65\lib/rp6502.lib(udiv.o):
    CODE              Offs=000AFF  Size=00004F  Align=00001  Fill=0000
C:\@prg\cc65\lib/rp6502.lib(umod.o):
    CODE              Offs=000B4E  Size=000011  Align=00001  Fill=0000
C:\@prg\cc65\lib/rp6502.lib(vfprintf.o):
    CODE              Offs=000B5F  Size=000060  Align=00001  Fill=0000
    DATA              Offs=00004E  Size=000008  Align=00001  Fill=0000
C:\@prg\cc65\lib/rp6502.lib(zerobss.o):
    CODE              Offs=000BBF  Size=000023  Align=00001  Fill=0000
C:\@prg\cc65\lib/rp6502.lib(zeropage.o):
    ZEROPAGE          Offs=000000  Size=00001A  Align=00001  Fill=0000


Segment list:
-------------
Name                   Start     End    Size  Align
----------------------------------------------------
ZEROPAGE              000000  000019  00001A  00001
STARTUP               009000  009046  000047  00001
ONCE                  009047  009054  00000E  00001
CODE                  009055  009C36  000BE2  00001
RODATA                009C37  009E42  00020C  00001
DATA                  009E43  009E98  000056  00001
BSS                   009E99  009FC7  00012F  00001


Exports list by name:
---------------------
__BSS_RUN__               009E99 RLA    __BSS_SIZE__              00012F REA    
__CONSTRUCTOR_COUNT__     000001 REA    __CONSTRUCTOR_TABLE__     009053 RLA    
__DATA_LOAD__             009E43 RLA    __DATA_RUN__              009E43 RLA    
__DATA_SIZE__             000056 REA    __DESTRUCTOR_COUNT__      000000 REA    
__DESTRUCTOR_TABLE__      009E43 RLA    __RAM_SIZE__              006D00 REA    
__RAM_START__             009000 RLA    __STACKSIZE__             000200 REA    
__STARTADDR__             009000 REA    __STARTUP__               000001 REA    
___errno                  00FFED RLA    ___seterrno               00969F RLA    
__ctype                   009DB8 RLA    __ctypeidx                009DC3 RLA    
__hextab                  009D9C RLA    __longminstr              009DAC RLA    
__printf                  0093EF RLA    _clock                    0096D4 RLA    
_errno_opt_constructor    00974A  LAI   _fwrite                   009754 RLA    
_ltoa                     0098C0 RLA    _main                     00918C RLA    
_printf                   0099FA RLA    _ria_call_int             009AB5 RLA    
_ria_call_long            009ABB RLA    _stdout                   009E65 RLA    
_strlen                   009B02 RLA    _strlower                 009B18 RLA    
_ultoa                    0098FF RLA    _vfprintf                 009BEB RLA    
_write                    0092B2 RLA    addeq0sp                  0096A8 RLA    
addeqysp                  0096AA RLA    addysp                    0096BA RLA    
addysp1                   0096B9 RLA    axlong                    0096C7 RLA    
axulong                   0096CD RLA    booluge                   009968 RLA    
c_sp                      000000 RLZ    copydata                  0096E5 RLA    
ctypemaskdirect           009716 RLA    decsp4                    009730 RLA    
decsp6                    00973D RLA    donelib                   0096D9 RLA    
incsp1                    0097CB RLA    incsp2                    0097D9 RLA    
incsp4                    0097E7 RLA    incsp6                    0097EC RLA    
initlib                   009047 RLA    ldaxysp                   00982E RLA    
ldeaxysp                  009837 RLA    mul8x16                   0099B4 RLA    
mul8x16a                  0099BE RLA    negeax                    009848 RLA    
popax                     0097D2 RLA    popptr1                   0099EC RLA    
ptr1                      000008 RLZ    ptr2                      00000A RLZ    
ptr3                      00000C RLZ    ptr4                      00000E RLZ    
push0                     009A48 RLA    push0ax                   009869 RLA    
push1                     009A2D RLA    pusha                     009A36 RLA    
pusha0                    009A4A RLA    pushax                    009A4C RLA    
pusheax                   00986D RLA    pushwysp                  009A64 RLA    
regbank                   000014 RLZ    sreg                      000002 RLZ    
staspidx                  009ACC RLA    stax0sp                   009AE2 RLA    
staxysp                   009AE4 RLA    steaxysp                  009AEF RLA    
subeq0sp                  009B3F RLA    tmp1                      000010 RLZ    
toslcmp                   0097F1 RLA    tossubeax                 009888 RLA    
tosudiva0                 009B54 RLA    tosudivax                 009B56 RLA    
tosugeeax                 00993B RLA    tosumoda0                 009BA3 RLA    
tosumulax                 00996D RLA    udiv16                    009B65 RLA    
zerobss                   009C14 RLA    


Exports list by value:
----------------------
c_sp                      000000 RLZ    __DESTRUCTOR_COUNT__      000000 REA    
__STARTUP__               000001 REA    __CONSTRUCTOR_COUNT__     000001 REA    
sreg                      000002 RLZ    ptr1                      000008 RLZ    
ptr2                      00000A RLZ    ptr3                      00000C RLZ    
ptr4                      00000E RLZ    tmp1                      000010 RLZ    
regbank                   000014 RLZ    __DATA_SIZE__             000056 REA    
__BSS_SIZE__              00012F REA    __STACKSIZE__             000200 REA    
__RAM_SIZE__              006D00 REA    __RAM_START__             009000 RLA    
__STARTADDR__             009000 REA    initlib                   009047 RLA    
__CONSTRUCTOR_TABLE__     009053 RLA    _main                     00918C RLA    
_write                    0092B2 RLA    __printf                  0093EF RLA    
___seterrno               00969F RLA    addeq0sp                  0096A8 RLA    
addeqysp                  0096AA RLA    addysp1                   0096B9 RLA    
addysp                    0096BA RLA    axlong                    0096C7 RLA    
axulong                   0096CD RLA    _clock                    0096D4 RLA    
donelib                   0096D9 RLA    copydata                  0096E5 RLA    
ctypemaskdirect           009716 RLA    decsp4                    009730 RLA    
decsp6                    00973D RLA    _errno_opt_constructor    00974A  LAI   
_fwrite                   009754 RLA    incsp1                    0097CB RLA    
popax                     0097D2 RLA    incsp2                    0097D9 RLA    
incsp4                    0097E7 RLA    incsp6                    0097EC RLA    
toslcmp                   0097F1 RLA    ldaxysp                   00982E RLA    
ldeaxysp                  009837 RLA    negeax                    009848 RLA    
push0ax                   009869 RLA    pusheax                   00986D RLA    
tossubeax                 009888 RLA    _ltoa                     0098C0 RLA    
_ultoa                    0098FF RLA    tosugeeax                 00993B RLA    
booluge                   009968 RLA    tosumulax                 00996D RLA    
mul8x16                   0099B4 RLA    mul8x16a                  0099BE RLA    
popptr1                   0099EC RLA    _printf                   0099FA RLA    
push1                     009A2D RLA    pusha                     009A36 RLA    
push0                     009A48 RLA    pusha0                    009A4A RLA    
pushax                    009A4C RLA    pushwysp                  009A64 RLA    
_ria_call_int             009AB5 RLA    _ria_call_long            009ABB RLA    
staspidx                  009ACC RLA    stax0sp                   009AE2 RLA    
staxysp                   009AE4 RLA    steaxysp                  009AEF RLA    
_strlen                   009B02 RLA    _strlower                 009B18 RLA    
subeq0sp                  009B3F RLA    tosudiva0                 009B54 RLA    
tosudivax                 009B56 RLA    udiv16                    009B65 RLA    
tosumoda0                 009BA3 RLA    _vfprintf                 009BEB RLA    
zerobss                   009C14 RLA    __hextab                  009D9C RLA    
__longminstr              009DAC RLA    __ctype                   009DB8 RLA    
__ctypeidx                009DC3 RLA    __DATA_LOAD__             009E43 RLA    
__DATA_RUN__              009E43 RLA    __DESTRUCTOR_TABLE__      009E43 RLA    
_stdout                   009E65 RLA    __BSS_RUN__               009E99 RLA    
___errno                  00FFED RLA    


Imports list:
-------------
__BSS_RUN__ ([linker generated]):
    zerobss.o                 common/zerobss.s:8
__BSS_SIZE__ ([linker generated]):
    zerobss.o                 common/zerobss.s:8
__CONSTRUCTOR_COUNT__ ([linker generated]):
    condes.o                  runtime/condes.s:18
__CONSTRUCTOR_TABLE__ ([linker generated]):
    condes.o                  runtime/condes.s:18
__DATA_LOAD__ ([linker generated]):
    copydata.o                common/copydata.s:8
__DATA_RUN__ ([linker generated]):
    copydata.o                common/copydata.s:8
__DATA_SIZE__ ([linker generated]):
    copydata.o                common/copydata.s:8
__DESTRUCTOR_COUNT__ ([linker generated]):
    condes.o                  runtime/condes.s:19
__DESTRUCTOR_TABLE__ ([linker generated]):
    condes.o                  runtime/condes.s:19
__RAM_SIZE__ ([linker generated]):
    crt0.o                    rp6502/crt0.s:10
__RAM_START__ ([linker generated]):
    crt0.o                    rp6502/crt0.s:10
__STACKSIZE__ ([linker generated]):
    [linker generated]        ../ext0x9000.cfg:9
__STARTADDR__ ([linker generated]):
    [linker generated]        ../ext0x9000.cfg:9
    [linker generated]        ../ext0x9000.cfg:9
__STARTUP__ (crt0.o):
    ext-rx.c.22016.0.o        ext-rx.c.22016.0.s:13
    [linker generated]        ../ext0x9000.cfg:3
___errno (errno.o):
    _seterrno.o               /home/wojciech/git/WojciechGw/cc65/asminc/errno.inc:7
___seterrno (_seterrno.o):
    fwrite.o                  /home/wojciech/git/WojciechGw/cc65/asminc/errno.inc:9
__ctype (ctype.o):
    ctypemask.o               common/ctypemask.s:23
__ctypeidx (ctype.o):
    ctypemask.o               common/ctypemask.s:24
__hextab (_hextab.o):
    ltoa.o                    common/ltoa.s:10
__longminstr (_longminstr.o):
    ltoa.o                    common/ltoa.s:10
__printf (_printf.o):
    vfprintf.o                common/vfprintf.s:10
_clock (clock.o):
    ext-rx.c.22016.0.o        ext-rx.c.22016.0.s:15
_fwrite (fwrite.o):
    vfprintf.o                common/vfprintf.s:10
_ltoa (ltoa.o):
    _printf.o                 common/_printf.s:12
_main (ext-rx.c.22016.0.o):
    crt0.o                    rp6502/crt0.s:7
    crt0_cmd.s.22016.1.o      crt0_cmd.s:2
_printf (printf.o):
    ext-rx.c.22016.0.o        ext-rx.c.22016.0.s:14
_ria_call_int (ria.o):
    errno.o                   rp6502/errno.s:12
_ria_call_long (ria.o):
    clock.o                   ../libwrk/rp6502/clock.s:17
_stdout (_file.o):
    printf.o                  common/printf.s:8
_strlen (strlen.o):
    _printf.o                 common/_printf.s:13
_strlower (strlower.o):
    _printf.o                 common/_printf.s:13
_ultoa (ltoa.o):
    _printf.o                 common/_printf.s:12
_vfprintf (vfprintf.o):
    printf.o                  common/printf.s:8
_write (write_stub.c.22016.2.o):
    fwrite.o                  common/fwrite.s:10
addeq0sp (addeqsp.o):
    ext-rx.c.22016.0.o        ext-rx.c.22016.0.s:432
addeqysp (addeqsp.o):
    write_stub.c.22016.2.o    write_stub.c.22016.2.s:64
addysp (addysp.o):
    incsp4.o                  runtime/incsp4.s:8
    incsp6.o                  runtime/incsp6.s:8
    fwrite.o                  common/fwrite.s:11
    printf.o                  common/printf.s:8
    write_stub.c.22016.2.o    write_stub.c.22016.2.s:64
    ext-rx.c.22016.0.o        ext-rx.c.22016.0.s:432
addysp1 (addysp.o):
    lsub.o                    runtime/lsub.s:11
axlong (axlong.o):
    _printf.o                 common/_printf.s:11
axulong (axlong.o):
    _printf.o                 common/_printf.s:11
booluge (makebool.o):
    luge.o                    runtime/luge.s:8
c_sp (zeropage.o):
    popptr1.o                 runtime/popptr1.s:9
    ldaxsp.o                  runtime/ldaxsp.s:8
    lcmp.o                    runtime/lcmp.s:10
    decsp4.o                  runtime/decsp4.s:8
    _printf.o                 /home/wojciech/git/WojciechGw/cc65/asminc/zeropage.inc:11
    vfprintf.o                common/vfprintf.s:11
    subeqsp.o                 runtime/subeqsp.s:8
    steaxsp.o                 runtime/steaxsp.s:8
    staxsp.o                  runtime/staxsp.s:8
    staspidx.o                runtime/staspidx.s:9
    pushwsp.o                 runtime/pushwsp.s:8
    pushax.o                  runtime/pushax.s:8
    pusha.o                   runtime/pusha.s:8
    printf.o                  common/printf.s:9
    lsub.o                    runtime/lsub.s:12
    lpush.o                   runtime/lpush.s:13
    ldeaxysp.o                runtime/ldeaxysp.s:12
    incsp2.o                  runtime/incsp2.s:8
    incsp1.o                  runtime/incsp1.s:8
    decsp6.o                  runtime/decsp6.s:8
    crt0.o                    /home/wojciech/git/WojciechGw/cc65/asminc/zeropage.inc:11
    addysp.o                  runtime/addysp.s:8
    addeqsp.o                 runtime/addeqsp.s:8
    write_stub.c.22016.2.o    write_stub.c.22016.2.s:10
    ext-rx.c.22016.0.o        ext-rx.c.22016.0.s:10
copydata (copydata.o):
    crt0.o                    rp6502/crt0.s:12
ctypemaskdirect (ctypemask.o):
    strlower.o                common/strlower.s:14
decsp4 (decsp4.o):
    lpush.o                   runtime/lpush.s:12
decsp6 (decsp6.o):
    _printf.o                 common/_printf.s:11
    ext-rx.c.22016.0.o        ext-rx.c.22016.0.s:432
donelib (condes.o):
    crt0.o                    rp6502/crt0.s:12
    crt0_cmd.s.22016.1.o      crt0_cmd.s:2
incsp1 (incsp1.o):
    ext-rx.c.22016.0.o        ext-rx.c.22016.0.s:432
    ext-rx.c.22016.0.o        ext-rx.c.22016.0.s:432
incsp2 (incsp2.o):
    popptr1.o                 runtime/popptr1.s:8
    staspidx.o                runtime/staspidx.s:8
    ext-rx.c.22016.0.o        ext-rx.c.22016.0.s:432
incsp4 (incsp4.o):
    lcmp.o                    runtime/lcmp.s:9
incsp6 (incsp6.o):
    fwrite.o                  common/fwrite.s:11
    vfprintf.o                common/vfprintf.s:9
initlib (condes.o):
    crt0.o                    rp6502/crt0.s:12
    crt0_cmd.s.22016.1.o      crt0_cmd.s:2
ldaxysp (ldaxsp.o):
    fwrite.o                  common/fwrite.s:11
ldeaxysp (ldeaxysp.o):
    ext-rx.c.22016.0.o        ext-rx.c.22016.0.s:432
mul8x16 (mul8.o):
    mul.o                     runtime/mul.s:8
mul8x16a (mul8.o):
    mul.o                     runtime/mul.s:8
negeax (lneg.o):
    ltoa.o                    common/ltoa.s:9
popax (incsp2.o):
    ltoa.o                    common/ltoa.s:9
    _printf.o                 common/_printf.s:11
popptr1 (popptr1.o):
    mul8.o                    runtime/mul8.s:9
    mul.o                     runtime/mul.s:9
    ltoa.o                    common/ltoa.s:9
    umod.o                    runtime/umod.s:8
    udiv.o                    runtime/udiv.s:9
ptr1 (zeropage.o):
    strlower.o                common/strlower.s:13
    popptr1.o                 runtime/popptr1.s:9
    mul8.o                    runtime/mul8.s:10
    mul.o                     runtime/mul.s:10
    ltoa.o                    common/ltoa.s:11
    lcmp.o                    runtime/lcmp.s:10
    fwrite.o                  common/fwrite.s:14
    copydata.o                common/copydata.s:9
    _printf.o                 /home/wojciech/git/WojciechGw/cc65/asminc/zeropage.inc:12
    zerobss.o                 common/zerobss.s:9
    vfprintf.o                common/vfprintf.s:11
    udiv.o                    runtime/udiv.s:10
    staspidx.o                runtime/staspidx.s:9
    printf.o                  common/printf.s:9
    write_stub.c.22016.2.o    write_stub.c.22016.2.s:11
    ext-rx.c.22016.0.o        ext-rx.c.22016.0.s:11
ptr2 (zeropage.o):
    strlower.o                common/strlower.s:13
    ltoa.o                    common/ltoa.s:11
    copydata.o                common/copydata.s:9
    _printf.o                 /home/wojciech/git/WojciechGw/cc65/asminc/zeropage.inc:12
ptr3 (zeropage.o):
    ltoa.o                    common/ltoa.s:11
ptr4 (zeropage.o):
    strlen.o                  common/strlen.s:12
    mul8.o                    runtime/mul8.s:10
    mul.o                     runtime/mul.s:10
    umod.o                    runtime/umod.s:9
    udiv.o                    runtime/udiv.s:10
push0 (pushax.o):
    ext-rx.c.22016.0.o        ext-rx.c.22016.0.s:432
push0ax (lpush.o):
    ext-rx.c.22016.0.o        ext-rx.c.22016.0.s:432
push1 (push1.o):
    _printf.o                 common/_printf.s:11
    vfprintf.o                common/vfprintf.s:9
pusha (pusha.o):
    ext-rx.c.22016.0.o        ext-rx.c.22016.0.s:432
    ext-rx.c.22016.0.o        ext-rx.c.22016.0.s:432
    ext-rx.c.22016.0.o        ext-rx.c.22016.0.s:432
pusha0 (pushax.o):
    push1.o                   runtime/push1.s:8
    fwrite.o                  common/fwrite.s:11
pushax (pushax.o):
    fwrite.o                  common/fwrite.s:11
    _printf.o                 common/_printf.s:11
    printf.o                  common/printf.s:8
    write_stub.c.22016.2.o    write_stub.c.22016.2.s:64
    ext-rx.c.22016.0.o        ext-rx.c.22016.0.s:432
    ext-rx.c.22016.0.o        ext-rx.c.22016.0.s:432
    ext-rx.c.22016.0.o        ext-rx.c.22016.0.s:432
pusheax (lpush.o):
    _printf.o                 common/_printf.s:11
    ext-rx.c.22016.0.o        ext-rx.c.22016.0.s:432
pushwysp (pushwsp.o):
    fwrite.o                  common/fwrite.s:11
    vfprintf.o                common/vfprintf.s:9
    write_stub.c.22016.2.o    write_stub.c.22016.2.s:64
    ext-rx.c.22016.0.o        ext-rx.c.22016.0.s:432
regbank (zeropage.o):
    _printf.o                 /home/wojciech/git/WojciechGw/cc65/asminc/zeropage.inc:14
sreg (zeropage.o):
    lneg.o                    runtime/lneg.s:11
    ltoa.o                    common/ltoa.s:11
    lcmp.o                    runtime/lcmp.s:10
    axlong.o                  runtime/axlong.s:9
    _printf.o                 /home/wojciech/git/WojciechGw/cc65/asminc/zeropage.inc:11
    umod.o                    runtime/umod.s:9
    udiv.o                    runtime/udiv.s:10
    steaxsp.o                 runtime/steaxsp.s:8
    ria.o                     rp6502/ria.s:13
    lsub.o                    runtime/lsub.s:12
    lpush.o                   runtime/lpush.s:13
    ldeaxysp.o                runtime/ldeaxysp.s:12
staspidx (staspidx.o):
    ext-rx.c.22016.0.o        ext-rx.c.22016.0.s:432
stax0sp (staxsp.o):
    ext-rx.c.22016.0.o        ext-rx.c.22016.0.s:432
staxysp (staxsp.o):
    ext-rx.c.22016.0.o        ext-rx.c.22016.0.s:432
steaxysp (steaxsp.o):
    ext-rx.c.22016.0.o        ext-rx.c.22016.0.s:432
subeq0sp (subeqsp.o):
    write_stub.c.22016.2.o    write_stub.c.22016.2.s:64
tmp1 (zeropage.o):
    mul.o                     runtime/mul.s:10
    ltoa.o                    common/ltoa.s:11
    copydata.o                common/copydata.s:9
    _printf.o                 /home/wojciech/git/WojciechGw/cc65/asminc/zeropage.inc:13
    staspidx.o                runtime/staspidx.s:9
toslcmp (lcmp.o):
    luge.o                    runtime/luge.s:8
tossubeax (lsub.o):
    ext-rx.c.22016.0.o        ext-rx.c.22016.0.s:432
tosudiva0 (udiv.o):
    ext-rx.c.22016.0.o        ext-rx.c.22016.0.s:432
tosudivax (udiv.o):
    fwrite.o                  common/fwrite.s:12
tosugeeax (luge.o):
    ext-rx.c.22016.0.o        ext-rx.c.22016.0.s:432
tosumoda0 (umod.o):
    ext-rx.c.22016.0.o        ext-rx.c.22016.0.s:432
tosumulax (mul.o):
    fwrite.o                  common/fwrite.s:12
udiv16 (udiv.o):
    umod.o                    runtime/umod.s:8
zerobss (zerobss.o):
    crt0.o                    rp6502/crt0.s:12

