Modules list:
-------------
hello.c.19776.0.o:
    CODE              Offs=000000  Size=000010  Align=00001  Fill=0000
    RODATA            Offs=000000  Size=000009  Align=00001  Fill=0000
C:\@prg\cc65\lib/rp6502.lib(_file.o):
    DATA              Offs=000000  Size=00001E  Align=00001  Fill=0000
C:\@prg\cc65\lib/rp6502.lib(_hextab.o):
    RODATA            Offs=000009  Size=000010  Align=00001  Fill=0000
C:\@prg\cc65\lib/rp6502.lib(_longminstr.o):
    RODATA            Offs=000019  Size=00000C  Align=00001  Fill=0000
C:\@prg\cc65\lib/rp6502.lib(_printf.o):
    CODE              Offs=000010  Size=0003A1  Align=00001  Fill=0000
    BSS               Offs=000000  Size=00002B  Align=00001  Fill=0000
    DATA              Offs=00001E  Size=000003  Align=00001  Fill=0000
C:\@prg\cc65\lib/rp6502.lib(_seterrno.o):
    CODE              Offs=0003B1  Size=000009  Align=00001  Fill=0000
C:\@prg\cc65\lib/rp6502.lib(addeqsp.o):
    CODE              Offs=0003BA  Size=000011  Align=00001  Fill=0000
C:\@prg\cc65\lib/rp6502.lib(addysp.o):
    CODE              Offs=0003CB  Size=00000E  Align=00001  Fill=0000
C:\@prg\cc65\lib/rp6502.lib(axlong.o):
    CODE              Offs=0003D9  Size=00000D  Align=00001  Fill=0000
C:\@prg\cc65\lib/rp6502.lib(condes.o):
    CODE              Offs=0003E6  Size=00000C  Align=00001  Fill=0000
    DATA              Offs=000021  Size=000025  Align=00001  Fill=0000
    ONCE              Offs=000000  Size=00000C  Align=00001  Fill=0000
C:\@prg\cc65\lib/rp6502.lib(copydata.o):
    CODE              Offs=0003F2  Size=00002D  Align=00001  Fill=0000
C:\@prg\cc65\lib/rp6502.lib(crt0.o):
    STARTUP           Offs=000000  Size=00002B  Align=00001  Fill=0000
C:\@prg\cc65\lib/rp6502.lib(ctype.o):
    RODATA            Offs=000025  Size=00008B  Align=00001  Fill=0000
C:\@prg\cc65\lib/rp6502.lib(ctypemask.o):
    CODE              Offs=00041F  Size=00001E  Align=00001  Fill=0000
C:\@prg\cc65\lib/rp6502.lib(decsp2.o):
    CODE              Offs=00043D  Size=00000D  Align=00001  Fill=0000
C:\@prg\cc65\lib/rp6502.lib(decsp4.o):
    CODE              Offs=00044A  Size=00000D  Align=00001  Fill=0000
C:\@prg\cc65\lib/rp6502.lib(decsp6.o):
    CODE              Offs=000457  Size=00000D  Align=00001  Fill=0000
C:\@prg\cc65\lib/rp6502.lib(errno.o):
    CODE              Offs=000464  Size=00000A  Align=00001  Fill=0000
C:\@prg\cc65\lib/rp6502.lib(fwrite.o):
    CODE              Offs=00046E  Size=000077  Align=00001  Fill=0000
    BSS               Offs=00002B  Size=000002  Align=00001  Fill=0000
C:\@prg\cc65\lib/rp6502.lib(incsp2.o):
    CODE              Offs=0004E5  Size=000015  Align=00001  Fill=0000
C:\@prg\cc65\lib/rp6502.lib(incsp6.o):
    CODE              Offs=0004FA  Size=000005  Align=00001  Fill=0000
C:\@prg\cc65\lib/rp6502.lib(incsp8.o):
    CODE              Offs=0004FF  Size=000005  Align=00001  Fill=0000
C:\@prg\cc65\lib/rp6502.lib(ldaxsp.o):
    CODE              Offs=000504  Size=000009  Align=00001  Fill=0000
C:\@prg\cc65\lib/rp6502.lib(lneg.o):
    CODE              Offs=00050D  Size=00001E  Align=00001  Fill=0000
C:\@prg\cc65\lib/rp6502.lib(lpush.o):
    CODE              Offs=00052B  Size=00001E  Align=00001  Fill=0000
C:\@prg\cc65\lib/rp6502.lib(ltoa.o):
    CODE              Offs=000549  Size=000093  Align=00001  Fill=0000
C:\@prg\cc65\lib/rp6502.lib(mul.o):
    CODE              Offs=0005DC  Size=000045  Align=00001  Fill=0000
C:\@prg\cc65\lib/rp6502.lib(mul8.o):
    CODE              Offs=000621  Size=00003A  Align=00001  Fill=0000
C:\@prg\cc65\lib/rp6502.lib(popptr1.o):
    CODE              Offs=00065B  Size=00000E  Align=00001  Fill=0000
C:\@prg\cc65\lib/rp6502.lib(printf.o):
    CODE              Offs=000669  Size=000033  Align=00001  Fill=0000
    BSS               Offs=00002D  Size=000001  Align=00001  Fill=0000
C:\@prg\cc65\lib/rp6502.lib(push1.o):
    CODE              Offs=00069C  Size=000005  Align=00001  Fill=0000
C:\@prg\cc65\lib/rp6502.lib(pushax.o):
    CODE              Offs=0006A1  Size=00001A  Align=00001  Fill=0000
C:\@prg\cc65\lib/rp6502.lib(pushwsp.o):
    CODE              Offs=0006BB  Size=00001C  Align=00001  Fill=0000
C:\@prg\cc65\lib/rp6502.lib(ria.o):
    CODE              Offs=0006D7  Size=00004E  Align=00001  Fill=0000
C:\@prg\cc65\lib/rp6502.lib(staxsp.o):
    CODE              Offs=000725  Size=00000B  Align=00001  Fill=0000
C:\@prg\cc65\lib/rp6502.lib(strlen.o):
    CODE              Offs=000730  Size=000016  Align=00001  Fill=0000
C:\@prg\cc65\lib/rp6502.lib(strlower.o):
    CODE              Offs=000746  Size=000027  Align=00001  Fill=0000
C:\@prg\cc65\lib/rp6502.lib(subeqsp.o):
    CODE              Offs=00076D  Size=000015  Align=00001  Fill=0000
C:\@prg\cc65\lib/rp6502.lib(udiv.o):
    CODE              Offs=000782  Size=00004F  Align=00001  Fill=0000
C:\@prg\cc65\lib/rp6502.lib(vfprintf.o):
    CODE              Offs=0007D1  Size=000060  Align=00001  Fill=0000
    DATA              Offs=000046  Size=000008  Align=00001  Fill=0000
C:\@prg\cc65\lib/rp6502.lib(write.o):
    CODE              Offs=000831  Size=00009B  Align=00001  Fill=0000
C:\@prg\cc65\lib/rp6502.lib(write_xstack.o):
    CODE              Offs=0008CC  Size=00005A  Align=00001  Fill=0000
C:\@prg\cc65\lib/rp6502.lib(zerobss.o):
    CODE              Offs=000926  Size=000023  Align=00001  Fill=0000
C:\@prg\cc65\lib/rp6502.lib(zeropage.o):
    ZEROPAGE          Offs=000000  Size=00001A  Align=00001  Fill=0000


Segment list:
-------------
Name                   Start     End    Size  Align
----------------------------------------------------
ZEROPAGE              000000  000019  00001A  00001
STARTUP               009000  00902A  00002B  00001
ONCE                  00902B  009038  00000E  00001
CODE                  009039  009981  000949  00001
RODATA                009982  009A31  0000B0  00001
DATA                  009A32  009A7F  00004E  00001
BSS                   009A80  009AAD  00002E  00001


Exports list by name:
---------------------
__BSS_RUN__               009A80 RLA    __BSS_SIZE__              00002E REA    
__CONSTRUCTOR_COUNT__     000001 REA    __CONSTRUCTOR_TABLE__     009037 RLA    
__DATA_LOAD__             009A32 RLA    __DATA_RUN__              009A32 RLA    
__DATA_SIZE__             00004E REA    __DESTRUCTOR_COUNT__      000000 REA    
__DESTRUCTOR_TABLE__      009A32 RLA    __RAM_SIZE__              00F500 REA    
__RAM_START__             009000 RLA    __STACKSIZE__             000800 REA    
__STARTUP__               000001 REA    ___errno                  00FFED RLA    
___seterrno               0093EA RLA    __ctype                   0099A7 RLA    
__ctypeidx                0099B2 RLA    __hextab                  00998B RLA    
__longminstr              00999B RLA    __printf                  00913A RLA    
_errno_opt_constructor    00949D  LAI   _fwrite                   0094A7 RLA    
_ltoa                     00959A RLA    _main                     009039 RLA    
_printf                   0096A2 RLA    _ria_call_int             009747 RLA    
_ria_set_ax               009740 RLA    _stdout                   009A4C RLA    
_strlen                   009769 RLA    _strlower                 00977F RLA    
_ultoa                    0095D9 RLA    _vfprintf                 009841 RLA    
_write                    00986A RLA    _write_xstack             009905 RLA    
addeqysp                  0093F5 RLA    addysp                    009405 RLA    
axlong                    009412 RLA    axulong                   009418 RLA    
c_sp                      000000 RLZ    copydata                  00942B RLA    
ctypemaskdirect           00945C RLA    decsp2                    009476 RLA    
decsp4                    009483 RLA    decsp6                    009490 RLA    
donelib                   00941F RLA    incsp2                    009525 RLA    
incsp6                    009533 RLA    incsp8                    009538 RLA    
initlib                   00902B RLA    ldax0sp                   00953D RLA    
ldaxysp                   00953F RLA    mul8x16                   00965C RLA    
mul8x16a                  009666 RLA    negeax                    009546 RLA    
popax                     00951E RLA    popptr1                   009694 RLA    
ptr1                      000008 RLZ    ptr2                      00000A RLZ    
ptr3                      00000C RLZ    ptr4                      00000E RLZ    
push0                     0096DA RLA    push1                     0096D5 RLA    
pusha0                    0096DC RLA    pushax                    0096DE RLA    
pusheax                   00956B RLA    pushwysp                  0096F6 RLA    
regbank                   000014 RLZ    sreg                      000002 RLZ    
stax0sp                   00975E RLA    staxysp                   009760 RLA    
subeq0sp                  0097A6 RLA    subeqysp                  0097A8 RLA    
tmp1                      000010 RLZ    tosudivax                 0097BD RLA    
tosumulax                 009615 RLA    zerobss                   00995F RLA    



Exports list by value:
----------------------
c_sp                      000000 RLZ    __DESTRUCTOR_COUNT__      000000 REA    
__CONSTRUCTOR_COUNT__     000001 REA    __STARTUP__               000001 REA    
sreg                      000002 RLZ    ptr1                      000008 RLZ    
ptr2                      00000A RLZ    ptr3                      00000C RLZ    
ptr4                      00000E RLZ    tmp1                      000010 RLZ    
regbank                   000014 RLZ    __BSS_SIZE__              00002E REA    
__DATA_SIZE__             00004E REA    __STACKSIZE__             000800 REA    
__RAM_START__             009000 RLA    initlib                   00902B RLA    
__CONSTRUCTOR_TABLE__     009037 RLA    _main                     009039 RLA    
__printf                  00913A RLA    ___seterrno               0093EA RLA    
addeqysp                  0093F5 RLA    addysp                    009405 RLA    
axlong                    009412 RLA    axulong                   009418 RLA    
donelib                   00941F RLA    copydata                  00942B RLA    
ctypemaskdirect           00945C RLA    decsp2                    009476 RLA    
decsp4                    009483 RLA    decsp6                    009490 RLA    
_errno_opt_constructor    00949D  LAI   _fwrite                   0094A7 RLA    
popax                     00951E RLA    incsp2                    009525 RLA    
incsp6                    009533 RLA    incsp8                    009538 RLA    
ldax0sp                   00953D RLA    ldaxysp                   00953F RLA    
negeax                    009546 RLA    pusheax                   00956B RLA    
_ltoa                     00959A RLA    _ultoa                    0095D9 RLA    
tosumulax                 009615 RLA    mul8x16                   00965C RLA    
mul8x16a                  009666 RLA    popptr1                   009694 RLA    
_printf                   0096A2 RLA    push1                     0096D5 RLA    
push0                     0096DA RLA    pusha0                    0096DC RLA    
pushax                    0096DE RLA    pushwysp                  0096F6 RLA    
_ria_set_ax               009740 RLA    _ria_call_int             009747 RLA    
stax0sp                   00975E RLA    staxysp                   009760 RLA    
_strlen                   009769 RLA    _strlower                 00977F RLA    
subeq0sp                  0097A6 RLA    subeqysp                  0097A8 RLA    
tosudivax                 0097BD RLA    _vfprintf                 009841 RLA    
_write                    00986A RLA    _write_xstack             009905 RLA    
zerobss                   00995F RLA    __hextab                  00998B RLA    
__longminstr              00999B RLA    __ctype                   0099A7 RLA    
__ctypeidx                0099B2 RLA    __DATA_LOAD__             009A32 RLA    
__DATA_RUN__              009A32 RLA    __DESTRUCTOR_TABLE__      009A32 RLA    
_stdout                   009A4C RLA    __BSS_RUN__               009A80 RLA    
__RAM_SIZE__              00F500 REA    ___errno                  00FFED RLA    



Imports list:
-------------
__BSS_RUN__ ([linker generated]):
    zerobss.o                 common/zerobss.s:8
__BSS_SIZE__ ([linker generated]):
    zerobss.o                 common/zerobss.s:8
__CONSTRUCTOR_COUNT__ ([linker generated]):
    condes.o                  runtime/condes.s:18
__CONSTRUCTOR_TABLE__ ([linker generated]):
    condes.o                  runtime/condes.s:18
__DATA_LOAD__ ([linker generated]):
    copydata.o                common/copydata.s:8
__DATA_RUN__ ([linker generated]):
    copydata.o                common/copydata.s:8
__DATA_SIZE__ ([linker generated]):
    copydata.o                common/copydata.s:8
__DESTRUCTOR_COUNT__ ([linker generated]):
    condes.o                  runtime/condes.s:19
__DESTRUCTOR_TABLE__ ([linker generated]):
    condes.o                  runtime/condes.s:19
__RAM_SIZE__ ([linker generated]):
    crt0.o                    rp6502/crt0.s:10
__RAM_START__ ([linker generated]):
    crt0.o                    rp6502/crt0.s:10
__STACKSIZE__ ([linker generated]):
    [linker generated]        hello.cfg:8
__STARTUP__ (crt0.o):
    hello.c.19776.0.o         hello.c.19776.0.s:13
    [linker generated]        hello.cfg:2
___errno (errno.o):
    _seterrno.o               /home/wojciech/git/WojciechGw/cc65/asminc/errno.inc:7
    write_xstack.o            ../libwrk/rp6502/write_xstack.s:21
___seterrno (_seterrno.o):
    fwrite.o                  /home/wojciech/git/WojciechGw/cc65/asminc/errno.inc:9
__ctype (ctype.o):
    ctypemask.o               common/ctypemask.s:23
__ctypeidx (ctype.o):
    ctypemask.o               common/ctypemask.s:24
__hextab (_hextab.o):
    ltoa.o                    common/ltoa.s:10
__longminstr (_longminstr.o):
    ltoa.o                    common/ltoa.s:10
__printf (_printf.o):
    vfprintf.o                common/vfprintf.s:10
_fwrite (fwrite.o):
    vfprintf.o                common/vfprintf.s:10
_ltoa (ltoa.o):
    _printf.o                 common/_printf.s:12
_main (hello.c.19776.0.o):
    crt0.o                    rp6502/crt0.s:7
_printf (printf.o):
    hello.c.19776.0.o         hello.c.19776.0.s:14
_ria_call_int (ria.o):
    errno.o                   rp6502/errno.s:12
    write_xstack.o            ../libwrk/rp6502/write_xstack.s:19
_ria_set_ax (ria.o):
    write_xstack.o            ../libwrk/rp6502/write_xstack.s:18
_stdout (_file.o):
    printf.o                  common/printf.s:8
_strlen (strlen.o):
    _printf.o                 common/_printf.s:13
_strlower (strlower.o):
    _printf.o                 common/_printf.s:13
_ultoa (ltoa.o):
    _printf.o                 common/_printf.s:12
_vfprintf (vfprintf.o):
    printf.o                  common/printf.s:8
_write (write.o):
    fwrite.o                  common/fwrite.s:10
_write_xstack (write_xstack.o):
    write.o                   ../libwrk/rp6502/write.s:17
addeqysp (addeqsp.o):
    write.o                   ../libwrk/rp6502/write.s:124
addysp (addysp.o):
    incsp8.o                  runtime/incsp8.s:8
    write.o                   ../libwrk/rp6502/write.s:124
    incsp6.o                  runtime/incsp6.s:8
    fwrite.o                  common/fwrite.s:11
    printf.o                  common/printf.s:8
axlong (axlong.o):
    _printf.o                 common/_printf.s:11
axulong (axlong.o):
    _printf.o                 common/_printf.s:11
c_sp (zeropage.o):
    subeqsp.o                 runtime/subeqsp.s:8
    staxsp.o                  runtime/staxsp.s:8
    decsp4.o                  runtime/decsp4.s:8
    decsp2.o                  runtime/decsp2.s:8
    addeqsp.o                 runtime/addeqsp.s:8
    write_xstack.o            ../libwrk/rp6502/write_xstack.s:10
    write.o                   ../libwrk/rp6502/write.s:10
    pushwsp.o                 runtime/pushwsp.s:8
    popptr1.o                 runtime/popptr1.s:9
    lpush.o                   runtime/lpush.s:13
    ldaxsp.o                  runtime/ldaxsp.s:8
    incsp2.o                  runtime/incsp2.s:8
    decsp6.o                  runtime/decsp6.s:8
    addysp.o                  runtime/addysp.s:8
    _printf.o                 /home/wojciech/git/WojciechGw/cc65/asminc/zeropage.inc:11
    vfprintf.o                common/vfprintf.s:11
    pushax.o                  runtime/pushax.s:8
    printf.o                  common/printf.s:9
    crt0.o                    /home/wojciech/git/WojciechGw/cc65/asminc/zeropage.inc:11
copydata (copydata.o):
    crt0.o                    rp6502/crt0.s:12
ctypemaskdirect (ctypemask.o):
    strlower.o                common/strlower.s:14
decsp2 (decsp2.o):
    write_xstack.o            ../libwrk/rp6502/write_xstack.s:93
    write.o                   ../libwrk/rp6502/write.s:124
decsp4 (decsp4.o):
    lpush.o                   runtime/lpush.s:12
decsp6 (decsp6.o):
    _printf.o                 common/_printf.s:11
donelib (condes.o):
    crt0.o                    rp6502/crt0.s:12
incsp2 (incsp2.o):
    write.o                   ../libwrk/rp6502/write.s:124
    popptr1.o                 runtime/popptr1.s:8
incsp6 (incsp6.o):
    fwrite.o                  common/fwrite.s:11
    vfprintf.o                common/vfprintf.s:9
incsp8 (incsp8.o):
    write_xstack.o            ../libwrk/rp6502/write_xstack.s:93
initlib (condes.o):
    crt0.o                    rp6502/crt0.s:12
ldax0sp (ldaxsp.o):
    write.o                   ../libwrk/rp6502/write.s:124
ldaxysp (ldaxsp.o):
    write_xstack.o            ../libwrk/rp6502/write_xstack.s:93
    write.o                   ../libwrk/rp6502/write.s:124
    fwrite.o                  common/fwrite.s:11
mul8x16 (mul8.o):
    mul.o                     runtime/mul.s:8
mul8x16a (mul8.o):
    mul.o                     runtime/mul.s:8
negeax (lneg.o):
    ltoa.o                    common/ltoa.s:9
popax (incsp2.o):
    ltoa.o                    common/ltoa.s:9
    _printf.o                 common/_printf.s:11
popptr1 (popptr1.o):
    udiv.o                    runtime/udiv.s:9
    mul8.o                    runtime/mul8.s:9
    mul.o                     runtime/mul.s:9
    ltoa.o                    common/ltoa.s:9
ptr1 (zeropage.o):
    write_xstack.o            ../libwrk/rp6502/write_xstack.s:11
    udiv.o                    runtime/udiv.s:10
    strlower.o                common/strlower.s:13
    popptr1.o                 runtime/popptr1.s:9
    mul8.o                    runtime/mul8.s:10
    mul.o                     runtime/mul.s:10
    ltoa.o                    common/ltoa.s:11
    fwrite.o                  common/fwrite.s:14
    copydata.o                common/copydata.s:9
    _printf.o                 /home/wojciech/git/WojciechGw/cc65/asminc/zeropage.inc:12
    zerobss.o                 common/zerobss.s:9
    vfprintf.o                common/vfprintf.s:11
    printf.o                  common/printf.s:9
ptr2 (zeropage.o):
    strlower.o                common/strlower.s:13
    ltoa.o                    common/ltoa.s:11
    copydata.o                common/copydata.s:9
    _printf.o                 /home/wojciech/git/WojciechGw/cc65/asminc/zeropage.inc:12
ptr3 (zeropage.o):
    ltoa.o                    common/ltoa.s:11
ptr4 (zeropage.o):
    udiv.o                    runtime/udiv.s:10
    strlen.o                  common/strlen.s:12
    mul8.o                    runtime/mul8.s:10
    mul.o                     runtime/mul.s:10
push0 (pushax.o):
    write.o                   ../libwrk/rp6502/write.s:124
push1 (push1.o):
    _printf.o                 common/_printf.s:11
    vfprintf.o                common/vfprintf.s:9
pusha0 (pushax.o):
    push1.o                   runtime/push1.s:8
    fwrite.o                  common/fwrite.s:11
pushax (pushax.o):
    write_xstack.o            ../libwrk/rp6502/write_xstack.s:93
    write.o                   ../libwrk/rp6502/write.s:124
    fwrite.o                  common/fwrite.s:11
    _printf.o                 common/_printf.s:11
    printf.o                  common/printf.s:8
    hello.c.19776.0.o         hello.c.19776.0.s:42
pusheax (lpush.o):
    _printf.o                 common/_printf.s:11
pushwysp (pushwsp.o):
    write.o                   ../libwrk/rp6502/write.s:124
    fwrite.o                  common/fwrite.s:11
    vfprintf.o                common/vfprintf.s:9
regbank (zeropage.o):
    _printf.o                 /home/wojciech/git/WojciechGw/cc65/asminc/zeropage.inc:14
sreg (zeropage.o):
    ria.o                     rp6502/ria.s:13
    lneg.o                    runtime/lneg.s:11
    udiv.o                    runtime/udiv.s:10
    ltoa.o                    common/ltoa.s:11
    lpush.o                   runtime/lpush.s:13
    axlong.o                  runtime/axlong.s:9
    _printf.o                 /home/wojciech/git/WojciechGw/cc65/asminc/zeropage.inc:11
stax0sp (staxsp.o):
    write_xstack.o            ../libwrk/rp6502/write_xstack.s:93
staxysp (staxsp.o):
    write.o                   ../libwrk/rp6502/write.s:124
subeq0sp (subeqsp.o):
    write_xstack.o            ../libwrk/rp6502/write_xstack.s:93
subeqysp (subeqsp.o):
    write.o                   ../libwrk/rp6502/write.s:124
tmp1 (zeropage.o):
    mul.o                     runtime/mul.s:10
    ltoa.o                    common/ltoa.s:11
    copydata.o                common/copydata.s:9
    _printf.o                 /home/wojciech/git/WojciechGw/cc65/asminc/zeropage.inc:13
tosudivax (udiv.o):
    fwrite.o                  common/fwrite.s:12
tosumulax (mul.o):
    fwrite.o                  common/fwrite.s:12
zerobss (zerobss.o):
    crt0.o                    rp6502/crt0.s:12

