Modules list:
-------------
ext-crx.c.9712.0.o:
    CODE              Offs=000000  Size=001175  Align=00001  Fill=0000
    RODATA            Offs=000000  Size=000160  Align=00001  Fill=0000
    BSS               Offs=000000  Size=000061  Align=00001  Fill=0000
    DATA              Offs=000000  Size=00001A  Align=00001  Fill=0000
crt0_cmd.s.9712.1.o:
    STARTUP           Offs=000000  Size=00001B  Align=00001  Fill=0000
write_stub.c.9712.2.o:
    CODE              Offs=001175  Size=00004C  Align=00001  Fill=0000
initmainargs.s.9712.3.o:
    STARTUP           Offs=00001B  Size=000001  Align=00001  Fill=0000
C:\@prg\cc65\lib/rp6502.lib(_directerrno.o):
    CODE              Offs=0011C1  Size=000009  Align=00001  Fill=0000
C:\@prg\cc65\lib/rp6502.lib(_hextab.o):
    RODATA            Offs=000160  Size=000010  Align=00001  Fill=0000
C:\@prg\cc65\lib/rp6502.lib(_longminstr.o):
    RODATA            Offs=000170  Size=00000C  Align=00001  Fill=0000
C:\@prg\cc65\lib/rp6502.lib(_oserror.o):
    BSS               Offs=000061  Size=000001  Align=00001  Fill=0000
C:\@prg\cc65\lib/rp6502.lib(_printf.o):
    CODE              Offs=0011CA  Size=0003A1  Align=00001  Fill=0000
    BSS               Offs=000062  Size=00002B  Align=00001  Fill=0000
    DATA              Offs=00001A  Size=000003  Align=00001  Fill=0000
C:\@prg\cc65\lib/rp6502.lib(_seterrno.o):
    CODE              Offs=00156B  Size=000009  Align=00001  Fill=0000
C:\@prg\cc65\lib/rp6502.lib(addeqsp.o):
    CODE              Offs=001574  Size=000011  Align=00001  Fill=0000
C:\@prg\cc65\lib/rp6502.lib(addysp.o):
    CODE              Offs=001585  Size=00000E  Align=00001  Fill=0000
C:\@prg\cc65\lib/rp6502.lib(axlong.o):
    CODE              Offs=001593  Size=00000D  Align=00001  Fill=0000
C:\@prg\cc65\lib/rp6502.lib(callmain.o):
    CODE              Offs=0015A0  Size=000017  Align=00001  Fill=0000
    DATA              Offs=00001D  Size=000004  Align=00001  Fill=0000
C:\@prg\cc65\lib/rp6502.lib(clock.o):
    CODE              Offs=0015B7  Size=000005  Align=00001  Fill=0000
C:\@prg\cc65\lib/rp6502.lib(close.o):
    CODE              Offs=0015BC  Size=000011  Align=00001  Fill=0000
C:\@prg\cc65\lib/rp6502.lib(condes.o):
    CODE              Offs=0015CD  Size=00000C  Align=00001  Fill=0000
    DATA              Offs=000021  Size=000025  Align=00001  Fill=0000
    ONCE              Offs=000000  Size=00000C  Align=00001  Fill=0000
C:\@prg\cc65\lib/rp6502.lib(copydata.o):
    CODE              Offs=0015D9  Size=00002D  Align=00001  Fill=0000
C:\@prg\cc65\lib/rp6502.lib(crt0.o):
    STARTUP           Offs=00001C  Size=00002B  Align=00001  Fill=0000
C:\@prg\cc65\lib/rp6502.lib(ctype.o):
    RODATA            Offs=00017C  Size=00008B  Align=00001  Fill=0000
C:\@prg\cc65\lib/rp6502.lib(ctypemask.o):
    CODE              Offs=001606  Size=00001E  Align=00001  Fill=0000
C:\@prg\cc65\lib/rp6502.lib(decax1.o):
    CODE              Offs=001624  Size=000007  Align=00001  Fill=0000
C:\@prg\cc65\lib/rp6502.lib(decsp1.o):
    CODE              Offs=00162B  Size=000009  Align=00001  Fill=0000
C:\@prg\cc65\lib/rp6502.lib(decsp2.o):
    CODE              Offs=001634  Size=00000D  Align=00001  Fill=0000
C:\@prg\cc65\lib/rp6502.lib(decsp3.o):
    CODE              Offs=001641  Size=00000D  Align=00001  Fill=0000
C:\@prg\cc65\lib/rp6502.lib(decsp4.o):
    CODE              Offs=00164E  Size=00000D  Align=00001  Fill=0000
C:\@prg\cc65\lib/rp6502.lib(decsp5.o):
    CODE              Offs=00165B  Size=00000D  Align=00001  Fill=0000
C:\@prg\cc65\lib/rp6502.lib(decsp6.o):
    CODE              Offs=001668  Size=00000D  Align=00001  Fill=0000
C:\@prg\cc65\lib/rp6502.lib(div.o):
    CODE              Offs=001675  Size=000015  Align=00001  Fill=0000
C:\@prg\cc65\lib/rp6502.lib(enter.o):
    CODE              Offs=00168A  Size=00000E  Align=00001  Fill=0000
C:\@prg\cc65\lib/rp6502.lib(errno.o):
    CODE              Offs=001698  Size=00000F  Align=00001  Fill=0000
C:\@prg\cc65\lib/rp6502.lib(incsp1.o):
    CODE              Offs=0016A7  Size=000007  Align=00001  Fill=0000
C:\@prg\cc65\lib/rp6502.lib(incsp2.o):
    CODE              Offs=0016AE  Size=000015  Align=00001  Fill=0000
C:\@prg\cc65\lib/rp6502.lib(incsp3.o):
    CODE              Offs=0016C3  Size=000005  Align=00001  Fill=0000
C:\@prg\cc65\lib/rp6502.lib(incsp4.o):
    CODE              Offs=0016C8  Size=000005  Align=00001  Fill=0000
C:\@prg\cc65\lib/rp6502.lib(incsp5.o):
    CODE              Offs=0016CD  Size=000005  Align=00001  Fill=0000
C:\@prg\cc65\lib/rp6502.lib(incsp6.o):
    CODE              Offs=0016D2  Size=000005  Align=00001  Fill=0000
C:\@prg\cc65\lib/rp6502.lib(laddeq.o):
    CODE              Offs=0016D7  Size=00002C  Align=00001  Fill=0000
C:\@prg\cc65\lib/rp6502.lib(lcmp.o):
    CODE              Offs=001703  Size=00003B  Align=00001  Fill=0000
C:\@prg\cc65\lib/rp6502.lib(ldaxi.o):
    CODE              Offs=00173E  Size=00000D  Align=00001  Fill=0000
C:\@prg\cc65\lib/rp6502.lib(ldaxsp.o):
    CODE              Offs=00174B  Size=000009  Align=00001  Fill=0000
C:\@prg\cc65\lib/rp6502.lib(ldeaxysp.o):
    CODE              Offs=001754  Size=000013  Align=00001  Fill=0000
C:\@prg\cc65\lib/rp6502.lib(ldiv.o):
    CODE              Offs=001767  Size=00001C  Align=00001  Fill=0000
C:\@prg\cc65\lib/rp6502.lib(leaaxsp.o):
    CODE              Offs=001783  Size=00000C  Align=00001  Fill=0000
C:\@prg\cc65\lib/rp6502.lib(leave.o):
    CODE              Offs=00178F  Size=00001B  Align=00001  Fill=0000
C:\@prg\cc65\lib/rp6502.lib(leq.o):
    CODE              Offs=0017AA  Size=000006  Align=00001  Fill=0000
C:\@prg\cc65\lib/rp6502.lib(lge.o):
    CODE              Offs=0017B0  Size=000006  Align=00001  Fill=0000
C:\@prg\cc65\lib/rp6502.lib(lmul.o):
    CODE              Offs=0017B6  Size=000059  Align=00001  Fill=0000
C:\@prg\cc65\lib/rp6502.lib(lne.o):
    CODE              Offs=00180F  Size=000006  Align=00001  Fill=0000
C:\@prg\cc65\lib/rp6502.lib(lneg.o):
    CODE              Offs=001815  Size=00001E  Align=00001  Fill=0000
C:\@prg\cc65\lib/rp6502.lib(lor.o):
    CODE              Offs=001833  Size=000021  Align=00001  Fill=0000
C:\@prg\cc65\lib/rp6502.lib(lpop.o):
    CODE              Offs=001854  Size=000014  Align=00001  Fill=0000
C:\@prg\cc65\lib/rp6502.lib(lpush.o):
    CODE              Offs=001868  Size=00001E  Align=00001  Fill=0000
C:\@prg\cc65\lib/rp6502.lib(lshelp.o):
    CODE              Offs=001886  Size=000052  Align=00001  Fill=0000
C:\@prg\cc65\lib/rp6502.lib(lshl.o):
    CODE              Offs=0018D8  Size=00001A  Align=00001  Fill=0000
C:\@prg\cc65\lib/rp6502.lib(lsub.o):
    CODE              Offs=0018F2  Size=000024  Align=00001  Fill=0000
C:\@prg\cc65\lib/rp6502.lib(ltest.o):
    CODE              Offs=001916  Size=00000F  Align=00001  Fill=0000
C:\@prg\cc65\lib/rp6502.lib(ltoa.o):
    CODE              Offs=001925  Size=000093  Align=00001  Fill=0000
C:\@prg\cc65\lib/rp6502.lib(ludiv.o):
    CODE              Offs=0019B8  Size=000077  Align=00001  Fill=0000
C:\@prg\cc65\lib/rp6502.lib(luge.o):
    CODE              Offs=001A2F  Size=000006  Align=00001  Fill=0000
C:\@prg\cc65\lib/rp6502.lib(lxor.o):
    CODE              Offs=001A35  Size=000021  Align=00001  Fill=0000
C:\@prg\cc65\lib/rp6502.lib(makebool.o):
    CODE              Offs=001A56  Size=00002C  Align=00001  Fill=0000
C:\@prg\cc65\lib/rp6502.lib(memcpy.o):
    CODE              Offs=001A82  Size=00003C  Align=00001  Fill=0000
C:\@prg\cc65\lib/rp6502.lib(mod.o):
    CODE              Offs=001ABE  Size=000011  Align=00001  Fill=0000
C:\@prg\cc65\lib/rp6502.lib(mul8.o):
    CODE              Offs=001ACF  Size=00003A  Align=00001  Fill=0000
C:\@prg\cc65\lib/rp6502.lib(negabs.o):
    CODE              Offs=001B09  Size=000012  Align=00001  Fill=0000
C:\@prg\cc65\lib/rp6502.lib(open.o):
    CODE              Offs=001B1B  Size=000071  Align=00001  Fill=0000
C:\@prg\cc65\lib/rp6502.lib(popptr1.o):
    CODE              Offs=001B8C  Size=00000E  Align=00001  Fill=0000
C:\@prg\cc65\lib/rp6502.lib(push1.o):
    CODE              Offs=001B9A  Size=000005  Align=00001  Fill=0000
C:\@prg\cc65\lib/rp6502.lib(pusha.o):
    CODE              Offs=001B9F  Size=000016  Align=00001  Fill=0000
C:\@prg\cc65\lib/rp6502.lib(pushax.o):
    CODE              Offs=001BB5  Size=00001A  Align=00001  Fill=0000
C:\@prg\cc65\lib/rp6502.lib(pushwsp.o):
    CODE              Offs=001BCF  Size=00001C  Align=00001  Fill=0000
C:\@prg\cc65\lib/rp6502.lib(ria.o):
    CODE              Offs=001BEB  Size=00004E  Align=00001  Fill=0000
C:\@prg\cc65\lib/rp6502.lib(shelp.o):
    CODE              Offs=001C39  Size=000020  Align=00001  Fill=0000
C:\@prg\cc65\lib/rp6502.lib(shreax1.o):
    CODE              Offs=001C59  Size=00000C  Align=00001  Fill=0000
C:\@prg\cc65\lib/rp6502.lib(sprintf.o):
    CODE              Offs=001C65  Size=00002B  Align=00001  Fill=0000
    BSS               Offs=00008D  Size=000001  Align=00001  Fill=0000
C:\@prg\cc65\lib/rp6502.lib(staxsp.o):
    CODE              Offs=001C90  Size=00000B  Align=00001  Fill=0000
C:\@prg\cc65\lib/rp6502.lib(steaxsp.o):
    CODE              Offs=001C9B  Size=000015  Align=00001  Fill=0000
C:\@prg\cc65\lib/rp6502.lib(strlen.o):
    CODE              Offs=001CB0  Size=000016  Align=00001  Fill=0000
C:\@prg\cc65\lib/rp6502.lib(strlower.o):
    CODE              Offs=001CC6  Size=000027  Align=00001  Fill=0000
C:\@prg\cc65\lib/rp6502.lib(subeqsp.o):
    CODE              Offs=001CED  Size=000015  Align=00001  Fill=0000
C:\@prg\cc65\lib/rp6502.lib(subysp.o):
    CODE              Offs=001D02  Size=00000D  Align=00001  Fill=0000
C:\@prg\cc65\lib/rp6502.lib(udiv.o):
    CODE              Offs=001D0F  Size=00004F  Align=00001  Fill=0000
C:\@prg\cc65\lib/rp6502.lib(vsnprintf.o):
    CODE              Offs=001D5E  Size=0000DA  Align=00001  Fill=0000
    DATA              Offs=000046  Size=000008  Align=00001  Fill=0000
C:\@prg\cc65\lib/rp6502.lib(vsprintf.o):
    CODE              Offs=001E38  Size=000012  Align=00001  Fill=0000
C:\@prg\cc65\lib/rp6502.lib(write_xram.o):
    CODE              Offs=001E4A  Size=000021  Align=00001  Fill=0000
C:\@prg\cc65\lib/rp6502.lib(xreg.o):
    CODE              Offs=001E6B  Size=000015  Align=00001  Fill=0000
C:\@prg\cc65\lib/rp6502.lib(zerobss.o):
    CODE              Offs=001E80  Size=000023  Align=00001  Fill=0000
C:\@prg\cc65\lib/rp6502.lib(zeropage.o):
    ZEROPAGE          Offs=000000  Size=00001A  Align=00001  Fill=0000


Segment list:
-------------
Name                   Start     End    Size  Align
----------------------------------------------------
ZEROPAGE              000000  000019  00001A  00001
STARTUP               007500  007546  000047  00001
ONCE                  007547  007554  00000E  00001
CODE                  007555  0093F7  001EA3  00001
RODATA                0093F8  0095FE  000207  00001
DATA                  0095FF  00964C  00004E  00001
BSS                   00964D  0096DA  00008E  00001


Exports list by name:
---------------------
__BSS_RUN__               00964D RLA    __BSS_SIZE__              00008E REA    
__CONSTRUCTOR_COUNT__     000001 REA    __CONSTRUCTOR_TABLE__     007553 RLA    
__DATA_LOAD__             0095FF RLA    __DATA_RUN__              0095FF RLA    
__DATA_SIZE__             00004E REA    __DESTRUCTOR_COUNT__      000000 REA    
__DESTRUCTOR_TABLE__      0095FF RLA    __RAM_SIZE__              008800 REA    
__RAM_START__             007500 RLA    __STACKSIZE__             000200 REA    
__STARTADDR__             007500 REA    __STARTUP__               000001 REA    
___directerrno            008716 RLA    ___errno                  00FFED RLA    
___oserror                0096AE RLA    ___seterrno               008AC0 RLA    
__ctype                   009574 RLA    __ctypeidx                00957F RLA    
__hextab                  009558 RLA    __longminstr              009568 RLA    
__printf                  008810 RLA    _clock                    008B0C RLA    
_close                    008B11 RLA    _errno_opt_constructor    008BED  LAI   
_ltoa                     008E92 RLA    _main                     007E78 RLA    
_memcpy                   008FD7 RLA    _open                     009070 RLA    
_ria_call_int             009177 RLA    _ria_call_long            00917D RLA    
_ria_push_int             00914A RLA    _ria_set_ax               009170 RLA    
_sprintf                  0091BA RLA    _strlen                   009205 RLA    
_strlower                 00921B RLA    _ultoa                    008ED1 RLA    
_vsprintf                 00938D RLA    _write_xram               00939F RLA    
_xreg                     0093C0 RLA    addeq0sp                  008AC9 RLA    
addeqysp                  008ACB RLA    addysp                    008ADB RLA    
addysp1                   008ADA RLA    axlong                    008AE8 RLA    
axulong                   008AEE RLA    booleq                    008FB1 RLA    
boolge                    008FC2 RLA    boolne                    008FAB RLA    
booluge                   008FD2 RLA    c_sp                      000000 RLZ    
callmain                  008AF5 RLA    copydata                  008B2E RLA    
ctypemaskdirect           008B5F RLA    decax1                    008B79 RLA    
decsp1                    008B80 RLA    decsp2                    008B89 RLA    
decsp3                    008B96 RLA    decsp4                    008BA3 RLA    
decsp5                    008BB0 RLA    decsp6                    008BBD RLA    
donelib                   008B22 RLA    enter                     008BDF RLA    
getlop                    008F1C RLA    incsp1                    008BFC RLA    
incsp2                    008C0A RLA    incsp3                    008C18 RLA    
incsp4                    008C1D RLA    incsp5                    008C22 RLA    
incsp6                    008C27 RLA    initlib                   007547 RLA    
initmainargs              00751B REA    laddeq1                   008C2C RLA    
laddeqa                   008C2E RLA    ldax0sp                   008CA0 RLA    
ldaxi                     008C93 RLA    ldaxysp                   008CA2 RLA    
ldeax0sp                  008CA9 RLA    ldeaxysp                  008CAB RLA    
leaa0sp                   008CD8 RLA    leavey                    008CEE RLA    
negax                     009062 RLA    negeax                    008D6A RLA    
popax                     008C03 RLA    popeax                    008DA9 RLA    
poplsargs                 008DDB RLA    popptr1                   0090E1 RLA    
popsargsudiv16            00918E RLA    ptr1                      000008 RLZ    
ptr2                      00000A RLZ    ptr3                      00000C RLZ    
ptr4                      00000E RLZ    push0                     00910A RLA    
push0ax                   008DC0 RLA    push1                     0090EF RLA    
pusha                     0090F8 RLA    pusha0                    00910C RLA    
pushax                    00910E RLA    pusheax                   008DC4 RLA    
pushw0sp                  009124 RLA    pushwysp                  009126 RLA    
regbank                   000014 RLZ    shreax1                   0091AE RLA    
sreg                      000002 RLZ    staxysp                   0091E7 RLA    
steax0sp                  0091F0 RLA    steaxysp                  0091F2 RLA    
subeq0sp                  009242 RLA    subysp                    009257 RLA    
tmp1                      000010 RLZ    tmp2                      000011 RLZ    
tmp3                      000012 RLZ    tmp4                      000013 RLZ    
tosdiva0                  008BCA RLA    tosdiveax                 008CC2 RLA    
toseqeax                  008CFF RLA    tosgeeax                  008D05 RLA    
toslcmp                   008C58 RLA    tosmoda0                  009013 RLA    
tosmul0ax                 008D0B RLA    tosneeax                  008D64 RLA    
tosoreax                  008D8C RLA    tosshleax                 008E2D RLA    
tossubeax                 008E4B RLA    tosudiveax                008F11 RLA    
tosugeeax                 008F84 RLA    tosumul0ax                008D0B RLA    
tosumula0                 009024 RLA    tosxor0ax                 008F8A RLA    
tosxoreax                 008F8E RLA    udiv16                    009275 RLA    
udiv32                    008F3F RLA    utsteax                   008E6B RLA    
vsnprintf                 0092B6 RLA    zerobss                   0093D5 RLA    



Exports list by value:
----------------------
__DESTRUCTOR_COUNT__      000000 REA    c_sp                      000000 RLZ    
__STARTUP__               000001 REA    __CONSTRUCTOR_COUNT__     000001 REA    
sreg                      000002 RLZ    ptr1                      000008 RLZ    
ptr2                      00000A RLZ    ptr3                      00000C RLZ    
ptr4                      00000E RLZ    tmp1                      000010 RLZ    
tmp2                      000011 RLZ    tmp3                      000012 RLZ    
tmp4                      000013 RLZ    regbank                   000014 RLZ    
__DATA_SIZE__             00004E REA    __BSS_SIZE__              00008E REA    
__STACKSIZE__             000200 REA    __RAM_START__             007500 RLA    
__STARTADDR__             007500 REA    initmainargs              00751B REA    
initlib                   007547 RLA    __CONSTRUCTOR_TABLE__     007553 RLA    
_main                     007E78 RLA    ___directerrno            008716 RLA    
__RAM_SIZE__              008800 REA    __printf                  008810 RLA    
___seterrno               008AC0 RLA    addeq0sp                  008AC9 RLA    
addeqysp                  008ACB RLA    addysp1                   008ADA RLA    
addysp                    008ADB RLA    axlong                    008AE8 RLA    
axulong                   008AEE RLA    callmain                  008AF5 RLA    
_clock                    008B0C RLA    _close                    008B11 RLA    
donelib                   008B22 RLA    copydata                  008B2E RLA    
ctypemaskdirect           008B5F RLA    decax1                    008B79 RLA    
decsp1                    008B80 RLA    decsp2                    008B89 RLA    
decsp3                    008B96 RLA    decsp4                    008BA3 RLA    
decsp5                    008BB0 RLA    decsp6                    008BBD RLA    
tosdiva0                  008BCA RLA    enter                     008BDF RLA    
_errno_opt_constructor    008BED  LAI   incsp1                    008BFC RLA    
popax                     008C03 RLA    incsp2                    008C0A RLA    
incsp3                    008C18 RLA    incsp4                    008C1D RLA    
incsp5                    008C22 RLA    incsp6                    008C27 RLA    
laddeq1                   008C2C RLA    laddeqa                   008C2E RLA    
toslcmp                   008C58 RLA    ldaxi                     008C93 RLA    
ldax0sp                   008CA0 RLA    ldaxysp                   008CA2 RLA    
ldeax0sp                  008CA9 RLA    ldeaxysp                  008CAB RLA    
tosdiveax                 008CC2 RLA    leaa0sp                   008CD8 RLA    
leavey                    008CEE RLA    toseqeax                  008CFF RLA    
tosgeeax                  008D05 RLA    tosumul0ax                008D0B RLA    
tosmul0ax                 008D0B RLA    tosneeax                  008D64 RLA    
negeax                    008D6A RLA    tosoreax                  008D8C RLA    
popeax                    008DA9 RLA    push0ax                   008DC0 RLA    
pusheax                   008DC4 RLA    poplsargs                 008DDB RLA    
tosshleax                 008E2D RLA    tossubeax                 008E4B RLA    
utsteax                   008E6B RLA    _ltoa                     008E92 RLA    
_ultoa                    008ED1 RLA    tosudiveax                008F11 RLA    
getlop                    008F1C RLA    udiv32                    008F3F RLA    
tosugeeax                 008F84 RLA    tosxor0ax                 008F8A RLA    
tosxoreax                 008F8E RLA    boolne                    008FAB RLA    
booleq                    008FB1 RLA    boolge                    008FC2 RLA    
booluge                   008FD2 RLA    _memcpy                   008FD7 RLA    
tosmoda0                  009013 RLA    tosumula0                 009024 RLA    
negax                     009062 RLA    _open                     009070 RLA    
popptr1                   0090E1 RLA    push1                     0090EF RLA    
pusha                     0090F8 RLA    push0                     00910A RLA    
pusha0                    00910C RLA    pushax                    00910E RLA    
pushw0sp                  009124 RLA    pushwysp                  009126 RLA    
_ria_push_int             00914A RLA    _ria_set_ax               009170 RLA    
_ria_call_int             009177 RLA    _ria_call_long            00917D RLA    
popsargsudiv16            00918E RLA    shreax1                   0091AE RLA    
_sprintf                  0091BA RLA    staxysp                   0091E7 RLA    
steax0sp                  0091F0 RLA    steaxysp                  0091F2 RLA    
_strlen                   009205 RLA    _strlower                 00921B RLA    
subeq0sp                  009242 RLA    subysp                    009257 RLA    
udiv16                    009275 RLA    vsnprintf                 0092B6 RLA    
_vsprintf                 00938D RLA    _write_xram               00939F RLA    
_xreg                     0093C0 RLA    zerobss                   0093D5 RLA    
__hextab                  009558 RLA    __longminstr              009568 RLA    
__ctype                   009574 RLA    __ctypeidx                00957F RLA    
__DATA_RUN__              0095FF RLA    __DESTRUCTOR_TABLE__      0095FF RLA    
__DATA_LOAD__             0095FF RLA    __BSS_RUN__               00964D RLA    
___oserror                0096AE RLA    ___errno                  00FFED RLA    



Imports list:
-------------
__BSS_RUN__ ([linker generated]):
    zerobss.o                 common/zerobss.s:8
__BSS_SIZE__ ([linker generated]):
    zerobss.o                 common/zerobss.s:8
__CONSTRUCTOR_COUNT__ ([linker generated]):
    condes.o                  runtime/condes.s:18
__CONSTRUCTOR_TABLE__ ([linker generated]):
    condes.o                  runtime/condes.s:18
__DATA_LOAD__ ([linker generated]):
    copydata.o                common/copydata.s:8
__DATA_RUN__ ([linker generated]):
    copydata.o                common/copydata.s:8
__DATA_SIZE__ ([linker generated]):
    copydata.o                common/copydata.s:8
__DESTRUCTOR_COUNT__ ([linker generated]):
    condes.o                  runtime/condes.s:19
__DESTRUCTOR_TABLE__ ([linker generated]):
    condes.o                  runtime/condes.s:19
__RAM_SIZE__ ([linker generated]):
    crt0.o                    rp6502/crt0.s:10
__RAM_START__ ([linker generated]):
    crt0.o                    rp6502/crt0.s:10
__STACKSIZE__ ([linker generated]):
    [linker generated]        cfg/ext0x7500.cfg:9
__STARTADDR__ ([linker generated]):
    [linker generated]        cfg/ext0x7500.cfg:9
    [linker generated]        cfg/ext0x7500.cfg:9
__STARTUP__ (crt0.o):
    ext-crx.c.9712.0.o        ext-crx.c.9712.0.s:13
    [linker generated]        cfg/ext0x7500.cfg:3
___directerrno (_directerrno.o):
    vsnprintf.o               /home/wojciech/git/WojciechGw/cc65/asminc/errno.inc:10
___errno (errno.o):
    _seterrno.o               /home/wojciech/git/WojciechGw/cc65/asminc/errno.inc:7
    open.o                    ../libwrk/rp6502/open.s:22
___oserror (_oserror.o):
    _directerrno.o            /home/wojciech/git/WojciechGw/cc65/asminc/errno.inc:7
___seterrno (_seterrno.o):
    _directerrno.o            /home/wojciech/git/WojciechGw/cc65/asminc/errno.inc:9
__ctype (ctype.o):
    ctypemask.o               common/ctypemask.s:23
__ctypeidx (ctype.o):
    ctypemask.o               common/ctypemask.s:24
__hextab (_hextab.o):
    ltoa.o                    common/ltoa.s:10
__longminstr (_longminstr.o):
    ltoa.o                    common/ltoa.s:10
__printf (_printf.o):
    vsnprintf.o               common/vsnprintf.s:10
_clock (clock.o):
    ext-crx.c.9712.0.o        ext-crx.c.9712.0.s:18
_close (close.o):
    ext-crx.c.9712.0.o        ext-crx.c.9712.0.s:22
_ltoa (ltoa.o):
    _printf.o                 common/_printf.s:12
_main (ext-crx.c.9712.0.o):
    callmain.o                runtime/callmain.s:11
    crt0_cmd.s.9712.1.o       crt0_cmd.s:2
_memcpy (memcpy.o):
    vsnprintf.o               common/vsnprintf.s:10
_open (open.o):
    ext-crx.c.9712.0.o        ext-crx.c.9712.0.s:21
_ria_call_int (ria.o):
    errno.o                   rp6502/errno.s:12
    xreg.o                    rp6502/xreg.s:9
    write_xram.o              ../libwrk/rp6502/write_xram.s:18
    open.o                    ../libwrk/rp6502/open.s:21
    close.o                   ../libwrk/rp6502/close.s:18
_ria_call_long (ria.o):
    clock.o                   ../libwrk/rp6502/clock.s:17
_ria_push_int (ria.o):
    write_xram.o              ../libwrk/rp6502/write_xram.s:16
_ria_set_ax (ria.o):
    write_xram.o              ../libwrk/rp6502/write_xram.s:17
    open.o                    ../libwrk/rp6502/open.s:20
    close.o                   ../libwrk/rp6502/close.s:17
_sprintf (sprintf.o):
    ext-crx.c.9712.0.o        ext-crx.c.9712.0.s:17
_strlen (strlen.o):
    _printf.o                 common/_printf.s:13
    open.o                    ../libwrk/rp6502/open.s:23
_strlower (strlower.o):
    _printf.o                 common/_printf.s:13
_ultoa (ltoa.o):
    _printf.o                 common/_printf.s:12
_vsprintf (vsprintf.o):
    sprintf.o                 common/sprintf.s:8
_write_xram (write_xram.o):
    ext-crx.c.9712.0.o        ext-crx.c.9712.0.s:16
_xreg (xreg.o):
    ext-crx.c.9712.0.o        ext-crx.c.9712.0.s:15
addeq0sp (addeqsp.o):
    ext-crx.c.9712.0.o        ext-crx.c.9712.0.s:2422
addeqysp (addeqsp.o):
    write_stub.c.9712.2.o     write_stub.c.9712.2.s:64
    ext-crx.c.9712.0.o        ext-crx.c.9712.0.s:2422
    ext-crx.c.9712.0.o        ext-crx.c.9712.0.s:2422
    ext-crx.c.9712.0.o        ext-crx.c.9712.0.s:2422
addysp (addysp.o):
    leave.o                   runtime/leave.s:14
    xreg.o                    rp6502/xreg.s:9
    sprintf.o                 common/sprintf.s:8
    incsp6.o                  runtime/incsp6.s:8
    incsp5.o                  runtime/incsp5.s:8
    incsp4.o                  runtime/incsp4.s:8
    incsp3.o                  runtime/incsp3.s:8
    write_stub.c.9712.2.o     write_stub.c.9712.2.s:64
    ext-crx.c.9712.0.o        ext-crx.c.9712.0.s:2422
    ext-crx.c.9712.0.o        ext-crx.c.9712.0.s:2422
addysp1 (addysp.o):
    lxor.o                    runtime/lxor.s:9
    ludiv.o                   runtime/ludiv.s:9
    lsub.o                    runtime/lsub.s:11
    lor.o                     runtime/lor.s:9
    lmul.o                    runtime/lmul.s:9
axlong (axlong.o):
    _printf.o                 common/_printf.s:11
axulong (axlong.o):
    _printf.o                 common/_printf.s:11
booleq (makebool.o):
    leq.o                     runtime/leq.s:8
boolge (makebool.o):
    lge.o                     runtime/lge.s:8
boolne (makebool.o):
    lne.o                     runtime/lne.s:8
booluge (makebool.o):
    luge.o                    runtime/luge.s:8
c_sp (zeropage.o):
    memcpy.o                  common/memcpy.s:15
    decsp6.o                  runtime/decsp6.s:8
    _printf.o                 /home/wojciech/git/WojciechGw/cc65/asminc/zeropage.inc:11
    vsnprintf.o               common/vsnprintf.s:11
    lpop.o                    runtime/lpop.s:10
    leave.o                   runtime/leave.s:15
    leaaxsp.o                 runtime/leaaxsp.s:8
    lcmp.o                    runtime/lcmp.s:10
    enter.o                   runtime/enter.s:8
    xreg.o                    rp6502/xreg.s:8
    subysp.o                  runtime/subysp.s:9
    subeqsp.o                 runtime/subeqsp.s:8
    steaxsp.o                 runtime/steaxsp.s:8
    staxsp.o                  runtime/staxsp.s:8
    sprintf.o                 common/sprintf.s:9
    pushwsp.o                 runtime/pushwsp.s:8
    pushax.o                  runtime/pushax.s:8
    pusha.o                   runtime/pusha.s:8
    popptr1.o                 runtime/popptr1.s:9
    open.o                    ../libwrk/rp6502/open.s:10
    lxor.o                    runtime/lxor.s:10
    ludiv.o                   runtime/ludiv.s:10
    lsub.o                    runtime/lsub.s:12
    lpush.o                   runtime/lpush.s:13
    lor.o                     runtime/lor.s:10
    lmul.o                    runtime/lmul.s:10
    ldeaxysp.o                runtime/ldeaxysp.s:12
    ldaxsp.o                  runtime/ldaxsp.s:8
    incsp2.o                  runtime/incsp2.s:8
    incsp1.o                  runtime/incsp1.s:8
    decsp5.o                  runtime/decsp5.s:8
    decsp4.o                  runtime/decsp4.s:8
    decsp3.o                  runtime/decsp3.s:8
    decsp2.o                  runtime/decsp2.s:8
    decsp1.o                  runtime/decsp1.s:8
    crt0.o                    /home/wojciech/git/WojciechGw/cc65/asminc/zeropage.inc:11
    addysp.o                  runtime/addysp.s:8
    addeqsp.o                 runtime/addeqsp.s:8
    write_stub.c.9712.2.o     write_stub.c.9712.2.s:10
    ext-crx.c.9712.0.o        ext-crx.c.9712.0.s:10
callmain (callmain.o):
    crt0.o                    rp6502/crt0.s:7
copydata (copydata.o):
    crt0.o                    rp6502/crt0.s:12
ctypemaskdirect (ctypemask.o):
    strlower.o                common/strlower.s:14
decax1 (decax1.o):
    open.o                    ../libwrk/rp6502/open.s:105
decsp1 (decsp1.o):
    ext-crx.c.9712.0.o        ext-crx.c.9712.0.s:2422
    ext-crx.c.9712.0.o        ext-crx.c.9712.0.s:2422
    ext-crx.c.9712.0.o        ext-crx.c.9712.0.s:2422
decsp2 (decsp2.o):
    ext-crx.c.9712.0.o        ext-crx.c.9712.0.s:2422
    ext-crx.c.9712.0.o        ext-crx.c.9712.0.s:2422
    ext-crx.c.9712.0.o        ext-crx.c.9712.0.s:2422
decsp3 (decsp3.o):
    ext-crx.c.9712.0.o        ext-crx.c.9712.0.s:2422
    ext-crx.c.9712.0.o        ext-crx.c.9712.0.s:2422
decsp4 (decsp4.o):
    sprintf.o                 common/sprintf.s:8
    lpush.o                   runtime/lpush.s:12
    ext-crx.c.9712.0.o        ext-crx.c.9712.0.s:2422
    ext-crx.c.9712.0.o        ext-crx.c.9712.0.s:2422
    ext-crx.c.9712.0.o        ext-crx.c.9712.0.s:2422
    ext-crx.c.9712.0.o        ext-crx.c.9712.0.s:2422
decsp5 (decsp5.o):
    ext-crx.c.9712.0.o        ext-crx.c.9712.0.s:2422
    ext-crx.c.9712.0.o        ext-crx.c.9712.0.s:2422
    ext-crx.c.9712.0.o        ext-crx.c.9712.0.s:2422
    ext-crx.c.9712.0.o        ext-crx.c.9712.0.s:2422
decsp6 (decsp6.o):
    _printf.o                 common/_printf.s:11
donelib (condes.o):
    crt0.o                    rp6502/crt0.s:12
    crt0_cmd.s.9712.1.o       crt0_cmd.s:2
enter (enter.o):
    open.o                    ../libwrk/rp6502/open.s:105
getlop (ludiv.o):
    lshelp.o                  runtime/lshelp.s:11
incsp1 (incsp1.o):
    ext-crx.c.9712.0.o        ext-crx.c.9712.0.s:2422
    ext-crx.c.9712.0.o        ext-crx.c.9712.0.s:2422
    ext-crx.c.9712.0.o        ext-crx.c.9712.0.s:2422
incsp2 (incsp2.o):
    vsnprintf.o               common/vsnprintf.s:9
    popptr1.o                 runtime/popptr1.s:8
    close.o                   ../libwrk/rp6502/close.s:47
    ext-crx.c.9712.0.o        ext-crx.c.9712.0.s:2422
    ext-crx.c.9712.0.o        ext-crx.c.9712.0.s:2422
incsp3 (incsp3.o):
    ext-crx.c.9712.0.o        ext-crx.c.9712.0.s:2422
incsp4 (incsp4.o):
    lpop.o                    runtime/lpop.s:9
    lcmp.o                    runtime/lcmp.s:9
    ext-crx.c.9712.0.o        ext-crx.c.9712.0.s:2422
    ext-crx.c.9712.0.o        ext-crx.c.9712.0.s:2422
incsp5 (incsp5.o):
    ext-crx.c.9712.0.o        ext-crx.c.9712.0.s:2422
    ext-crx.c.9712.0.o        ext-crx.c.9712.0.s:2422
incsp6 (incsp6.o):
    vsnprintf.o               common/vsnprintf.s:9
    write_xram.o              ../libwrk/rp6502/write_xram.s:57
    ext-crx.c.9712.0.o        ext-crx.c.9712.0.s:2422
    ext-crx.c.9712.0.o        ext-crx.c.9712.0.s:2422
initlib (condes.o):
    crt0.o                    rp6502/crt0.s:12
    crt0_cmd.s.9712.1.o       crt0_cmd.s:2
initmainargs (initmainargs.s.9712.3.o):
    ext-crx.c.9712.0.o        ext-crx.c.9712.0.s:14
laddeq1 (laddeq.o):
    ext-crx.c.9712.0.o        ext-crx.c.9712.0.s:2422
laddeqa (laddeq.o):
    ext-crx.c.9712.0.o        ext-crx.c.9712.0.s:2422
ldax0sp (ldaxsp.o):
    write_xram.o              ../libwrk/rp6502/write_xram.s:57
    open.o                    ../libwrk/rp6502/open.s:105
    close.o                   ../libwrk/rp6502/close.s:47
ldaxi (ldaxi.o):
    open.o                    ../libwrk/rp6502/open.s:105
ldaxysp (ldaxsp.o):
    vsnprintf.o               common/vsnprintf.s:9
    write_xram.o              ../libwrk/rp6502/write_xram.s:57
ldeax0sp (ldeaxysp.o):
    ext-crx.c.9712.0.o        ext-crx.c.9712.0.s:2422
ldeaxysp (ldeaxysp.o):
    ext-crx.c.9712.0.o        ext-crx.c.9712.0.s:2422
    ext-crx.c.9712.0.o        ext-crx.c.9712.0.s:2422
    ext-crx.c.9712.0.o        ext-crx.c.9712.0.s:2422
leaa0sp (leaaxsp.o):
    open.o                    ../libwrk/rp6502/open.s:105
leavey (leave.o):
    open.o                    ../libwrk/rp6502/open.s:105
negax (negabs.o):
    shelp.o                   runtime/shelp.s:11
    mod.o                     runtime/mod.s:11
    div.o                     runtime/div.s:11
negeax (lneg.o):
    ltoa.o                    common/ltoa.s:9
    ldiv.o                    runtime/ldiv.s:11
popax (incsp2.o):
    memcpy.o                  common/memcpy.s:14
    ltoa.o                    common/ltoa.s:9
    _printf.o                 common/_printf.s:11
    vsnprintf.o               common/vsnprintf.s:9
    shelp.o                   runtime/shelp.s:11
popeax (lpop.o):
    lshl.o                    runtime/lshl.s:15
poplsargs (lshelp.o):
    ldiv.o                    runtime/ldiv.s:11
popptr1 (popptr1.o):
    memcpy.o                  common/memcpy.s:14
    ltoa.o                    common/ltoa.s:9
    udiv.o                    runtime/udiv.s:9
    mul8.o                    runtime/mul8.s:9
popsargsudiv16 (shelp.o):
    mod.o                     runtime/mod.s:11
    div.o                     runtime/div.s:11
ptr1 (zeropage.o):
    strlower.o                common/strlower.s:13
    memcpy.o                  common/memcpy.s:15
    ltoa.o                    common/ltoa.s:11
    _printf.o                 /home/wojciech/git/WojciechGw/cc65/asminc/zeropage.inc:12
    vsnprintf.o               common/vsnprintf.s:11
    ldaxi.o                   runtime/ldaxi.s:8
    lcmp.o                    runtime/lcmp.s:10
    copydata.o                common/copydata.s:9
    zerobss.o                 common/zerobss.s:9
    udiv.o                    runtime/udiv.s:10
    sprintf.o                 common/sprintf.s:9
    shelp.o                   runtime/shelp.s:12
    popptr1.o                 runtime/popptr1.s:9
    open.o                    ../libwrk/rp6502/open.s:11
    mul8.o                    runtime/mul8.s:10
    ludiv.o                   runtime/ludiv.s:10
    lshelp.o                  runtime/lshelp.s:12
    lmul.o                    runtime/lmul.s:10
    ldiv.o                    runtime/ldiv.s:12
    laddeq.o                  runtime/laddeq.s:12
    div.o                     runtime/div.s:12
    write_stub.c.9712.2.o     write_stub.c.9712.2.s:11
    ext-crx.c.9712.0.o        ext-crx.c.9712.0.s:11
ptr2 (zeropage.o):
    strlower.o                common/strlower.s:13
    memcpy.o                  common/memcpy.s:15
    ltoa.o                    common/ltoa.s:11
    _printf.o                 /home/wojciech/git/WojciechGw/cc65/asminc/zeropage.inc:12
    copydata.o                common/copydata.s:9
    ludiv.o                   runtime/ludiv.s:10
ptr3 (zeropage.o):
    memcpy.o                  common/memcpy.s:15
    ltoa.o                    common/ltoa.s:11
    ludiv.o                   runtime/ludiv.s:10
    lshelp.o                  runtime/lshelp.s:12
    lmul.o                    runtime/lmul.s:10
ptr4 (zeropage.o):
    udiv.o                    runtime/udiv.s:10
    strlen.o                  common/strlen.s:12
    shelp.o                   runtime/shelp.s:12
    mul8.o                    runtime/mul8.s:10
    ludiv.o                   runtime/ludiv.s:10
    lshelp.o                  runtime/lshelp.s:12
    lmul.o                    runtime/lmul.s:10
push0 (pushax.o):
    ext-crx.c.9712.0.o        ext-crx.c.9712.0.s:2422
    ext-crx.c.9712.0.o        ext-crx.c.9712.0.s:2422
    ext-crx.c.9712.0.o        ext-crx.c.9712.0.s:2422
push0ax (lpush.o):
    ext-crx.c.9712.0.o        ext-crx.c.9712.0.s:2422
    ext-crx.c.9712.0.o        ext-crx.c.9712.0.s:2422
push1 (push1.o):
    _printf.o                 common/_printf.s:11
pusha (pusha.o):
    ext-crx.c.9712.0.o        ext-crx.c.9712.0.s:2422
    ext-crx.c.9712.0.o        ext-crx.c.9712.0.s:2422
    ext-crx.c.9712.0.o        ext-crx.c.9712.0.s:2422
    ext-crx.c.9712.0.o        ext-crx.c.9712.0.s:2422
    ext-crx.c.9712.0.o        ext-crx.c.9712.0.s:2422
    ext-crx.c.9712.0.o        ext-crx.c.9712.0.s:2422
    ext-crx.c.9712.0.o        ext-crx.c.9712.0.s:2422
    ext-crx.c.9712.0.o        ext-crx.c.9712.0.s:2422
pusha0 (pushax.o):
    push1.o                   runtime/push1.s:8
    ext-crx.c.9712.0.o        ext-crx.c.9712.0.s:2422
    ext-crx.c.9712.0.o        ext-crx.c.9712.0.s:2422
    ext-crx.c.9712.0.o        ext-crx.c.9712.0.s:2422
    ext-crx.c.9712.0.o        ext-crx.c.9712.0.s:2422
pushax (pushax.o):
    _printf.o                 common/_printf.s:11
    callmain.o                runtime/callmain.s:11
    write_xram.o              ../libwrk/rp6502/write_xram.s:57
    open.o                    ../libwrk/rp6502/open.s:105
    close.o                   ../libwrk/rp6502/close.s:47
    write_stub.c.9712.2.o     write_stub.c.9712.2.s:64
    ext-crx.c.9712.0.o        ext-crx.c.9712.0.s:2422
    ext-crx.c.9712.0.o        ext-crx.c.9712.0.s:2422
    ext-crx.c.9712.0.o        ext-crx.c.9712.0.s:2422
pusheax (lpush.o):
    _printf.o                 common/_printf.s:11
    ext-crx.c.9712.0.o        ext-crx.c.9712.0.s:2422
    ext-crx.c.9712.0.o        ext-crx.c.9712.0.s:2422
    ext-crx.c.9712.0.o        ext-crx.c.9712.0.s:2422
    ext-crx.c.9712.0.o        ext-crx.c.9712.0.s:2422
pushw0sp (pushwsp.o):
    vsprintf.o                common/vsprintf.s:8
pushwysp (pushwsp.o):
    write_stub.c.9712.2.o     write_stub.c.9712.2.s:64
    ext-crx.c.9712.0.o        ext-crx.c.9712.0.s:2422
regbank (zeropage.o):
    _printf.o                 /home/wojciech/git/WojciechGw/cc65/asminc/zeropage.inc:14
shreax1 (shreax1.o):
    ext-crx.c.9712.0.o        ext-crx.c.9712.0.s:2422
sreg (zeropage.o):
    ltoa.o                    common/ltoa.s:11
    axlong.o                  runtime/axlong.s:9
    _printf.o                 /home/wojciech/git/WojciechGw/cc65/asminc/zeropage.inc:11
    lpop.o                    runtime/lpop.s:10
    lcmp.o                    runtime/lcmp.s:10
    udiv.o                    runtime/udiv.s:10
    steaxsp.o                 runtime/steaxsp.s:8
    shreax1.o                 runtime/shreax1.s:8
    ria.o                     rp6502/ria.s:13
    mod.o                     runtime/mod.s:12
    lxor.o                    runtime/lxor.s:10
    ludiv.o                   runtime/ludiv.s:10
    ltest.o                   runtime/ltest.s:8
    lsub.o                    runtime/lsub.s:12
    lshl.o                    runtime/lshl.s:16
    lshelp.o                  runtime/lshelp.s:12
    lpush.o                   runtime/lpush.s:13
    lor.o                     runtime/lor.s:10
    lneg.o                    runtime/lneg.s:11
    lmul.o                    runtime/lmul.s:10
    ldiv.o                    runtime/ldiv.s:12
    ldeaxysp.o                runtime/ldeaxysp.s:12
    laddeq.o                  runtime/laddeq.s:12
    ext-crx.c.9712.0.o        ext-crx.c.9712.0.s:10
staxysp (staxsp.o):
    vsprintf.o                common/vsprintf.s:8
    ext-crx.c.9712.0.o        ext-crx.c.9712.0.s:2422
    ext-crx.c.9712.0.o        ext-crx.c.9712.0.s:2422
    ext-crx.c.9712.0.o        ext-crx.c.9712.0.s:2422
steax0sp (steaxsp.o):
    ext-crx.c.9712.0.o        ext-crx.c.9712.0.s:2422
steaxysp (steaxsp.o):
    ext-crx.c.9712.0.o        ext-crx.c.9712.0.s:2422
    ext-crx.c.9712.0.o        ext-crx.c.9712.0.s:2422
subeq0sp (subeqsp.o):
    open.o                    ../libwrk/rp6502/open.s:105
    write_stub.c.9712.2.o     write_stub.c.9712.2.s:64
subysp (subysp.o):
    ext-crx.c.9712.0.o        ext-crx.c.9712.0.s:2422
    ext-crx.c.9712.0.o        ext-crx.c.9712.0.s:2422
tmp1 (zeropage.o):
    ltoa.o                    common/ltoa.s:11
    _printf.o                 /home/wojciech/git/WojciechGw/cc65/asminc/zeropage.inc:13
    copydata.o                common/copydata.s:9
    shreax1.o                 runtime/shreax1.s:8
    shelp.o                   runtime/shelp.s:12
    mod.o                     runtime/mod.s:12
    lxor.o                    runtime/lxor.s:10
    ltest.o                   runtime/ltest.s:8
    lshl.o                    runtime/lshl.s:16
    lshelp.o                  runtime/lshelp.s:12
    lor.o                     runtime/lor.s:10
    ldiv.o                    runtime/ldiv.s:12
    div.o                     runtime/div.s:12
    ext-crx.c.9712.0.o        ext-crx.c.9712.0.s:11
tmp2 (zeropage.o):
    shelp.o                   runtime/shelp.s:12
    lshelp.o                  runtime/lshelp.s:12
    lmul.o                    runtime/lmul.s:10
    ldiv.o                    runtime/ldiv.s:12
    div.o                     runtime/div.s:12
tmp3 (zeropage.o):
    ludiv.o                   runtime/ludiv.s:10
    lmul.o                    runtime/lmul.s:10
tmp4 (zeropage.o):
    ludiv.o                   runtime/ludiv.s:10
    lmul.o                    runtime/lmul.s:10
tosdiva0 (div.o):
    ext-crx.c.9712.0.o        ext-crx.c.9712.0.s:2422
tosdiveax (ldiv.o):
    ext-crx.c.9712.0.o        ext-crx.c.9712.0.s:2422
toseqeax (leq.o):
    ext-crx.c.9712.0.o        ext-crx.c.9712.0.s:2422
tosgeeax (lge.o):
    ext-crx.c.9712.0.o        ext-crx.c.9712.0.s:2422
toslcmp (lcmp.o):
    luge.o                    runtime/luge.s:8
    lne.o                     runtime/lne.s:8
    lge.o                     runtime/lge.s:8
    leq.o                     runtime/leq.s:8
tosmoda0 (mod.o):
    ext-crx.c.9712.0.o        ext-crx.c.9712.0.s:2422
tosmul0ax (lmul.o):
    ext-crx.c.9712.0.o        ext-crx.c.9712.0.s:2422
tosneeax (lne.o):
    ext-crx.c.9712.0.o        ext-crx.c.9712.0.s:2422
tosoreax (lor.o):
    ext-crx.c.9712.0.o        ext-crx.c.9712.0.s:2422
tosshleax (lshl.o):
    ext-crx.c.9712.0.o        ext-crx.c.9712.0.s:2422
tossubeax (lsub.o):
    ext-crx.c.9712.0.o        ext-crx.c.9712.0.s:2422
tosudiveax (ludiv.o):
    ext-crx.c.9712.0.o        ext-crx.c.9712.0.s:2422
tosugeeax (luge.o):
    ext-crx.c.9712.0.o        ext-crx.c.9712.0.s:2422
tosumul0ax (lmul.o):
    ext-crx.c.9712.0.o        ext-crx.c.9712.0.s:2422
tosumula0 (mul8.o):
    ext-crx.c.9712.0.o        ext-crx.c.9712.0.s:2422
tosxor0ax (lxor.o):
    ext-crx.c.9712.0.o        ext-crx.c.9712.0.s:2422
tosxoreax (lxor.o):
    ext-crx.c.9712.0.o        ext-crx.c.9712.0.s:2422
    ext-crx.c.9712.0.o        ext-crx.c.9712.0.s:2422
udiv16 (udiv.o):
    shelp.o                   runtime/shelp.s:11
udiv32 (ludiv.o):
    ldiv.o                    runtime/ldiv.s:11
utsteax (ltest.o):
    ext-crx.c.9712.0.o        ext-crx.c.9712.0.s:2422
vsnprintf (vsnprintf.o):
    vsprintf.o                common/vsprintf.s:9
zerobss (zerobss.o):
    crt0.o                    rp6502/crt0.s:12

