Modules list:
-------------
ext-view.c.27596.0.o:
    CODE              Offs=000000  Size=0007C7  Align=00001  Fill=0000
    RODATA            Offs=000000  Size=0000F0  Align=00001  Fill=0000
    BSS               Offs=000000  Size=000050  Align=00001  Fill=0000
    DATA              Offs=000000  Size=000025  Align=00001  Fill=0000
crt0_cmd.s.27596.1.o:
    STARTUP           Offs=000000  Size=00001B  Align=00001  Fill=0000
write_stub.c.27596.2.o:
    CODE              Offs=0007C7  Size=00004C  Align=00001  Fill=0000
initmainargs.s.27596.3.o:
    STARTUP           Offs=00001B  Size=000001  Align=00001  Fill=0000
C:\@prg\cc65\lib/rp6502.lib(_directerrno.o):
    CODE              Offs=000813  Size=000009  Align=00001  Fill=0000
C:\@prg\cc65\lib/rp6502.lib(_file.o):
    DATA              Offs=000025  Size=00001E  Align=00001  Fill=0000
C:\@prg\cc65\lib/rp6502.lib(_hextab.o):
    RODATA            Offs=0000F0  Size=000010  Align=00001  Fill=0000
C:\@prg\cc65\lib/rp6502.lib(_longminstr.o):
    RODATA            Offs=000100  Size=00000C  Align=00001  Fill=0000
C:\@prg\cc65\lib/rp6502.lib(_oserror.o):
    BSS               Offs=000050  Size=000001  Align=00001  Fill=0000
C:\@prg\cc65\lib/rp6502.lib(_printf.o):
    CODE              Offs=00081C  Size=0003A1  Align=00001  Fill=0000
    BSS               Offs=000051  Size=00002B  Align=00001  Fill=0000
    DATA              Offs=000043  Size=000003  Align=00001  Fill=0000
C:\@prg\cc65\lib/rp6502.lib(_seterrno.o):
    CODE              Offs=000BBD  Size=000009  Align=00001  Fill=0000
C:\@prg\cc65\lib/rp6502.lib(add.o):
    CODE              Offs=000BC6  Size=000018  Align=00001  Fill=0000
C:\@prg\cc65\lib/rp6502.lib(addeqsp.o):
    CODE              Offs=000BDE  Size=000011  Align=00001  Fill=0000
C:\@prg\cc65\lib/rp6502.lib(addysp.o):
    CODE              Offs=000BEF  Size=00000E  Align=00001  Fill=0000
C:\@prg\cc65\lib/rp6502.lib(aslax3.o):
    CODE              Offs=000BFD  Size=00000E  Align=00001  Fill=0000
C:\@prg\cc65\lib/rp6502.lib(axlong.o):
    CODE              Offs=000C0B  Size=00000D  Align=00001  Fill=0000
C:\@prg\cc65\lib/rp6502.lib(callmain.o):
    CODE              Offs=000C18  Size=000017  Align=00001  Fill=0000
    DATA              Offs=000046  Size=000004  Align=00001  Fill=0000
C:\@prg\cc65\lib/rp6502.lib(clock.o):
    CODE              Offs=000C2F  Size=000005  Align=00001  Fill=0000
C:\@prg\cc65\lib/rp6502.lib(close.o):
    CODE              Offs=000C34  Size=000011  Align=00001  Fill=0000
C:\@prg\cc65\lib/rp6502.lib(condes.o):
    CODE              Offs=000C45  Size=00000C  Align=00001  Fill=0000
    DATA              Offs=00004A  Size=000025  Align=00001  Fill=0000
    ONCE              Offs=000000  Size=00000C  Align=00001  Fill=0000
C:\@prg\cc65\lib/rp6502.lib(copydata.o):
    CODE              Offs=000C51  Size=00002D  Align=00001  Fill=0000
C:\@prg\cc65\lib/rp6502.lib(crt0.o):
    STARTUP           Offs=00001C  Size=00002B  Align=00001  Fill=0000
C:\@prg\cc65\lib/rp6502.lib(ctype.o):
    RODATA            Offs=00010C  Size=00008B  Align=00001  Fill=0000
C:\@prg\cc65\lib/rp6502.lib(ctypemask.o):
    CODE              Offs=000C7E  Size=00001E  Align=00001  Fill=0000
C:\@prg\cc65\lib/rp6502.lib(decax1.o):
    CODE              Offs=000C9C  Size=000007  Align=00001  Fill=0000
C:\@prg\cc65\lib/rp6502.lib(decaxy.o):
    CODE              Offs=000CA3  Size=000009  Align=00001  Fill=0000
C:\@prg\cc65\lib/rp6502.lib(decsp1.o):
    CODE              Offs=000CAC  Size=000009  Align=00001  Fill=0000
C:\@prg\cc65\lib/rp6502.lib(decsp2.o):
    CODE              Offs=000CB5  Size=00000D  Align=00001  Fill=0000
C:\@prg\cc65\lib/rp6502.lib(decsp3.o):
    CODE              Offs=000CC2  Size=00000D  Align=00001  Fill=0000
C:\@prg\cc65\lib/rp6502.lib(decsp4.o):
    CODE              Offs=000CCF  Size=00000D  Align=00001  Fill=0000
C:\@prg\cc65\lib/rp6502.lib(decsp6.o):
    CODE              Offs=000CDC  Size=00000D  Align=00001  Fill=0000
C:\@prg\cc65\lib/rp6502.lib(decsp7.o):
    CODE              Offs=000CE9  Size=00000D  Align=00001  Fill=0000
C:\@prg\cc65\lib/rp6502.lib(enter.o):
    CODE              Offs=000CF6  Size=00000E  Align=00001  Fill=0000
C:\@prg\cc65\lib/rp6502.lib(errno.o):
    CODE              Offs=000D04  Size=00000F  Align=00001  Fill=0000
C:\@prg\cc65\lib/rp6502.lib(fwrite.o):
    CODE              Offs=000D13  Size=000077  Align=00001  Fill=0000
    BSS               Offs=00007C  Size=000002  Align=00001  Fill=0000
C:\@prg\cc65\lib/rp6502.lib(incsp2.o):
    CODE              Offs=000D8A  Size=000015  Align=00001  Fill=0000
C:\@prg\cc65\lib/rp6502.lib(incsp3.o):
    CODE              Offs=000D9F  Size=000005  Align=00001  Fill=0000
C:\@prg\cc65\lib/rp6502.lib(incsp4.o):
    CODE              Offs=000DA4  Size=000005  Align=00001  Fill=0000
C:\@prg\cc65\lib/rp6502.lib(incsp6.o):
    CODE              Offs=000DA9  Size=000005  Align=00001  Fill=0000
C:\@prg\cc65\lib/rp6502.lib(incsp8.o):
    CODE              Offs=000DAE  Size=000005  Align=00001  Fill=0000
C:\@prg\cc65\lib/rp6502.lib(isdigit.o):
    CODE              Offs=000DB3  Size=000008  Align=00001  Fill=0000
C:\@prg\cc65\lib/rp6502.lib(islower.o):
    CODE              Offs=000DBB  Size=000008  Align=00001  Fill=0000
C:\@prg\cc65\lib/rp6502.lib(isspace.o):
    CODE              Offs=000DC3  Size=000008  Align=00001  Fill=0000
C:\@prg\cc65\lib/rp6502.lib(isupper.o):
    CODE              Offs=000DCB  Size=000008  Align=00001  Fill=0000
C:\@prg\cc65\lib/rp6502.lib(ladd.o):
    CODE              Offs=000DD3  Size=000024  Align=00001  Fill=0000
C:\@prg\cc65\lib/rp6502.lib(lcmp.o):
    CODE              Offs=000DF7  Size=00003B  Align=00001  Fill=0000
C:\@prg\cc65\lib/rp6502.lib(ldaxi.o):
    CODE              Offs=000E32  Size=00000D  Align=00001  Fill=0000
C:\@prg\cc65\lib/rp6502.lib(ldaxsp.o):
    CODE              Offs=000E3F  Size=000009  Align=00001  Fill=0000
C:\@prg\cc65\lib/rp6502.lib(ldeaxysp.o):
    CODE              Offs=000E48  Size=000013  Align=00001  Fill=0000
C:\@prg\cc65\lib/rp6502.lib(ldptr1sp.o):
    CODE              Offs=000E5B  Size=00000C  Align=00001  Fill=0000
C:\@prg\cc65\lib/rp6502.lib(leaaxsp.o):
    CODE              Offs=000E67  Size=00000C  Align=00001  Fill=0000
C:\@prg\cc65\lib/rp6502.lib(leave.o):
    CODE              Offs=000E73  Size=00001B  Align=00001  Fill=0000
C:\@prg\cc65\lib/rp6502.lib(leq.o):
    CODE              Offs=000E8E  Size=000006  Align=00001  Fill=0000
C:\@prg\cc65\lib/rp6502.lib(lmul.o):
    CODE              Offs=000E94  Size=000059  Align=00001  Fill=0000
C:\@prg\cc65\lib/rp6502.lib(lneg.o):
    CODE              Offs=000EED  Size=00001E  Align=00001  Fill=0000
C:\@prg\cc65\lib/rp6502.lib(lpush.o):
    CODE              Offs=000F0B  Size=00001E  Align=00001  Fill=0000
C:\@prg\cc65\lib/rp6502.lib(lseek.o):
    CODE              Offs=000F29  Size=000020  Align=00001  Fill=0000
C:\@prg\cc65\lib/rp6502.lib(ltoa.o):
    CODE              Offs=000F49  Size=000093  Align=00001  Fill=0000
C:\@prg\cc65\lib/rp6502.lib(ludiv.o):
    CODE              Offs=000FDC  Size=000077  Align=00001  Fill=0000
C:\@prg\cc65\lib/rp6502.lib(lugt.o):
    CODE              Offs=001053  Size=000006  Align=00001  Fill=0000
C:\@prg\cc65\lib/rp6502.lib(lult.o):
    CODE              Offs=001059  Size=000006  Align=00001  Fill=0000
C:\@prg\cc65\lib/rp6502.lib(lumod.o):
    CODE              Offs=00105F  Size=000017  Align=00001  Fill=0000
C:\@prg\cc65\lib/rp6502.lib(makebool.o):
    CODE              Offs=001076  Size=00002C  Align=00001  Fill=0000
C:\@prg\cc65\lib/rp6502.lib(memcpy.o):
    CODE              Offs=0010A2  Size=00003C  Align=00001  Fill=0000
C:\@prg\cc65\lib/rp6502.lib(mul.o):
    CODE              Offs=0010DE  Size=000045  Align=00001  Fill=0000
C:\@prg\cc65\lib/rp6502.lib(mul8.o):
    CODE              Offs=001123  Size=00003A  Align=00001  Fill=0000
C:\@prg\cc65\lib/rp6502.lib(open.o):
    CODE              Offs=00115D  Size=000071  Align=00001  Fill=0000
C:\@prg\cc65\lib/rp6502.lib(popptr1.o):
    CODE              Offs=0011CE  Size=00000E  Align=00001  Fill=0000
C:\@prg\cc65\lib/rp6502.lib(printf.o):
    CODE              Offs=0011DC  Size=000033  Align=00001  Fill=0000
    BSS               Offs=00007E  Size=000001  Align=00001  Fill=0000
C:\@prg\cc65\lib/rp6502.lib(push1.o):
    CODE              Offs=00120F  Size=000005  Align=00001  Fill=0000
C:\@prg\cc65\lib/rp6502.lib(pusha.o):
    CODE              Offs=001214  Size=000016  Align=00001  Fill=0000
C:\@prg\cc65\lib/rp6502.lib(pushax.o):
    CODE              Offs=00122A  Size=00001A  Align=00001  Fill=0000
C:\@prg\cc65\lib/rp6502.lib(pushwsp.o):
    CODE              Offs=001244  Size=00001C  Align=00001  Fill=0000
C:\@prg\cc65\lib/rp6502.lib(read.o):
    CODE              Offs=001260  Size=000089  Align=00001  Fill=0000
C:\@prg\cc65\lib/rp6502.lib(read_xstack.o):
    CODE              Offs=0012E9  Size=000062  Align=00001  Fill=0000
C:\@prg\cc65\lib/rp6502.lib(ria.o):
    CODE              Offs=00134B  Size=00004E  Align=00001  Fill=0000
C:\@prg\cc65\lib/rp6502.lib(snprintf.o):
    CODE              Offs=001399  Size=00002B  Align=00001  Fill=0000
    BSS               Offs=00007F  Size=000001  Align=00001  Fill=0000
C:\@prg\cc65\lib/rp6502.lib(staxsp.o):
    CODE              Offs=0013C4  Size=00000B  Align=00001  Fill=0000
C:\@prg\cc65\lib/rp6502.lib(steaxsp.o):
    CODE              Offs=0013CF  Size=000015  Align=00001  Fill=0000
C:\@prg\cc65\lib/rp6502.lib(strlen.o):
    CODE              Offs=0013E4  Size=000016  Align=00001  Fill=0000
C:\@prg\cc65\lib/rp6502.lib(strlower.o):
    CODE              Offs=0013FA  Size=000027  Align=00001  Fill=0000
C:\@prg\cc65\lib/rp6502.lib(strtoul.o):
    CODE              Offs=001421  Size=00022E  Align=00001  Fill=0000
C:\@prg\cc65\lib/rp6502.lib(subeqsp.o):
    CODE              Offs=00164F  Size=000015  Align=00001  Fill=0000
C:\@prg\cc65\lib/rp6502.lib(subysp.o):
    CODE              Offs=001664  Size=00000D  Align=00001  Fill=0000
C:\@prg\cc65\lib/rp6502.lib(udiv.o):
    CODE              Offs=001671  Size=00004F  Align=00001  Fill=0000
C:\@prg\cc65\lib/rp6502.lib(vfprintf.o):
    CODE              Offs=0016C0  Size=000060  Align=00001  Fill=0000
    DATA              Offs=00006F  Size=000008  Align=00001  Fill=0000
C:\@prg\cc65\lib/rp6502.lib(vsnprintf.o):
    CODE              Offs=001720  Size=0000DA  Align=00001  Fill=0000
    DATA              Offs=000077  Size=000008  Align=00001  Fill=0000
C:\@prg\cc65\lib/rp6502.lib(xreg.o):
    CODE              Offs=0017FA  Size=000015  Align=00001  Fill=0000
C:\@prg\cc65\lib/rp6502.lib(zerobss.o):
    CODE              Offs=00180F  Size=000023  Align=00001  Fill=0000
C:\@prg\cc65\lib/rp6502.lib(zeropage.o):
    ZEROPAGE          Offs=000000  Size=00001A  Align=00001  Fill=0000


Segment list:
-------------
Name                   Start     End    Size  Align
----------------------------------------------------
ZEROPAGE              000000  000019  00001A  00001
STARTUP               007900  007946  000047  00001
ONCE                  007947  007954  00000E  00001
CODE                  007955  009186  001832  00001
RODATA                009187  00931D  000197  00001
DATA                  00931E  00939C  00007F  00001
BSS                   00939D  00941C  000080  00001


Exports list by name:
---------------------
__BSS_RUN__               00939D RLA    __BSS_SIZE__              000080 REA    
__CONSTRUCTOR_COUNT__     000001 REA    __CONSTRUCTOR_TABLE__     007953 RLA    
__DATA_LOAD__             00931E RLA    __DATA_RUN__              00931E RLA    
__DATA_SIZE__             00007F REA    __DESTRUCTOR_COUNT__      000000 REA    
__DESTRUCTOR_TABLE__      00931E RLA    __RAM_SIZE__              008400 REA    
__RAM_START__             007900 RLA    __STACKSIZE__             000200 REA    
__STARTADDR__             007900 REA    __STARTUP__               000001 REA    
___directerrno            008168 RLA    ___errno                  00FFED RLA    
___oserror                0093ED RLA    ___seterrno               008512 RLA    
__ctype                   009293 RLA    __ctypeidx                00929E RLA    
__hextab                  009277 RLA    __longminstr              009287 RLA    
__printf                  008262 RLA    _clock                    008584 RLA    
_close                    008589 RLA    _errno_opt_constructor    008659  LAI   
_fwrite                   008668 RLA    _isdigit                  008708 RLA    
_islower                  008710 RLA    _isspace                  008718 RLA    
_isupper                  008720 RLA    _lseek                    00887E RLA    
_ltoa                     0088B6 RLA    _main                     007B30 RLA    
_memcpy                   0089F7 RLA    _open                     008AB2 RLA    
_printf                   008B31 RLA    _read                     008BB5 RLA    
_read_xstack              008C3E RLA    _ria_call_int             008CD7 RLA    
_ria_call_long            008CDD RLA    _ria_push_int             008CAA RLA    
_ria_push_long            008CA0 RLA    _ria_set_ax               008CD0 RLA    
_snprintf                 008CEE RLA    _stdout                   00935D RLA    
_strlen                   008D39 RLA    _strlower                 008D4F RLA    
_strtoul                  008D76 RLA    _ultoa                    0088F5 RLA    
_vfprintf                 00904C RLA    _vsnprintf                009075 RLA    
_write                    00811C RLA    _xreg                     00914F RLA    
addeq0sp                  008533 RLA    addeqysp                  008535 RLA    
addysp                    008545 RLA    addysp1                   008544 RLA    
aslax3                    008552 RLA    axlong                    008560 RLA    
axulong                   008566 RLA    booleq                    0089D1 RLA    
boolne                    0089CB RLA    boolugt                   0089F0 RLA    
boolult                   0089EA RLA    c_sp                      000000 RLZ    
callmain                  00856D RLA    copydata                  0085A6 RLA    
ctypemask                 0085D3 RLA    ctypemaskdirect           0085D7 RLA    
decax1                    0085F1 RLA    decaxy                    0085F8 RLA    
decsp1                    008601 RLA    decsp2                    00860A RLA    
decsp3                    008617 RLA    decsp4                    008624 RLA    
decsp6                    008631 RLA    decsp7                    00863E RLA    
donelib                   00859A RLA    enter                     00864B RLA    
getlop                    008940 RLA    incsp2                    0086E6 RLA    
incsp3                    0086F4 RLA    incsp4                    0086F9 RLA    
incsp6                    0086FE RLA    incsp8                    008703 RLA    
initlib                   007947 RLA    initmainargs              00791B REA    
ldax0sp                   008794 RLA    ldaxi                     008787 RLA    
ldaxysp                   008796 RLA    ldeaxysp                  00879F RLA    
ldptr1ysp                 0087B2 RLA    leaa0sp                   0087BC RLA    
leavey                    0087D2 RLA    mul8x16                   008A7A RLA    
mul8x16a                  008A84 RLA    negeax                    008842 RLA    
popax                     0086DF RLA    popptr1                   008B23 RLA    
ptr1                      000008 RLZ    ptr2                      00000A RLZ    
ptr3                      00000C RLZ    ptr4                      00000E RLZ    
push0                     008B7F RLA    push1                     008B64 RLA    
pusha                     008B6D RLA    pusha0                    008B81 RLA    
pushax                    008B83 RLA    pusheax                   008867 RLA    
pushl0                    008860 RLA    pushwysp                  008B9B RLA    
regbank                   000014 RLZ    sreg                      000002 RLZ    
stax0sp                   008D19 RLA    staxysp                   008D1B RLA    
steax0sp                  008D24 RLA    steaxysp                  008D26 RLA    
subeq0sp                  008FA4 RLA    subeqysp                  008FA6 RLA    
subysp                    008FB9 RLA    tmp1                      000010 RLZ    
tmp2                      000011 RLZ    tmp3                      000012 RLZ    
tmp4                      000013 RLZ    tosadd0ax                 008728 RLA    
tosaddax                  00851D RLA    tosaddeax                 00872E RLA    
toseqeax                  0087E3 RLA    toslcmp                   00874C RLA    
tosudivax                 008FC8 RLA    tosudiveax                008935 RLA    
tosugteax                 0089A8 RLA    tosulteax                 0089AE RLA    
tosumodeax                0089B8 RLA    tosumula0                 008A78 RLA    
tosumulax                 008A33 RLA    tosumuleax                0087ED RLA    
udiv32                    008963 RLA    zerobss                   009164 RLA    



Exports list by value:
----------------------
c_sp                      000000 RLZ    __DESTRUCTOR_COUNT__      000000 REA    
__CONSTRUCTOR_COUNT__     000001 REA    __STARTUP__               000001 REA    
sreg                      000002 RLZ    ptr1                      000008 RLZ    
ptr2                      00000A RLZ    ptr3                      00000C RLZ    
ptr4                      00000E RLZ    tmp1                      000010 RLZ    
tmp2                      000011 RLZ    tmp3                      000012 RLZ    
tmp4                      000013 RLZ    regbank                   000014 RLZ    
__DATA_SIZE__             00007F REA    __BSS_SIZE__              000080 REA    
__STACKSIZE__             000200 REA    __RAM_START__             007900 RLA    
__STARTADDR__             007900 REA    initmainargs              00791B REA    
initlib                   007947 RLA    __CONSTRUCTOR_TABLE__     007953 RLA    
_main                     007B30 RLA    _write                    00811C RLA    
___directerrno            008168 RLA    __printf                  008262 RLA    
__RAM_SIZE__              008400 REA    ___seterrno               008512 RLA    
tosaddax                  00851D RLA    addeq0sp                  008533 RLA    
addeqysp                  008535 RLA    addysp1                   008544 RLA    
addysp                    008545 RLA    aslax3                    008552 RLA    
axlong                    008560 RLA    axulong                   008566 RLA    
callmain                  00856D RLA    _clock                    008584 RLA    
_close                    008589 RLA    donelib                   00859A RLA    
copydata                  0085A6 RLA    ctypemask                 0085D3 RLA    
ctypemaskdirect           0085D7 RLA    decax1                    0085F1 RLA    
decaxy                    0085F8 RLA    decsp1                    008601 RLA    
decsp2                    00860A RLA    decsp3                    008617 RLA    
decsp4                    008624 RLA    decsp6                    008631 RLA    
decsp7                    00863E RLA    enter                     00864B RLA    
_errno_opt_constructor    008659  LAI   _fwrite                   008668 RLA    
popax                     0086DF RLA    incsp2                    0086E6 RLA    
incsp3                    0086F4 RLA    incsp4                    0086F9 RLA    
incsp6                    0086FE RLA    incsp8                    008703 RLA    
_isdigit                  008708 RLA    _islower                  008710 RLA    
_isspace                  008718 RLA    _isupper                  008720 RLA    
tosadd0ax                 008728 RLA    tosaddeax                 00872E RLA    
toslcmp                   00874C RLA    ldaxi                     008787 RLA    
ldax0sp                   008794 RLA    ldaxysp                   008796 RLA    
ldeaxysp                  00879F RLA    ldptr1ysp                 0087B2 RLA    
leaa0sp                   0087BC RLA    leavey                    0087D2 RLA    
toseqeax                  0087E3 RLA    tosumuleax                0087ED RLA    
negeax                    008842 RLA    pushl0                    008860 RLA    
pusheax                   008867 RLA    _lseek                    00887E RLA    
_ltoa                     0088B6 RLA    _ultoa                    0088F5 RLA    
tosudiveax                008935 RLA    getlop                    008940 RLA    
udiv32                    008963 RLA    tosugteax                 0089A8 RLA    
tosulteax                 0089AE RLA    tosumodeax                0089B8 RLA    
boolne                    0089CB RLA    booleq                    0089D1 RLA    
boolult                   0089EA RLA    boolugt                   0089F0 RLA    
_memcpy                   0089F7 RLA    tosumulax                 008A33 RLA    
tosumula0                 008A78 RLA    mul8x16                   008A7A RLA    
mul8x16a                  008A84 RLA    _open                     008AB2 RLA    
popptr1                   008B23 RLA    _printf                   008B31 RLA    
push1                     008B64 RLA    pusha                     008B6D RLA    
push0                     008B7F RLA    pusha0                    008B81 RLA    
pushax                    008B83 RLA    pushwysp                  008B9B RLA    
_read                     008BB5 RLA    _read_xstack              008C3E RLA    
_ria_push_long            008CA0 RLA    _ria_push_int             008CAA RLA    
_ria_set_ax               008CD0 RLA    _ria_call_int             008CD7 RLA    
_ria_call_long            008CDD RLA    _snprintf                 008CEE RLA    
stax0sp                   008D19 RLA    staxysp                   008D1B RLA    
steax0sp                  008D24 RLA    steaxysp                  008D26 RLA    
_strlen                   008D39 RLA    _strlower                 008D4F RLA    
_strtoul                  008D76 RLA    subeq0sp                  008FA4 RLA    
subeqysp                  008FA6 RLA    subysp                    008FB9 RLA    
tosudivax                 008FC8 RLA    _vfprintf                 00904C RLA    
_vsnprintf                009075 RLA    _xreg                     00914F RLA    
zerobss                   009164 RLA    __hextab                  009277 RLA    
__longminstr              009287 RLA    __ctype                   009293 RLA    
__ctypeidx                00929E RLA    __DATA_RUN__              00931E RLA    
__DATA_LOAD__             00931E RLA    __DESTRUCTOR_TABLE__      00931E RLA    
_stdout                   00935D RLA    __BSS_RUN__               00939D RLA    
___oserror                0093ED RLA    ___errno                  00FFED RLA    



Imports list:
-------------
__BSS_RUN__ ([linker generated]):
    zerobss.o                 common/zerobss.s:8
__BSS_SIZE__ ([linker generated]):
    zerobss.o                 common/zerobss.s:8
__CONSTRUCTOR_COUNT__ ([linker generated]):
    condes.o                  runtime/condes.s:18
__CONSTRUCTOR_TABLE__ ([linker generated]):
    condes.o                  runtime/condes.s:18
__DATA_LOAD__ ([linker generated]):
    copydata.o                common/copydata.s:8
__DATA_RUN__ ([linker generated]):
    copydata.o                common/copydata.s:8
__DATA_SIZE__ ([linker generated]):
    copydata.o                common/copydata.s:8
__DESTRUCTOR_COUNT__ ([linker generated]):
    condes.o                  runtime/condes.s:19
__DESTRUCTOR_TABLE__ ([linker generated]):
    condes.o                  runtime/condes.s:19
__RAM_SIZE__ ([linker generated]):
    crt0.o                    rp6502/crt0.s:10
__RAM_START__ ([linker generated]):
    crt0.o                    rp6502/crt0.s:10
__STACKSIZE__ ([linker generated]):
    [linker generated]        cfg/ext0x7900.cfg:9
__STARTADDR__ ([linker generated]):
    [linker generated]        cfg/ext0x7900.cfg:9
    [linker generated]        cfg/ext0x7900.cfg:9
__STARTUP__ (crt0.o):
    ext-view.c.27596.0.o      ext-view.c.27596.0.s:13
    [linker generated]        cfg/ext0x7900.cfg:3
___directerrno (_directerrno.o):
    vsnprintf.o               /home/wojciech/git/WojciechGw/cc65/asminc/errno.inc:10
___errno (errno.o):
    _seterrno.o               /home/wojciech/git/WojciechGw/cc65/asminc/errno.inc:7
    open.o                    ../libwrk/rp6502/open.s:22
___oserror (_oserror.o):
    _directerrno.o            /home/wojciech/git/WojciechGw/cc65/asminc/errno.inc:7
___seterrno (_seterrno.o):
    fwrite.o                  /home/wojciech/git/WojciechGw/cc65/asminc/errno.inc:9
    _directerrno.o            /home/wojciech/git/WojciechGw/cc65/asminc/errno.inc:9
    strtoul.o                 ../libwrk/rp6502/strtoul.s:22
__ctype (ctype.o):
    ctypemask.o               common/ctypemask.s:23
__ctypeidx (ctype.o):
    ctypemask.o               common/ctypemask.s:24
__hextab (_hextab.o):
    ltoa.o                    common/ltoa.s:10
__longminstr (_longminstr.o):
    ltoa.o                    common/ltoa.s:10
__printf (_printf.o):
    vsnprintf.o               common/vsnprintf.s:10
    vfprintf.o                common/vfprintf.s:10
_clock (clock.o):
    ext-view.c.27596.0.o      ext-view.c.27596.0.s:19
_close (close.o):
    ext-view.c.27596.0.o      ext-view.c.27596.0.s:23
_fwrite (fwrite.o):
    vfprintf.o                common/vfprintf.s:10
_isdigit (isdigit.o):
    strtoul.o                 ../libwrk/rp6502/strtoul.s:18
_islower (islower.o):
    strtoul.o                 ../libwrk/rp6502/strtoul.s:19
_isspace (isspace.o):
    strtoul.o                 ../libwrk/rp6502/strtoul.s:20
_isupper (isupper.o):
    strtoul.o                 ../libwrk/rp6502/strtoul.s:21
_lseek (lseek.o):
    ext-view.c.27596.0.o      ext-view.c.27596.0.s:25
_ltoa (ltoa.o):
    _printf.o                 common/_printf.s:12
_main (ext-view.c.27596.0.o):
    callmain.o                runtime/callmain.s:11
    crt0_cmd.s.27596.1.o      crt0_cmd.s:2
_memcpy (memcpy.o):
    vsnprintf.o               common/vsnprintf.s:10
_open (open.o):
    ext-view.c.27596.0.o      ext-view.c.27596.0.s:22
_printf (printf.o):
    ext-view.c.27596.0.o      ext-view.c.27596.0.s:16
_read (read.o):
    ext-view.c.27596.0.o      ext-view.c.27596.0.s:24
_read_xstack (read_xstack.o):
    read.o                    ../libwrk/rp6502/read.s:17
_ria_call_int (ria.o):
    errno.o                   rp6502/errno.s:12
    xreg.o                    rp6502/xreg.s:9
    read_xstack.o             ../libwrk/rp6502/read_xstack.s:18
    open.o                    ../libwrk/rp6502/open.s:21
    close.o                   ../libwrk/rp6502/close.s:18
_ria_call_long (ria.o):
    lseek.o                   ../libwrk/rp6502/lseek.s:19
    clock.o                   ../libwrk/rp6502/clock.s:17
_ria_push_int (ria.o):
    read_xstack.o             ../libwrk/rp6502/read_xstack.s:16
_ria_push_long (ria.o):
    lseek.o                   ../libwrk/rp6502/lseek.s:17
_ria_set_ax (ria.o):
    read_xstack.o             ../libwrk/rp6502/read_xstack.s:17
    open.o                    ../libwrk/rp6502/open.s:20
    lseek.o                   ../libwrk/rp6502/lseek.s:18
    close.o                   ../libwrk/rp6502/close.s:17
_snprintf (snprintf.o):
    ext-view.c.27596.0.o      ext-view.c.27596.0.s:17
_stdout (_file.o):
    printf.o                  common/printf.s:8
_strlen (strlen.o):
    _printf.o                 common/_printf.s:13
    open.o                    ../libwrk/rp6502/open.s:23
_strlower (strlower.o):
    _printf.o                 common/_printf.s:13
_strtoul (strtoul.o):
    ext-view.c.27596.0.o      ext-view.c.27596.0.s:18
_ultoa (ltoa.o):
    _printf.o                 common/_printf.s:12
_vfprintf (vfprintf.o):
    printf.o                  common/printf.s:8
_vsnprintf (vsnprintf.o):
    snprintf.o                common/snprintf.s:8
_write (write_stub.c.27596.2.o):
    fwrite.o                  common/fwrite.s:10
_xreg (xreg.o):
    ext-view.c.27596.0.o      ext-view.c.27596.0.s:15
addeq0sp (addeqsp.o):
    ext-view.c.27596.0.o      ext-view.c.27596.0.s:1107
addeqysp (addeqsp.o):
    strtoul.o                 ../libwrk/rp6502/strtoul.s:369
    read_xstack.o             ../libwrk/rp6502/read_xstack.s:94
    read.o                    ../libwrk/rp6502/read.s:116
    write_stub.c.27596.2.o    write_stub.c.27596.2.s:64
    ext-view.c.27596.0.o      ext-view.c.27596.0.s:1107
addysp (addysp.o):
    leave.o                   runtime/leave.s:14
    incsp8.o                  runtime/incsp8.s:8
    incsp6.o                  runtime/incsp6.s:8
    incsp4.o                  runtime/incsp4.s:8
    fwrite.o                  common/fwrite.s:11
    xreg.o                    rp6502/xreg.s:9
    strtoul.o                 ../libwrk/rp6502/strtoul.s:369
    snprintf.o                common/snprintf.s:8
    read_xstack.o             ../libwrk/rp6502/read_xstack.s:94
    read.o                    ../libwrk/rp6502/read.s:116
    printf.o                  common/printf.s:8
    incsp3.o                  runtime/incsp3.s:8
    write_stub.c.27596.2.o    write_stub.c.27596.2.s:64
    ext-view.c.27596.0.o      ext-view.c.27596.0.s:1107
addysp1 (addysp.o):
    ludiv.o                   runtime/ludiv.s:9
    lmul.o                    runtime/lmul.s:9
    ladd.o                    runtime/ladd.s:8
aslax3 (aslax3.o):
    ext-view.c.27596.0.o      ext-view.c.27596.0.s:1107
axlong (axlong.o):
    _printf.o                 common/_printf.s:11
    strtoul.o                 ../libwrk/rp6502/strtoul.s:369
axulong (axlong.o):
    _printf.o                 common/_printf.s:11
    strtoul.o                 ../libwrk/rp6502/strtoul.s:369
booleq (makebool.o):
    leq.o                     runtime/leq.s:8
boolne (makebool.o):
    ext-view.c.27596.0.o      ext-view.c.27596.0.s:1107
boolugt (makebool.o):
    lugt.o                    runtime/lugt.s:8
boolult (makebool.o):
    lult.o                    runtime/lult.s:8
c_sp (zeropage.o):
    memcpy.o                  common/memcpy.s:15
    ludiv.o                   runtime/ludiv.s:10
    lmul.o                    runtime/lmul.s:10
    leave.o                   runtime/leave.s:15
    leaaxsp.o                 runtime/leaaxsp.s:8
    ldptr1sp.o                runtime/ldptr1sp.s:8
    ldeaxysp.o                runtime/ldeaxysp.s:12
    lcmp.o                    runtime/lcmp.s:10
    enter.o                   runtime/enter.s:8
    _printf.o                 /home/wojciech/git/WojciechGw/cc65/asminc/zeropage.inc:11
    xreg.o                    rp6502/xreg.s:8
    vsnprintf.o               common/vsnprintf.s:11
    vfprintf.o                common/vfprintf.s:11
    subysp.o                  runtime/subysp.s:9
    subeqsp.o                 runtime/subeqsp.s:8
    strtoul.o                 ../libwrk/rp6502/strtoul.s:10
    steaxsp.o                 runtime/steaxsp.s:8
    staxsp.o                  runtime/staxsp.s:8
    snprintf.o                common/snprintf.s:9
    read_xstack.o             ../libwrk/rp6502/read_xstack.s:10
    read.o                    ../libwrk/rp6502/read.s:10
    pushwsp.o                 runtime/pushwsp.s:8
    pushax.o                  runtime/pushax.s:8
    pusha.o                   runtime/pusha.s:8
    printf.o                  common/printf.s:9
    popptr1.o                 runtime/popptr1.s:9
    open.o                    ../libwrk/rp6502/open.s:10
    lseek.o                   ../libwrk/rp6502/lseek.s:10
    lpush.o                   runtime/lpush.s:13
    ldaxsp.o                  runtime/ldaxsp.s:8
    ladd.o                    runtime/ladd.s:9
    incsp2.o                  runtime/incsp2.s:8
    decsp7.o                  runtime/decsp7.s:8
    decsp6.o                  runtime/decsp6.s:8
    decsp4.o                  runtime/decsp4.s:8
    decsp3.o                  runtime/decsp3.s:8
    decsp2.o                  runtime/decsp2.s:8
    decsp1.o                  runtime/decsp1.s:8
    crt0.o                    /home/wojciech/git/WojciechGw/cc65/asminc/zeropage.inc:11
    addysp.o                  runtime/addysp.s:8
    addeqsp.o                 runtime/addeqsp.s:8
    add.o                     runtime/add.s:12
    write_stub.c.27596.2.o    write_stub.c.27596.2.s:10
    ext-view.c.27596.0.o      ext-view.c.27596.0.s:10
callmain (callmain.o):
    crt0.o                    rp6502/crt0.s:7
copydata (copydata.o):
    crt0.o                    rp6502/crt0.s:12
ctypemask (ctypemask.o):
    isupper.o                 common/isupper.s:15
    isspace.o                 common/isspace.s:15
    islower.o                 common/islower.s:15
    isdigit.o                 common/isdigit.s:15
ctypemaskdirect (ctypemask.o):
    strlower.o                common/strlower.s:14
decax1 (decax1.o):
    open.o                    ../libwrk/rp6502/open.s:105
decaxy (decaxy.o):
    strtoul.o                 ../libwrk/rp6502/strtoul.s:369
decsp1 (decsp1.o):
    ext-view.c.27596.0.o      ext-view.c.27596.0.s:1107
decsp2 (decsp2.o):
    ext-view.c.27596.0.o      ext-view.c.27596.0.s:1107
decsp3 (decsp3.o):
    ext-view.c.27596.0.o      ext-view.c.27596.0.s:1107
decsp4 (decsp4.o):
    read_xstack.o             ../libwrk/rp6502/read_xstack.s:94
    lpush.o                   runtime/lpush.s:12
    ext-view.c.27596.0.o      ext-view.c.27596.0.s:1107
    ext-view.c.27596.0.o      ext-view.c.27596.0.s:1107
decsp6 (decsp6.o):
    _printf.o                 common/_printf.s:11
    strtoul.o                 ../libwrk/rp6502/strtoul.s:369
    snprintf.o                common/snprintf.s:8
    ext-view.c.27596.0.o      ext-view.c.27596.0.s:1107
    ext-view.c.27596.0.o      ext-view.c.27596.0.s:1107
decsp7 (decsp7.o):
    ext-view.c.27596.0.o      ext-view.c.27596.0.s:1107
donelib (condes.o):
    crt0.o                    rp6502/crt0.s:12
    crt0_cmd.s.27596.1.o      crt0_cmd.s:2
enter (enter.o):
    open.o                    ../libwrk/rp6502/open.s:105
getlop (ludiv.o):
    lumod.o                   runtime/lumod.s:9
incsp2 (incsp2.o):
    vsnprintf.o               common/vsnprintf.s:9
    popptr1.o                 runtime/popptr1.s:8
    close.o                   ../libwrk/rp6502/close.s:47
incsp3 (incsp3.o):
    ext-view.c.27596.0.o      ext-view.c.27596.0.s:1107
incsp4 (incsp4.o):
    lcmp.o                    runtime/lcmp.s:9
    read.o                    ../libwrk/rp6502/read.s:116
incsp6 (incsp6.o):
    fwrite.o                  common/fwrite.s:11
    vsnprintf.o               common/vsnprintf.s:9
    vfprintf.o                common/vfprintf.s:9
incsp8 (incsp8.o):
    read.o                    ../libwrk/rp6502/read.s:116
    lseek.o                   ../libwrk/rp6502/lseek.s:58
initlib (condes.o):
    crt0.o                    rp6502/crt0.s:12
    crt0_cmd.s.27596.1.o      crt0_cmd.s:2
initmainargs (initmainargs.s.27596.3.o):
    ext-view.c.27596.0.o      ext-view.c.27596.0.s:14
ldax0sp (ldaxsp.o):
    read_xstack.o             ../libwrk/rp6502/read_xstack.s:94
    read.o                    ../libwrk/rp6502/read.s:116
    open.o                    ../libwrk/rp6502/open.s:105
    close.o                   ../libwrk/rp6502/close.s:47
ldaxi (ldaxi.o):
    open.o                    ../libwrk/rp6502/open.s:105
ldaxysp (ldaxsp.o):
    fwrite.o                  common/fwrite.s:11
    vsnprintf.o               common/vsnprintf.s:9
    strtoul.o                 ../libwrk/rp6502/strtoul.s:369
    read_xstack.o             ../libwrk/rp6502/read_xstack.s:94
    read.o                    ../libwrk/rp6502/read.s:116
    lseek.o                   ../libwrk/rp6502/lseek.s:58
ldeaxysp (ldeaxysp.o):
    strtoul.o                 ../libwrk/rp6502/strtoul.s:369
    lseek.o                   ../libwrk/rp6502/lseek.s:58
ldptr1ysp (ldptr1sp.o):
    strtoul.o                 ../libwrk/rp6502/strtoul.s:369
leaa0sp (leaaxsp.o):
    open.o                    ../libwrk/rp6502/open.s:105
leavey (leave.o):
    open.o                    ../libwrk/rp6502/open.s:105
mul8x16 (mul8.o):
    mul.o                     runtime/mul.s:8
mul8x16a (mul8.o):
    mul.o                     runtime/mul.s:8
negeax (lneg.o):
    ltoa.o                    common/ltoa.s:9
    strtoul.o                 ../libwrk/rp6502/strtoul.s:369
popax (incsp2.o):
    memcpy.o                  common/memcpy.s:14
    ltoa.o                    common/ltoa.s:9
    _printf.o                 common/_printf.s:11
    vsnprintf.o               common/vsnprintf.s:9
popptr1 (popptr1.o):
    udiv.o                    runtime/udiv.s:9
    mul.o                     runtime/mul.s:9
    memcpy.o                  common/memcpy.s:14
    ltoa.o                    common/ltoa.s:9
    mul8.o                    runtime/mul8.s:9
ptr1 (zeropage.o):
    udiv.o                    runtime/udiv.s:10
    strlower.o                common/strlower.s:13
    mul.o                     runtime/mul.s:10
    memcpy.o                  common/memcpy.s:15
    ludiv.o                   runtime/ludiv.s:10
    ltoa.o                    common/ltoa.s:11
    lmul.o                    runtime/lmul.s:10
    ldptr1sp.o                runtime/ldptr1sp.s:8
    ldaxi.o                   runtime/ldaxi.s:8
    lcmp.o                    runtime/lcmp.s:10
    fwrite.o                  common/fwrite.s:14
    copydata.o                common/copydata.s:9
    _printf.o                 /home/wojciech/git/WojciechGw/cc65/asminc/zeropage.inc:12
    zerobss.o                 common/zerobss.s:9
    vsnprintf.o               common/vsnprintf.s:11
    vfprintf.o                common/vfprintf.s:11
    strtoul.o                 ../libwrk/rp6502/strtoul.s:11
    snprintf.o                common/snprintf.s:9
    read_xstack.o             ../libwrk/rp6502/read_xstack.s:11
    printf.o                  common/printf.s:9
    popptr1.o                 runtime/popptr1.s:9
    open.o                    ../libwrk/rp6502/open.s:11
    mul8.o                    runtime/mul8.s:10
    write_stub.c.27596.2.o    write_stub.c.27596.2.s:11
    ext-view.c.27596.0.o      ext-view.c.27596.0.s:11
ptr2 (zeropage.o):
    strlower.o                common/strlower.s:13
    memcpy.o                  common/memcpy.s:15
    lumod.o                   runtime/lumod.s:10
    ludiv.o                   runtime/ludiv.s:10
    ltoa.o                    common/ltoa.s:11
    copydata.o                common/copydata.s:9
    _printf.o                 /home/wojciech/git/WojciechGw/cc65/asminc/zeropage.inc:12
ptr3 (zeropage.o):
    memcpy.o                  common/memcpy.s:15
    ludiv.o                   runtime/ludiv.s:10
    ltoa.o                    common/ltoa.s:11
    lmul.o                    runtime/lmul.s:10
ptr4 (zeropage.o):
    udiv.o                    runtime/udiv.s:10
    mul.o                     runtime/mul.s:10
    ludiv.o                   runtime/ludiv.s:10
    lmul.o                    runtime/lmul.s:10
    strlen.o                  common/strlen.s:12
    mul8.o                    runtime/mul8.s:10
push0 (pushax.o):
    strtoul.o                 ../libwrk/rp6502/strtoul.s:369
    read.o                    ../libwrk/rp6502/read.s:116
    ext-view.c.27596.0.o      ext-view.c.27596.0.s:1107
push1 (push1.o):
    _printf.o                 common/_printf.s:11
    vfprintf.o                common/vfprintf.s:9
pusha (pusha.o):
    strtoul.o                 ../libwrk/rp6502/strtoul.s:369
    ext-view.c.27596.0.o      ext-view.c.27596.0.s:1107
pusha0 (pushax.o):
    push1.o                   runtime/push1.s:8
    fwrite.o                  common/fwrite.s:11
    ext-view.c.27596.0.o      ext-view.c.27596.0.s:1107
pushax (pushax.o):
    fwrite.o                  common/fwrite.s:11
    callmain.o                runtime/callmain.s:11
    _printf.o                 common/_printf.s:11
    strtoul.o                 ../libwrk/rp6502/strtoul.s:369
    read_xstack.o             ../libwrk/rp6502/read_xstack.s:94
    read.o                    ../libwrk/rp6502/read.s:116
    printf.o                  common/printf.s:8
    open.o                    ../libwrk/rp6502/open.s:105
    lseek.o                   ../libwrk/rp6502/lseek.s:58
    close.o                   ../libwrk/rp6502/close.s:47
    write_stub.c.27596.2.o    write_stub.c.27596.2.s:64
    ext-view.c.27596.0.o      ext-view.c.27596.0.s:1107
    ext-view.c.27596.0.o      ext-view.c.27596.0.s:1107
pusheax (lpush.o):
    _printf.o                 common/_printf.s:11
    strtoul.o                 ../libwrk/rp6502/strtoul.s:369
    ext-view.c.27596.0.o      ext-view.c.27596.0.s:1107
pushl0 (lpush.o):
    strtoul.o                 ../libwrk/rp6502/strtoul.s:369
pushwysp (pushwsp.o):
    fwrite.o                  common/fwrite.s:11
    vfprintf.o                common/vfprintf.s:9
    read.o                    ../libwrk/rp6502/read.s:116
    write_stub.c.27596.2.o    write_stub.c.27596.2.s:64
    ext-view.c.27596.0.o      ext-view.c.27596.0.s:1107
regbank (zeropage.o):
    _printf.o                 /home/wojciech/git/WojciechGw/cc65/asminc/zeropage.inc:14
    strtoul.o                 ../libwrk/rp6502/strtoul.s:10
sreg (zeropage.o):
    udiv.o                    runtime/udiv.s:10
    lumod.o                   runtime/lumod.s:10
    ludiv.o                   runtime/ludiv.s:10
    ltoa.o                    common/ltoa.s:11
    lneg.o                    runtime/lneg.s:11
    lmul.o                    runtime/lmul.s:10
    ldeaxysp.o                runtime/ldeaxysp.s:12
    lcmp.o                    runtime/lcmp.s:10
    axlong.o                  runtime/axlong.s:9
    _printf.o                 /home/wojciech/git/WojciechGw/cc65/asminc/zeropage.inc:11
    strtoul.o                 ../libwrk/rp6502/strtoul.s:10
    steaxsp.o                 runtime/steaxsp.s:8
    ria.o                     rp6502/ria.s:13
    lpush.o                   runtime/lpush.s:13
    ladd.o                    runtime/ladd.s:9
    ext-view.c.27596.0.o      ext-view.c.27596.0.s:10
stax0sp (staxsp.o):
    read_xstack.o             ../libwrk/rp6502/read_xstack.s:94
    ext-view.c.27596.0.o      ext-view.c.27596.0.s:1107
staxysp (staxsp.o):
    strtoul.o                 ../libwrk/rp6502/strtoul.s:369
    read_xstack.o             ../libwrk/rp6502/read_xstack.s:94
    ext-view.c.27596.0.o      ext-view.c.27596.0.s:1107
steax0sp (steaxsp.o):
    ext-view.c.27596.0.o      ext-view.c.27596.0.s:1107
steaxysp (steaxsp.o):
    strtoul.o                 ../libwrk/rp6502/strtoul.s:369
subeq0sp (subeqsp.o):
    open.o                    ../libwrk/rp6502/open.s:105
    write_stub.c.27596.2.o    write_stub.c.27596.2.s:64
subeqysp (subeqsp.o):
    read.o                    ../libwrk/rp6502/read.s:116
subysp (subysp.o):
    ext-view.c.27596.0.o      ext-view.c.27596.0.s:1107
    ext-view.c.27596.0.o      ext-view.c.27596.0.s:1107
tmp1 (zeropage.o):
    mul.o                     runtime/mul.s:10
    ltoa.o                    common/ltoa.s:11
    decaxy.o                  runtime/decaxy.s:8
    copydata.o                common/copydata.s:9
    _printf.o                 /home/wojciech/git/WojciechGw/cc65/asminc/zeropage.inc:13
    strtoul.o                 ../libwrk/rp6502/strtoul.s:11
    ladd.o                    runtime/ladd.s:9
    aslax3.o                  runtime/aslax3.s:8
tmp2 (zeropage.o):
    lmul.o                    runtime/lmul.s:10
tmp3 (zeropage.o):
    lumod.o                   runtime/lumod.s:10
    ludiv.o                   runtime/ludiv.s:10
    lmul.o                    runtime/lmul.s:10
tmp4 (zeropage.o):
    lumod.o                   runtime/lumod.s:10
    ludiv.o                   runtime/ludiv.s:10
    lmul.o                    runtime/lmul.s:10
tosadd0ax (ladd.o):
    ext-view.c.27596.0.o      ext-view.c.27596.0.s:1107
tosaddax (add.o):
    ext-view.c.27596.0.o      ext-view.c.27596.0.s:1107
tosaddeax (ladd.o):
    strtoul.o                 ../libwrk/rp6502/strtoul.s:369
toseqeax (leq.o):
    strtoul.o                 ../libwrk/rp6502/strtoul.s:369
toslcmp (lcmp.o):
    lugt.o                    runtime/lugt.s:8
    leq.o                     runtime/leq.s:8
    lult.o                    runtime/lult.s:8
tosudivax (udiv.o):
    fwrite.o                  common/fwrite.s:12
tosudiveax (ludiv.o):
    strtoul.o                 ../libwrk/rp6502/strtoul.s:369
tosugteax (lugt.o):
    strtoul.o                 ../libwrk/rp6502/strtoul.s:369
tosulteax (lult.o):
    ext-view.c.27596.0.o      ext-view.c.27596.0.s:1107
tosumodeax (lumod.o):
    strtoul.o                 ../libwrk/rp6502/strtoul.s:369
tosumula0 (mul8.o):
    ext-view.c.27596.0.o      ext-view.c.27596.0.s:1107
tosumulax (mul.o):
    fwrite.o                  common/fwrite.s:12
tosumuleax (lmul.o):
    strtoul.o                 ../libwrk/rp6502/strtoul.s:369
udiv32 (ludiv.o):
    lumod.o                   runtime/lumod.s:9
zerobss (zerobss.o):
    crt0.o                    rp6502/crt0.s:12

